[2025-11-19T06:40:47.562+0000] {local_task_job_runner.py:123} INFO - ::group::Pre task execution logs
[2025-11-19T06:40:47.570+0000] {taskinstance.py:2612} INFO - Dependencies all met for dep_context=non-requeueable deps ti=<TaskInstance: AMBER_Daily_Scraping.web_scrape manual__2025-11-19T05:38:28.422399+00:00 [queued]>
[2025-11-19T06:40:47.574+0000] {taskinstance.py:2612} INFO - Dependencies all met for dep_context=requeueable deps ti=<TaskInstance: AMBER_Daily_Scraping.web_scrape manual__2025-11-19T05:38:28.422399+00:00 [queued]>
[2025-11-19T06:40:47.576+0000] {taskinstance.py:2865} INFO - Starting attempt 2 of 4
[2025-11-19T06:40:47.600+0000] {taskinstance.py:2888} INFO - Executing <Task(BashOperator): web_scrape> on 2025-11-19 05:38:28.422399+00:00
[2025-11-19T06:40:47.604+0000] {standard_task_runner.py:72} INFO - Started process 60 to run task
[2025-11-19T06:40:47.607+0000] {standard_task_runner.py:104} INFO - Running: ['airflow', 'tasks', 'run', 'AMBER_Daily_Scraping', 'web_scrape', 'manual__2025-11-19T05:38:28.422399+00:00', '--job-id', '46', '--raw', '--subdir', 'DAGS_FOLDER/AMBER_Daily_Scraping.py', '--cfg-path', '/tmp/tmplgjbgqt2']
[2025-11-19T06:40:47.609+0000] {standard_task_runner.py:105} INFO - Job 46: Subtask web_scrape
[2025-11-19T06:40:47.665+0000] {task_command.py:467} INFO - Running <TaskInstance: AMBER_Daily_Scraping.web_scrape manual__2025-11-19T05:38:28.422399+00:00 [running]> on host d6d6ebac0da2
[2025-11-19T06:40:47.723+0000] {taskinstance.py:3131} INFO - Exporting env vars: AIRFLOW_CTX_DAG_OWNER='data' AIRFLOW_CTX_DAG_ID='AMBER_Daily_Scraping' AIRFLOW_CTX_TASK_ID='web_scrape' AIRFLOW_CTX_EXECUTION_DATE='2025-11-19T05:38:28.422399+00:00' AIRFLOW_CTX_TRY_NUMBER='2' AIRFLOW_CTX_DAG_RUN_ID='manual__2025-11-19T05:38:28.422399+00:00'
[2025-11-19T06:40:47.724+0000] {taskinstance.py:731} INFO - ::endgroup::
[2025-11-19T06:40:47.747+0000] {subprocess.py:63} INFO - Tmp dir root location: /tmp
[2025-11-19T06:40:47.748+0000] {subprocess.py:75} INFO - Running command: ['/usr/bin/bash', '-c', 'cd /opt/airflow/dags/scripts && python AMBER_WEB_Scraping.py']
[2025-11-19T06:40:47.755+0000] {subprocess.py:86} INFO - Output:
[2025-11-19T06:40:57.659+0000] {local_task_job_runner.py:346} WARNING - State of this instance has been externally set to restarting. Terminating instance.
[2025-11-19T06:40:57.660+0000] {local_task_job_runner.py:245} INFO - ::endgroup::
[2025-11-19T06:40:57.661+0000] {process_utils.py:132} INFO - Sending 15 to group 60. PIDs of all processes in the group: [62, 60]
[2025-11-19T06:40:57.662+0000] {process_utils.py:87} INFO - Sending the signal 15 to group 60
[2025-11-19T06:40:57.662+0000] {taskinstance.py:3092} ERROR - Received SIGTERM. Terminating subprocesses.
[2025-11-19T06:40:57.663+0000] {subprocess.py:104} INFO - Sending SIGTERM signal to process group
[2025-11-19T06:40:57.668+0000] {taskinstance.py:3310} ERROR - Task failed with exception
Traceback (most recent call last):
  File "/home/airflow/.local/lib/python3.12/site-packages/airflow/models/taskinstance.py", line 767, in _execute_task
    result = _execute_callable(context=context, **execute_callable_kwargs)
             ^^^^^^^^^^^^^^^^^^^^^^^^^^^^^^^^^^^^^^^^^^^^^^^^^^^^^^^^^^^^^
  File "/home/airflow/.local/lib/python3.12/site-packages/airflow/models/taskinstance.py", line 733, in _execute_callable
    return ExecutionCallableRunner(
           ^^^^^^^^^^^^^^^^^^^^^^^^
  File "/home/airflow/.local/lib/python3.12/site-packages/airflow/utils/operator_helpers.py", line 252, in run
    return self.func(*args, **kwargs)
           ^^^^^^^^^^^^^^^^^^^^^^^^^^
  File "/home/airflow/.local/lib/python3.12/site-packages/airflow/models/baseoperator.py", line 406, in wrapper
    return func(self, *args, **kwargs)
           ^^^^^^^^^^^^^^^^^^^^^^^^^^^
  File "/home/airflow/.local/lib/python3.12/site-packages/airflow/operators/bash.py", line 240, in execute
    result = self.subprocess_hook.run_command(
             ^^^^^^^^^^^^^^^^^^^^^^^^^^^^^^^^^
  File "/home/airflow/.local/lib/python3.12/site-packages/airflow/hooks/subprocess.py", line 91, in run_command
    for raw_line in iter(self.sub_process.stdout.readline, b""):
                    ^^^^^^^^^^^^^^^^^^^^^^^^^^^^^^^^^^^^^^^^^^^
  File "/home/airflow/.local/lib/python3.12/site-packages/airflow/models/taskinstance.py", line 3094, in signal_handler
    raise AirflowTaskTerminated("Task received SIGTERM signal")
airflow.exceptions.AirflowTaskTerminated: Task received SIGTERM signal
[2025-11-19T06:40:57.672+0000] {taskinstance.py:1225} INFO - Marking task as UP_FOR_RETRY. dag_id=AMBER_Daily_Scraping, task_id=web_scrape, run_id=manual__2025-11-19T05:38:28.422399+00:00, execution_date=20251119T053828, start_date=20251119T064047, end_date=20251119T064057
[2025-11-19T06:40:57.693+0000] {taskinstance.py:340} INFO - ::group::Post task execution logs
[2025-11-19T06:40:57.714+0000] {process_utils.py:80} INFO - Process psutil.Process(pid=62, status='terminated', started='06:40:47') (62) terminated with exit code None
[2025-11-19T06:40:57.715+0000] {process_utils.py:80} INFO - Process psutil.Process(pid=60, status='terminated', exitcode=2, started='06:40:47') (60) terminated with exit code 2
