[2025-11-13T07:00:48.108+0000] {local_task_job_runner.py:123} INFO - ::group::Pre task execution logs
[2025-11-13T07:00:48.116+0000] {taskinstance.py:2612} INFO - Dependencies all met for dep_context=non-requeueable deps ti=<TaskInstance: AMBER_Daily_Scraping.amber_check_replies scheduled__2025-11-12T00:00:00+00:00 [queued]>
[2025-11-13T07:00:48.122+0000] {taskinstance.py:2612} INFO - Dependencies all met for dep_context=requeueable deps ti=<TaskInstance: AMBER_Daily_Scraping.amber_check_replies scheduled__2025-11-12T00:00:00+00:00 [queued]>
[2025-11-13T07:00:48.123+0000] {taskinstance.py:2865} INFO - Starting attempt 2 of 3
[2025-11-13T07:00:48.148+0000] {taskinstance.py:2888} INFO - Executing <Task(BashOperator): amber_check_replies> on 2025-11-12 00:00:00+00:00
[2025-11-13T07:00:48.152+0000] {standard_task_runner.py:72} INFO - Started process 161 to run task
[2025-11-13T07:00:48.154+0000] {standard_task_runner.py:104} INFO - Running: ['airflow', 'tasks', 'run', 'AMBER_Daily_Scraping', 'amber_check_replies', 'scheduled__2025-11-12T00:00:00+00:00', '--job-id', '5', '--raw', '--subdir', 'DAGS_FOLDER/AMBER_Daily_Scraping.py', '--cfg-path', '/tmp/tmp2e9gdquk']
[2025-11-13T07:00:48.156+0000] {standard_task_runner.py:105} INFO - Job 5: Subtask amber_check_replies
[2025-11-13T07:00:48.206+0000] {task_command.py:467} INFO - Running <TaskInstance: AMBER_Daily_Scraping.amber_check_replies scheduled__2025-11-12T00:00:00+00:00 [running]> on host b807fa0ecf4f
[2025-11-13T07:00:48.264+0000] {taskinstance.py:3131} INFO - Exporting env vars: AIRFLOW_CTX_DAG_OWNER='data' AIRFLOW_CTX_DAG_ID='AMBER_Daily_Scraping' AIRFLOW_CTX_TASK_ID='amber_check_replies' AIRFLOW_CTX_EXECUTION_DATE='2025-11-12T00:00:00+00:00' AIRFLOW_CTX_TRY_NUMBER='2' AIRFLOW_CTX_DAG_RUN_ID='scheduled__2025-11-12T00:00:00+00:00'
[2025-11-13T07:00:48.266+0000] {taskinstance.py:731} INFO - ::endgroup::
[2025-11-13T07:00:48.279+0000] {subprocess.py:63} INFO - Tmp dir root location: /tmp
[2025-11-13T07:00:48.281+0000] {subprocess.py:75} INFO - Running command: ['/usr/bin/bash', '-c', 'cd /opt/airflow/dags/scripts && python AMBER_Check_Replies.py']
[2025-11-13T07:00:48.286+0000] {subprocess.py:86} INFO - Output:
[2025-11-13T07:00:48.410+0000] {subprocess.py:93} INFO - Traceback (most recent call last):
[2025-11-13T07:00:48.411+0000] {subprocess.py:93} INFO -   File "/opt/airflow/dags/scripts/AMBER_Check_Replies.py", line 100, in <module>
[2025-11-13T07:00:48.417+0000] {subprocess.py:93} INFO -     main()
[2025-11-13T07:00:48.418+0000] {subprocess.py:93} INFO -   File "/opt/airflow/dags/scripts/AMBER_Check_Replies.py", line 74, in main
[2025-11-13T07:00:48.421+0000] {subprocess.py:93} INFO -     for parentFolder in os.listdir(base):
[2025-11-13T07:00:48.422+0000] {subprocess.py:93} INFO -                         ^^^^^^^^^^^^^^^^
[2025-11-13T07:00:48.422+0000] {subprocess.py:93} INFO - FileNotFoundError: [Errno 2] No such file or directory: '../CleanData'
[2025-11-13T07:00:48.425+0000] {subprocess.py:97} INFO - Command exited with return code 1
[2025-11-13T07:00:48.430+0000] {taskinstance.py:3310} ERROR - Task failed with exception
Traceback (most recent call last):
  File "/home/airflow/.local/lib/python3.12/site-packages/airflow/models/taskinstance.py", line 767, in _execute_task
    result = _execute_callable(context=context, **execute_callable_kwargs)
             ^^^^^^^^^^^^^^^^^^^^^^^^^^^^^^^^^^^^^^^^^^^^^^^^^^^^^^^^^^^^^
  File "/home/airflow/.local/lib/python3.12/site-packages/airflow/models/taskinstance.py", line 733, in _execute_callable
    return ExecutionCallableRunner(
           ^^^^^^^^^^^^^^^^^^^^^^^^
  File "/home/airflow/.local/lib/python3.12/site-packages/airflow/utils/operator_helpers.py", line 252, in run
    return self.func(*args, **kwargs)
           ^^^^^^^^^^^^^^^^^^^^^^^^^^
  File "/home/airflow/.local/lib/python3.12/site-packages/airflow/models/baseoperator.py", line 406, in wrapper
    return func(self, *args, **kwargs)
           ^^^^^^^^^^^^^^^^^^^^^^^^^^^
  File "/home/airflow/.local/lib/python3.12/site-packages/airflow/operators/bash.py", line 249, in execute
    raise AirflowException(
airflow.exceptions.AirflowException: Bash command failed. The command returned a non-zero exit code 1.
[2025-11-13T07:00:48.435+0000] {taskinstance.py:1225} INFO - Marking task as UP_FOR_RETRY. dag_id=AMBER_Daily_Scraping, task_id=amber_check_replies, run_id=scheduled__2025-11-12T00:00:00+00:00, execution_date=20251112T000000, start_date=20251113T070048, end_date=20251113T070048
[2025-11-13T07:00:48.461+0000] {taskinstance.py:340} INFO - ::group::Post task execution logs
[2025-11-13T07:00:48.462+0000] {standard_task_runner.py:124} ERROR - Failed to execute job 5 for task amber_check_replies (Bash command failed. The command returned a non-zero exit code 1.; 161)
Traceback (most recent call last):
  File "/home/airflow/.local/lib/python3.12/site-packages/airflow/task/task_runner/standard_task_runner.py", line 117, in _start_by_fork
    ret = args.func(args, dag=self.dag)
          ^^^^^^^^^^^^^^^^^^^^^^^^^^^^^
  File "/home/airflow/.local/lib/python3.12/site-packages/airflow/cli/cli_config.py", line 49, in command
    return func(*args, **kwargs)
           ^^^^^^^^^^^^^^^^^^^^^
  File "/home/airflow/.local/lib/python3.12/site-packages/airflow/utils/cli.py", line 115, in wrapper
    return f(*args, **kwargs)
           ^^^^^^^^^^^^^^^^^^
  File "/home/airflow/.local/lib/python3.12/site-packages/airflow/cli/commands/task_command.py", line 483, in task_run
    task_return_code = _run_task_by_selected_method(args, _dag, ti)
                       ^^^^^^^^^^^^^^^^^^^^^^^^^^^^^^^^^^^^^^^^^^^^
  File "/home/airflow/.local/lib/python3.12/site-packages/airflow/cli/commands/task_command.py", line 256, in _run_task_by_selected_method
    return _run_raw_task(args, ti)
           ^^^^^^^^^^^^^^^^^^^^^^^
  File "/home/airflow/.local/lib/python3.12/site-packages/airflow/cli/commands/task_command.py", line 341, in _run_raw_task
    return ti._run_raw_task(
           ^^^^^^^^^^^^^^^^^
  File "/home/airflow/.local/lib/python3.12/site-packages/airflow/utils/session.py", line 97, in wrapper
    return func(*args, session=session, **kwargs)
           ^^^^^^^^^^^^^^^^^^^^^^^^^^^^^^^^^^^^^^
  File "/home/airflow/.local/lib/python3.12/site-packages/airflow/models/taskinstance.py", line 3004, in _run_raw_task
    return _run_raw_task(
           ^^^^^^^^^^^^^^
  File "/home/airflow/.local/lib/python3.12/site-packages/airflow/models/taskinstance.py", line 273, in _run_raw_task
    TaskInstance._execute_task_with_callbacks(
  File "/home/airflow/.local/lib/python3.12/site-packages/airflow/models/taskinstance.py", line 3158, in _execute_task_with_callbacks
    result = self._execute_task(context, task_orig)
             ^^^^^^^^^^^^^^^^^^^^^^^^^^^^^^^^^^^^^^
  File "/home/airflow/.local/lib/python3.12/site-packages/airflow/models/taskinstance.py", line 3182, in _execute_task
    return _execute_task(self, context, task_orig)
           ^^^^^^^^^^^^^^^^^^^^^^^^^^^^^^^^^^^^^^^
  File "/home/airflow/.local/lib/python3.12/site-packages/airflow/models/taskinstance.py", line 767, in _execute_task
    result = _execute_callable(context=context, **execute_callable_kwargs)
             ^^^^^^^^^^^^^^^^^^^^^^^^^^^^^^^^^^^^^^^^^^^^^^^^^^^^^^^^^^^^^
  File "/home/airflow/.local/lib/python3.12/site-packages/airflow/models/taskinstance.py", line 733, in _execute_callable
    return ExecutionCallableRunner(
           ^^^^^^^^^^^^^^^^^^^^^^^^
  File "/home/airflow/.local/lib/python3.12/site-packages/airflow/utils/operator_helpers.py", line 252, in run
    return self.func(*args, **kwargs)
           ^^^^^^^^^^^^^^^^^^^^^^^^^^
  File "/home/airflow/.local/lib/python3.12/site-packages/airflow/models/baseoperator.py", line 406, in wrapper
    return func(self, *args, **kwargs)
           ^^^^^^^^^^^^^^^^^^^^^^^^^^^
  File "/home/airflow/.local/lib/python3.12/site-packages/airflow/operators/bash.py", line 249, in execute
    raise AirflowException(
airflow.exceptions.AirflowException: Bash command failed. The command returned a non-zero exit code 1.
[2025-11-13T07:00:48.491+0000] {local_task_job_runner.py:266} INFO - Task exited with return code 1
[2025-11-13T07:00:48.502+0000] {taskinstance.py:3900} INFO - 0 downstream tasks scheduled from follow-on schedule check
[2025-11-13T07:00:48.503+0000] {local_task_job_runner.py:245} INFO - ::endgroup::
