[2025-11-13T07:49:49.354+0000] {local_task_job_runner.py:123} INFO - ::group::Pre task execution logs
[2025-11-13T07:49:49.369+0000] {taskinstance.py:2612} INFO - Dependencies all met for dep_context=non-requeueable deps ti=<TaskInstance: AMBER_Daily_Scraping.amber_check_replies scheduled__2025-11-12T00:00:00+00:00 [queued]>
[2025-11-13T07:49:49.380+0000] {taskinstance.py:2612} INFO - Dependencies all met for dep_context=requeueable deps ti=<TaskInstance: AMBER_Daily_Scraping.amber_check_replies scheduled__2025-11-12T00:00:00+00:00 [queued]>
[2025-11-13T07:49:49.383+0000] {taskinstance.py:2865} INFO - Starting attempt 3 of 3
[2025-11-13T07:49:49.421+0000] {taskinstance.py:2888} INFO - Executing <Task(BashOperator): amber_check_replies> on 2025-11-12 00:00:00+00:00
[2025-11-13T07:49:49.430+0000] {standard_task_runner.py:72} INFO - Started process 63 to run task
[2025-11-13T07:49:49.433+0000] {standard_task_runner.py:104} INFO - Running: ['airflow', 'tasks', 'run', 'AMBER_Daily_Scraping', 'amber_check_replies', 'scheduled__2025-11-12T00:00:00+00:00', '--job-id', '8', '--raw', '--subdir', 'DAGS_FOLDER/AMBER_Daily_Scraping.py', '--cfg-path', '/tmp/tmppekkjfno']
[2025-11-13T07:49:49.437+0000] {standard_task_runner.py:105} INFO - Job 8: Subtask amber_check_replies
[2025-11-13T07:49:49.527+0000] {task_command.py:467} INFO - Running <TaskInstance: AMBER_Daily_Scraping.amber_check_replies scheduled__2025-11-12T00:00:00+00:00 [running]> on host 59341624d651
[2025-11-13T07:49:49.653+0000] {taskinstance.py:3131} INFO - Exporting env vars: AIRFLOW_CTX_DAG_OWNER='data' AIRFLOW_CTX_DAG_ID='AMBER_Daily_Scraping' AIRFLOW_CTX_TASK_ID='amber_check_replies' AIRFLOW_CTX_EXECUTION_DATE='2025-11-12T00:00:00+00:00' AIRFLOW_CTX_TRY_NUMBER='3' AIRFLOW_CTX_DAG_RUN_ID='scheduled__2025-11-12T00:00:00+00:00'
[2025-11-13T07:49:49.654+0000] {taskinstance.py:731} INFO - ::endgroup::
[2025-11-13T07:49:49.716+0000] {subprocess.py:63} INFO - Tmp dir root location: /tmp
[2025-11-13T07:49:49.718+0000] {subprocess.py:75} INFO - Running command: ['/usr/bin/bash', '-c', 'cd /opt/airflow/dags/scripts && python AMBER_Check_Replies.py']
[2025-11-13T07:49:49.732+0000] {subprocess.py:86} INFO - Output:
[2025-11-13T07:49:50.100+0000] {subprocess.py:93} INFO - [WARN] Clean base not found: /opt/airflow/data/CleanData
[2025-11-13T07:49:50.110+0000] {subprocess.py:97} INFO - Command exited with return code 0
[2025-11-13T07:49:50.151+0000] {taskinstance.py:340} INFO - ::group::Post task execution logs
[2025-11-13T07:49:50.152+0000] {taskinstance.py:352} INFO - Marking task as SUCCESS. dag_id=AMBER_Daily_Scraping, task_id=amber_check_replies, run_id=scheduled__2025-11-12T00:00:00+00:00, execution_date=20251112T000000, start_date=20251113T074949, end_date=20251113T074950
[2025-11-13T07:49:50.214+0000] {local_task_job_runner.py:266} INFO - Task exited with return code 0
[2025-11-13T07:49:50.238+0000] {taskinstance.py:3900} INFO - 1 downstream tasks scheduled from follow-on schedule check
[2025-11-13T07:49:50.261+0000] {local_task_job_runner.py:245} INFO - ::endgroup::
