[2025-11-14T05:53:52.815+0000] {local_task_job_runner.py:123} INFO - ::group::Pre task execution logs
[2025-11-14T05:53:52.829+0000] {taskinstance.py:2612} INFO - Dependencies all met for dep_context=non-requeueable deps ti=<TaskInstance: AMBER_Daily_Scraping.amber_web_scrape manual__2025-11-13T06:09:31.715152+00:00 [queued]>
[2025-11-14T05:53:52.837+0000] {taskinstance.py:2612} INFO - Dependencies all met for dep_context=requeueable deps ti=<TaskInstance: AMBER_Daily_Scraping.amber_web_scrape manual__2025-11-13T06:09:31.715152+00:00 [queued]>
[2025-11-14T05:53:52.840+0000] {taskinstance.py:2865} INFO - Starting attempt 2 of 3
[2025-11-14T05:53:52.878+0000] {taskinstance.py:2888} INFO - Executing <Task(BashOperator): amber_web_scrape> on 2025-11-13 06:09:31.715152+00:00
[2025-11-14T05:53:52.887+0000] {standard_task_runner.py:72} INFO - Started process 58 to run task
[2025-11-14T05:53:52.892+0000] {standard_task_runner.py:104} INFO - Running: ['airflow', 'tasks', 'run', 'AMBER_Daily_Scraping', 'amber_web_scrape', 'manual__2025-11-13T06:09:31.715152+00:00', '--job-id', '16', '--raw', '--subdir', 'DAGS_FOLDER/AMBER_Daily_Scraping.py', '--cfg-path', '/tmp/tmppnhix76h']
[2025-11-14T05:53:52.896+0000] {standard_task_runner.py:105} INFO - Job 16: Subtask amber_web_scrape
[2025-11-14T05:53:52.983+0000] {task_command.py:467} INFO - Running <TaskInstance: AMBER_Daily_Scraping.amber_web_scrape manual__2025-11-13T06:09:31.715152+00:00 [running]> on host 59341624d651
[2025-11-14T05:53:53.080+0000] {taskinstance.py:3131} INFO - Exporting env vars: AIRFLOW_CTX_DAG_OWNER='data' AIRFLOW_CTX_DAG_ID='AMBER_Daily_Scraping' AIRFLOW_CTX_TASK_ID='amber_web_scrape' AIRFLOW_CTX_EXECUTION_DATE='2025-11-13T06:09:31.715152+00:00' AIRFLOW_CTX_TRY_NUMBER='2' AIRFLOW_CTX_DAG_RUN_ID='manual__2025-11-13T06:09:31.715152+00:00'
[2025-11-14T05:53:53.081+0000] {taskinstance.py:731} INFO - ::endgroup::
[2025-11-14T05:53:53.116+0000] {subprocess.py:63} INFO - Tmp dir root location: /tmp
[2025-11-14T05:53:53.119+0000] {subprocess.py:75} INFO - Running command: ['/usr/bin/bash', '-c', 'cd /opt/airflow/dags/scripts && python AMBER_WEB_Scraping.py']
[2025-11-14T05:53:53.128+0000] {subprocess.py:86} INFO - Output:
[2025-11-14T05:54:24.190+0000] {subprocess.py:93} INFO - Populating Messages...
[2025-11-14T05:54:24.191+0000] {subprocess.py:93} INFO - Success!
[2025-11-14T05:54:24.192+0000] {subprocess.py:93} INFO - Populating Clean Data...
[2025-11-14T05:54:24.192+0000] {subprocess.py:93} INFO - Working on 2020 Jan ...
[2025-11-14T05:54:24.193+0000] {subprocess.py:93} INFO - Added 2020: Jan
[2025-11-14T05:54:24.194+0000] {subprocess.py:93} INFO - Added amber-202001-0000
[2025-11-14T05:54:24.194+0000] {subprocess.py:93} INFO - Added amber-202001-0005
[2025-11-14T05:54:24.195+0000] {subprocess.py:93} INFO - Added amber-202001-0001
[2025-11-14T05:54:24.195+0000] {subprocess.py:93} INFO - Added amber-202001-0002
[2025-11-14T05:54:24.196+0000] {subprocess.py:93} INFO - Added amber-202001-0004
[2025-11-14T05:54:24.197+0000] {subprocess.py:93} INFO - Added amber-202001-0006
[2025-11-14T05:54:24.197+0000] {subprocess.py:93} INFO - Added amber-202001-0003
[2025-11-14T05:54:24.198+0000] {subprocess.py:93} INFO - Added amber-202001-0007
[2025-11-14T05:54:24.199+0000] {subprocess.py:93} INFO - Added amber-202001-0057
[2025-11-14T05:54:24.200+0000] {subprocess.py:93} INFO - Added amber-202001-0008
[2025-11-14T05:54:24.200+0000] {subprocess.py:93} INFO - Added amber-202001-0055
[2025-11-14T05:54:24.201+0000] {subprocess.py:93} INFO - Added amber-202001-0318
[2025-11-14T05:54:24.201+0000] {subprocess.py:93} INFO - Added amber-202001-0009
[2025-11-14T05:54:24.202+0000] {subprocess.py:93} INFO - Added amber-202001-0010
[2025-11-14T05:54:24.202+0000] {subprocess.py:93} INFO - Added amber-202001-0017
[2025-11-14T05:54:24.203+0000] {subprocess.py:93} INFO - Added amber-202001-0011
[2025-11-14T05:54:24.204+0000] {subprocess.py:93} INFO - Added amber-202001-0012
[2025-11-14T05:54:24.204+0000] {subprocess.py:93} INFO - Added amber-202001-0013
[2025-11-14T05:54:24.205+0000] {subprocess.py:93} INFO - Added amber-202001-0014
[2025-11-14T05:54:24.205+0000] {subprocess.py:93} INFO - Added amber-202001-0019
[2025-11-14T05:54:24.206+0000] {subprocess.py:93} INFO - Added amber-202001-0022
[2025-11-14T05:54:24.206+0000] {subprocess.py:93} INFO - Added amber-202001-0023
[2025-11-14T05:54:24.207+0000] {subprocess.py:93} INFO - Added amber-202001-0035
[2025-11-14T05:54:24.207+0000] {subprocess.py:93} INFO - Added amber-202001-0015
[2025-11-14T05:54:24.208+0000] {subprocess.py:93} INFO - Added amber-202001-0018
[2025-11-14T05:54:24.209+0000] {subprocess.py:93} INFO - Added amber-202001-0016
[2025-11-14T05:54:24.210+0000] {subprocess.py:93} INFO - Added amber-202001-0020
[2025-11-14T05:54:24.210+0000] {subprocess.py:93} INFO - Added amber-202001-0021
[2025-11-14T05:54:24.211+0000] {subprocess.py:93} INFO - Added amber-202001-0024
[2025-11-14T05:54:24.211+0000] {subprocess.py:93} INFO - Added amber-202001-0025
[2025-11-14T05:54:24.212+0000] {subprocess.py:93} INFO - Added amber-202001-0026
[2025-11-14T05:54:24.212+0000] {subprocess.py:93} INFO - Added amber-202001-0027
[2025-11-14T05:54:24.213+0000] {subprocess.py:93} INFO - Added amber-202001-0028
[2025-11-14T05:54:24.214+0000] {subprocess.py:93} INFO - Added amber-202001-0029
[2025-11-14T05:54:24.214+0000] {subprocess.py:93} INFO - Added amber-202001-0054
[2025-11-14T05:54:24.215+0000] {subprocess.py:93} INFO - Added amber-202001-0060
[2025-11-14T05:54:24.215+0000] {subprocess.py:93} INFO - Added amber-202001-0073
[2025-11-14T05:54:24.216+0000] {subprocess.py:93} INFO - Added amber-202001-0030
[2025-11-14T05:54:24.216+0000] {subprocess.py:93} INFO - Added amber-202001-0033
[2025-11-14T05:54:24.217+0000] {subprocess.py:93} INFO - Added amber-202001-0031
[2025-11-14T05:54:24.217+0000] {subprocess.py:93} INFO - Added amber-202001-0034
[2025-11-14T05:54:24.217+0000] {subprocess.py:93} INFO - Added amber-202001-0032
[2025-11-14T05:54:24.218+0000] {subprocess.py:93} INFO - Added amber-202001-0036
[2025-11-14T05:54:24.218+0000] {subprocess.py:93} INFO - Added amber-202001-0040
[2025-11-14T05:54:24.218+0000] {subprocess.py:93} INFO - Added amber-202001-0037
[2025-11-14T05:54:24.218+0000] {subprocess.py:93} INFO - Added amber-202001-0038
[2025-11-14T05:54:24.219+0000] {subprocess.py:93} INFO - Added amber-202001-0039
[2025-11-14T05:54:24.219+0000] {subprocess.py:93} INFO - Added amber-202001-0046
[2025-11-14T05:54:24.219+0000] {subprocess.py:93} INFO - Added amber-202001-0041
[2025-11-14T05:54:24.220+0000] {subprocess.py:93} INFO - Added amber-202001-0042
[2025-11-14T05:54:24.220+0000] {subprocess.py:93} INFO - Added amber-202001-0043
[2025-11-14T05:54:24.221+0000] {subprocess.py:93} INFO - Added amber-202001-0044
[2025-11-14T05:54:24.221+0000] {subprocess.py:93} INFO - Added amber-202001-0045
[2025-11-14T05:54:24.221+0000] {subprocess.py:93} INFO - Added amber-202001-0048
[2025-11-14T05:54:24.221+0000] {subprocess.py:93} INFO - Added amber-202001-0050
[2025-11-14T05:54:24.222+0000] {subprocess.py:93} INFO - Added amber-202001-0051
[2025-11-14T05:54:24.222+0000] {subprocess.py:93} INFO - Added amber-202001-0052
[2025-11-14T05:54:24.222+0000] {subprocess.py:93} INFO - Added amber-202001-0047
[2025-11-14T05:54:24.223+0000] {subprocess.py:93} INFO - Added amber-202001-0049
[2025-11-14T05:54:24.223+0000] {subprocess.py:93} INFO - Added amber-202001-0070
[2025-11-14T05:54:24.223+0000] {subprocess.py:93} INFO - Added amber-202001-0053
[2025-11-14T05:54:24.223+0000] {subprocess.py:93} INFO - Added amber-202001-0062
[2025-11-14T05:54:24.224+0000] {subprocess.py:93} INFO - Added amber-202001-0080
[2025-11-14T05:54:24.224+0000] {subprocess.py:93} INFO - Added amber-202001-0056
[2025-11-14T05:54:24.224+0000] {subprocess.py:93} INFO - Added amber-202001-0058
[2025-11-14T05:54:24.224+0000] {subprocess.py:93} INFO - Added amber-202001-0109
[2025-11-14T05:54:24.225+0000] {subprocess.py:93} INFO - Added amber-202001-0059
[2025-11-14T05:54:24.225+0000] {subprocess.py:93} INFO - Added amber-202001-0061
[2025-11-14T05:54:24.226+0000] {subprocess.py:93} INFO - Added amber-202001-0063
[2025-11-14T05:54:24.227+0000] {subprocess.py:93} INFO - Added amber-202001-0064
[2025-11-14T05:54:24.228+0000] {subprocess.py:93} INFO - Added amber-202001-0065
[2025-11-14T05:54:24.228+0000] {subprocess.py:93} INFO - Added amber-202001-0075
[2025-11-14T05:54:24.229+0000] {subprocess.py:93} INFO - Added amber-202001-0079
[2025-11-14T05:54:24.229+0000] {subprocess.py:93} INFO - Added amber-202001-0074
[2025-11-14T05:54:24.230+0000] {subprocess.py:93} INFO - Added amber-202001-0066
[2025-11-14T05:54:24.230+0000] {subprocess.py:93} INFO - Added amber-202001-0067
[2025-11-14T05:54:24.230+0000] {subprocess.py:93} INFO - Added amber-202001-0069
[2025-11-14T05:54:24.231+0000] {subprocess.py:93} INFO - Added amber-202001-0072
[2025-11-14T05:54:24.231+0000] {subprocess.py:93} INFO - Added amber-202001-0098
[2025-11-14T05:54:24.231+0000] {subprocess.py:93} INFO - Added amber-202001-0117
[2025-11-14T05:54:24.232+0000] {subprocess.py:93} INFO - Added amber-202001-0068
[2025-11-14T05:54:24.232+0000] {subprocess.py:93} INFO - Added amber-202001-0071
[2025-11-14T05:54:24.233+0000] {subprocess.py:93} INFO - Added amber-202001-0076
[2025-11-14T05:54:24.233+0000] {subprocess.py:93} INFO - Added amber-202001-0077
[2025-11-14T05:54:24.233+0000] {subprocess.py:93} INFO - Added amber-202001-0078
[2025-11-14T05:54:24.234+0000] {subprocess.py:93} INFO - Added amber-202001-0082
[2025-11-14T05:54:24.234+0000] {subprocess.py:93} INFO - Added amber-202001-0081
[2025-11-14T05:54:24.235+0000] {subprocess.py:93} INFO - Added amber-202001-0083
[2025-11-14T05:54:24.235+0000] {subprocess.py:93} INFO - Added amber-202001-0084
[2025-11-14T05:54:24.236+0000] {subprocess.py:93} INFO - Added amber-202001-0088
[2025-11-14T05:54:24.236+0000] {subprocess.py:93} INFO - Added amber-202001-0094
[2025-11-14T05:54:24.237+0000] {subprocess.py:93} INFO - Added amber-202001-0108
[2025-11-14T05:54:24.237+0000] {subprocess.py:93} INFO - Added amber-202001-0111
[2025-11-14T05:54:24.238+0000] {subprocess.py:93} INFO - Added amber-202001-0085
[2025-11-14T05:54:24.238+0000] {subprocess.py:93} INFO - Added amber-202001-0086
[2025-11-14T05:54:24.252+0000] {subprocess.py:93} INFO - Added amber-202001-0089
[2025-11-14T05:54:24.252+0000] {subprocess.py:93} INFO - Added amber-202001-0139
[2025-11-14T05:54:24.253+0000] {subprocess.py:93} INFO - Added amber-202001-0140
[2025-11-14T05:54:24.254+0000] {subprocess.py:93} INFO - Added amber-202001-0087
[2025-11-14T05:54:24.255+0000] {subprocess.py:93} INFO - Added amber-202001-0097
[2025-11-14T05:54:24.256+0000] {subprocess.py:93} INFO - Added amber-202001-0090
[2025-11-14T05:54:24.256+0000] {subprocess.py:93} INFO - Added amber-202001-0091
[2025-11-14T05:54:24.257+0000] {subprocess.py:93} INFO - Added amber-202001-0092
[2025-11-14T05:54:24.258+0000] {subprocess.py:93} INFO - Added amber-202001-0093
[2025-11-14T05:54:24.259+0000] {subprocess.py:93} INFO - Added amber-202001-0095
[2025-11-14T05:54:24.259+0000] {subprocess.py:93} INFO - Added amber-202001-0096
[2025-11-14T05:54:24.260+0000] {subprocess.py:93} INFO - Added amber-202001-0099
[2025-11-14T05:54:24.260+0000] {subprocess.py:93} INFO - Added amber-202001-0107
[2025-11-14T05:54:24.261+0000] {subprocess.py:93} INFO - Added amber-202001-0112
[2025-11-14T05:54:24.262+0000] {subprocess.py:93} INFO - Added amber-202001-0100
[2025-11-14T05:54:24.262+0000] {subprocess.py:93} INFO - Added amber-202001-0114
[2025-11-14T05:54:24.263+0000] {subprocess.py:93} INFO - Added amber-202001-0101
[2025-11-14T05:54:24.263+0000] {subprocess.py:93} INFO - Added amber-202001-0102
[2025-11-14T05:54:24.264+0000] {subprocess.py:93} INFO - Added amber-202001-0103
[2025-11-14T05:54:24.264+0000] {subprocess.py:93} INFO - Added amber-202001-0104
[2025-11-14T05:54:24.265+0000] {subprocess.py:93} INFO - Added amber-202001-0105
[2025-11-14T05:54:24.265+0000] {subprocess.py:93} INFO - Added amber-202001-0106
[2025-11-14T05:54:24.266+0000] {subprocess.py:93} INFO - Added amber-202001-0110
[2025-11-14T05:54:24.267+0000] {subprocess.py:93} INFO - Added amber-202001-0124
[2025-11-14T05:54:24.267+0000] {subprocess.py:93} INFO - Added amber-202001-0125
[2025-11-14T05:54:24.268+0000] {subprocess.py:93} INFO - Added amber-202001-0126
[2025-11-14T05:54:24.268+0000] {subprocess.py:93} INFO - Added amber-202001-0113
[2025-11-14T05:54:24.269+0000] {subprocess.py:93} INFO - Added amber-202001-0119
[2025-11-14T05:54:24.270+0000] {subprocess.py:93} INFO - Added amber-202001-0115
[2025-11-14T05:54:24.270+0000] {subprocess.py:93} INFO - Added amber-202001-0116
[2025-11-14T05:54:24.271+0000] {subprocess.py:93} INFO - Added amber-202001-0120
[2025-11-14T05:54:24.271+0000] {subprocess.py:93} INFO - Added amber-202001-0118
[2025-11-14T05:54:24.272+0000] {subprocess.py:93} INFO - Added amber-202001-0121
[2025-11-14T05:54:24.273+0000] {subprocess.py:93} INFO - Added amber-202001-0122
[2025-11-14T05:54:24.273+0000] {subprocess.py:93} INFO - Added amber-202001-0123
[2025-11-14T05:54:24.274+0000] {subprocess.py:93} INFO - Added amber-202001-0143
[2025-11-14T05:54:24.274+0000] {subprocess.py:93} INFO - Added amber-202001-0144
[2025-11-14T05:54:24.275+0000] {subprocess.py:93} INFO - Added amber-202001-0154
[2025-11-14T05:54:24.276+0000] {subprocess.py:93} INFO - Added amber-202001-0155
[2025-11-14T05:54:24.276+0000] {subprocess.py:93} INFO - Added amber-202001-0127
[2025-11-14T05:54:24.277+0000] {subprocess.py:93} INFO - Added amber-202001-0128
[2025-11-14T05:54:24.277+0000] {subprocess.py:93} INFO - Added amber-202001-0129
[2025-11-14T05:54:24.278+0000] {subprocess.py:93} INFO - Added amber-202001-0137
[2025-11-14T05:54:24.278+0000] {subprocess.py:93} INFO - Added amber-202001-0138
[2025-11-14T05:54:24.279+0000] {subprocess.py:93} INFO - Added amber-202001-0130
[2025-11-14T05:54:24.279+0000] {subprocess.py:93} INFO - Added amber-202001-0177
[2025-11-14T05:54:24.280+0000] {subprocess.py:93} INFO - Added amber-202001-0131
[2025-11-14T05:54:24.280+0000] {subprocess.py:93} INFO - Added amber-202001-0134
[2025-11-14T05:54:24.281+0000] {subprocess.py:93} INFO - Added amber-202001-0136
[2025-11-14T05:54:24.281+0000] {subprocess.py:93} INFO - Added amber-202001-0146
[2025-11-14T05:54:24.282+0000] {subprocess.py:93} INFO - Added amber-202001-0135
[2025-11-14T05:54:24.282+0000] {subprocess.py:93} INFO - Added amber-202001-0132
[2025-11-14T05:54:24.283+0000] {subprocess.py:93} INFO - Added amber-202001-0142
[2025-11-14T05:54:24.283+0000] {subprocess.py:93} INFO - Added amber-202001-0133
[2025-11-14T05:54:24.283+0000] {subprocess.py:93} INFO - Added amber-202001-0141
[2025-11-14T05:54:24.284+0000] {subprocess.py:93} INFO - Added amber-202001-0145
[2025-11-14T05:54:24.284+0000] {subprocess.py:93} INFO - Added amber-202001-0147
[2025-11-14T05:54:24.285+0000] {subprocess.py:93} INFO - Added amber-202001-0148
[2025-11-14T05:54:24.285+0000] {subprocess.py:93} INFO - Added amber-202001-0150
[2025-11-14T05:54:24.285+0000] {subprocess.py:93} INFO - Added amber-202001-0149
[2025-11-14T05:54:24.286+0000] {subprocess.py:93} INFO - Added amber-202001-0151
[2025-11-14T05:54:24.286+0000] {subprocess.py:93} INFO - Added amber-202001-0152
[2025-11-14T05:54:24.287+0000] {subprocess.py:93} INFO - Added amber-202001-0153
[2025-11-14T05:54:24.287+0000] {subprocess.py:93} INFO - Added amber-202001-0156
[2025-11-14T05:54:24.288+0000] {subprocess.py:93} INFO - Added amber-202001-0157
[2025-11-14T05:54:24.288+0000] {subprocess.py:93} INFO - Added amber-202001-0159
[2025-11-14T05:54:24.289+0000] {subprocess.py:93} INFO - Added amber-202001-0192
[2025-11-14T05:54:24.290+0000] {subprocess.py:93} INFO - Added amber-202001-0193
[2025-11-14T05:54:24.290+0000] {subprocess.py:93} INFO - Added amber-202001-0194
[2025-11-14T05:54:24.291+0000] {subprocess.py:93} INFO - Added amber-202001-0196
[2025-11-14T05:54:24.291+0000] {subprocess.py:93} INFO - Added amber-202001-0200
[2025-11-14T05:54:24.292+0000] {subprocess.py:93} INFO - Added amber-202001-0201
[2025-11-14T05:54:24.293+0000] {subprocess.py:93} INFO - Added amber-202001-0158
[2025-11-14T05:54:24.294+0000] {subprocess.py:93} INFO - Added amber-202001-0160
[2025-11-14T05:54:24.295+0000] {subprocess.py:93} INFO - Added amber-202001-0163
[2025-11-14T05:54:24.295+0000] {subprocess.py:93} INFO - Added amber-202001-0164
[2025-11-14T05:54:24.296+0000] {subprocess.py:93} INFO - Added amber-202001-0165
[2025-11-14T05:54:24.297+0000] {subprocess.py:93} INFO - Added amber-202001-0166
[2025-11-14T05:54:24.298+0000] {subprocess.py:93} INFO - Added amber-202001-0168
[2025-11-14T05:54:24.298+0000] {subprocess.py:93} INFO - Added amber-202001-0174
[2025-11-14T05:54:24.299+0000] {subprocess.py:93} INFO - Added amber-202001-0197
[2025-11-14T05:54:24.300+0000] {subprocess.py:93} INFO - Added amber-202001-0198
[2025-11-14T05:54:24.300+0000] {subprocess.py:93} INFO - Added amber-202001-0199
[2025-11-14T05:54:24.301+0000] {subprocess.py:93} INFO - Added amber-202001-0161
[2025-11-14T05:54:24.302+0000] {subprocess.py:93} INFO - Added amber-202001-0171
[2025-11-14T05:54:24.302+0000] {subprocess.py:93} INFO - Added amber-202001-0162
[2025-11-14T05:54:24.303+0000] {subprocess.py:93} INFO - Added amber-202001-0215
[2025-11-14T05:54:24.304+0000] {subprocess.py:93} INFO - Added amber-202001-0167
[2025-11-14T05:54:24.304+0000] {subprocess.py:93} INFO - Added amber-202001-0169
[2025-11-14T05:54:24.305+0000] {subprocess.py:93} INFO - Added amber-202001-0170
[2025-11-14T05:54:24.305+0000] {subprocess.py:93} INFO - Added amber-202001-0173
[2025-11-14T05:54:24.306+0000] {subprocess.py:93} INFO - Added amber-202001-0175
[2025-11-14T05:54:24.307+0000] {subprocess.py:93} INFO - Added amber-202001-0189
[2025-11-14T05:54:24.307+0000] {subprocess.py:93} INFO - Added amber-202001-0213
[2025-11-14T05:54:24.307+0000] {subprocess.py:93} INFO - Added amber-202001-0221
[2025-11-14T05:54:24.308+0000] {subprocess.py:93} INFO - Added amber-202001-0172
[2025-11-14T05:54:24.309+0000] {subprocess.py:93} INFO - Added amber-202001-0176
[2025-11-14T05:54:24.309+0000] {subprocess.py:93} INFO - Added amber-202001-0178
[2025-11-14T05:54:24.310+0000] {subprocess.py:93} INFO - Added amber-202001-0183
[2025-11-14T05:54:24.311+0000] {subprocess.py:93} INFO - Added amber-202001-0179
[2025-11-14T05:54:24.312+0000] {subprocess.py:93} INFO - Added amber-202001-0184
[2025-11-14T05:54:24.312+0000] {subprocess.py:93} INFO - Added amber-202001-0180
[2025-11-14T05:54:24.313+0000] {subprocess.py:93} INFO - Added amber-202001-0181
[2025-11-14T05:54:24.314+0000] {subprocess.py:93} INFO - Added amber-202001-0182
[2025-11-14T05:54:24.314+0000] {subprocess.py:93} INFO - Added amber-202001-0186
[2025-11-14T05:54:24.315+0000] {subprocess.py:93} INFO - Added amber-202001-0190
[2025-11-14T05:54:24.316+0000] {subprocess.py:93} INFO - Added amber-202001-0228
[2025-11-14T05:54:24.316+0000] {subprocess.py:93} INFO - Added amber-202001-0242
[2025-11-14T05:54:24.317+0000] {subprocess.py:93} INFO - Added amber-202001-0185
[2025-11-14T05:54:24.318+0000] {subprocess.py:93} INFO - Added amber-202001-0195
[2025-11-14T05:54:24.319+0000] {subprocess.py:93} INFO - Added amber-202001-0260
[2025-11-14T05:54:24.320+0000] {subprocess.py:93} INFO - Added amber-202001-0187
[2025-11-14T05:54:24.320+0000] {subprocess.py:93} INFO - Added amber-202001-0188
[2025-11-14T05:54:24.321+0000] {subprocess.py:93} INFO - Added amber-202001-0191
[2025-11-14T05:54:24.322+0000] {subprocess.py:93} INFO - Added amber-202001-0202
[2025-11-14T05:54:24.322+0000] {subprocess.py:93} INFO - Added amber-202001-0203
[2025-11-14T05:54:24.323+0000] {subprocess.py:93} INFO - Added amber-202001-0223
[2025-11-14T05:54:24.324+0000] {subprocess.py:93} INFO - Added amber-202001-0244
[2025-11-14T05:54:24.325+0000] {subprocess.py:93} INFO - Added amber-202001-0249
[2025-11-14T05:54:24.325+0000] {subprocess.py:93} INFO - Added amber-202001-0204
[2025-11-14T05:54:24.326+0000] {subprocess.py:93} INFO - Added amber-202001-0205
[2025-11-14T05:54:24.327+0000] {subprocess.py:93} INFO - Added amber-202001-0206
[2025-11-14T05:54:24.328+0000] {subprocess.py:93} INFO - Added amber-202001-0211
[2025-11-14T05:54:24.328+0000] {subprocess.py:93} INFO - Added amber-202001-0218
[2025-11-14T05:54:24.329+0000] {subprocess.py:93} INFO - Added amber-202001-0207
[2025-11-14T05:54:24.330+0000] {subprocess.py:93} INFO - Added amber-202001-0214
[2025-11-14T05:54:24.331+0000] {subprocess.py:93} INFO - Added amber-202001-0224
[2025-11-14T05:54:24.331+0000] {subprocess.py:93} INFO - Added amber-202001-0208
[2025-11-14T05:54:24.332+0000] {subprocess.py:93} INFO - Added amber-202001-0209
[2025-11-14T05:54:24.333+0000] {subprocess.py:93} INFO - Added amber-202001-0212
[2025-11-14T05:54:24.333+0000] {subprocess.py:93} INFO - Added amber-202001-0210
[2025-11-14T05:54:24.334+0000] {subprocess.py:93} INFO - Added amber-202001-0216
[2025-11-14T05:54:24.335+0000] {subprocess.py:93} INFO - Added amber-202001-0217
[2025-11-14T05:54:24.336+0000] {subprocess.py:93} INFO - Added amber-202001-0220
[2025-11-14T05:54:24.337+0000] {subprocess.py:93} INFO - Added amber-202001-0227
[2025-11-14T05:54:24.338+0000] {subprocess.py:93} INFO - Added amber-202001-0219
[2025-11-14T05:54:24.339+0000] {subprocess.py:93} INFO - Added amber-202001-0222
[2025-11-14T05:54:24.339+0000] {subprocess.py:93} INFO - Added amber-202001-0225
[2025-11-14T05:54:24.339+0000] {subprocess.py:93} INFO - Added amber-202001-0226
[2025-11-14T05:54:24.340+0000] {subprocess.py:93} INFO - Added amber-202001-0278
[2025-11-14T05:54:24.340+0000] {subprocess.py:93} INFO - Added amber-202001-0288
[2025-11-14T05:54:24.341+0000] {subprocess.py:93} INFO - Added amber-202001-0229
[2025-11-14T05:54:24.342+0000] {subprocess.py:93} INFO - Added amber-202001-0246
[2025-11-14T05:54:24.342+0000] {subprocess.py:93} INFO - Added amber-202001-0230
[2025-11-14T05:54:24.343+0000] {subprocess.py:93} INFO - Added amber-202001-0234
[2025-11-14T05:54:24.343+0000] {subprocess.py:93} INFO - Added amber-202001-0236
[2025-11-14T05:54:24.344+0000] {subprocess.py:93} INFO - Added amber-202001-0238
[2025-11-14T05:54:24.344+0000] {subprocess.py:93} INFO - Added amber-202001-0240
[2025-11-14T05:54:24.345+0000] {subprocess.py:93} INFO - Added amber-202001-0248
[2025-11-14T05:54:24.346+0000] {subprocess.py:93} INFO - Added amber-202001-0254
[2025-11-14T05:54:24.346+0000] {subprocess.py:93} INFO - Added amber-202001-0284
[2025-11-14T05:54:24.347+0000] {subprocess.py:93} INFO - Added amber-202001-0231
[2025-11-14T05:54:24.347+0000] {subprocess.py:93} INFO - Added amber-202001-0232
[2025-11-14T05:54:24.348+0000] {subprocess.py:93} INFO - Added amber-202001-0233
[2025-11-14T05:54:24.348+0000] {subprocess.py:93} INFO - Added amber-202001-0235
[2025-11-14T05:54:24.349+0000] {subprocess.py:93} INFO - Added amber-202001-0237
[2025-11-14T05:54:24.349+0000] {subprocess.py:93} INFO - Added amber-202001-0239
[2025-11-14T05:54:24.349+0000] {subprocess.py:93} INFO - Added amber-202001-0241
[2025-11-14T05:54:24.350+0000] {subprocess.py:93} INFO - Added amber-202001-0243
[2025-11-14T05:54:24.350+0000] {subprocess.py:93} INFO - Added amber-202001-0245
[2025-11-14T05:54:24.351+0000] {subprocess.py:93} INFO - Added amber-202001-0323
[2025-11-14T05:54:24.351+0000] {subprocess.py:93} INFO - Added amber-202001-0247
[2025-11-14T05:54:24.351+0000] {subprocess.py:93} INFO - Added amber-202001-0251
[2025-11-14T05:54:24.352+0000] {subprocess.py:93} INFO - Added amber-202001-0261
[2025-11-14T05:54:24.352+0000] {subprocess.py:93} INFO - Added amber-202001-0267
[2025-11-14T05:54:24.352+0000] {subprocess.py:93} INFO - Added amber-202001-0250
[2025-11-14T05:54:24.353+0000] {subprocess.py:93} INFO - Added amber-202001-0252
[2025-11-14T05:54:24.353+0000] {subprocess.py:93} INFO - Added amber-202001-0255
[2025-11-14T05:54:24.353+0000] {subprocess.py:93} INFO - Added amber-202001-0256
[2025-11-14T05:54:24.354+0000] {subprocess.py:93} INFO - Added amber-202001-0257
[2025-11-14T05:54:24.354+0000] {subprocess.py:93} INFO - Added amber-202001-0258
[2025-11-14T05:54:24.354+0000] {subprocess.py:93} INFO - Added amber-202001-0259
[2025-11-14T05:54:24.355+0000] {subprocess.py:93} INFO - Added amber-202001-0253
[2025-11-14T05:54:24.355+0000] {subprocess.py:93} INFO - Added amber-202001-0262
[2025-11-14T05:54:24.355+0000] {subprocess.py:93} INFO - Added amber-202001-0264
[2025-11-14T05:54:24.356+0000] {subprocess.py:93} INFO - Added amber-202001-0266
[2025-11-14T05:54:24.356+0000] {subprocess.py:93} INFO - Added amber-202001-0268
[2025-11-14T05:54:24.356+0000] {subprocess.py:93} INFO - Added amber-202001-0269
[2025-11-14T05:54:24.357+0000] {subprocess.py:93} INFO - Added amber-202001-0270
[2025-11-14T05:54:24.357+0000] {subprocess.py:93} INFO - Added amber-202001-0273
[2025-11-14T05:54:24.357+0000] {subprocess.py:93} INFO - Added amber-202001-0275
[2025-11-14T05:54:24.357+0000] {subprocess.py:93} INFO - Added amber-202001-0276
[2025-11-14T05:54:24.358+0000] {subprocess.py:93} INFO - Added amber-202001-0279
[2025-11-14T05:54:24.358+0000] {subprocess.py:93} INFO - Added amber-202001-0280
[2025-11-14T05:54:24.358+0000] {subprocess.py:93} INFO - Added amber-202001-0281
[2025-11-14T05:54:24.359+0000] {subprocess.py:93} INFO - Added amber-202001-0285
[2025-11-14T05:54:24.359+0000] {subprocess.py:93} INFO - Added amber-202001-0286
[2025-11-14T05:54:24.359+0000] {subprocess.py:93} INFO - Added amber-202001-0289
[2025-11-14T05:54:24.360+0000] {subprocess.py:93} INFO - Added amber-202001-0290
[2025-11-14T05:54:24.360+0000] {subprocess.py:93} INFO - Added amber-202001-0291
[2025-11-14T05:54:24.360+0000] {subprocess.py:93} INFO - Added amber-202001-0263
[2025-11-14T05:54:24.360+0000] {subprocess.py:93} INFO - Added amber-202001-0265
[2025-11-14T05:54:24.361+0000] {subprocess.py:93} INFO - Added amber-202001-0271
[2025-11-14T05:54:24.361+0000] {subprocess.py:93} INFO - Added amber-202001-0272
[2025-11-14T05:54:24.362+0000] {subprocess.py:93} INFO - Added amber-202001-0274
[2025-11-14T05:54:24.362+0000] {subprocess.py:93} INFO - Added amber-202001-0277
[2025-11-14T05:54:24.362+0000] {subprocess.py:93} INFO - Added amber-202001-0282
[2025-11-14T05:54:24.362+0000] {subprocess.py:93} INFO - Added amber-202001-0283
[2025-11-14T05:54:24.363+0000] {subprocess.py:93} INFO - Added amber-202001-0287
[2025-11-14T05:54:24.363+0000] {subprocess.py:93} INFO - Added amber-202001-0292
[2025-11-14T05:54:24.363+0000] {subprocess.py:93} INFO - Added amber-202001-0293
[2025-11-14T05:54:24.363+0000] {subprocess.py:93} INFO - Added amber-202001-0294
[2025-11-14T05:54:24.364+0000] {subprocess.py:93} INFO - Added amber-202001-0295
[2025-11-14T05:54:24.364+0000] {subprocess.py:93} INFO - Added amber-202001-0296
[2025-11-14T05:54:24.364+0000] {subprocess.py:93} INFO - Added amber-202001-0297
[2025-11-14T05:54:24.365+0000] {subprocess.py:93} INFO - Added amber-202001-0298
[2025-11-14T05:54:24.365+0000] {subprocess.py:93} INFO - Added amber-202001-0299
[2025-11-14T05:54:24.365+0000] {subprocess.py:93} INFO - Added amber-202001-0300
[2025-11-14T05:54:24.366+0000] {subprocess.py:93} INFO - Added amber-202001-0301
[2025-11-14T05:54:24.366+0000] {subprocess.py:93} INFO - Added amber-202001-0302
[2025-11-14T05:54:24.366+0000] {subprocess.py:93} INFO - Added amber-202001-0303
[2025-11-14T05:54:24.367+0000] {subprocess.py:93} INFO - Added amber-202001-0304
[2025-11-14T05:54:24.367+0000] {subprocess.py:93} INFO - Added amber-202001-0305
[2025-11-14T05:54:24.367+0000] {subprocess.py:93} INFO - Added amber-202001-0306
[2025-11-14T05:54:24.368+0000] {subprocess.py:93} INFO - Added amber-202001-0309
[2025-11-14T05:54:24.368+0000] {subprocess.py:93} INFO - Added amber-202001-0307
[2025-11-14T05:54:24.369+0000] {subprocess.py:93} INFO - Added amber-202001-0308
[2025-11-14T05:54:24.369+0000] {subprocess.py:93} INFO - Added amber-202001-0310
[2025-11-14T05:54:24.369+0000] {subprocess.py:93} INFO - Added amber-202001-0311
[2025-11-14T05:54:24.369+0000] {subprocess.py:93} INFO - Added amber-202001-0312
[2025-11-14T05:54:24.370+0000] {subprocess.py:93} INFO - Added amber-202001-0313
[2025-11-14T05:54:24.370+0000] {subprocess.py:93} INFO - Added amber-202001-0314
[2025-11-14T05:54:24.371+0000] {subprocess.py:93} INFO - Added amber-202001-0315
[2025-11-14T05:54:24.371+0000] {subprocess.py:93} INFO - Added amber-202001-0316
[2025-11-14T05:54:24.371+0000] {subprocess.py:93} INFO - Added amber-202001-0317
[2025-11-14T05:54:24.371+0000] {subprocess.py:93} INFO - Added amber-202001-0319
[2025-11-14T05:54:24.372+0000] {subprocess.py:93} INFO - Added amber-202001-0320
[2025-11-14T05:54:24.372+0000] {subprocess.py:93} INFO - Added amber-202001-0321
[2025-11-14T05:54:24.372+0000] {subprocess.py:93} INFO - Added amber-202001-0322
[2025-11-14T05:54:24.373+0000] {subprocess.py:93} INFO - Added amber-202001-0324
[2025-11-14T05:54:24.373+0000] {subprocess.py:93} INFO - Added amber-202001-0326
[2025-11-14T05:54:24.373+0000] {subprocess.py:93} INFO - Added amber-202001-0325
[2025-11-14T05:54:24.374+0000] {subprocess.py:93} INFO - Added amber-202001-0327
[2025-11-14T05:54:24.374+0000] {subprocess.py:93} INFO - Added amber-202001-0328
[2025-11-14T05:54:24.375+0000] {subprocess.py:93} INFO - Added amber-202001-0329
[2025-11-14T05:54:24.375+0000] {subprocess.py:93} INFO - Added amber-202001-0332
[2025-11-14T05:54:24.375+0000] {subprocess.py:93} INFO - Added amber-202001-0330
[2025-11-14T05:54:24.376+0000] {subprocess.py:93} INFO - Added amber-202001-0331
[2025-11-14T05:54:24.376+0000] {subprocess.py:93} INFO - Added amber-202001-0333
[2025-11-14T05:54:24.376+0000] {subprocess.py:93} INFO - Added amber-202001-0334
