[2025-11-19T05:55:39.490+0000] {processor.py:186} INFO - Started process (PID=108) to work on /opt/airflow/dags/AMBER_Daily_Scraping.py
[2025-11-19T05:55:39.491+0000] {processor.py:914} INFO - Processing file /opt/airflow/dags/AMBER_Daily_Scraping.py for tasks to queue
[2025-11-19T05:55:39.492+0000] {logging_mixin.py:190} INFO - [2025-11-19T05:55:39.492+0000] {dagbag.py:588} INFO - Filling up the DagBag from /opt/airflow/dags/AMBER_Daily_Scraping.py
[2025-11-19T05:55:39.519+0000] {processor.py:925} INFO - DAG(s) 'AMBER_Daily_Scraping' retrieved from /opt/airflow/dags/AMBER_Daily_Scraping.py
[2025-11-19T05:55:39.549+0000] {logging_mixin.py:190} INFO - [2025-11-19T05:55:39.549+0000] {dag.py:3239} INFO - Sync 1 DAGs
[2025-11-19T05:55:39.561+0000] {logging_mixin.py:190} INFO - [2025-11-19T05:55:39.561+0000] {dag.py:4180} INFO - Setting next_dagrun for AMBER_Daily_Scraping to None, run_after=None
[2025-11-19T05:55:39.598+0000] {processor.py:208} INFO - Processing /opt/airflow/dags/AMBER_Daily_Scraping.py took 0.114 seconds
[2025-11-19T05:56:10.700+0000] {processor.py:186} INFO - Started process (PID=109) to work on /opt/airflow/dags/AMBER_Daily_Scraping.py
[2025-11-19T05:56:10.702+0000] {processor.py:914} INFO - Processing file /opt/airflow/dags/AMBER_Daily_Scraping.py for tasks to queue
[2025-11-19T05:56:10.704+0000] {logging_mixin.py:190} INFO - [2025-11-19T05:56:10.703+0000] {dagbag.py:588} INFO - Filling up the DagBag from /opt/airflow/dags/AMBER_Daily_Scraping.py
[2025-11-19T05:56:10.732+0000] {processor.py:925} INFO - DAG(s) 'AMBER_Daily_Scraping' retrieved from /opt/airflow/dags/AMBER_Daily_Scraping.py
[2025-11-19T05:56:10.755+0000] {logging_mixin.py:190} INFO - [2025-11-19T05:56:10.755+0000] {dag.py:3239} INFO - Sync 1 DAGs
[2025-11-19T05:56:10.765+0000] {logging_mixin.py:190} INFO - [2025-11-19T05:56:10.765+0000] {dag.py:4180} INFO - Setting next_dagrun for AMBER_Daily_Scraping to None, run_after=None
[2025-11-19T05:56:10.801+0000] {processor.py:208} INFO - Processing /opt/airflow/dags/AMBER_Daily_Scraping.py took 0.107 seconds
[2025-11-19T05:56:41.130+0000] {processor.py:186} INFO - Started process (PID=110) to work on /opt/airflow/dags/AMBER_Daily_Scraping.py
[2025-11-19T05:56:41.131+0000] {processor.py:914} INFO - Processing file /opt/airflow/dags/AMBER_Daily_Scraping.py for tasks to queue
[2025-11-19T05:56:41.133+0000] {logging_mixin.py:190} INFO - [2025-11-19T05:56:41.133+0000] {dagbag.py:588} INFO - Filling up the DagBag from /opt/airflow/dags/AMBER_Daily_Scraping.py
[2025-11-19T05:56:41.152+0000] {processor.py:925} INFO - DAG(s) 'AMBER_Daily_Scraping' retrieved from /opt/airflow/dags/AMBER_Daily_Scraping.py
[2025-11-19T05:56:41.175+0000] {logging_mixin.py:190} INFO - [2025-11-19T05:56:41.175+0000] {dag.py:3239} INFO - Sync 1 DAGs
[2025-11-19T05:56:41.186+0000] {logging_mixin.py:190} INFO - [2025-11-19T05:56:41.186+0000] {dag.py:4180} INFO - Setting next_dagrun for AMBER_Daily_Scraping to None, run_after=None
[2025-11-19T05:56:41.221+0000] {processor.py:208} INFO - Processing /opt/airflow/dags/AMBER_Daily_Scraping.py took 0.096 seconds
[2025-11-19T05:57:11.583+0000] {processor.py:186} INFO - Started process (PID=111) to work on /opt/airflow/dags/AMBER_Daily_Scraping.py
[2025-11-19T05:57:11.585+0000] {processor.py:914} INFO - Processing file /opt/airflow/dags/AMBER_Daily_Scraping.py for tasks to queue
[2025-11-19T05:57:11.587+0000] {logging_mixin.py:190} INFO - [2025-11-19T05:57:11.586+0000] {dagbag.py:588} INFO - Filling up the DagBag from /opt/airflow/dags/AMBER_Daily_Scraping.py
[2025-11-19T05:57:11.608+0000] {processor.py:925} INFO - DAG(s) 'AMBER_Daily_Scraping' retrieved from /opt/airflow/dags/AMBER_Daily_Scraping.py
[2025-11-19T05:57:11.631+0000] {logging_mixin.py:190} INFO - [2025-11-19T05:57:11.631+0000] {dag.py:3239} INFO - Sync 1 DAGs
[2025-11-19T05:57:11.641+0000] {logging_mixin.py:190} INFO - [2025-11-19T05:57:11.641+0000] {dag.py:4180} INFO - Setting next_dagrun for AMBER_Daily_Scraping to None, run_after=None
[2025-11-19T05:57:11.679+0000] {processor.py:208} INFO - Processing /opt/airflow/dags/AMBER_Daily_Scraping.py took 0.101 seconds
[2025-11-19T06:26:54.508+0000] {processor.py:186} INFO - Started process (PID=136) to work on /opt/airflow/dags/AMBER_Daily_Scraping.py
[2025-11-19T06:26:54.510+0000] {processor.py:914} INFO - Processing file /opt/airflow/dags/AMBER_Daily_Scraping.py for tasks to queue
[2025-11-19T06:26:54.512+0000] {logging_mixin.py:190} INFO - [2025-11-19T06:26:54.511+0000] {dagbag.py:588} INFO - Filling up the DagBag from /opt/airflow/dags/AMBER_Daily_Scraping.py
[2025-11-19T06:26:54.530+0000] {processor.py:925} INFO - DAG(s) 'AMBER_Daily_Scraping' retrieved from /opt/airflow/dags/AMBER_Daily_Scraping.py
[2025-11-19T06:26:54.565+0000] {logging_mixin.py:190} INFO - [2025-11-19T06:26:54.565+0000] {dag.py:3239} INFO - Sync 1 DAGs
[2025-11-19T06:26:54.579+0000] {logging_mixin.py:190} INFO - [2025-11-19T06:26:54.578+0000] {dag.py:4180} INFO - Setting next_dagrun for AMBER_Daily_Scraping to None, run_after=None
[2025-11-19T06:26:54.615+0000] {processor.py:208} INFO - Processing /opt/airflow/dags/AMBER_Daily_Scraping.py took 0.112 seconds
[2025-11-19T06:27:26.460+0000] {processor.py:186} INFO - Started process (PID=160) to work on /opt/airflow/dags/AMBER_Daily_Scraping.py
[2025-11-19T06:27:26.461+0000] {processor.py:914} INFO - Processing file /opt/airflow/dags/AMBER_Daily_Scraping.py for tasks to queue
[2025-11-19T06:27:26.462+0000] {logging_mixin.py:190} INFO - [2025-11-19T06:27:26.462+0000] {dagbag.py:588} INFO - Filling up the DagBag from /opt/airflow/dags/AMBER_Daily_Scraping.py
[2025-11-19T06:27:26.479+0000] {processor.py:925} INFO - DAG(s) 'AMBER_Daily_Scraping' retrieved from /opt/airflow/dags/AMBER_Daily_Scraping.py
[2025-11-19T06:27:26.499+0000] {logging_mixin.py:190} INFO - [2025-11-19T06:27:26.498+0000] {dag.py:3239} INFO - Sync 1 DAGs
[2025-11-19T06:27:26.507+0000] {logging_mixin.py:190} INFO - [2025-11-19T06:27:26.507+0000] {dag.py:4180} INFO - Setting next_dagrun for AMBER_Daily_Scraping to None, run_after=None
[2025-11-19T06:27:26.539+0000] {processor.py:208} INFO - Processing /opt/airflow/dags/AMBER_Daily_Scraping.py took 0.084 seconds
[2025-11-19T06:28:33.720+0000] {processor.py:186} INFO - Started process (PID=185) to work on /opt/airflow/dags/AMBER_Daily_Scraping.py
[2025-11-19T06:28:33.722+0000] {processor.py:914} INFO - Processing file /opt/airflow/dags/AMBER_Daily_Scraping.py for tasks to queue
[2025-11-19T06:28:33.724+0000] {logging_mixin.py:190} INFO - [2025-11-19T06:28:33.724+0000] {dagbag.py:588} INFO - Filling up the DagBag from /opt/airflow/dags/AMBER_Daily_Scraping.py
[2025-11-19T06:28:33.749+0000] {processor.py:925} INFO - DAG(s) 'AMBER_Daily_Scraping' retrieved from /opt/airflow/dags/AMBER_Daily_Scraping.py
[2025-11-19T06:28:33.770+0000] {logging_mixin.py:190} INFO - [2025-11-19T06:28:33.769+0000] {dag.py:3239} INFO - Sync 1 DAGs
[2025-11-19T06:28:33.780+0000] {logging_mixin.py:190} INFO - [2025-11-19T06:28:33.779+0000] {dag.py:4180} INFO - Setting next_dagrun for AMBER_Daily_Scraping to None, run_after=None
[2025-11-19T06:28:33.815+0000] {processor.py:208} INFO - Processing /opt/airflow/dags/AMBER_Daily_Scraping.py took 0.101 seconds
[2025-11-19T06:29:52.486+0000] {processor.py:186} INFO - Started process (PID=210) to work on /opt/airflow/dags/AMBER_Daily_Scraping.py
[2025-11-19T06:29:52.488+0000] {processor.py:914} INFO - Processing file /opt/airflow/dags/AMBER_Daily_Scraping.py for tasks to queue
[2025-11-19T06:29:52.490+0000] {logging_mixin.py:190} INFO - [2025-11-19T06:29:52.489+0000] {dagbag.py:588} INFO - Filling up the DagBag from /opt/airflow/dags/AMBER_Daily_Scraping.py
[2025-11-19T06:29:52.508+0000] {processor.py:925} INFO - DAG(s) 'AMBER_Daily_Scraping' retrieved from /opt/airflow/dags/AMBER_Daily_Scraping.py
[2025-11-19T06:29:52.529+0000] {logging_mixin.py:190} INFO - [2025-11-19T06:29:52.529+0000] {dag.py:3239} INFO - Sync 1 DAGs
[2025-11-19T06:29:52.539+0000] {logging_mixin.py:190} INFO - [2025-11-19T06:29:52.539+0000] {dag.py:4180} INFO - Setting next_dagrun for AMBER_Daily_Scraping to None, run_after=None
[2025-11-19T06:29:52.574+0000] {processor.py:208} INFO - Processing /opt/airflow/dags/AMBER_Daily_Scraping.py took 0.093 seconds
[2025-11-19T06:30:23.739+0000] {processor.py:186} INFO - Started process (PID=234) to work on /opt/airflow/dags/AMBER_Daily_Scraping.py
[2025-11-19T06:30:23.740+0000] {processor.py:914} INFO - Processing file /opt/airflow/dags/AMBER_Daily_Scraping.py for tasks to queue
[2025-11-19T06:30:23.742+0000] {logging_mixin.py:190} INFO - [2025-11-19T06:30:23.741+0000] {dagbag.py:588} INFO - Filling up the DagBag from /opt/airflow/dags/AMBER_Daily_Scraping.py
[2025-11-19T06:30:23.761+0000] {processor.py:925} INFO - DAG(s) 'AMBER_Daily_Scraping' retrieved from /opt/airflow/dags/AMBER_Daily_Scraping.py
[2025-11-19T06:30:23.783+0000] {logging_mixin.py:190} INFO - [2025-11-19T06:30:23.783+0000] {dag.py:3239} INFO - Sync 1 DAGs
[2025-11-19T06:30:23.794+0000] {logging_mixin.py:190} INFO - [2025-11-19T06:30:23.794+0000] {dag.py:4180} INFO - Setting next_dagrun for AMBER_Daily_Scraping to None, run_after=None
[2025-11-19T06:30:23.830+0000] {processor.py:208} INFO - Processing /opt/airflow/dags/AMBER_Daily_Scraping.py took 0.097 seconds
[2025-11-19T06:30:54.173+0000] {processor.py:186} INFO - Started process (PID=235) to work on /opt/airflow/dags/AMBER_Daily_Scraping.py
[2025-11-19T06:30:54.174+0000] {processor.py:914} INFO - Processing file /opt/airflow/dags/AMBER_Daily_Scraping.py for tasks to queue
[2025-11-19T06:30:54.176+0000] {logging_mixin.py:190} INFO - [2025-11-19T06:30:54.175+0000] {dagbag.py:588} INFO - Filling up the DagBag from /opt/airflow/dags/AMBER_Daily_Scraping.py
[2025-11-19T06:30:54.197+0000] {processor.py:925} INFO - DAG(s) 'AMBER_Daily_Scraping' retrieved from /opt/airflow/dags/AMBER_Daily_Scraping.py
[2025-11-19T06:30:54.218+0000] {logging_mixin.py:190} INFO - [2025-11-19T06:30:54.217+0000] {dag.py:3239} INFO - Sync 1 DAGs
[2025-11-19T06:30:54.228+0000] {logging_mixin.py:190} INFO - [2025-11-19T06:30:54.227+0000] {dag.py:4180} INFO - Setting next_dagrun for AMBER_Daily_Scraping to None, run_after=None
[2025-11-19T06:30:54.261+0000] {processor.py:208} INFO - Processing /opt/airflow/dags/AMBER_Daily_Scraping.py took 0.093 seconds
[2025-11-19T06:31:24.626+0000] {processor.py:186} INFO - Started process (PID=236) to work on /opt/airflow/dags/AMBER_Daily_Scraping.py
[2025-11-19T06:31:24.628+0000] {processor.py:914} INFO - Processing file /opt/airflow/dags/AMBER_Daily_Scraping.py for tasks to queue
[2025-11-19T06:31:24.629+0000] {logging_mixin.py:190} INFO - [2025-11-19T06:31:24.629+0000] {dagbag.py:588} INFO - Filling up the DagBag from /opt/airflow/dags/AMBER_Daily_Scraping.py
[2025-11-19T06:31:24.650+0000] {processor.py:925} INFO - DAG(s) 'AMBER_Daily_Scraping' retrieved from /opt/airflow/dags/AMBER_Daily_Scraping.py
[2025-11-19T06:31:24.670+0000] {logging_mixin.py:190} INFO - [2025-11-19T06:31:24.670+0000] {dag.py:3239} INFO - Sync 1 DAGs
[2025-11-19T06:31:24.681+0000] {logging_mixin.py:190} INFO - [2025-11-19T06:31:24.681+0000] {dag.py:4180} INFO - Setting next_dagrun for AMBER_Daily_Scraping to None, run_after=None
[2025-11-19T06:31:24.716+0000] {processor.py:208} INFO - Processing /opt/airflow/dags/AMBER_Daily_Scraping.py took 0.096 seconds
[2025-11-19T06:31:55.375+0000] {processor.py:186} INFO - Started process (PID=237) to work on /opt/airflow/dags/AMBER_Daily_Scraping.py
[2025-11-19T06:31:55.377+0000] {processor.py:914} INFO - Processing file /opt/airflow/dags/AMBER_Daily_Scraping.py for tasks to queue
[2025-11-19T06:31:55.379+0000] {logging_mixin.py:190} INFO - [2025-11-19T06:31:55.378+0000] {dagbag.py:588} INFO - Filling up the DagBag from /opt/airflow/dags/AMBER_Daily_Scraping.py
[2025-11-19T06:31:55.398+0000] {processor.py:925} INFO - DAG(s) 'AMBER_Daily_Scraping' retrieved from /opt/airflow/dags/AMBER_Daily_Scraping.py
[2025-11-19T06:31:55.421+0000] {logging_mixin.py:190} INFO - [2025-11-19T06:31:55.421+0000] {dag.py:3239} INFO - Sync 1 DAGs
[2025-11-19T06:31:55.433+0000] {logging_mixin.py:190} INFO - [2025-11-19T06:31:55.433+0000] {dag.py:4180} INFO - Setting next_dagrun for AMBER_Daily_Scraping to None, run_after=None
[2025-11-19T06:31:55.471+0000] {processor.py:208} INFO - Processing /opt/airflow/dags/AMBER_Daily_Scraping.py took 0.101 seconds
[2025-11-19T06:32:26.478+0000] {processor.py:186} INFO - Started process (PID=261) to work on /opt/airflow/dags/AMBER_Daily_Scraping.py
[2025-11-19T06:32:26.480+0000] {processor.py:914} INFO - Processing file /opt/airflow/dags/AMBER_Daily_Scraping.py for tasks to queue
[2025-11-19T06:32:26.481+0000] {logging_mixin.py:190} INFO - [2025-11-19T06:32:26.481+0000] {dagbag.py:588} INFO - Filling up the DagBag from /opt/airflow/dags/AMBER_Daily_Scraping.py
[2025-11-19T06:32:26.505+0000] {processor.py:925} INFO - DAG(s) 'AMBER_Daily_Scraping' retrieved from /opt/airflow/dags/AMBER_Daily_Scraping.py
[2025-11-19T06:32:26.526+0000] {logging_mixin.py:190} INFO - [2025-11-19T06:32:26.526+0000] {dag.py:3239} INFO - Sync 1 DAGs
[2025-11-19T06:32:26.537+0000] {logging_mixin.py:190} INFO - [2025-11-19T06:32:26.537+0000] {dag.py:4180} INFO - Setting next_dagrun for AMBER_Daily_Scraping to None, run_after=None
[2025-11-19T06:32:26.570+0000] {processor.py:208} INFO - Processing /opt/airflow/dags/AMBER_Daily_Scraping.py took 0.096 seconds
[2025-11-19T06:32:56.904+0000] {processor.py:186} INFO - Started process (PID=262) to work on /opt/airflow/dags/AMBER_Daily_Scraping.py
[2025-11-19T06:32:56.906+0000] {processor.py:914} INFO - Processing file /opt/airflow/dags/AMBER_Daily_Scraping.py for tasks to queue
[2025-11-19T06:32:56.908+0000] {logging_mixin.py:190} INFO - [2025-11-19T06:32:56.907+0000] {dagbag.py:588} INFO - Filling up the DagBag from /opt/airflow/dags/AMBER_Daily_Scraping.py
[2025-11-19T06:32:56.931+0000] {processor.py:925} INFO - DAG(s) 'AMBER_Daily_Scraping' retrieved from /opt/airflow/dags/AMBER_Daily_Scraping.py
[2025-11-19T06:32:56.960+0000] {logging_mixin.py:190} INFO - [2025-11-19T06:32:56.959+0000] {dag.py:3239} INFO - Sync 1 DAGs
[2025-11-19T06:32:56.971+0000] {logging_mixin.py:190} INFO - [2025-11-19T06:32:56.971+0000] {dag.py:4180} INFO - Setting next_dagrun for AMBER_Daily_Scraping to None, run_after=None
[2025-11-19T06:32:57.005+0000] {processor.py:208} INFO - Processing /opt/airflow/dags/AMBER_Daily_Scraping.py took 0.108 seconds
[2025-11-19T06:33:27.331+0000] {processor.py:186} INFO - Started process (PID=263) to work on /opt/airflow/dags/AMBER_Daily_Scraping.py
[2025-11-19T06:33:27.332+0000] {processor.py:914} INFO - Processing file /opt/airflow/dags/AMBER_Daily_Scraping.py for tasks to queue
[2025-11-19T06:33:27.334+0000] {logging_mixin.py:190} INFO - [2025-11-19T06:33:27.334+0000] {dagbag.py:588} INFO - Filling up the DagBag from /opt/airflow/dags/AMBER_Daily_Scraping.py
[2025-11-19T06:33:27.348+0000] {processor.py:925} INFO - DAG(s) 'AMBER_Daily_Scraping' retrieved from /opt/airflow/dags/AMBER_Daily_Scraping.py
[2025-11-19T06:33:27.368+0000] {logging_mixin.py:190} INFO - [2025-11-19T06:33:27.368+0000] {dag.py:3239} INFO - Sync 1 DAGs
[2025-11-19T06:33:27.378+0000] {logging_mixin.py:190} INFO - [2025-11-19T06:33:27.378+0000] {dag.py:4180} INFO - Setting next_dagrun for AMBER_Daily_Scraping to None, run_after=None
[2025-11-19T06:33:27.414+0000] {processor.py:208} INFO - Processing /opt/airflow/dags/AMBER_Daily_Scraping.py took 0.087 seconds
[2025-11-19T06:33:57.790+0000] {processor.py:186} INFO - Started process (PID=264) to work on /opt/airflow/dags/AMBER_Daily_Scraping.py
[2025-11-19T06:33:57.791+0000] {processor.py:914} INFO - Processing file /opt/airflow/dags/AMBER_Daily_Scraping.py for tasks to queue
[2025-11-19T06:33:57.793+0000] {logging_mixin.py:190} INFO - [2025-11-19T06:33:57.793+0000] {dagbag.py:588} INFO - Filling up the DagBag from /opt/airflow/dags/AMBER_Daily_Scraping.py
[2025-11-19T06:33:57.816+0000] {processor.py:925} INFO - DAG(s) 'AMBER_Daily_Scraping' retrieved from /opt/airflow/dags/AMBER_Daily_Scraping.py
[2025-11-19T06:33:57.838+0000] {logging_mixin.py:190} INFO - [2025-11-19T06:33:57.838+0000] {dag.py:3239} INFO - Sync 1 DAGs
[2025-11-19T06:33:57.848+0000] {logging_mixin.py:190} INFO - [2025-11-19T06:33:57.848+0000] {dag.py:4180} INFO - Setting next_dagrun for AMBER_Daily_Scraping to None, run_after=None
[2025-11-19T06:33:57.884+0000] {processor.py:208} INFO - Processing /opt/airflow/dags/AMBER_Daily_Scraping.py took 0.100 seconds
[2025-11-19T06:39:17.788+0000] {processor.py:186} INFO - Started process (PID=37) to work on /opt/airflow/dags/AMBER_Daily_Scraping.py
[2025-11-19T06:39:17.790+0000] {processor.py:914} INFO - Processing file /opt/airflow/dags/AMBER_Daily_Scraping.py for tasks to queue
[2025-11-19T06:39:17.794+0000] {logging_mixin.py:190} INFO - [2025-11-19T06:39:17.793+0000] {dagbag.py:588} INFO - Filling up the DagBag from /opt/airflow/dags/AMBER_Daily_Scraping.py
[2025-11-19T06:39:17.832+0000] {processor.py:925} INFO - DAG(s) 'AMBER_Daily_Scraping' retrieved from /opt/airflow/dags/AMBER_Daily_Scraping.py
[2025-11-19T06:39:17.876+0000] {logging_mixin.py:190} INFO - [2025-11-19T06:39:17.876+0000] {dag.py:3239} INFO - Sync 1 DAGs
[2025-11-19T06:39:17.893+0000] {logging_mixin.py:190} INFO - [2025-11-19T06:39:17.893+0000] {dag.py:4180} INFO - Setting next_dagrun for AMBER_Daily_Scraping to None, run_after=None
[2025-11-19T06:39:17.931+0000] {processor.py:208} INFO - Processing /opt/airflow/dags/AMBER_Daily_Scraping.py took 0.150 seconds
[2025-11-19T06:39:48.038+0000] {processor.py:186} INFO - Started process (PID=38) to work on /opt/airflow/dags/AMBER_Daily_Scraping.py
[2025-11-19T06:39:48.040+0000] {processor.py:914} INFO - Processing file /opt/airflow/dags/AMBER_Daily_Scraping.py for tasks to queue
[2025-11-19T06:39:48.047+0000] {logging_mixin.py:190} INFO - [2025-11-19T06:39:48.047+0000] {dagbag.py:588} INFO - Filling up the DagBag from /opt/airflow/dags/AMBER_Daily_Scraping.py
[2025-11-19T06:39:48.080+0000] {processor.py:925} INFO - DAG(s) 'AMBER_Daily_Scraping' retrieved from /opt/airflow/dags/AMBER_Daily_Scraping.py
[2025-11-19T06:39:48.101+0000] {logging_mixin.py:190} INFO - [2025-11-19T06:39:48.101+0000] {dag.py:3239} INFO - Sync 1 DAGs
[2025-11-19T06:39:48.112+0000] {logging_mixin.py:190} INFO - [2025-11-19T06:39:48.112+0000] {dag.py:4180} INFO - Setting next_dagrun for AMBER_Daily_Scraping to None, run_after=None
[2025-11-19T06:39:48.151+0000] {processor.py:208} INFO - Processing /opt/airflow/dags/AMBER_Daily_Scraping.py took 0.119 seconds
[2025-11-19T06:40:18.721+0000] {processor.py:186} INFO - Started process (PID=39) to work on /opt/airflow/dags/AMBER_Daily_Scraping.py
[2025-11-19T06:40:18.722+0000] {processor.py:914} INFO - Processing file /opt/airflow/dags/AMBER_Daily_Scraping.py for tasks to queue
[2025-11-19T06:40:18.724+0000] {logging_mixin.py:190} INFO - [2025-11-19T06:40:18.724+0000] {dagbag.py:588} INFO - Filling up the DagBag from /opt/airflow/dags/AMBER_Daily_Scraping.py
[2025-11-19T06:40:18.750+0000] {processor.py:925} INFO - DAG(s) 'AMBER_Daily_Scraping' retrieved from /opt/airflow/dags/AMBER_Daily_Scraping.py
[2025-11-19T06:40:18.771+0000] {logging_mixin.py:190} INFO - [2025-11-19T06:40:18.771+0000] {dag.py:3239} INFO - Sync 1 DAGs
[2025-11-19T06:40:18.782+0000] {logging_mixin.py:190} INFO - [2025-11-19T06:40:18.782+0000] {dag.py:4180} INFO - Setting next_dagrun for AMBER_Daily_Scraping to None, run_after=None
[2025-11-19T06:40:18.820+0000] {processor.py:208} INFO - Processing /opt/airflow/dags/AMBER_Daily_Scraping.py took 0.104 seconds
[2025-11-19T06:40:58.235+0000] {processor.py:186} INFO - Started process (PID=63) to work on /opt/airflow/dags/AMBER_Daily_Scraping.py
[2025-11-19T06:40:58.236+0000] {processor.py:914} INFO - Processing file /opt/airflow/dags/AMBER_Daily_Scraping.py for tasks to queue
[2025-11-19T06:40:58.239+0000] {logging_mixin.py:190} INFO - [2025-11-19T06:40:58.238+0000] {dagbag.py:588} INFO - Filling up the DagBag from /opt/airflow/dags/AMBER_Daily_Scraping.py
[2025-11-19T06:40:58.264+0000] {processor.py:925} INFO - DAG(s) 'AMBER_Daily_Scraping' retrieved from /opt/airflow/dags/AMBER_Daily_Scraping.py
[2025-11-19T06:40:58.281+0000] {logging_mixin.py:190} INFO - [2025-11-19T06:40:58.281+0000] {dag.py:3239} INFO - Sync 1 DAGs
[2025-11-19T06:40:58.291+0000] {logging_mixin.py:190} INFO - [2025-11-19T06:40:58.291+0000] {dag.py:4180} INFO - Setting next_dagrun for AMBER_Daily_Scraping to None, run_after=None
[2025-11-19T06:40:58.327+0000] {processor.py:208} INFO - Processing /opt/airflow/dags/AMBER_Daily_Scraping.py took 0.097 seconds
[2025-11-19T06:41:29.914+0000] {processor.py:186} INFO - Started process (PID=197) to work on /opt/airflow/dags/AMBER_Daily_Scraping.py
[2025-11-19T06:41:29.915+0000] {processor.py:914} INFO - Processing file /opt/airflow/dags/AMBER_Daily_Scraping.py for tasks to queue
[2025-11-19T06:41:29.918+0000] {logging_mixin.py:190} INFO - [2025-11-19T06:41:29.918+0000] {dagbag.py:588} INFO - Filling up the DagBag from /opt/airflow/dags/AMBER_Daily_Scraping.py
[2025-11-19T06:41:29.942+0000] {processor.py:925} INFO - DAG(s) 'AMBER_Daily_Scraping' retrieved from /opt/airflow/dags/AMBER_Daily_Scraping.py
[2025-11-19T06:41:29.961+0000] {logging_mixin.py:190} INFO - [2025-11-19T06:41:29.961+0000] {dag.py:3239} INFO - Sync 1 DAGs
[2025-11-19T06:41:29.972+0000] {logging_mixin.py:190} INFO - [2025-11-19T06:41:29.972+0000] {dag.py:4180} INFO - Setting next_dagrun for AMBER_Daily_Scraping to None, run_after=None
[2025-11-19T06:41:30.008+0000] {processor.py:208} INFO - Processing /opt/airflow/dags/AMBER_Daily_Scraping.py took 0.099 seconds
[2025-11-19T06:42:01.121+0000] {processor.py:186} INFO - Started process (PID=198) to work on /opt/airflow/dags/AMBER_Daily_Scraping.py
[2025-11-19T06:42:01.122+0000] {processor.py:914} INFO - Processing file /opt/airflow/dags/AMBER_Daily_Scraping.py for tasks to queue
[2025-11-19T06:42:01.125+0000] {logging_mixin.py:190} INFO - [2025-11-19T06:42:01.124+0000] {dagbag.py:588} INFO - Filling up the DagBag from /opt/airflow/dags/AMBER_Daily_Scraping.py
[2025-11-19T06:42:01.154+0000] {processor.py:925} INFO - DAG(s) 'AMBER_Daily_Scraping' retrieved from /opt/airflow/dags/AMBER_Daily_Scraping.py
[2025-11-19T06:42:01.174+0000] {logging_mixin.py:190} INFO - [2025-11-19T06:42:01.173+0000] {dag.py:3239} INFO - Sync 1 DAGs
[2025-11-19T06:42:01.185+0000] {logging_mixin.py:190} INFO - [2025-11-19T06:42:01.184+0000] {dag.py:4180} INFO - Setting next_dagrun for AMBER_Daily_Scraping to None, run_after=None
[2025-11-19T06:42:01.228+0000] {processor.py:208} INFO - Processing /opt/airflow/dags/AMBER_Daily_Scraping.py took 0.113 seconds
[2025-11-19T06:42:31.430+0000] {processor.py:186} INFO - Started process (PID=199) to work on /opt/airflow/dags/AMBER_Daily_Scraping.py
[2025-11-19T06:42:31.432+0000] {processor.py:914} INFO - Processing file /opt/airflow/dags/AMBER_Daily_Scraping.py for tasks to queue
[2025-11-19T06:42:31.434+0000] {logging_mixin.py:190} INFO - [2025-11-19T06:42:31.434+0000] {dagbag.py:588} INFO - Filling up the DagBag from /opt/airflow/dags/AMBER_Daily_Scraping.py
[2025-11-19T06:42:31.462+0000] {processor.py:925} INFO - DAG(s) 'AMBER_Daily_Scraping' retrieved from /opt/airflow/dags/AMBER_Daily_Scraping.py
[2025-11-19T06:42:31.480+0000] {logging_mixin.py:190} INFO - [2025-11-19T06:42:31.480+0000] {dag.py:3239} INFO - Sync 1 DAGs
[2025-11-19T06:42:31.490+0000] {logging_mixin.py:190} INFO - [2025-11-19T06:42:31.490+0000] {dag.py:4180} INFO - Setting next_dagrun for AMBER_Daily_Scraping to None, run_after=None
[2025-11-19T06:42:31.524+0000] {processor.py:208} INFO - Processing /opt/airflow/dags/AMBER_Daily_Scraping.py took 0.098 seconds
[2025-11-19T06:43:01.754+0000] {processor.py:186} INFO - Started process (PID=209) to work on /opt/airflow/dags/AMBER_Daily_Scraping.py
[2025-11-19T06:43:01.755+0000] {processor.py:914} INFO - Processing file /opt/airflow/dags/AMBER_Daily_Scraping.py for tasks to queue
[2025-11-19T06:43:01.757+0000] {logging_mixin.py:190} INFO - [2025-11-19T06:43:01.756+0000] {dagbag.py:588} INFO - Filling up the DagBag from /opt/airflow/dags/AMBER_Daily_Scraping.py
[2025-11-19T06:43:01.776+0000] {processor.py:925} INFO - DAG(s) 'AMBER_Daily_Scraping' retrieved from /opt/airflow/dags/AMBER_Daily_Scraping.py
[2025-11-19T06:43:01.791+0000] {logging_mixin.py:190} INFO - [2025-11-19T06:43:01.791+0000] {dag.py:3239} INFO - Sync 1 DAGs
[2025-11-19T06:43:01.800+0000] {logging_mixin.py:190} INFO - [2025-11-19T06:43:01.800+0000] {dag.py:4180} INFO - Setting next_dagrun for AMBER_Daily_Scraping to None, run_after=None
[2025-11-19T06:43:01.834+0000] {processor.py:208} INFO - Processing /opt/airflow/dags/AMBER_Daily_Scraping.py took 0.085 seconds
[2025-11-19T06:43:32.128+0000] {processor.py:186} INFO - Started process (PID=213) to work on /opt/airflow/dags/AMBER_Daily_Scraping.py
[2025-11-19T06:43:32.129+0000] {processor.py:914} INFO - Processing file /opt/airflow/dags/AMBER_Daily_Scraping.py for tasks to queue
[2025-11-19T06:43:32.131+0000] {logging_mixin.py:190} INFO - [2025-11-19T06:43:32.131+0000] {dagbag.py:588} INFO - Filling up the DagBag from /opt/airflow/dags/AMBER_Daily_Scraping.py
[2025-11-19T06:43:32.150+0000] {processor.py:925} INFO - DAG(s) 'AMBER_Daily_Scraping' retrieved from /opt/airflow/dags/AMBER_Daily_Scraping.py
[2025-11-19T06:43:32.166+0000] {logging_mixin.py:190} INFO - [2025-11-19T06:43:32.166+0000] {dag.py:3239} INFO - Sync 1 DAGs
[2025-11-19T06:43:32.176+0000] {logging_mixin.py:190} INFO - [2025-11-19T06:43:32.176+0000] {dag.py:4180} INFO - Setting next_dagrun for AMBER_Daily_Scraping to None, run_after=None
[2025-11-19T06:43:32.239+0000] {processor.py:208} INFO - Processing /opt/airflow/dags/AMBER_Daily_Scraping.py took 0.116 seconds
[2025-11-19T06:44:02.483+0000] {processor.py:186} INFO - Started process (PID=214) to work on /opt/airflow/dags/AMBER_Daily_Scraping.py
[2025-11-19T06:44:02.485+0000] {processor.py:914} INFO - Processing file /opt/airflow/dags/AMBER_Daily_Scraping.py for tasks to queue
[2025-11-19T06:44:02.487+0000] {logging_mixin.py:190} INFO - [2025-11-19T06:44:02.487+0000] {dagbag.py:588} INFO - Filling up the DagBag from /opt/airflow/dags/AMBER_Daily_Scraping.py
[2025-11-19T06:44:02.510+0000] {processor.py:925} INFO - DAG(s) 'AMBER_Daily_Scraping' retrieved from /opt/airflow/dags/AMBER_Daily_Scraping.py
[2025-11-19T06:44:02.527+0000] {logging_mixin.py:190} INFO - [2025-11-19T06:44:02.526+0000] {dag.py:3239} INFO - Sync 1 DAGs
[2025-11-19T06:44:02.537+0000] {logging_mixin.py:190} INFO - [2025-11-19T06:44:02.537+0000] {dag.py:4180} INFO - Setting next_dagrun for AMBER_Daily_Scraping to None, run_after=None
[2025-11-19T06:44:02.574+0000] {processor.py:208} INFO - Processing /opt/airflow/dags/AMBER_Daily_Scraping.py took 0.094 seconds
[2025-11-19T06:44:32.811+0000] {processor.py:186} INFO - Started process (PID=215) to work on /opt/airflow/dags/AMBER_Daily_Scraping.py
[2025-11-19T06:44:32.812+0000] {processor.py:914} INFO - Processing file /opt/airflow/dags/AMBER_Daily_Scraping.py for tasks to queue
[2025-11-19T06:44:32.814+0000] {logging_mixin.py:190} INFO - [2025-11-19T06:44:32.814+0000] {dagbag.py:588} INFO - Filling up the DagBag from /opt/airflow/dags/AMBER_Daily_Scraping.py
[2025-11-19T06:44:32.839+0000] {processor.py:925} INFO - DAG(s) 'AMBER_Daily_Scraping' retrieved from /opt/airflow/dags/AMBER_Daily_Scraping.py
[2025-11-19T06:44:32.857+0000] {logging_mixin.py:190} INFO - [2025-11-19T06:44:32.857+0000] {dag.py:3239} INFO - Sync 1 DAGs
[2025-11-19T06:44:32.869+0000] {logging_mixin.py:190} INFO - [2025-11-19T06:44:32.868+0000] {dag.py:4180} INFO - Setting next_dagrun for AMBER_Daily_Scraping to None, run_after=None
[2025-11-19T06:44:32.904+0000] {processor.py:208} INFO - Processing /opt/airflow/dags/AMBER_Daily_Scraping.py took 0.098 seconds
[2025-11-19T06:45:03.126+0000] {processor.py:186} INFO - Started process (PID=216) to work on /opt/airflow/dags/AMBER_Daily_Scraping.py
[2025-11-19T06:45:03.127+0000] {processor.py:914} INFO - Processing file /opt/airflow/dags/AMBER_Daily_Scraping.py for tasks to queue
[2025-11-19T06:45:03.129+0000] {logging_mixin.py:190} INFO - [2025-11-19T06:45:03.128+0000] {dagbag.py:588} INFO - Filling up the DagBag from /opt/airflow/dags/AMBER_Daily_Scraping.py
[2025-11-19T06:45:03.149+0000] {processor.py:925} INFO - DAG(s) 'AMBER_Daily_Scraping' retrieved from /opt/airflow/dags/AMBER_Daily_Scraping.py
[2025-11-19T06:45:03.166+0000] {logging_mixin.py:190} INFO - [2025-11-19T06:45:03.166+0000] {dag.py:3239} INFO - Sync 1 DAGs
[2025-11-19T06:45:03.179+0000] {logging_mixin.py:190} INFO - [2025-11-19T06:45:03.178+0000] {dag.py:4180} INFO - Setting next_dagrun for AMBER_Daily_Scraping to None, run_after=None
[2025-11-19T06:45:03.214+0000] {processor.py:208} INFO - Processing /opt/airflow/dags/AMBER_Daily_Scraping.py took 0.092 seconds
[2025-11-19T06:45:33.441+0000] {processor.py:186} INFO - Started process (PID=217) to work on /opt/airflow/dags/AMBER_Daily_Scraping.py
[2025-11-19T06:45:33.443+0000] {processor.py:914} INFO - Processing file /opt/airflow/dags/AMBER_Daily_Scraping.py for tasks to queue
[2025-11-19T06:45:33.445+0000] {logging_mixin.py:190} INFO - [2025-11-19T06:45:33.444+0000] {dagbag.py:588} INFO - Filling up the DagBag from /opt/airflow/dags/AMBER_Daily_Scraping.py
[2025-11-19T06:45:33.467+0000] {processor.py:925} INFO - DAG(s) 'AMBER_Daily_Scraping' retrieved from /opt/airflow/dags/AMBER_Daily_Scraping.py
[2025-11-19T06:45:33.482+0000] {logging_mixin.py:190} INFO - [2025-11-19T06:45:33.482+0000] {dag.py:3239} INFO - Sync 1 DAGs
[2025-11-19T06:45:33.491+0000] {logging_mixin.py:190} INFO - [2025-11-19T06:45:33.491+0000] {dag.py:4180} INFO - Setting next_dagrun for AMBER_Daily_Scraping to None, run_after=None
[2025-11-19T06:45:33.525+0000] {processor.py:208} INFO - Processing /opt/airflow/dags/AMBER_Daily_Scraping.py took 0.088 seconds
[2025-11-19T06:46:03.747+0000] {processor.py:186} INFO - Started process (PID=218) to work on /opt/airflow/dags/AMBER_Daily_Scraping.py
[2025-11-19T06:46:03.748+0000] {processor.py:914} INFO - Processing file /opt/airflow/dags/AMBER_Daily_Scraping.py for tasks to queue
[2025-11-19T06:46:03.750+0000] {logging_mixin.py:190} INFO - [2025-11-19T06:46:03.750+0000] {dagbag.py:588} INFO - Filling up the DagBag from /opt/airflow/dags/AMBER_Daily_Scraping.py
[2025-11-19T06:46:03.775+0000] {processor.py:925} INFO - DAG(s) 'AMBER_Daily_Scraping' retrieved from /opt/airflow/dags/AMBER_Daily_Scraping.py
[2025-11-19T06:46:03.791+0000] {logging_mixin.py:190} INFO - [2025-11-19T06:46:03.790+0000] {dag.py:3239} INFO - Sync 1 DAGs
[2025-11-19T06:46:03.800+0000] {logging_mixin.py:190} INFO - [2025-11-19T06:46:03.800+0000] {dag.py:4180} INFO - Setting next_dagrun for AMBER_Daily_Scraping to None, run_after=None
[2025-11-19T06:46:03.834+0000] {processor.py:208} INFO - Processing /opt/airflow/dags/AMBER_Daily_Scraping.py took 0.091 seconds
[2025-11-19T06:46:34.072+0000] {processor.py:186} INFO - Started process (PID=219) to work on /opt/airflow/dags/AMBER_Daily_Scraping.py
[2025-11-19T06:46:34.073+0000] {processor.py:914} INFO - Processing file /opt/airflow/dags/AMBER_Daily_Scraping.py for tasks to queue
[2025-11-19T06:46:34.075+0000] {logging_mixin.py:190} INFO - [2025-11-19T06:46:34.075+0000] {dagbag.py:588} INFO - Filling up the DagBag from /opt/airflow/dags/AMBER_Daily_Scraping.py
[2025-11-19T06:46:34.097+0000] {processor.py:925} INFO - DAG(s) 'AMBER_Daily_Scraping' retrieved from /opt/airflow/dags/AMBER_Daily_Scraping.py
[2025-11-19T06:46:34.116+0000] {logging_mixin.py:190} INFO - [2025-11-19T06:46:34.116+0000] {dag.py:3239} INFO - Sync 1 DAGs
[2025-11-19T06:46:34.128+0000] {logging_mixin.py:190} INFO - [2025-11-19T06:46:34.127+0000] {dag.py:4180} INFO - Setting next_dagrun for AMBER_Daily_Scraping to None, run_after=None
[2025-11-19T06:46:34.161+0000] {processor.py:208} INFO - Processing /opt/airflow/dags/AMBER_Daily_Scraping.py took 0.094 seconds
[2025-11-19T06:47:04.396+0000] {processor.py:186} INFO - Started process (PID=220) to work on /opt/airflow/dags/AMBER_Daily_Scraping.py
[2025-11-19T06:47:04.397+0000] {processor.py:914} INFO - Processing file /opt/airflow/dags/AMBER_Daily_Scraping.py for tasks to queue
[2025-11-19T06:47:04.399+0000] {logging_mixin.py:190} INFO - [2025-11-19T06:47:04.399+0000] {dagbag.py:588} INFO - Filling up the DagBag from /opt/airflow/dags/AMBER_Daily_Scraping.py
[2025-11-19T06:47:04.420+0000] {processor.py:925} INFO - DAG(s) 'AMBER_Daily_Scraping' retrieved from /opt/airflow/dags/AMBER_Daily_Scraping.py
[2025-11-19T06:47:04.439+0000] {logging_mixin.py:190} INFO - [2025-11-19T06:47:04.438+0000] {dag.py:3239} INFO - Sync 1 DAGs
[2025-11-19T06:47:04.450+0000] {logging_mixin.py:190} INFO - [2025-11-19T06:47:04.450+0000] {dag.py:4180} INFO - Setting next_dagrun for AMBER_Daily_Scraping to None, run_after=None
[2025-11-19T06:47:04.483+0000] {processor.py:208} INFO - Processing /opt/airflow/dags/AMBER_Daily_Scraping.py took 0.092 seconds
[2025-11-19T06:47:34.734+0000] {processor.py:186} INFO - Started process (PID=221) to work on /opt/airflow/dags/AMBER_Daily_Scraping.py
[2025-11-19T06:47:34.735+0000] {processor.py:914} INFO - Processing file /opt/airflow/dags/AMBER_Daily_Scraping.py for tasks to queue
[2025-11-19T06:47:34.738+0000] {logging_mixin.py:190} INFO - [2025-11-19T06:47:34.737+0000] {dagbag.py:588} INFO - Filling up the DagBag from /opt/airflow/dags/AMBER_Daily_Scraping.py
[2025-11-19T06:47:34.764+0000] {processor.py:925} INFO - DAG(s) 'AMBER_Daily_Scraping' retrieved from /opt/airflow/dags/AMBER_Daily_Scraping.py
[2025-11-19T06:47:34.785+0000] {logging_mixin.py:190} INFO - [2025-11-19T06:47:34.785+0000] {dag.py:3239} INFO - Sync 1 DAGs
[2025-11-19T06:47:34.797+0000] {logging_mixin.py:190} INFO - [2025-11-19T06:47:34.796+0000] {dag.py:4180} INFO - Setting next_dagrun for AMBER_Daily_Scraping to None, run_after=None
[2025-11-19T06:47:34.830+0000] {processor.py:208} INFO - Processing /opt/airflow/dags/AMBER_Daily_Scraping.py took 0.101 seconds
[2025-11-19T06:48:05.065+0000] {processor.py:186} INFO - Started process (PID=222) to work on /opt/airflow/dags/AMBER_Daily_Scraping.py
[2025-11-19T06:48:05.066+0000] {processor.py:914} INFO - Processing file /opt/airflow/dags/AMBER_Daily_Scraping.py for tasks to queue
[2025-11-19T06:48:05.068+0000] {logging_mixin.py:190} INFO - [2025-11-19T06:48:05.068+0000] {dagbag.py:588} INFO - Filling up the DagBag from /opt/airflow/dags/AMBER_Daily_Scraping.py
[2025-11-19T06:48:05.090+0000] {processor.py:925} INFO - DAG(s) 'AMBER_Daily_Scraping' retrieved from /opt/airflow/dags/AMBER_Daily_Scraping.py
[2025-11-19T06:48:05.110+0000] {logging_mixin.py:190} INFO - [2025-11-19T06:48:05.110+0000] {dag.py:3239} INFO - Sync 1 DAGs
[2025-11-19T06:48:05.122+0000] {logging_mixin.py:190} INFO - [2025-11-19T06:48:05.122+0000] {dag.py:4180} INFO - Setting next_dagrun for AMBER_Daily_Scraping to None, run_after=None
[2025-11-19T06:48:05.154+0000] {processor.py:208} INFO - Processing /opt/airflow/dags/AMBER_Daily_Scraping.py took 0.094 seconds
[2025-11-19T06:48:35.371+0000] {processor.py:186} INFO - Started process (PID=223) to work on /opt/airflow/dags/AMBER_Daily_Scraping.py
[2025-11-19T06:48:35.373+0000] {processor.py:914} INFO - Processing file /opt/airflow/dags/AMBER_Daily_Scraping.py for tasks to queue
[2025-11-19T06:48:35.376+0000] {logging_mixin.py:190} INFO - [2025-11-19T06:48:35.375+0000] {dagbag.py:588} INFO - Filling up the DagBag from /opt/airflow/dags/AMBER_Daily_Scraping.py
[2025-11-19T06:48:35.401+0000] {processor.py:925} INFO - DAG(s) 'AMBER_Daily_Scraping' retrieved from /opt/airflow/dags/AMBER_Daily_Scraping.py
[2025-11-19T06:48:35.423+0000] {logging_mixin.py:190} INFO - [2025-11-19T06:48:35.422+0000] {dag.py:3239} INFO - Sync 1 DAGs
[2025-11-19T06:48:35.434+0000] {logging_mixin.py:190} INFO - [2025-11-19T06:48:35.434+0000] {dag.py:4180} INFO - Setting next_dagrun for AMBER_Daily_Scraping to None, run_after=None
[2025-11-19T06:48:35.467+0000] {processor.py:208} INFO - Processing /opt/airflow/dags/AMBER_Daily_Scraping.py took 0.101 seconds
[2025-11-19T06:49:05.680+0000] {processor.py:186} INFO - Started process (PID=224) to work on /opt/airflow/dags/AMBER_Daily_Scraping.py
[2025-11-19T06:49:05.681+0000] {processor.py:914} INFO - Processing file /opt/airflow/dags/AMBER_Daily_Scraping.py for tasks to queue
[2025-11-19T06:49:05.684+0000] {logging_mixin.py:190} INFO - [2025-11-19T06:49:05.683+0000] {dagbag.py:588} INFO - Filling up the DagBag from /opt/airflow/dags/AMBER_Daily_Scraping.py
[2025-11-19T06:49:05.710+0000] {processor.py:925} INFO - DAG(s) 'AMBER_Daily_Scraping' retrieved from /opt/airflow/dags/AMBER_Daily_Scraping.py
[2025-11-19T06:49:05.731+0000] {logging_mixin.py:190} INFO - [2025-11-19T06:49:05.730+0000] {dag.py:3239} INFO - Sync 1 DAGs
[2025-11-19T06:49:05.742+0000] {logging_mixin.py:190} INFO - [2025-11-19T06:49:05.742+0000] {dag.py:4180} INFO - Setting next_dagrun for AMBER_Daily_Scraping to None, run_after=None
[2025-11-19T06:49:05.776+0000] {processor.py:208} INFO - Processing /opt/airflow/dags/AMBER_Daily_Scraping.py took 0.100 seconds
[2025-11-19T06:49:35.984+0000] {processor.py:186} INFO - Started process (PID=225) to work on /opt/airflow/dags/AMBER_Daily_Scraping.py
[2025-11-19T06:49:35.985+0000] {processor.py:914} INFO - Processing file /opt/airflow/dags/AMBER_Daily_Scraping.py for tasks to queue
[2025-11-19T06:49:35.987+0000] {logging_mixin.py:190} INFO - [2025-11-19T06:49:35.987+0000] {dagbag.py:588} INFO - Filling up the DagBag from /opt/airflow/dags/AMBER_Daily_Scraping.py
[2025-11-19T06:49:36.015+0000] {processor.py:925} INFO - DAG(s) 'AMBER_Daily_Scraping' retrieved from /opt/airflow/dags/AMBER_Daily_Scraping.py
[2025-11-19T06:49:36.035+0000] {logging_mixin.py:190} INFO - [2025-11-19T06:49:36.034+0000] {dag.py:3239} INFO - Sync 1 DAGs
[2025-11-19T06:49:36.045+0000] {logging_mixin.py:190} INFO - [2025-11-19T06:49:36.045+0000] {dag.py:4180} INFO - Setting next_dagrun for AMBER_Daily_Scraping to None, run_after=None
[2025-11-19T06:49:36.083+0000] {processor.py:208} INFO - Processing /opt/airflow/dags/AMBER_Daily_Scraping.py took 0.104 seconds
[2025-11-19T06:50:06.306+0000] {processor.py:186} INFO - Started process (PID=226) to work on /opt/airflow/dags/AMBER_Daily_Scraping.py
[2025-11-19T06:50:06.307+0000] {processor.py:914} INFO - Processing file /opt/airflow/dags/AMBER_Daily_Scraping.py for tasks to queue
[2025-11-19T06:50:06.310+0000] {logging_mixin.py:190} INFO - [2025-11-19T06:50:06.309+0000] {dagbag.py:588} INFO - Filling up the DagBag from /opt/airflow/dags/AMBER_Daily_Scraping.py
[2025-11-19T06:50:06.340+0000] {processor.py:925} INFO - DAG(s) 'AMBER_Daily_Scraping' retrieved from /opt/airflow/dags/AMBER_Daily_Scraping.py
[2025-11-19T06:50:06.365+0000] {logging_mixin.py:190} INFO - [2025-11-19T06:50:06.365+0000] {dag.py:3239} INFO - Sync 1 DAGs
[2025-11-19T06:50:06.378+0000] {logging_mixin.py:190} INFO - [2025-11-19T06:50:06.378+0000] {dag.py:4180} INFO - Setting next_dagrun for AMBER_Daily_Scraping to None, run_after=None
[2025-11-19T06:50:06.408+0000] {processor.py:208} INFO - Processing /opt/airflow/dags/AMBER_Daily_Scraping.py took 0.108 seconds
[2025-11-19T06:51:18.670+0000] {processor.py:186} INFO - Started process (PID=37) to work on /opt/airflow/dags/AMBER_Daily_Scraping.py
[2025-11-19T06:51:18.672+0000] {processor.py:914} INFO - Processing file /opt/airflow/dags/AMBER_Daily_Scraping.py for tasks to queue
[2025-11-19T06:51:18.674+0000] {logging_mixin.py:190} INFO - [2025-11-19T06:51:18.674+0000] {dagbag.py:588} INFO - Filling up the DagBag from /opt/airflow/dags/AMBER_Daily_Scraping.py
[2025-11-19T06:51:18.711+0000] {processor.py:925} INFO - DAG(s) 'AMBER_Daily_Scraping' retrieved from /opt/airflow/dags/AMBER_Daily_Scraping.py
[2025-11-19T06:51:18.913+0000] {logging_mixin.py:190} INFO - [2025-11-19T06:51:18.913+0000] {dag.py:3239} INFO - Sync 1 DAGs
[2025-11-19T06:51:18.922+0000] {logging_mixin.py:190} INFO - [2025-11-19T06:51:18.922+0000] {dag.py:3262} INFO - Creating ORM DAG for AMBER_Daily_Scraping
[2025-11-19T06:51:18.923+0000] {logging_mixin.py:190} INFO - [2025-11-19T06:51:18.923+0000] {dag.py:4180} INFO - Setting next_dagrun for AMBER_Daily_Scraping to None, run_after=None
[2025-11-19T06:51:18.962+0000] {processor.py:208} INFO - Processing /opt/airflow/dags/AMBER_Daily_Scraping.py took 0.297 seconds
[2025-11-19T06:51:49.876+0000] {processor.py:186} INFO - Started process (PID=38) to work on /opt/airflow/dags/AMBER_Daily_Scraping.py
[2025-11-19T06:51:49.877+0000] {processor.py:914} INFO - Processing file /opt/airflow/dags/AMBER_Daily_Scraping.py for tasks to queue
[2025-11-19T06:51:49.880+0000] {logging_mixin.py:190} INFO - [2025-11-19T06:51:49.880+0000] {dagbag.py:588} INFO - Filling up the DagBag from /opt/airflow/dags/AMBER_Daily_Scraping.py
[2025-11-19T06:51:49.900+0000] {processor.py:925} INFO - DAG(s) 'AMBER_Daily_Scraping' retrieved from /opt/airflow/dags/AMBER_Daily_Scraping.py
[2025-11-19T06:51:49.919+0000] {logging_mixin.py:190} INFO - [2025-11-19T06:51:49.919+0000] {dag.py:3239} INFO - Sync 1 DAGs
[2025-11-19T06:51:49.929+0000] {logging_mixin.py:190} INFO - [2025-11-19T06:51:49.928+0000] {dag.py:4180} INFO - Setting next_dagrun for AMBER_Daily_Scraping to None, run_after=None
[2025-11-19T06:51:49.968+0000] {processor.py:208} INFO - Processing /opt/airflow/dags/AMBER_Daily_Scraping.py took 0.097 seconds
[2025-11-19T06:52:20.212+0000] {processor.py:186} INFO - Started process (PID=47) to work on /opt/airflow/dags/AMBER_Daily_Scraping.py
[2025-11-19T06:52:20.213+0000] {processor.py:914} INFO - Processing file /opt/airflow/dags/AMBER_Daily_Scraping.py for tasks to queue
[2025-11-19T06:52:20.216+0000] {logging_mixin.py:190} INFO - [2025-11-19T06:52:20.215+0000] {dagbag.py:588} INFO - Filling up the DagBag from /opt/airflow/dags/AMBER_Daily_Scraping.py
[2025-11-19T06:52:20.241+0000] {processor.py:925} INFO - DAG(s) 'AMBER_Daily_Scraping' retrieved from /opt/airflow/dags/AMBER_Daily_Scraping.py
[2025-11-19T06:52:20.269+0000] {logging_mixin.py:190} INFO - [2025-11-19T06:52:20.269+0000] {dag.py:3239} INFO - Sync 1 DAGs
[2025-11-19T06:52:20.282+0000] {logging_mixin.py:190} INFO - [2025-11-19T06:52:20.282+0000] {dag.py:4180} INFO - Setting next_dagrun for AMBER_Daily_Scraping to None, run_after=None
[2025-11-19T06:52:20.316+0000] {processor.py:208} INFO - Processing /opt/airflow/dags/AMBER_Daily_Scraping.py took 0.113 seconds
[2025-11-19T06:52:50.534+0000] {processor.py:186} INFO - Started process (PID=48) to work on /opt/airflow/dags/AMBER_Daily_Scraping.py
[2025-11-19T06:52:50.535+0000] {processor.py:914} INFO - Processing file /opt/airflow/dags/AMBER_Daily_Scraping.py for tasks to queue
[2025-11-19T06:52:50.538+0000] {logging_mixin.py:190} INFO - [2025-11-19T06:52:50.537+0000] {dagbag.py:588} INFO - Filling up the DagBag from /opt/airflow/dags/AMBER_Daily_Scraping.py
[2025-11-19T06:52:50.557+0000] {processor.py:925} INFO - DAG(s) 'AMBER_Daily_Scraping' retrieved from /opt/airflow/dags/AMBER_Daily_Scraping.py
[2025-11-19T06:52:50.576+0000] {logging_mixin.py:190} INFO - [2025-11-19T06:52:50.575+0000] {dag.py:3239} INFO - Sync 1 DAGs
[2025-11-19T06:52:50.585+0000] {logging_mixin.py:190} INFO - [2025-11-19T06:52:50.585+0000] {dag.py:4180} INFO - Setting next_dagrun for AMBER_Daily_Scraping to None, run_after=None
[2025-11-19T06:52:50.620+0000] {processor.py:208} INFO - Processing /opt/airflow/dags/AMBER_Daily_Scraping.py took 0.090 seconds
[2025-11-19T06:53:20.848+0000] {processor.py:186} INFO - Started process (PID=100) to work on /opt/airflow/dags/AMBER_Daily_Scraping.py
[2025-11-19T06:53:20.849+0000] {processor.py:914} INFO - Processing file /opt/airflow/dags/AMBER_Daily_Scraping.py for tasks to queue
[2025-11-19T06:53:20.852+0000] {logging_mixin.py:190} INFO - [2025-11-19T06:53:20.851+0000] {dagbag.py:588} INFO - Filling up the DagBag from /opt/airflow/dags/AMBER_Daily_Scraping.py
[2025-11-19T06:53:20.887+0000] {processor.py:925} INFO - DAG(s) 'AMBER_Daily_Scraping' retrieved from /opt/airflow/dags/AMBER_Daily_Scraping.py
[2025-11-19T06:53:20.908+0000] {logging_mixin.py:190} INFO - [2025-11-19T06:53:20.908+0000] {dag.py:3239} INFO - Sync 1 DAGs
[2025-11-19T06:53:20.919+0000] {logging_mixin.py:190} INFO - [2025-11-19T06:53:20.919+0000] {dag.py:4180} INFO - Setting next_dagrun for AMBER_Daily_Scraping to None, run_after=None
[2025-11-19T06:53:20.961+0000] {processor.py:208} INFO - Processing /opt/airflow/dags/AMBER_Daily_Scraping.py took 0.118 seconds
[2025-11-19T06:53:51.155+0000] {processor.py:186} INFO - Started process (PID=101) to work on /opt/airflow/dags/AMBER_Daily_Scraping.py
[2025-11-19T06:53:51.156+0000] {processor.py:914} INFO - Processing file /opt/airflow/dags/AMBER_Daily_Scraping.py for tasks to queue
[2025-11-19T06:53:51.159+0000] {logging_mixin.py:190} INFO - [2025-11-19T06:53:51.159+0000] {dagbag.py:588} INFO - Filling up the DagBag from /opt/airflow/dags/AMBER_Daily_Scraping.py
[2025-11-19T06:53:51.190+0000] {processor.py:925} INFO - DAG(s) 'AMBER_Daily_Scraping' retrieved from /opt/airflow/dags/AMBER_Daily_Scraping.py
[2025-11-19T06:53:51.211+0000] {logging_mixin.py:190} INFO - [2025-11-19T06:53:51.211+0000] {dag.py:3239} INFO - Sync 1 DAGs
[2025-11-19T06:53:51.223+0000] {logging_mixin.py:190} INFO - [2025-11-19T06:53:51.222+0000] {dag.py:4180} INFO - Setting next_dagrun for AMBER_Daily_Scraping to None, run_after=None
[2025-11-19T06:53:51.263+0000] {processor.py:208} INFO - Processing /opt/airflow/dags/AMBER_Daily_Scraping.py took 0.116 seconds
[2025-11-19T06:54:12.654+0000] {processor.py:186} INFO - Started process (PID=37) to work on /opt/airflow/dags/AMBER_Daily_Scraping.py
[2025-11-19T06:54:12.655+0000] {processor.py:914} INFO - Processing file /opt/airflow/dags/AMBER_Daily_Scraping.py for tasks to queue
[2025-11-19T06:54:12.658+0000] {logging_mixin.py:190} INFO - [2025-11-19T06:54:12.658+0000] {dagbag.py:588} INFO - Filling up the DagBag from /opt/airflow/dags/AMBER_Daily_Scraping.py
[2025-11-19T06:54:12.684+0000] {processor.py:925} INFO - DAG(s) 'AMBER_Daily_Scraping' retrieved from /opt/airflow/dags/AMBER_Daily_Scraping.py
[2025-11-19T06:54:12.706+0000] {logging_mixin.py:190} INFO - [2025-11-19T06:54:12.706+0000] {dag.py:3239} INFO - Sync 1 DAGs
[2025-11-19T06:54:12.716+0000] {logging_mixin.py:190} INFO - [2025-11-19T06:54:12.715+0000] {dag.py:4180} INFO - Setting next_dagrun for AMBER_Daily_Scraping to None, run_after=None
[2025-11-19T06:54:12.758+0000] {processor.py:208} INFO - Processing /opt/airflow/dags/AMBER_Daily_Scraping.py took 0.109 seconds
[2025-11-19T06:54:43.844+0000] {processor.py:186} INFO - Started process (PID=38) to work on /opt/airflow/dags/AMBER_Daily_Scraping.py
[2025-11-19T06:54:43.845+0000] {processor.py:914} INFO - Processing file /opt/airflow/dags/AMBER_Daily_Scraping.py for tasks to queue
[2025-11-19T06:54:43.851+0000] {logging_mixin.py:190} INFO - [2025-11-19T06:54:43.850+0000] {dagbag.py:588} INFO - Filling up the DagBag from /opt/airflow/dags/AMBER_Daily_Scraping.py
[2025-11-19T06:54:43.878+0000] {processor.py:925} INFO - DAG(s) 'AMBER_Daily_Scraping' retrieved from /opt/airflow/dags/AMBER_Daily_Scraping.py
[2025-11-19T06:54:43.896+0000] {logging_mixin.py:190} INFO - [2025-11-19T06:54:43.895+0000] {dag.py:3239} INFO - Sync 1 DAGs
[2025-11-19T06:54:43.905+0000] {logging_mixin.py:190} INFO - [2025-11-19T06:54:43.905+0000] {dag.py:4180} INFO - Setting next_dagrun for AMBER_Daily_Scraping to None, run_after=None
[2025-11-19T06:54:43.939+0000] {processor.py:208} INFO - Processing /opt/airflow/dags/AMBER_Daily_Scraping.py took 0.100 seconds
[2025-11-19T06:55:14.152+0000] {processor.py:186} INFO - Started process (PID=39) to work on /opt/airflow/dags/AMBER_Daily_Scraping.py
[2025-11-19T06:55:14.153+0000] {processor.py:914} INFO - Processing file /opt/airflow/dags/AMBER_Daily_Scraping.py for tasks to queue
[2025-11-19T06:55:14.155+0000] {logging_mixin.py:190} INFO - [2025-11-19T06:55:14.155+0000] {dagbag.py:588} INFO - Filling up the DagBag from /opt/airflow/dags/AMBER_Daily_Scraping.py
[2025-11-19T06:55:14.177+0000] {processor.py:925} INFO - DAG(s) 'AMBER_Daily_Scraping' retrieved from /opt/airflow/dags/AMBER_Daily_Scraping.py
[2025-11-19T06:55:14.196+0000] {logging_mixin.py:190} INFO - [2025-11-19T06:55:14.196+0000] {dag.py:3239} INFO - Sync 1 DAGs
[2025-11-19T06:55:14.206+0000] {logging_mixin.py:190} INFO - [2025-11-19T06:55:14.206+0000] {dag.py:4180} INFO - Setting next_dagrun for AMBER_Daily_Scraping to None, run_after=None
[2025-11-19T06:55:14.237+0000] {processor.py:208} INFO - Processing /opt/airflow/dags/AMBER_Daily_Scraping.py took 0.090 seconds
[2025-11-19T07:24:35.152+0000] {processor.py:186} INFO - Started process (PID=76) to work on /opt/airflow/dags/AMBER_Daily_Scraping.py
[2025-11-19T07:24:35.153+0000] {processor.py:914} INFO - Processing file /opt/airflow/dags/AMBER_Daily_Scraping.py for tasks to queue
[2025-11-19T07:24:35.154+0000] {logging_mixin.py:190} INFO - [2025-11-19T07:24:35.154+0000] {dagbag.py:588} INFO - Filling up the DagBag from /opt/airflow/dags/AMBER_Daily_Scraping.py
[2025-11-19T07:24:35.170+0000] {processor.py:925} INFO - DAG(s) 'AMBER_Daily_Scraping' retrieved from /opt/airflow/dags/AMBER_Daily_Scraping.py
[2025-11-19T07:24:35.197+0000] {logging_mixin.py:190} INFO - [2025-11-19T07:24:35.197+0000] {dag.py:3239} INFO - Sync 1 DAGs
[2025-11-19T07:24:35.208+0000] {logging_mixin.py:190} INFO - [2025-11-19T07:24:35.208+0000] {dag.py:4180} INFO - Setting next_dagrun for AMBER_Daily_Scraping to None, run_after=None
[2025-11-19T07:24:35.238+0000] {processor.py:208} INFO - Processing /opt/airflow/dags/AMBER_Daily_Scraping.py took 0.091 seconds
[2025-11-19T07:25:08.053+0000] {processor.py:186} INFO - Started process (PID=100) to work on /opt/airflow/dags/AMBER_Daily_Scraping.py
[2025-11-19T07:25:08.054+0000] {processor.py:914} INFO - Processing file /opt/airflow/dags/AMBER_Daily_Scraping.py for tasks to queue
[2025-11-19T07:25:08.055+0000] {logging_mixin.py:190} INFO - [2025-11-19T07:25:08.055+0000] {dagbag.py:588} INFO - Filling up the DagBag from /opt/airflow/dags/AMBER_Daily_Scraping.py
[2025-11-19T07:25:08.077+0000] {processor.py:925} INFO - DAG(s) 'AMBER_Daily_Scraping' retrieved from /opt/airflow/dags/AMBER_Daily_Scraping.py
[2025-11-19T07:25:08.096+0000] {logging_mixin.py:190} INFO - [2025-11-19T07:25:08.096+0000] {dag.py:3239} INFO - Sync 1 DAGs
[2025-11-19T07:25:08.105+0000] {logging_mixin.py:190} INFO - [2025-11-19T07:25:08.105+0000] {dag.py:4180} INFO - Setting next_dagrun for AMBER_Daily_Scraping to None, run_after=None
[2025-11-19T07:25:08.134+0000] {processor.py:208} INFO - Processing /opt/airflow/dags/AMBER_Daily_Scraping.py took 0.086 seconds
[2025-11-19T07:26:21.701+0000] {processor.py:186} INFO - Started process (PID=125) to work on /opt/airflow/dags/AMBER_Daily_Scraping.py
[2025-11-19T07:26:21.702+0000] {processor.py:914} INFO - Processing file /opt/airflow/dags/AMBER_Daily_Scraping.py for tasks to queue
[2025-11-19T07:26:21.704+0000] {logging_mixin.py:190} INFO - [2025-11-19T07:26:21.703+0000] {dagbag.py:588} INFO - Filling up the DagBag from /opt/airflow/dags/AMBER_Daily_Scraping.py
[2025-11-19T07:26:21.724+0000] {processor.py:925} INFO - DAG(s) 'AMBER_Daily_Scraping' retrieved from /opt/airflow/dags/AMBER_Daily_Scraping.py
[2025-11-19T07:26:21.742+0000] {logging_mixin.py:190} INFO - [2025-11-19T07:26:21.742+0000] {dag.py:3239} INFO - Sync 1 DAGs
[2025-11-19T07:26:21.751+0000] {logging_mixin.py:190} INFO - [2025-11-19T07:26:21.751+0000] {dag.py:4180} INFO - Setting next_dagrun for AMBER_Daily_Scraping to None, run_after=None
[2025-11-19T07:26:21.785+0000] {processor.py:208} INFO - Processing /opt/airflow/dags/AMBER_Daily_Scraping.py took 0.089 seconds
[2025-11-19T07:27:46.935+0000] {processor.py:186} INFO - Started process (PID=150) to work on /opt/airflow/dags/AMBER_Daily_Scraping.py
[2025-11-19T07:27:46.936+0000] {processor.py:914} INFO - Processing file /opt/airflow/dags/AMBER_Daily_Scraping.py for tasks to queue
[2025-11-19T07:27:46.938+0000] {logging_mixin.py:190} INFO - [2025-11-19T07:27:46.937+0000] {dagbag.py:588} INFO - Filling up the DagBag from /opt/airflow/dags/AMBER_Daily_Scraping.py
[2025-11-19T07:27:46.961+0000] {processor.py:925} INFO - DAG(s) 'AMBER_Daily_Scraping' retrieved from /opt/airflow/dags/AMBER_Daily_Scraping.py
[2025-11-19T07:27:46.990+0000] {logging_mixin.py:190} INFO - [2025-11-19T07:27:46.990+0000] {dag.py:3239} INFO - Sync 1 DAGs
[2025-11-19T07:27:47.004+0000] {logging_mixin.py:190} INFO - [2025-11-19T07:27:47.004+0000] {dag.py:4180} INFO - Setting next_dagrun for AMBER_Daily_Scraping to None, run_after=None
[2025-11-19T07:27:47.034+0000] {processor.py:208} INFO - Processing /opt/airflow/dags/AMBER_Daily_Scraping.py took 0.104 seconds
[2025-11-19T07:28:17.986+0000] {processor.py:186} INFO - Started process (PID=283) to work on /opt/airflow/dags/AMBER_Daily_Scraping.py
[2025-11-19T07:28:17.988+0000] {processor.py:914} INFO - Processing file /opt/airflow/dags/AMBER_Daily_Scraping.py for tasks to queue
[2025-11-19T07:28:17.991+0000] {logging_mixin.py:190} INFO - [2025-11-19T07:28:17.991+0000] {dagbag.py:588} INFO - Filling up the DagBag from /opt/airflow/dags/AMBER_Daily_Scraping.py
[2025-11-19T07:28:18.013+0000] {processor.py:925} INFO - DAG(s) 'AMBER_Daily_Scraping' retrieved from /opt/airflow/dags/AMBER_Daily_Scraping.py
[2025-11-19T07:28:18.035+0000] {logging_mixin.py:190} INFO - [2025-11-19T07:28:18.035+0000] {dag.py:3239} INFO - Sync 1 DAGs
[2025-11-19T07:28:18.047+0000] {logging_mixin.py:190} INFO - [2025-11-19T07:28:18.047+0000] {dag.py:4180} INFO - Setting next_dagrun for AMBER_Daily_Scraping to None, run_after=None
[2025-11-19T07:28:18.077+0000] {processor.py:208} INFO - Processing /opt/airflow/dags/AMBER_Daily_Scraping.py took 0.097 seconds
[2025-11-19T07:28:48.816+0000] {processor.py:186} INFO - Started process (PID=284) to work on /opt/airflow/dags/AMBER_Daily_Scraping.py
[2025-11-19T07:28:48.818+0000] {processor.py:914} INFO - Processing file /opt/airflow/dags/AMBER_Daily_Scraping.py for tasks to queue
[2025-11-19T07:28:48.819+0000] {logging_mixin.py:190} INFO - [2025-11-19T07:28:48.819+0000] {dagbag.py:588} INFO - Filling up the DagBag from /opt/airflow/dags/AMBER_Daily_Scraping.py
[2025-11-19T07:28:48.837+0000] {processor.py:925} INFO - DAG(s) 'AMBER_Daily_Scraping' retrieved from /opt/airflow/dags/AMBER_Daily_Scraping.py
[2025-11-19T07:28:48.862+0000] {logging_mixin.py:190} INFO - [2025-11-19T07:28:48.862+0000] {dag.py:3239} INFO - Sync 1 DAGs
[2025-11-19T07:28:48.873+0000] {logging_mixin.py:190} INFO - [2025-11-19T07:28:48.872+0000] {dag.py:4180} INFO - Setting next_dagrun for AMBER_Daily_Scraping to None, run_after=None
[2025-11-19T07:28:48.902+0000] {processor.py:208} INFO - Processing /opt/airflow/dags/AMBER_Daily_Scraping.py took 0.091 seconds
[2025-11-19T07:29:19.655+0000] {processor.py:186} INFO - Started process (PID=285) to work on /opt/airflow/dags/AMBER_Daily_Scraping.py
[2025-11-19T07:29:19.656+0000] {processor.py:914} INFO - Processing file /opt/airflow/dags/AMBER_Daily_Scraping.py for tasks to queue
[2025-11-19T07:29:19.658+0000] {logging_mixin.py:190} INFO - [2025-11-19T07:29:19.658+0000] {dagbag.py:588} INFO - Filling up the DagBag from /opt/airflow/dags/AMBER_Daily_Scraping.py
[2025-11-19T07:29:19.674+0000] {processor.py:925} INFO - DAG(s) 'AMBER_Daily_Scraping' retrieved from /opt/airflow/dags/AMBER_Daily_Scraping.py
[2025-11-19T07:29:19.693+0000] {logging_mixin.py:190} INFO - [2025-11-19T07:29:19.693+0000] {dag.py:3239} INFO - Sync 1 DAGs
[2025-11-19T07:29:19.701+0000] {logging_mixin.py:190} INFO - [2025-11-19T07:29:19.701+0000] {dag.py:4180} INFO - Setting next_dagrun for AMBER_Daily_Scraping to None, run_after=None
[2025-11-19T07:29:19.734+0000] {processor.py:208} INFO - Processing /opt/airflow/dags/AMBER_Daily_Scraping.py took 0.083 seconds
[2025-11-19T07:29:49.863+0000] {processor.py:186} INFO - Started process (PID=286) to work on /opt/airflow/dags/AMBER_Daily_Scraping.py
[2025-11-19T07:29:49.864+0000] {processor.py:914} INFO - Processing file /opt/airflow/dags/AMBER_Daily_Scraping.py for tasks to queue
[2025-11-19T07:29:49.866+0000] {logging_mixin.py:190} INFO - [2025-11-19T07:29:49.865+0000] {dagbag.py:588} INFO - Filling up the DagBag from /opt/airflow/dags/AMBER_Daily_Scraping.py
[2025-11-19T07:29:49.881+0000] {processor.py:925} INFO - DAG(s) 'AMBER_Daily_Scraping' retrieved from /opt/airflow/dags/AMBER_Daily_Scraping.py
[2025-11-19T07:29:49.898+0000] {logging_mixin.py:190} INFO - [2025-11-19T07:29:49.897+0000] {dag.py:3239} INFO - Sync 1 DAGs
[2025-11-19T07:29:49.906+0000] {logging_mixin.py:190} INFO - [2025-11-19T07:29:49.906+0000] {dag.py:4180} INFO - Setting next_dagrun for AMBER_Daily_Scraping to None, run_after=None
[2025-11-19T07:29:49.937+0000] {processor.py:208} INFO - Processing /opt/airflow/dags/AMBER_Daily_Scraping.py took 0.079 seconds
[2025-11-19T07:30:20.220+0000] {processor.py:186} INFO - Started process (PID=287) to work on /opt/airflow/dags/AMBER_Daily_Scraping.py
[2025-11-19T07:30:20.221+0000] {processor.py:914} INFO - Processing file /opt/airflow/dags/AMBER_Daily_Scraping.py for tasks to queue
[2025-11-19T07:30:20.222+0000] {logging_mixin.py:190} INFO - [2025-11-19T07:30:20.222+0000] {dagbag.py:588} INFO - Filling up the DagBag from /opt/airflow/dags/AMBER_Daily_Scraping.py
[2025-11-19T07:30:20.239+0000] {processor.py:925} INFO - DAG(s) 'AMBER_Daily_Scraping' retrieved from /opt/airflow/dags/AMBER_Daily_Scraping.py
[2025-11-19T07:30:20.258+0000] {logging_mixin.py:190} INFO - [2025-11-19T07:30:20.258+0000] {dag.py:3239} INFO - Sync 1 DAGs
[2025-11-19T07:30:20.267+0000] {logging_mixin.py:190} INFO - [2025-11-19T07:30:20.267+0000] {dag.py:4180} INFO - Setting next_dagrun for AMBER_Daily_Scraping to None, run_after=None
[2025-11-19T07:30:20.303+0000] {processor.py:208} INFO - Processing /opt/airflow/dags/AMBER_Daily_Scraping.py took 0.088 seconds
[2025-11-19T07:30:50.526+0000] {processor.py:186} INFO - Started process (PID=288) to work on /opt/airflow/dags/AMBER_Daily_Scraping.py
[2025-11-19T07:30:50.527+0000] {processor.py:914} INFO - Processing file /opt/airflow/dags/AMBER_Daily_Scraping.py for tasks to queue
[2025-11-19T07:30:50.528+0000] {logging_mixin.py:190} INFO - [2025-11-19T07:30:50.528+0000] {dagbag.py:588} INFO - Filling up the DagBag from /opt/airflow/dags/AMBER_Daily_Scraping.py
[2025-11-19T07:30:50.541+0000] {processor.py:925} INFO - DAG(s) 'AMBER_Daily_Scraping' retrieved from /opt/airflow/dags/AMBER_Daily_Scraping.py
[2025-11-19T07:30:50.557+0000] {logging_mixin.py:190} INFO - [2025-11-19T07:30:50.557+0000] {dag.py:3239} INFO - Sync 1 DAGs
[2025-11-19T07:30:50.565+0000] {logging_mixin.py:190} INFO - [2025-11-19T07:30:50.565+0000] {dag.py:4180} INFO - Setting next_dagrun for AMBER_Daily_Scraping to None, run_after=None
[2025-11-19T07:30:50.596+0000] {processor.py:208} INFO - Processing /opt/airflow/dags/AMBER_Daily_Scraping.py took 0.075 seconds
[2025-11-19T07:31:20.729+0000] {processor.py:186} INFO - Started process (PID=289) to work on /opt/airflow/dags/AMBER_Daily_Scraping.py
[2025-11-19T07:31:20.731+0000] {processor.py:914} INFO - Processing file /opt/airflow/dags/AMBER_Daily_Scraping.py for tasks to queue
[2025-11-19T07:31:20.732+0000] {logging_mixin.py:190} INFO - [2025-11-19T07:31:20.732+0000] {dagbag.py:588} INFO - Filling up the DagBag from /opt/airflow/dags/AMBER_Daily_Scraping.py
[2025-11-19T07:31:20.751+0000] {processor.py:925} INFO - DAG(s) 'AMBER_Daily_Scraping' retrieved from /opt/airflow/dags/AMBER_Daily_Scraping.py
[2025-11-19T07:31:20.771+0000] {logging_mixin.py:190} INFO - [2025-11-19T07:31:20.770+0000] {dag.py:3239} INFO - Sync 1 DAGs
[2025-11-19T07:31:20.779+0000] {logging_mixin.py:190} INFO - [2025-11-19T07:31:20.779+0000] {dag.py:4180} INFO - Setting next_dagrun for AMBER_Daily_Scraping to None, run_after=None
[2025-11-19T07:31:20.811+0000] {processor.py:208} INFO - Processing /opt/airflow/dags/AMBER_Daily_Scraping.py took 0.087 seconds
[2025-11-19T07:31:51.031+0000] {processor.py:186} INFO - Started process (PID=290) to work on /opt/airflow/dags/AMBER_Daily_Scraping.py
[2025-11-19T07:31:51.032+0000] {processor.py:914} INFO - Processing file /opt/airflow/dags/AMBER_Daily_Scraping.py for tasks to queue
[2025-11-19T07:31:51.034+0000] {logging_mixin.py:190} INFO - [2025-11-19T07:31:51.033+0000] {dagbag.py:588} INFO - Filling up the DagBag from /opt/airflow/dags/AMBER_Daily_Scraping.py
[2025-11-19T07:31:51.055+0000] {processor.py:925} INFO - DAG(s) 'AMBER_Daily_Scraping' retrieved from /opt/airflow/dags/AMBER_Daily_Scraping.py
[2025-11-19T07:31:51.081+0000] {logging_mixin.py:190} INFO - [2025-11-19T07:31:51.080+0000] {dag.py:3239} INFO - Sync 1 DAGs
[2025-11-19T07:31:51.092+0000] {logging_mixin.py:190} INFO - [2025-11-19T07:31:51.091+0000] {dag.py:4180} INFO - Setting next_dagrun for AMBER_Daily_Scraping to None, run_after=None
[2025-11-19T07:31:51.126+0000] {processor.py:208} INFO - Processing /opt/airflow/dags/AMBER_Daily_Scraping.py took 0.101 seconds
