[2025-11-14T05:53:48.564+0000] {processor.py:186} INFO - Started process (PID=37) to work on /opt/airflow/dags/AMBER_Daily_Scraping.py
[2025-11-14T05:53:48.566+0000] {processor.py:914} INFO - Processing file /opt/airflow/dags/AMBER_Daily_Scraping.py for tasks to queue
[2025-11-14T05:53:48.570+0000] {logging_mixin.py:190} INFO - [2025-11-14T05:53:48.569+0000] {dagbag.py:588} INFO - Filling up the DagBag from /opt/airflow/dags/AMBER_Daily_Scraping.py
[2025-11-14T05:53:48.626+0000] {processor.py:925} INFO - DAG(s) 'AMBER_Daily_Scraping' retrieved from /opt/airflow/dags/AMBER_Daily_Scraping.py
[2025-11-14T05:53:48.674+0000] {logging_mixin.py:190} INFO - [2025-11-14T05:53:48.673+0000] {dag.py:3239} INFO - Sync 1 DAGs
[2025-11-14T05:53:48.700+0000] {logging_mixin.py:190} INFO - [2025-11-14T05:53:48.699+0000] {dag.py:4180} INFO - Setting next_dagrun for AMBER_Daily_Scraping to None, run_after=None
[2025-11-14T05:53:48.764+0000] {processor.py:208} INFO - Processing /opt/airflow/dags/AMBER_Daily_Scraping.py took 0.208 seconds
[2025-11-14T06:51:42.443+0000] {processor.py:186} INFO - Started process (PID=37) to work on /opt/airflow/dags/AMBER_Daily_Scraping.py
[2025-11-14T06:51:42.445+0000] {processor.py:914} INFO - Processing file /opt/airflow/dags/AMBER_Daily_Scraping.py for tasks to queue
[2025-11-14T06:51:42.447+0000] {logging_mixin.py:190} INFO - [2025-11-14T06:51:42.447+0000] {dagbag.py:588} INFO - Filling up the DagBag from /opt/airflow/dags/AMBER_Daily_Scraping.py
[2025-11-14T06:51:42.477+0000] {processor.py:925} INFO - DAG(s) 'AMBER_Daily_Scraping' retrieved from /opt/airflow/dags/AMBER_Daily_Scraping.py
[2025-11-14T06:51:42.706+0000] {logging_mixin.py:190} INFO - [2025-11-14T06:51:42.705+0000] {override.py:1900} INFO - Created Permission View: can delete on DAG:AMBER_Daily_Scraping
[2025-11-14T06:51:42.742+0000] {logging_mixin.py:190} INFO - [2025-11-14T06:51:42.741+0000] {override.py:1900} INFO - Created Permission View: can edit on DAG:AMBER_Daily_Scraping
[2025-11-14T06:51:42.770+0000] {logging_mixin.py:190} INFO - [2025-11-14T06:51:42.770+0000] {override.py:1900} INFO - Created Permission View: can read on DAG:AMBER_Daily_Scraping
[2025-11-14T06:51:42.823+0000] {logging_mixin.py:190} INFO - [2025-11-14T06:51:42.822+0000] {override.py:1900} INFO - Created Permission View: can delete on DAG Run:AMBER_Daily_Scraping
[2025-11-14T06:51:42.858+0000] {logging_mixin.py:190} INFO - [2025-11-14T06:51:42.857+0000] {override.py:1900} INFO - Created Permission View: menu access on DAG Run:AMBER_Daily_Scraping
[2025-11-14T06:51:42.897+0000] {logging_mixin.py:190} INFO - [2025-11-14T06:51:42.897+0000] {override.py:1900} INFO - Created Permission View: can create on DAG Run:AMBER_Daily_Scraping
[2025-11-14T06:51:42.936+0000] {logging_mixin.py:190} INFO - [2025-11-14T06:51:42.936+0000] {override.py:1900} INFO - Created Permission View: can read on DAG Run:AMBER_Daily_Scraping
[2025-11-14T06:51:42.937+0000] {logging_mixin.py:190} INFO - [2025-11-14T06:51:42.937+0000] {dag.py:3239} INFO - Sync 1 DAGs
[2025-11-14T06:51:42.948+0000] {logging_mixin.py:190} INFO - [2025-11-14T06:51:42.948+0000] {dag.py:3262} INFO - Creating ORM DAG for AMBER_Daily_Scraping
[2025-11-14T06:51:42.949+0000] {logging_mixin.py:190} INFO - [2025-11-14T06:51:42.949+0000] {dag.py:4180} INFO - Setting next_dagrun for AMBER_Daily_Scraping to None, run_after=None
[2025-11-14T06:51:42.992+0000] {processor.py:208} INFO - Processing /opt/airflow/dags/AMBER_Daily_Scraping.py took 0.554 seconds
[2025-11-14T06:52:14.060+0000] {processor.py:186} INFO - Started process (PID=38) to work on /opt/airflow/dags/AMBER_Daily_Scraping.py
[2025-11-14T06:52:14.061+0000] {processor.py:914} INFO - Processing file /opt/airflow/dags/AMBER_Daily_Scraping.py for tasks to queue
[2025-11-14T06:52:14.064+0000] {logging_mixin.py:190} INFO - [2025-11-14T06:52:14.064+0000] {dagbag.py:588} INFO - Filling up the DagBag from /opt/airflow/dags/AMBER_Daily_Scraping.py
[2025-11-14T06:52:14.093+0000] {processor.py:925} INFO - DAG(s) 'AMBER_Daily_Scraping' retrieved from /opt/airflow/dags/AMBER_Daily_Scraping.py
[2025-11-14T06:52:14.115+0000] {logging_mixin.py:190} INFO - [2025-11-14T06:52:14.114+0000] {dag.py:3239} INFO - Sync 1 DAGs
[2025-11-14T06:52:14.126+0000] {logging_mixin.py:190} INFO - [2025-11-14T06:52:14.126+0000] {dag.py:4180} INFO - Setting next_dagrun for AMBER_Daily_Scraping to None, run_after=None
[2025-11-14T06:52:14.162+0000] {processor.py:208} INFO - Processing /opt/airflow/dags/AMBER_Daily_Scraping.py took 0.108 seconds
[2025-11-14T06:52:44.370+0000] {processor.py:186} INFO - Started process (PID=39) to work on /opt/airflow/dags/AMBER_Daily_Scraping.py
[2025-11-14T06:52:44.372+0000] {processor.py:914} INFO - Processing file /opt/airflow/dags/AMBER_Daily_Scraping.py for tasks to queue
[2025-11-14T06:52:44.374+0000] {logging_mixin.py:190} INFO - [2025-11-14T06:52:44.374+0000] {dagbag.py:588} INFO - Filling up the DagBag from /opt/airflow/dags/AMBER_Daily_Scraping.py
[2025-11-14T06:52:44.406+0000] {processor.py:925} INFO - DAG(s) 'AMBER_Daily_Scraping' retrieved from /opt/airflow/dags/AMBER_Daily_Scraping.py
[2025-11-14T06:52:44.428+0000] {logging_mixin.py:190} INFO - [2025-11-14T06:52:44.427+0000] {dag.py:3239} INFO - Sync 1 DAGs
[2025-11-14T06:52:44.438+0000] {logging_mixin.py:190} INFO - [2025-11-14T06:52:44.438+0000] {dag.py:4180} INFO - Setting next_dagrun for AMBER_Daily_Scraping to None, run_after=None
[2025-11-14T06:52:44.478+0000] {processor.py:208} INFO - Processing /opt/airflow/dags/AMBER_Daily_Scraping.py took 0.113 seconds
[2025-11-14T06:53:14.629+0000] {processor.py:186} INFO - Started process (PID=40) to work on /opt/airflow/dags/AMBER_Daily_Scraping.py
[2025-11-14T06:53:14.631+0000] {processor.py:914} INFO - Processing file /opt/airflow/dags/AMBER_Daily_Scraping.py for tasks to queue
[2025-11-14T06:53:14.633+0000] {logging_mixin.py:190} INFO - [2025-11-14T06:53:14.633+0000] {dagbag.py:588} INFO - Filling up the DagBag from /opt/airflow/dags/AMBER_Daily_Scraping.py
[2025-11-14T06:53:14.655+0000] {processor.py:925} INFO - DAG(s) 'AMBER_Daily_Scraping' retrieved from /opt/airflow/dags/AMBER_Daily_Scraping.py
[2025-11-14T06:53:14.678+0000] {logging_mixin.py:190} INFO - [2025-11-14T06:53:14.677+0000] {dag.py:3239} INFO - Sync 1 DAGs
[2025-11-14T06:53:14.688+0000] {logging_mixin.py:190} INFO - [2025-11-14T06:53:14.688+0000] {dag.py:4180} INFO - Setting next_dagrun for AMBER_Daily_Scraping to None, run_after=None
[2025-11-14T06:53:14.723+0000] {processor.py:208} INFO - Processing /opt/airflow/dags/AMBER_Daily_Scraping.py took 0.099 seconds
[2025-11-14T06:53:44.936+0000] {processor.py:186} INFO - Started process (PID=41) to work on /opt/airflow/dags/AMBER_Daily_Scraping.py
[2025-11-14T06:53:44.937+0000] {processor.py:914} INFO - Processing file /opt/airflow/dags/AMBER_Daily_Scraping.py for tasks to queue
[2025-11-14T06:53:44.940+0000] {logging_mixin.py:190} INFO - [2025-11-14T06:53:44.939+0000] {dagbag.py:588} INFO - Filling up the DagBag from /opt/airflow/dags/AMBER_Daily_Scraping.py
[2025-11-14T06:53:44.964+0000] {processor.py:925} INFO - DAG(s) 'AMBER_Daily_Scraping' retrieved from /opt/airflow/dags/AMBER_Daily_Scraping.py
[2025-11-14T06:53:44.988+0000] {logging_mixin.py:190} INFO - [2025-11-14T06:53:44.988+0000] {dag.py:3239} INFO - Sync 1 DAGs
[2025-11-14T06:53:45.004+0000] {logging_mixin.py:190} INFO - [2025-11-14T06:53:45.004+0000] {dag.py:4180} INFO - Setting next_dagrun for AMBER_Daily_Scraping to None, run_after=None
[2025-11-14T06:53:45.042+0000] {processor.py:208} INFO - Processing /opt/airflow/dags/AMBER_Daily_Scraping.py took 0.113 seconds
[2025-11-14T06:54:15.218+0000] {processor.py:186} INFO - Started process (PID=42) to work on /opt/airflow/dags/AMBER_Daily_Scraping.py
[2025-11-14T06:54:15.219+0000] {processor.py:914} INFO - Processing file /opt/airflow/dags/AMBER_Daily_Scraping.py for tasks to queue
[2025-11-14T06:54:15.222+0000] {logging_mixin.py:190} INFO - [2025-11-14T06:54:15.221+0000] {dagbag.py:588} INFO - Filling up the DagBag from /opt/airflow/dags/AMBER_Daily_Scraping.py
[2025-11-14T06:54:15.246+0000] {processor.py:925} INFO - DAG(s) 'AMBER_Daily_Scraping' retrieved from /opt/airflow/dags/AMBER_Daily_Scraping.py
[2025-11-14T06:54:15.270+0000] {logging_mixin.py:190} INFO - [2025-11-14T06:54:15.270+0000] {dag.py:3239} INFO - Sync 1 DAGs
[2025-11-14T06:54:15.283+0000] {logging_mixin.py:190} INFO - [2025-11-14T06:54:15.283+0000] {dag.py:4180} INFO - Setting next_dagrun for AMBER_Daily_Scraping to None, run_after=None
[2025-11-14T06:54:15.317+0000] {processor.py:208} INFO - Processing /opt/airflow/dags/AMBER_Daily_Scraping.py took 0.106 seconds
[2025-11-14T06:54:45.506+0000] {processor.py:186} INFO - Started process (PID=43) to work on /opt/airflow/dags/AMBER_Daily_Scraping.py
[2025-11-14T06:54:45.507+0000] {processor.py:914} INFO - Processing file /opt/airflow/dags/AMBER_Daily_Scraping.py for tasks to queue
[2025-11-14T06:54:45.510+0000] {logging_mixin.py:190} INFO - [2025-11-14T06:54:45.510+0000] {dagbag.py:588} INFO - Filling up the DagBag from /opt/airflow/dags/AMBER_Daily_Scraping.py
[2025-11-14T06:54:45.534+0000] {processor.py:925} INFO - DAG(s) 'AMBER_Daily_Scraping' retrieved from /opt/airflow/dags/AMBER_Daily_Scraping.py
[2025-11-14T06:54:45.556+0000] {logging_mixin.py:190} INFO - [2025-11-14T06:54:45.556+0000] {dag.py:3239} INFO - Sync 1 DAGs
[2025-11-14T06:54:45.567+0000] {logging_mixin.py:190} INFO - [2025-11-14T06:54:45.567+0000] {dag.py:4180} INFO - Setting next_dagrun for AMBER_Daily_Scraping to None, run_after=None
[2025-11-14T06:54:45.598+0000] {processor.py:208} INFO - Processing /opt/airflow/dags/AMBER_Daily_Scraping.py took 0.098 seconds
[2025-11-14T07:10:42.755+0000] {processor.py:186} INFO - Started process (PID=68) to work on /opt/airflow/dags/AMBER_Daily_Scraping.py
[2025-11-14T07:10:42.758+0000] {processor.py:914} INFO - Processing file /opt/airflow/dags/AMBER_Daily_Scraping.py for tasks to queue
[2025-11-14T07:10:42.760+0000] {logging_mixin.py:190} INFO - [2025-11-14T07:10:42.759+0000] {dagbag.py:588} INFO - Filling up the DagBag from /opt/airflow/dags/AMBER_Daily_Scraping.py
[2025-11-14T07:10:42.779+0000] {processor.py:925} INFO - DAG(s) 'AMBER_Daily_Scraping' retrieved from /opt/airflow/dags/AMBER_Daily_Scraping.py
[2025-11-14T07:10:42.802+0000] {logging_mixin.py:190} INFO - [2025-11-14T07:10:42.802+0000] {dag.py:3239} INFO - Sync 1 DAGs
[2025-11-14T07:10:42.812+0000] {logging_mixin.py:190} INFO - [2025-11-14T07:10:42.812+0000] {dag.py:4180} INFO - Setting next_dagrun for AMBER_Daily_Scraping to None, run_after=None
[2025-11-14T07:10:42.848+0000] {processor.py:208} INFO - Processing /opt/airflow/dags/AMBER_Daily_Scraping.py took 0.099 seconds
[2025-11-14T07:11:16.364+0000] {processor.py:186} INFO - Started process (PID=92) to work on /opt/airflow/dags/AMBER_Daily_Scraping.py
[2025-11-14T07:11:16.366+0000] {processor.py:914} INFO - Processing file /opt/airflow/dags/AMBER_Daily_Scraping.py for tasks to queue
[2025-11-14T07:11:16.367+0000] {logging_mixin.py:190} INFO - [2025-11-14T07:11:16.367+0000] {dagbag.py:588} INFO - Filling up the DagBag from /opt/airflow/dags/AMBER_Daily_Scraping.py
[2025-11-14T07:11:16.386+0000] {processor.py:925} INFO - DAG(s) 'AMBER_Daily_Scraping' retrieved from /opt/airflow/dags/AMBER_Daily_Scraping.py
[2025-11-14T07:11:16.408+0000] {logging_mixin.py:190} INFO - [2025-11-14T07:11:16.407+0000] {dag.py:3239} INFO - Sync 1 DAGs
[2025-11-14T07:11:16.417+0000] {logging_mixin.py:190} INFO - [2025-11-14T07:11:16.417+0000] {dag.py:4180} INFO - Setting next_dagrun for AMBER_Daily_Scraping to None, run_after=None
[2025-11-14T07:11:16.450+0000] {processor.py:208} INFO - Processing /opt/airflow/dags/AMBER_Daily_Scraping.py took 0.091 seconds
[2025-11-14T07:12:33.191+0000] {processor.py:186} INFO - Started process (PID=117) to work on /opt/airflow/dags/AMBER_Daily_Scraping.py
[2025-11-14T07:12:33.192+0000] {processor.py:914} INFO - Processing file /opt/airflow/dags/AMBER_Daily_Scraping.py for tasks to queue
[2025-11-14T07:12:33.194+0000] {logging_mixin.py:190} INFO - [2025-11-14T07:12:33.194+0000] {dagbag.py:588} INFO - Filling up the DagBag from /opt/airflow/dags/AMBER_Daily_Scraping.py
[2025-11-14T07:12:33.214+0000] {processor.py:925} INFO - DAG(s) 'AMBER_Daily_Scraping' retrieved from /opt/airflow/dags/AMBER_Daily_Scraping.py
[2025-11-14T07:12:33.234+0000] {logging_mixin.py:190} INFO - [2025-11-14T07:12:33.234+0000] {dag.py:3239} INFO - Sync 1 DAGs
[2025-11-14T07:12:33.243+0000] {logging_mixin.py:190} INFO - [2025-11-14T07:12:33.243+0000] {dag.py:4180} INFO - Setting next_dagrun for AMBER_Daily_Scraping to None, run_after=None
[2025-11-14T07:12:33.276+0000] {processor.py:208} INFO - Processing /opt/airflow/dags/AMBER_Daily_Scraping.py took 0.090 seconds
[2025-11-14T07:13:03.886+0000] {processor.py:186} INFO - Started process (PID=141) to work on /opt/airflow/dags/AMBER_Daily_Scraping.py
[2025-11-14T07:13:03.888+0000] {processor.py:914} INFO - Processing file /opt/airflow/dags/AMBER_Daily_Scraping.py for tasks to queue
[2025-11-14T07:13:03.889+0000] {logging_mixin.py:190} INFO - [2025-11-14T07:13:03.889+0000] {dagbag.py:588} INFO - Filling up the DagBag from /opt/airflow/dags/AMBER_Daily_Scraping.py
[2025-11-14T07:13:03.911+0000] {processor.py:925} INFO - DAG(s) 'AMBER_Daily_Scraping' retrieved from /opt/airflow/dags/AMBER_Daily_Scraping.py
[2025-11-14T07:13:03.934+0000] {logging_mixin.py:190} INFO - [2025-11-14T07:13:03.934+0000] {dag.py:3239} INFO - Sync 1 DAGs
[2025-11-14T07:13:03.945+0000] {logging_mixin.py:190} INFO - [2025-11-14T07:13:03.945+0000] {dag.py:4180} INFO - Setting next_dagrun for AMBER_Daily_Scraping to None, run_after=None
[2025-11-14T07:13:03.983+0000] {processor.py:208} INFO - Processing /opt/airflow/dags/AMBER_Daily_Scraping.py took 0.103 seconds
[2025-11-14T07:13:34.315+0000] {processor.py:186} INFO - Started process (PID=142) to work on /opt/airflow/dags/AMBER_Daily_Scraping.py
[2025-11-14T07:13:34.316+0000] {processor.py:914} INFO - Processing file /opt/airflow/dags/AMBER_Daily_Scraping.py for tasks to queue
[2025-11-14T07:13:34.317+0000] {logging_mixin.py:190} INFO - [2025-11-14T07:13:34.317+0000] {dagbag.py:588} INFO - Filling up the DagBag from /opt/airflow/dags/AMBER_Daily_Scraping.py
[2025-11-14T07:13:34.337+0000] {processor.py:925} INFO - DAG(s) 'AMBER_Daily_Scraping' retrieved from /opt/airflow/dags/AMBER_Daily_Scraping.py
[2025-11-14T07:13:34.356+0000] {logging_mixin.py:190} INFO - [2025-11-14T07:13:34.356+0000] {dag.py:3239} INFO - Sync 1 DAGs
[2025-11-14T07:13:34.368+0000] {logging_mixin.py:190} INFO - [2025-11-14T07:13:34.368+0000] {dag.py:4180} INFO - Setting next_dagrun for AMBER_Daily_Scraping to None, run_after=None
[2025-11-14T07:13:34.403+0000] {processor.py:208} INFO - Processing /opt/airflow/dags/AMBER_Daily_Scraping.py took 0.093 seconds
[2025-11-14T07:14:04.718+0000] {processor.py:186} INFO - Started process (PID=143) to work on /opt/airflow/dags/AMBER_Daily_Scraping.py
[2025-11-14T07:14:04.719+0000] {processor.py:914} INFO - Processing file /opt/airflow/dags/AMBER_Daily_Scraping.py for tasks to queue
[2025-11-14T07:14:04.720+0000] {logging_mixin.py:190} INFO - [2025-11-14T07:14:04.720+0000] {dagbag.py:588} INFO - Filling up the DagBag from /opt/airflow/dags/AMBER_Daily_Scraping.py
[2025-11-14T07:14:04.736+0000] {processor.py:925} INFO - DAG(s) 'AMBER_Daily_Scraping' retrieved from /opt/airflow/dags/AMBER_Daily_Scraping.py
[2025-11-14T07:14:04.754+0000] {logging_mixin.py:190} INFO - [2025-11-14T07:14:04.754+0000] {dag.py:3239} INFO - Sync 1 DAGs
[2025-11-14T07:14:04.763+0000] {logging_mixin.py:190} INFO - [2025-11-14T07:14:04.763+0000] {dag.py:4180} INFO - Setting next_dagrun for AMBER_Daily_Scraping to None, run_after=None
[2025-11-14T07:14:04.793+0000] {processor.py:208} INFO - Processing /opt/airflow/dags/AMBER_Daily_Scraping.py took 0.080 seconds
[2025-11-14T07:14:35.077+0000] {processor.py:186} INFO - Started process (PID=144) to work on /opt/airflow/dags/AMBER_Daily_Scraping.py
[2025-11-14T07:14:35.078+0000] {processor.py:914} INFO - Processing file /opt/airflow/dags/AMBER_Daily_Scraping.py for tasks to queue
[2025-11-14T07:14:35.080+0000] {logging_mixin.py:190} INFO - [2025-11-14T07:14:35.079+0000] {dagbag.py:588} INFO - Filling up the DagBag from /opt/airflow/dags/AMBER_Daily_Scraping.py
[2025-11-14T07:14:35.096+0000] {processor.py:925} INFO - DAG(s) 'AMBER_Daily_Scraping' retrieved from /opt/airflow/dags/AMBER_Daily_Scraping.py
[2025-11-14T07:14:35.119+0000] {logging_mixin.py:190} INFO - [2025-11-14T07:14:35.119+0000] {dag.py:3239} INFO - Sync 1 DAGs
[2025-11-14T07:14:35.128+0000] {logging_mixin.py:190} INFO - [2025-11-14T07:14:35.128+0000] {dag.py:4180} INFO - Setting next_dagrun for AMBER_Daily_Scraping to None, run_after=None
[2025-11-14T07:14:35.161+0000] {processor.py:208} INFO - Processing /opt/airflow/dags/AMBER_Daily_Scraping.py took 0.089 seconds
[2025-11-14T07:15:05.451+0000] {processor.py:186} INFO - Started process (PID=145) to work on /opt/airflow/dags/AMBER_Daily_Scraping.py
[2025-11-14T07:15:05.452+0000] {processor.py:914} INFO - Processing file /opt/airflow/dags/AMBER_Daily_Scraping.py for tasks to queue
[2025-11-14T07:15:05.454+0000] {logging_mixin.py:190} INFO - [2025-11-14T07:15:05.454+0000] {dagbag.py:588} INFO - Filling up the DagBag from /opt/airflow/dags/AMBER_Daily_Scraping.py
[2025-11-14T07:15:05.477+0000] {processor.py:925} INFO - DAG(s) 'AMBER_Daily_Scraping' retrieved from /opt/airflow/dags/AMBER_Daily_Scraping.py
[2025-11-14T07:15:05.496+0000] {logging_mixin.py:190} INFO - [2025-11-14T07:15:05.496+0000] {dag.py:3239} INFO - Sync 1 DAGs
[2025-11-14T07:15:05.505+0000] {logging_mixin.py:190} INFO - [2025-11-14T07:15:05.504+0000] {dag.py:4180} INFO - Setting next_dagrun for AMBER_Daily_Scraping to None, run_after=None
[2025-11-14T07:15:05.536+0000] {processor.py:208} INFO - Processing /opt/airflow/dags/AMBER_Daily_Scraping.py took 0.090 seconds
[2025-11-14T07:15:35.874+0000] {processor.py:186} INFO - Started process (PID=146) to work on /opt/airflow/dags/AMBER_Daily_Scraping.py
[2025-11-14T07:15:35.875+0000] {processor.py:914} INFO - Processing file /opt/airflow/dags/AMBER_Daily_Scraping.py for tasks to queue
[2025-11-14T07:15:35.876+0000] {logging_mixin.py:190} INFO - [2025-11-14T07:15:35.876+0000] {dagbag.py:588} INFO - Filling up the DagBag from /opt/airflow/dags/AMBER_Daily_Scraping.py
[2025-11-14T07:15:35.892+0000] {processor.py:925} INFO - DAG(s) 'AMBER_Daily_Scraping' retrieved from /opt/airflow/dags/AMBER_Daily_Scraping.py
[2025-11-14T07:15:35.909+0000] {logging_mixin.py:190} INFO - [2025-11-14T07:15:35.909+0000] {dag.py:3239} INFO - Sync 1 DAGs
[2025-11-14T07:15:35.917+0000] {logging_mixin.py:190} INFO - [2025-11-14T07:15:35.917+0000] {dag.py:4180} INFO - Setting next_dagrun for AMBER_Daily_Scraping to None, run_after=None
[2025-11-14T07:15:35.949+0000] {processor.py:208} INFO - Processing /opt/airflow/dags/AMBER_Daily_Scraping.py took 0.080 seconds
[2025-11-14T07:16:06.307+0000] {processor.py:186} INFO - Started process (PID=147) to work on /opt/airflow/dags/AMBER_Daily_Scraping.py
[2025-11-14T07:16:06.309+0000] {processor.py:914} INFO - Processing file /opt/airflow/dags/AMBER_Daily_Scraping.py for tasks to queue
[2025-11-14T07:16:06.310+0000] {logging_mixin.py:190} INFO - [2025-11-14T07:16:06.310+0000] {dagbag.py:588} INFO - Filling up the DagBag from /opt/airflow/dags/AMBER_Daily_Scraping.py
[2025-11-14T07:16:06.331+0000] {processor.py:925} INFO - DAG(s) 'AMBER_Daily_Scraping' retrieved from /opt/airflow/dags/AMBER_Daily_Scraping.py
[2025-11-14T07:16:06.351+0000] {logging_mixin.py:190} INFO - [2025-11-14T07:16:06.351+0000] {dag.py:3239} INFO - Sync 1 DAGs
[2025-11-14T07:16:06.360+0000] {logging_mixin.py:190} INFO - [2025-11-14T07:16:06.360+0000] {dag.py:4180} INFO - Setting next_dagrun for AMBER_Daily_Scraping to None, run_after=None
[2025-11-14T07:16:06.392+0000] {processor.py:208} INFO - Processing /opt/airflow/dags/AMBER_Daily_Scraping.py took 0.090 seconds
[2025-11-14T07:16:36.749+0000] {processor.py:186} INFO - Started process (PID=148) to work on /opt/airflow/dags/AMBER_Daily_Scraping.py
[2025-11-14T07:16:36.750+0000] {processor.py:914} INFO - Processing file /opt/airflow/dags/AMBER_Daily_Scraping.py for tasks to queue
[2025-11-14T07:16:36.752+0000] {logging_mixin.py:190} INFO - [2025-11-14T07:16:36.751+0000] {dagbag.py:588} INFO - Filling up the DagBag from /opt/airflow/dags/AMBER_Daily_Scraping.py
[2025-11-14T07:16:36.773+0000] {processor.py:925} INFO - DAG(s) 'AMBER_Daily_Scraping' retrieved from /opt/airflow/dags/AMBER_Daily_Scraping.py
[2025-11-14T07:16:36.795+0000] {logging_mixin.py:190} INFO - [2025-11-14T07:16:36.795+0000] {dag.py:3239} INFO - Sync 1 DAGs
[2025-11-14T07:16:36.806+0000] {logging_mixin.py:190} INFO - [2025-11-14T07:16:36.806+0000] {dag.py:4180} INFO - Setting next_dagrun for AMBER_Daily_Scraping to None, run_after=None
[2025-11-14T07:16:36.839+0000] {processor.py:208} INFO - Processing /opt/airflow/dags/AMBER_Daily_Scraping.py took 0.095 seconds
[2025-11-14T07:17:07.204+0000] {processor.py:186} INFO - Started process (PID=149) to work on /opt/airflow/dags/AMBER_Daily_Scraping.py
[2025-11-14T07:17:07.215+0000] {processor.py:914} INFO - Processing file /opt/airflow/dags/AMBER_Daily_Scraping.py for tasks to queue
[2025-11-14T07:17:07.222+0000] {logging_mixin.py:190} INFO - [2025-11-14T07:17:07.220+0000] {dagbag.py:588} INFO - Filling up the DagBag from /opt/airflow/dags/AMBER_Daily_Scraping.py
[2025-11-14T07:17:07.267+0000] {processor.py:925} INFO - DAG(s) 'AMBER_Daily_Scraping' retrieved from /opt/airflow/dags/AMBER_Daily_Scraping.py
[2025-11-14T07:17:07.351+0000] {logging_mixin.py:190} INFO - [2025-11-14T07:17:07.351+0000] {dag.py:3239} INFO - Sync 1 DAGs
[2025-11-14T07:17:07.379+0000] {logging_mixin.py:190} INFO - [2025-11-14T07:17:07.379+0000] {dag.py:4180} INFO - Setting next_dagrun for AMBER_Daily_Scraping to None, run_after=None
[2025-11-14T07:17:07.434+0000] {processor.py:208} INFO - Processing /opt/airflow/dags/AMBER_Daily_Scraping.py took 0.246 seconds
[2025-11-14T07:17:37.577+0000] {processor.py:186} INFO - Started process (PID=150) to work on /opt/airflow/dags/AMBER_Daily_Scraping.py
[2025-11-14T07:17:37.578+0000] {processor.py:914} INFO - Processing file /opt/airflow/dags/AMBER_Daily_Scraping.py for tasks to queue
[2025-11-14T07:17:37.580+0000] {logging_mixin.py:190} INFO - [2025-11-14T07:17:37.580+0000] {dagbag.py:588} INFO - Filling up the DagBag from /opt/airflow/dags/AMBER_Daily_Scraping.py
[2025-11-14T07:17:37.601+0000] {processor.py:925} INFO - DAG(s) 'AMBER_Daily_Scraping' retrieved from /opt/airflow/dags/AMBER_Daily_Scraping.py
[2025-11-14T07:17:37.638+0000] {logging_mixin.py:190} INFO - [2025-11-14T07:17:37.637+0000] {dag.py:3239} INFO - Sync 1 DAGs
[2025-11-14T07:17:37.654+0000] {logging_mixin.py:190} INFO - [2025-11-14T07:17:37.654+0000] {dag.py:4180} INFO - Setting next_dagrun for AMBER_Daily_Scraping to None, run_after=None
[2025-11-14T07:17:37.698+0000] {processor.py:208} INFO - Processing /opt/airflow/dags/AMBER_Daily_Scraping.py took 0.128 seconds
[2025-11-14T07:18:07.995+0000] {processor.py:186} INFO - Started process (PID=151) to work on /opt/airflow/dags/AMBER_Daily_Scraping.py
[2025-11-14T07:18:07.996+0000] {processor.py:914} INFO - Processing file /opt/airflow/dags/AMBER_Daily_Scraping.py for tasks to queue
[2025-11-14T07:18:07.998+0000] {logging_mixin.py:190} INFO - [2025-11-14T07:18:07.997+0000] {dagbag.py:588} INFO - Filling up the DagBag from /opt/airflow/dags/AMBER_Daily_Scraping.py
[2025-11-14T07:18:08.016+0000] {processor.py:925} INFO - DAG(s) 'AMBER_Daily_Scraping' retrieved from /opt/airflow/dags/AMBER_Daily_Scraping.py
[2025-11-14T07:18:08.034+0000] {logging_mixin.py:190} INFO - [2025-11-14T07:18:08.033+0000] {dag.py:3239} INFO - Sync 1 DAGs
[2025-11-14T07:18:08.050+0000] {logging_mixin.py:190} INFO - [2025-11-14T07:18:08.050+0000] {dag.py:4180} INFO - Setting next_dagrun for AMBER_Daily_Scraping to None, run_after=None
[2025-11-14T07:18:08.090+0000] {processor.py:208} INFO - Processing /opt/airflow/dags/AMBER_Daily_Scraping.py took 0.100 seconds
[2025-11-14T07:18:38.415+0000] {processor.py:186} INFO - Started process (PID=152) to work on /opt/airflow/dags/AMBER_Daily_Scraping.py
[2025-11-14T07:18:38.416+0000] {processor.py:914} INFO - Processing file /opt/airflow/dags/AMBER_Daily_Scraping.py for tasks to queue
[2025-11-14T07:18:38.417+0000] {logging_mixin.py:190} INFO - [2025-11-14T07:18:38.417+0000] {dagbag.py:588} INFO - Filling up the DagBag from /opt/airflow/dags/AMBER_Daily_Scraping.py
[2025-11-14T07:18:38.440+0000] {processor.py:925} INFO - DAG(s) 'AMBER_Daily_Scraping' retrieved from /opt/airflow/dags/AMBER_Daily_Scraping.py
[2025-11-14T07:18:38.459+0000] {logging_mixin.py:190} INFO - [2025-11-14T07:18:38.459+0000] {dag.py:3239} INFO - Sync 1 DAGs
[2025-11-14T07:18:38.467+0000] {logging_mixin.py:190} INFO - [2025-11-14T07:18:38.467+0000] {dag.py:4180} INFO - Setting next_dagrun for AMBER_Daily_Scraping to None, run_after=None
[2025-11-14T07:18:38.502+0000] {processor.py:208} INFO - Processing /opt/airflow/dags/AMBER_Daily_Scraping.py took 0.091 seconds
[2025-11-14T07:19:08.847+0000] {processor.py:186} INFO - Started process (PID=153) to work on /opt/airflow/dags/AMBER_Daily_Scraping.py
[2025-11-14T07:19:08.848+0000] {processor.py:914} INFO - Processing file /opt/airflow/dags/AMBER_Daily_Scraping.py for tasks to queue
[2025-11-14T07:19:08.850+0000] {logging_mixin.py:190} INFO - [2025-11-14T07:19:08.849+0000] {dagbag.py:588} INFO - Filling up the DagBag from /opt/airflow/dags/AMBER_Daily_Scraping.py
[2025-11-14T07:19:08.872+0000] {processor.py:925} INFO - DAG(s) 'AMBER_Daily_Scraping' retrieved from /opt/airflow/dags/AMBER_Daily_Scraping.py
[2025-11-14T07:19:08.889+0000] {logging_mixin.py:190} INFO - [2025-11-14T07:19:08.889+0000] {dag.py:3239} INFO - Sync 1 DAGs
[2025-11-14T07:19:08.898+0000] {logging_mixin.py:190} INFO - [2025-11-14T07:19:08.898+0000] {dag.py:4180} INFO - Setting next_dagrun for AMBER_Daily_Scraping to None, run_after=None
[2025-11-14T07:19:08.933+0000] {processor.py:208} INFO - Processing /opt/airflow/dags/AMBER_Daily_Scraping.py took 0.090 seconds
[2025-11-14T07:19:39.275+0000] {processor.py:186} INFO - Started process (PID=154) to work on /opt/airflow/dags/AMBER_Daily_Scraping.py
[2025-11-14T07:19:39.277+0000] {processor.py:914} INFO - Processing file /opt/airflow/dags/AMBER_Daily_Scraping.py for tasks to queue
[2025-11-14T07:19:39.278+0000] {logging_mixin.py:190} INFO - [2025-11-14T07:19:39.278+0000] {dagbag.py:588} INFO - Filling up the DagBag from /opt/airflow/dags/AMBER_Daily_Scraping.py
[2025-11-14T07:19:39.298+0000] {processor.py:925} INFO - DAG(s) 'AMBER_Daily_Scraping' retrieved from /opt/airflow/dags/AMBER_Daily_Scraping.py
[2025-11-14T07:19:39.317+0000] {logging_mixin.py:190} INFO - [2025-11-14T07:19:39.317+0000] {dag.py:3239} INFO - Sync 1 DAGs
[2025-11-14T07:19:39.326+0000] {logging_mixin.py:190} INFO - [2025-11-14T07:19:39.326+0000] {dag.py:4180} INFO - Setting next_dagrun for AMBER_Daily_Scraping to None, run_after=None
[2025-11-14T07:19:39.360+0000] {processor.py:208} INFO - Processing /opt/airflow/dags/AMBER_Daily_Scraping.py took 0.089 seconds
[2025-11-14T07:20:09.729+0000] {processor.py:186} INFO - Started process (PID=155) to work on /opt/airflow/dags/AMBER_Daily_Scraping.py
[2025-11-14T07:20:09.730+0000] {processor.py:914} INFO - Processing file /opt/airflow/dags/AMBER_Daily_Scraping.py for tasks to queue
[2025-11-14T07:20:09.731+0000] {logging_mixin.py:190} INFO - [2025-11-14T07:20:09.731+0000] {dagbag.py:588} INFO - Filling up the DagBag from /opt/airflow/dags/AMBER_Daily_Scraping.py
[2025-11-14T07:20:09.754+0000] {processor.py:925} INFO - DAG(s) 'AMBER_Daily_Scraping' retrieved from /opt/airflow/dags/AMBER_Daily_Scraping.py
[2025-11-14T07:20:09.776+0000] {logging_mixin.py:190} INFO - [2025-11-14T07:20:09.775+0000] {dag.py:3239} INFO - Sync 1 DAGs
[2025-11-14T07:20:09.786+0000] {logging_mixin.py:190} INFO - [2025-11-14T07:20:09.786+0000] {dag.py:4180} INFO - Setting next_dagrun for AMBER_Daily_Scraping to None, run_after=None
[2025-11-14T07:20:09.819+0000] {processor.py:208} INFO - Processing /opt/airflow/dags/AMBER_Daily_Scraping.py took 0.095 seconds
[2025-11-14T07:20:40.083+0000] {processor.py:186} INFO - Started process (PID=156) to work on /opt/airflow/dags/AMBER_Daily_Scraping.py
[2025-11-14T07:20:40.084+0000] {processor.py:914} INFO - Processing file /opt/airflow/dags/AMBER_Daily_Scraping.py for tasks to queue
[2025-11-14T07:20:40.085+0000] {logging_mixin.py:190} INFO - [2025-11-14T07:20:40.085+0000] {dagbag.py:588} INFO - Filling up the DagBag from /opt/airflow/dags/AMBER_Daily_Scraping.py
[2025-11-14T07:20:40.102+0000] {processor.py:925} INFO - DAG(s) 'AMBER_Daily_Scraping' retrieved from /opt/airflow/dags/AMBER_Daily_Scraping.py
[2025-11-14T07:20:40.122+0000] {logging_mixin.py:190} INFO - [2025-11-14T07:20:40.122+0000] {dag.py:3239} INFO - Sync 1 DAGs
[2025-11-14T07:20:40.131+0000] {logging_mixin.py:190} INFO - [2025-11-14T07:20:40.131+0000] {dag.py:4180} INFO - Setting next_dagrun for AMBER_Daily_Scraping to None, run_after=None
[2025-11-14T07:20:40.166+0000] {processor.py:208} INFO - Processing /opt/airflow/dags/AMBER_Daily_Scraping.py took 0.088 seconds
[2025-11-14T07:21:10.532+0000] {processor.py:186} INFO - Started process (PID=157) to work on /opt/airflow/dags/AMBER_Daily_Scraping.py
[2025-11-14T07:21:10.534+0000] {processor.py:914} INFO - Processing file /opt/airflow/dags/AMBER_Daily_Scraping.py for tasks to queue
[2025-11-14T07:21:10.536+0000] {logging_mixin.py:190} INFO - [2025-11-14T07:21:10.535+0000] {dagbag.py:588} INFO - Filling up the DagBag from /opt/airflow/dags/AMBER_Daily_Scraping.py
[2025-11-14T07:21:10.572+0000] {processor.py:925} INFO - DAG(s) 'AMBER_Daily_Scraping' retrieved from /opt/airflow/dags/AMBER_Daily_Scraping.py
[2025-11-14T07:21:10.593+0000] {logging_mixin.py:190} INFO - [2025-11-14T07:21:10.592+0000] {dag.py:3239} INFO - Sync 1 DAGs
[2025-11-14T07:21:10.603+0000] {logging_mixin.py:190} INFO - [2025-11-14T07:21:10.603+0000] {dag.py:4180} INFO - Setting next_dagrun for AMBER_Daily_Scraping to None, run_after=None
[2025-11-14T07:21:10.640+0000] {processor.py:208} INFO - Processing /opt/airflow/dags/AMBER_Daily_Scraping.py took 0.112 seconds
[2025-11-14T07:21:40.955+0000] {processor.py:186} INFO - Started process (PID=158) to work on /opt/airflow/dags/AMBER_Daily_Scraping.py
[2025-11-14T07:21:40.956+0000] {processor.py:914} INFO - Processing file /opt/airflow/dags/AMBER_Daily_Scraping.py for tasks to queue
[2025-11-14T07:21:40.957+0000] {logging_mixin.py:190} INFO - [2025-11-14T07:21:40.957+0000] {dagbag.py:588} INFO - Filling up the DagBag from /opt/airflow/dags/AMBER_Daily_Scraping.py
[2025-11-14T07:21:40.979+0000] {processor.py:925} INFO - DAG(s) 'AMBER_Daily_Scraping' retrieved from /opt/airflow/dags/AMBER_Daily_Scraping.py
[2025-11-14T07:21:40.998+0000] {logging_mixin.py:190} INFO - [2025-11-14T07:21:40.998+0000] {dag.py:3239} INFO - Sync 1 DAGs
[2025-11-14T07:21:41.007+0000] {logging_mixin.py:190} INFO - [2025-11-14T07:21:41.007+0000] {dag.py:4180} INFO - Setting next_dagrun for AMBER_Daily_Scraping to None, run_after=None
[2025-11-14T07:21:41.043+0000] {processor.py:208} INFO - Processing /opt/airflow/dags/AMBER_Daily_Scraping.py took 0.092 seconds
[2025-11-14T07:22:11.371+0000] {processor.py:186} INFO - Started process (PID=159) to work on /opt/airflow/dags/AMBER_Daily_Scraping.py
[2025-11-14T07:22:11.372+0000] {processor.py:914} INFO - Processing file /opt/airflow/dags/AMBER_Daily_Scraping.py for tasks to queue
[2025-11-14T07:22:11.374+0000] {logging_mixin.py:190} INFO - [2025-11-14T07:22:11.373+0000] {dagbag.py:588} INFO - Filling up the DagBag from /opt/airflow/dags/AMBER_Daily_Scraping.py
[2025-11-14T07:22:11.395+0000] {processor.py:925} INFO - DAG(s) 'AMBER_Daily_Scraping' retrieved from /opt/airflow/dags/AMBER_Daily_Scraping.py
[2025-11-14T07:22:11.417+0000] {logging_mixin.py:190} INFO - [2025-11-14T07:22:11.417+0000] {dag.py:3239} INFO - Sync 1 DAGs
[2025-11-14T07:22:11.427+0000] {logging_mixin.py:190} INFO - [2025-11-14T07:22:11.427+0000] {dag.py:4180} INFO - Setting next_dagrun for AMBER_Daily_Scraping to None, run_after=None
[2025-11-14T07:22:11.461+0000] {processor.py:208} INFO - Processing /opt/airflow/dags/AMBER_Daily_Scraping.py took 0.095 seconds
[2025-11-14T07:22:41.736+0000] {processor.py:186} INFO - Started process (PID=160) to work on /opt/airflow/dags/AMBER_Daily_Scraping.py
[2025-11-14T07:22:41.738+0000] {processor.py:914} INFO - Processing file /opt/airflow/dags/AMBER_Daily_Scraping.py for tasks to queue
[2025-11-14T07:22:41.739+0000] {logging_mixin.py:190} INFO - [2025-11-14T07:22:41.739+0000] {dagbag.py:588} INFO - Filling up the DagBag from /opt/airflow/dags/AMBER_Daily_Scraping.py
[2025-11-14T07:22:41.767+0000] {processor.py:925} INFO - DAG(s) 'AMBER_Daily_Scraping' retrieved from /opt/airflow/dags/AMBER_Daily_Scraping.py
[2025-11-14T07:22:41.788+0000] {logging_mixin.py:190} INFO - [2025-11-14T07:22:41.788+0000] {dag.py:3239} INFO - Sync 1 DAGs
[2025-11-14T07:22:41.799+0000] {logging_mixin.py:190} INFO - [2025-11-14T07:22:41.798+0000] {dag.py:4180} INFO - Setting next_dagrun for AMBER_Daily_Scraping to None, run_after=None
[2025-11-14T07:22:41.834+0000] {processor.py:208} INFO - Processing /opt/airflow/dags/AMBER_Daily_Scraping.py took 0.102 seconds
[2025-11-14T07:23:12.168+0000] {processor.py:186} INFO - Started process (PID=161) to work on /opt/airflow/dags/AMBER_Daily_Scraping.py
[2025-11-14T07:23:12.170+0000] {processor.py:914} INFO - Processing file /opt/airflow/dags/AMBER_Daily_Scraping.py for tasks to queue
[2025-11-14T07:23:12.171+0000] {logging_mixin.py:190} INFO - [2025-11-14T07:23:12.171+0000] {dagbag.py:588} INFO - Filling up the DagBag from /opt/airflow/dags/AMBER_Daily_Scraping.py
[2025-11-14T07:23:12.195+0000] {processor.py:925} INFO - DAG(s) 'AMBER_Daily_Scraping' retrieved from /opt/airflow/dags/AMBER_Daily_Scraping.py
[2025-11-14T07:23:12.216+0000] {logging_mixin.py:190} INFO - [2025-11-14T07:23:12.215+0000] {dag.py:3239} INFO - Sync 1 DAGs
[2025-11-14T07:23:12.225+0000] {logging_mixin.py:190} INFO - [2025-11-14T07:23:12.225+0000] {dag.py:4180} INFO - Setting next_dagrun for AMBER_Daily_Scraping to None, run_after=None
[2025-11-14T07:23:12.258+0000] {processor.py:208} INFO - Processing /opt/airflow/dags/AMBER_Daily_Scraping.py took 0.095 seconds
[2025-11-14T07:23:42.578+0000] {processor.py:186} INFO - Started process (PID=162) to work on /opt/airflow/dags/AMBER_Daily_Scraping.py
[2025-11-14T07:23:42.579+0000] {processor.py:914} INFO - Processing file /opt/airflow/dags/AMBER_Daily_Scraping.py for tasks to queue
[2025-11-14T07:23:42.581+0000] {logging_mixin.py:190} INFO - [2025-11-14T07:23:42.580+0000] {dagbag.py:588} INFO - Filling up the DagBag from /opt/airflow/dags/AMBER_Daily_Scraping.py
[2025-11-14T07:23:42.606+0000] {processor.py:925} INFO - DAG(s) 'AMBER_Daily_Scraping' retrieved from /opt/airflow/dags/AMBER_Daily_Scraping.py
[2025-11-14T07:23:42.630+0000] {logging_mixin.py:190} INFO - [2025-11-14T07:23:42.630+0000] {dag.py:3239} INFO - Sync 1 DAGs
[2025-11-14T07:23:42.642+0000] {logging_mixin.py:190} INFO - [2025-11-14T07:23:42.642+0000] {dag.py:4180} INFO - Setting next_dagrun for AMBER_Daily_Scraping to None, run_after=None
[2025-11-14T07:23:42.678+0000] {processor.py:208} INFO - Processing /opt/airflow/dags/AMBER_Daily_Scraping.py took 0.105 seconds
[2025-11-14T07:24:13.013+0000] {processor.py:186} INFO - Started process (PID=163) to work on /opt/airflow/dags/AMBER_Daily_Scraping.py
[2025-11-14T07:24:13.014+0000] {processor.py:914} INFO - Processing file /opt/airflow/dags/AMBER_Daily_Scraping.py for tasks to queue
[2025-11-14T07:24:13.016+0000] {logging_mixin.py:190} INFO - [2025-11-14T07:24:13.015+0000] {dagbag.py:588} INFO - Filling up the DagBag from /opt/airflow/dags/AMBER_Daily_Scraping.py
[2025-11-14T07:24:13.037+0000] {processor.py:925} INFO - DAG(s) 'AMBER_Daily_Scraping' retrieved from /opt/airflow/dags/AMBER_Daily_Scraping.py
[2025-11-14T07:24:13.059+0000] {logging_mixin.py:190} INFO - [2025-11-14T07:24:13.059+0000] {dag.py:3239} INFO - Sync 1 DAGs
[2025-11-14T07:24:13.069+0000] {logging_mixin.py:190} INFO - [2025-11-14T07:24:13.069+0000] {dag.py:4180} INFO - Setting next_dagrun for AMBER_Daily_Scraping to None, run_after=None
[2025-11-14T07:24:13.106+0000] {processor.py:208} INFO - Processing /opt/airflow/dags/AMBER_Daily_Scraping.py took 0.097 seconds
[2025-11-14T07:24:43.364+0000] {processor.py:186} INFO - Started process (PID=164) to work on /opt/airflow/dags/AMBER_Daily_Scraping.py
[2025-11-14T07:24:43.365+0000] {processor.py:914} INFO - Processing file /opt/airflow/dags/AMBER_Daily_Scraping.py for tasks to queue
[2025-11-14T07:24:43.366+0000] {logging_mixin.py:190} INFO - [2025-11-14T07:24:43.366+0000] {dagbag.py:588} INFO - Filling up the DagBag from /opt/airflow/dags/AMBER_Daily_Scraping.py
[2025-11-14T07:24:43.388+0000] {processor.py:925} INFO - DAG(s) 'AMBER_Daily_Scraping' retrieved from /opt/airflow/dags/AMBER_Daily_Scraping.py
[2025-11-14T07:24:43.408+0000] {logging_mixin.py:190} INFO - [2025-11-14T07:24:43.408+0000] {dag.py:3239} INFO - Sync 1 DAGs
[2025-11-14T07:24:43.417+0000] {logging_mixin.py:190} INFO - [2025-11-14T07:24:43.417+0000] {dag.py:4180} INFO - Setting next_dagrun for AMBER_Daily_Scraping to None, run_after=None
[2025-11-14T07:24:43.452+0000] {processor.py:208} INFO - Processing /opt/airflow/dags/AMBER_Daily_Scraping.py took 0.092 seconds
[2025-11-14T07:25:13.786+0000] {processor.py:186} INFO - Started process (PID=165) to work on /opt/airflow/dags/AMBER_Daily_Scraping.py
[2025-11-14T07:25:13.787+0000] {processor.py:914} INFO - Processing file /opt/airflow/dags/AMBER_Daily_Scraping.py for tasks to queue
[2025-11-14T07:25:13.788+0000] {logging_mixin.py:190} INFO - [2025-11-14T07:25:13.788+0000] {dagbag.py:588} INFO - Filling up the DagBag from /opt/airflow/dags/AMBER_Daily_Scraping.py
[2025-11-14T07:25:13.808+0000] {processor.py:925} INFO - DAG(s) 'AMBER_Daily_Scraping' retrieved from /opt/airflow/dags/AMBER_Daily_Scraping.py
[2025-11-14T07:25:13.828+0000] {logging_mixin.py:190} INFO - [2025-11-14T07:25:13.828+0000] {dag.py:3239} INFO - Sync 1 DAGs
[2025-11-14T07:25:13.837+0000] {logging_mixin.py:190} INFO - [2025-11-14T07:25:13.837+0000] {dag.py:4180} INFO - Setting next_dagrun for AMBER_Daily_Scraping to None, run_after=None
[2025-11-14T07:25:13.873+0000] {processor.py:208} INFO - Processing /opt/airflow/dags/AMBER_Daily_Scraping.py took 0.092 seconds
[2025-11-14T07:25:44.199+0000] {processor.py:186} INFO - Started process (PID=166) to work on /opt/airflow/dags/AMBER_Daily_Scraping.py
[2025-11-14T07:25:44.200+0000] {processor.py:914} INFO - Processing file /opt/airflow/dags/AMBER_Daily_Scraping.py for tasks to queue
[2025-11-14T07:25:44.201+0000] {logging_mixin.py:190} INFO - [2025-11-14T07:25:44.201+0000] {dagbag.py:588} INFO - Filling up the DagBag from /opt/airflow/dags/AMBER_Daily_Scraping.py
[2025-11-14T07:25:44.222+0000] {processor.py:925} INFO - DAG(s) 'AMBER_Daily_Scraping' retrieved from /opt/airflow/dags/AMBER_Daily_Scraping.py
[2025-11-14T07:25:44.243+0000] {logging_mixin.py:190} INFO - [2025-11-14T07:25:44.243+0000] {dag.py:3239} INFO - Sync 1 DAGs
[2025-11-14T07:25:44.253+0000] {logging_mixin.py:190} INFO - [2025-11-14T07:25:44.253+0000] {dag.py:4180} INFO - Setting next_dagrun for AMBER_Daily_Scraping to None, run_after=None
[2025-11-14T07:25:44.288+0000] {processor.py:208} INFO - Processing /opt/airflow/dags/AMBER_Daily_Scraping.py took 0.094 seconds
[2025-11-14T07:26:14.618+0000] {processor.py:186} INFO - Started process (PID=167) to work on /opt/airflow/dags/AMBER_Daily_Scraping.py
[2025-11-14T07:26:14.619+0000] {processor.py:914} INFO - Processing file /opt/airflow/dags/AMBER_Daily_Scraping.py for tasks to queue
[2025-11-14T07:26:14.621+0000] {logging_mixin.py:190} INFO - [2025-11-14T07:26:14.620+0000] {dagbag.py:588} INFO - Filling up the DagBag from /opt/airflow/dags/AMBER_Daily_Scraping.py
[2025-11-14T07:26:14.639+0000] {processor.py:925} INFO - DAG(s) 'AMBER_Daily_Scraping' retrieved from /opt/airflow/dags/AMBER_Daily_Scraping.py
[2025-11-14T07:26:14.660+0000] {logging_mixin.py:190} INFO - [2025-11-14T07:26:14.659+0000] {dag.py:3239} INFO - Sync 1 DAGs
[2025-11-14T07:26:14.669+0000] {logging_mixin.py:190} INFO - [2025-11-14T07:26:14.669+0000] {dag.py:4180} INFO - Setting next_dagrun for AMBER_Daily_Scraping to None, run_after=None
[2025-11-14T07:26:14.703+0000] {processor.py:208} INFO - Processing /opt/airflow/dags/AMBER_Daily_Scraping.py took 0.089 seconds
[2025-11-14T07:26:45.042+0000] {processor.py:186} INFO - Started process (PID=168) to work on /opt/airflow/dags/AMBER_Daily_Scraping.py
[2025-11-14T07:26:45.043+0000] {processor.py:914} INFO - Processing file /opt/airflow/dags/AMBER_Daily_Scraping.py for tasks to queue
[2025-11-14T07:26:45.045+0000] {logging_mixin.py:190} INFO - [2025-11-14T07:26:45.045+0000] {dagbag.py:588} INFO - Filling up the DagBag from /opt/airflow/dags/AMBER_Daily_Scraping.py
[2025-11-14T07:26:45.068+0000] {processor.py:925} INFO - DAG(s) 'AMBER_Daily_Scraping' retrieved from /opt/airflow/dags/AMBER_Daily_Scraping.py
[2025-11-14T07:26:45.088+0000] {logging_mixin.py:190} INFO - [2025-11-14T07:26:45.088+0000] {dag.py:3239} INFO - Sync 1 DAGs
[2025-11-14T07:26:45.098+0000] {logging_mixin.py:190} INFO - [2025-11-14T07:26:45.098+0000] {dag.py:4180} INFO - Setting next_dagrun for AMBER_Daily_Scraping to None, run_after=None
[2025-11-14T07:26:45.131+0000] {processor.py:208} INFO - Processing /opt/airflow/dags/AMBER_Daily_Scraping.py took 0.094 seconds
[2025-11-14T07:27:15.464+0000] {processor.py:186} INFO - Started process (PID=169) to work on /opt/airflow/dags/AMBER_Daily_Scraping.py
[2025-11-14T07:27:15.465+0000] {processor.py:914} INFO - Processing file /opt/airflow/dags/AMBER_Daily_Scraping.py for tasks to queue
[2025-11-14T07:27:15.467+0000] {logging_mixin.py:190} INFO - [2025-11-14T07:27:15.466+0000] {dagbag.py:588} INFO - Filling up the DagBag from /opt/airflow/dags/AMBER_Daily_Scraping.py
[2025-11-14T07:27:15.488+0000] {processor.py:925} INFO - DAG(s) 'AMBER_Daily_Scraping' retrieved from /opt/airflow/dags/AMBER_Daily_Scraping.py
[2025-11-14T07:27:15.510+0000] {logging_mixin.py:190} INFO - [2025-11-14T07:27:15.510+0000] {dag.py:3239} INFO - Sync 1 DAGs
[2025-11-14T07:27:15.520+0000] {logging_mixin.py:190} INFO - [2025-11-14T07:27:15.520+0000] {dag.py:4180} INFO - Setting next_dagrun for AMBER_Daily_Scraping to None, run_after=None
[2025-11-14T07:27:15.554+0000] {processor.py:208} INFO - Processing /opt/airflow/dags/AMBER_Daily_Scraping.py took 0.094 seconds
[2025-11-14T07:27:46.532+0000] {processor.py:186} INFO - Started process (PID=193) to work on /opt/airflow/dags/AMBER_Daily_Scraping.py
[2025-11-14T07:27:46.533+0000] {processor.py:914} INFO - Processing file /opt/airflow/dags/AMBER_Daily_Scraping.py for tasks to queue
[2025-11-14T07:27:46.535+0000] {logging_mixin.py:190} INFO - [2025-11-14T07:27:46.534+0000] {dagbag.py:588} INFO - Filling up the DagBag from /opt/airflow/dags/AMBER_Daily_Scraping.py
[2025-11-14T07:27:46.554+0000] {processor.py:925} INFO - DAG(s) 'AMBER_Daily_Scraping' retrieved from /opt/airflow/dags/AMBER_Daily_Scraping.py
[2025-11-14T07:27:46.571+0000] {logging_mixin.py:190} INFO - [2025-11-14T07:27:46.571+0000] {dag.py:3239} INFO - Sync 1 DAGs
[2025-11-14T07:27:46.579+0000] {logging_mixin.py:190} INFO - [2025-11-14T07:27:46.579+0000] {dag.py:4180} INFO - Setting next_dagrun for AMBER_Daily_Scraping to None, run_after=None
[2025-11-14T07:27:46.611+0000] {processor.py:208} INFO - Processing /opt/airflow/dags/AMBER_Daily_Scraping.py took 0.084 seconds
[2025-11-14T07:28:16.970+0000] {processor.py:186} INFO - Started process (PID=194) to work on /opt/airflow/dags/AMBER_Daily_Scraping.py
[2025-11-14T07:28:16.971+0000] {processor.py:914} INFO - Processing file /opt/airflow/dags/AMBER_Daily_Scraping.py for tasks to queue
[2025-11-14T07:28:16.973+0000] {logging_mixin.py:190} INFO - [2025-11-14T07:28:16.972+0000] {dagbag.py:588} INFO - Filling up the DagBag from /opt/airflow/dags/AMBER_Daily_Scraping.py
[2025-11-14T07:28:16.994+0000] {processor.py:925} INFO - DAG(s) 'AMBER_Daily_Scraping' retrieved from /opt/airflow/dags/AMBER_Daily_Scraping.py
[2025-11-14T07:28:17.014+0000] {logging_mixin.py:190} INFO - [2025-11-14T07:28:17.014+0000] {dag.py:3239} INFO - Sync 1 DAGs
[2025-11-14T07:28:17.023+0000] {logging_mixin.py:190} INFO - [2025-11-14T07:28:17.022+0000] {dag.py:4180} INFO - Setting next_dagrun for AMBER_Daily_Scraping to None, run_after=None
[2025-11-14T07:28:17.054+0000] {processor.py:208} INFO - Processing /opt/airflow/dags/AMBER_Daily_Scraping.py took 0.088 seconds
[2025-11-14T07:28:47.394+0000] {processor.py:186} INFO - Started process (PID=195) to work on /opt/airflow/dags/AMBER_Daily_Scraping.py
[2025-11-14T07:28:47.395+0000] {processor.py:914} INFO - Processing file /opt/airflow/dags/AMBER_Daily_Scraping.py for tasks to queue
[2025-11-14T07:28:47.396+0000] {logging_mixin.py:190} INFO - [2025-11-14T07:28:47.396+0000] {dagbag.py:588} INFO - Filling up the DagBag from /opt/airflow/dags/AMBER_Daily_Scraping.py
[2025-11-14T07:28:47.419+0000] {processor.py:925} INFO - DAG(s) 'AMBER_Daily_Scraping' retrieved from /opt/airflow/dags/AMBER_Daily_Scraping.py
[2025-11-14T07:28:47.444+0000] {logging_mixin.py:190} INFO - [2025-11-14T07:28:47.444+0000] {dag.py:3239} INFO - Sync 1 DAGs
[2025-11-14T07:28:47.455+0000] {logging_mixin.py:190} INFO - [2025-11-14T07:28:47.455+0000] {dag.py:4180} INFO - Setting next_dagrun for AMBER_Daily_Scraping to None, run_after=None
[2025-11-14T07:28:47.487+0000] {processor.py:208} INFO - Processing /opt/airflow/dags/AMBER_Daily_Scraping.py took 0.100 seconds
[2025-11-14T07:29:17.905+0000] {processor.py:186} INFO - Started process (PID=196) to work on /opt/airflow/dags/AMBER_Daily_Scraping.py
[2025-11-14T07:29:17.907+0000] {processor.py:914} INFO - Processing file /opt/airflow/dags/AMBER_Daily_Scraping.py for tasks to queue
[2025-11-14T07:29:17.908+0000] {logging_mixin.py:190} INFO - [2025-11-14T07:29:17.908+0000] {dagbag.py:588} INFO - Filling up the DagBag from /opt/airflow/dags/AMBER_Daily_Scraping.py
[2025-11-14T07:29:17.929+0000] {processor.py:925} INFO - DAG(s) 'AMBER_Daily_Scraping' retrieved from /opt/airflow/dags/AMBER_Daily_Scraping.py
[2025-11-14T07:29:17.948+0000] {logging_mixin.py:190} INFO - [2025-11-14T07:29:17.948+0000] {dag.py:3239} INFO - Sync 1 DAGs
[2025-11-14T07:29:17.958+0000] {logging_mixin.py:190} INFO - [2025-11-14T07:29:17.958+0000] {dag.py:4180} INFO - Setting next_dagrun for AMBER_Daily_Scraping to None, run_after=None
[2025-11-14T07:29:17.989+0000] {processor.py:208} INFO - Processing /opt/airflow/dags/AMBER_Daily_Scraping.py took 0.088 seconds
[2025-11-14T07:29:48.336+0000] {processor.py:186} INFO - Started process (PID=197) to work on /opt/airflow/dags/AMBER_Daily_Scraping.py
[2025-11-14T07:29:48.337+0000] {processor.py:914} INFO - Processing file /opt/airflow/dags/AMBER_Daily_Scraping.py for tasks to queue
[2025-11-14T07:29:48.339+0000] {logging_mixin.py:190} INFO - [2025-11-14T07:29:48.339+0000] {dagbag.py:588} INFO - Filling up the DagBag from /opt/airflow/dags/AMBER_Daily_Scraping.py
[2025-11-14T07:29:48.362+0000] {processor.py:925} INFO - DAG(s) 'AMBER_Daily_Scraping' retrieved from /opt/airflow/dags/AMBER_Daily_Scraping.py
[2025-11-14T07:29:48.382+0000] {logging_mixin.py:190} INFO - [2025-11-14T07:29:48.382+0000] {dag.py:3239} INFO - Sync 1 DAGs
[2025-11-14T07:29:48.392+0000] {logging_mixin.py:190} INFO - [2025-11-14T07:29:48.392+0000] {dag.py:4180} INFO - Setting next_dagrun for AMBER_Daily_Scraping to None, run_after=None
[2025-11-14T07:29:48.423+0000] {processor.py:208} INFO - Processing /opt/airflow/dags/AMBER_Daily_Scraping.py took 0.091 seconds
[2025-11-14T07:30:18.766+0000] {processor.py:186} INFO - Started process (PID=198) to work on /opt/airflow/dags/AMBER_Daily_Scraping.py
[2025-11-14T07:30:18.768+0000] {processor.py:914} INFO - Processing file /opt/airflow/dags/AMBER_Daily_Scraping.py for tasks to queue
[2025-11-14T07:30:18.769+0000] {logging_mixin.py:190} INFO - [2025-11-14T07:30:18.769+0000] {dagbag.py:588} INFO - Filling up the DagBag from /opt/airflow/dags/AMBER_Daily_Scraping.py
[2025-11-14T07:30:18.787+0000] {processor.py:925} INFO - DAG(s) 'AMBER_Daily_Scraping' retrieved from /opt/airflow/dags/AMBER_Daily_Scraping.py
[2025-11-14T07:30:18.807+0000] {logging_mixin.py:190} INFO - [2025-11-14T07:30:18.807+0000] {dag.py:3239} INFO - Sync 1 DAGs
[2025-11-14T07:30:18.816+0000] {logging_mixin.py:190} INFO - [2025-11-14T07:30:18.816+0000] {dag.py:4180} INFO - Setting next_dagrun for AMBER_Daily_Scraping to None, run_after=None
[2025-11-14T07:30:18.853+0000] {processor.py:208} INFO - Processing /opt/airflow/dags/AMBER_Daily_Scraping.py took 0.090 seconds
[2025-11-14T07:30:49.210+0000] {processor.py:186} INFO - Started process (PID=199) to work on /opt/airflow/dags/AMBER_Daily_Scraping.py
[2025-11-14T07:30:49.211+0000] {processor.py:914} INFO - Processing file /opt/airflow/dags/AMBER_Daily_Scraping.py for tasks to queue
[2025-11-14T07:30:49.213+0000] {logging_mixin.py:190} INFO - [2025-11-14T07:30:49.213+0000] {dagbag.py:588} INFO - Filling up the DagBag from /opt/airflow/dags/AMBER_Daily_Scraping.py
[2025-11-14T07:30:49.234+0000] {processor.py:925} INFO - DAG(s) 'AMBER_Daily_Scraping' retrieved from /opt/airflow/dags/AMBER_Daily_Scraping.py
[2025-11-14T07:30:49.254+0000] {logging_mixin.py:190} INFO - [2025-11-14T07:30:49.254+0000] {dag.py:3239} INFO - Sync 1 DAGs
[2025-11-14T07:30:49.264+0000] {logging_mixin.py:190} INFO - [2025-11-14T07:30:49.264+0000] {dag.py:4180} INFO - Setting next_dagrun for AMBER_Daily_Scraping to None, run_after=None
[2025-11-14T07:30:49.298+0000] {processor.py:208} INFO - Processing /opt/airflow/dags/AMBER_Daily_Scraping.py took 0.092 seconds
[2025-11-14T07:31:19.655+0000] {processor.py:186} INFO - Started process (PID=200) to work on /opt/airflow/dags/AMBER_Daily_Scraping.py
[2025-11-14T07:31:19.656+0000] {processor.py:914} INFO - Processing file /opt/airflow/dags/AMBER_Daily_Scraping.py for tasks to queue
[2025-11-14T07:31:19.657+0000] {logging_mixin.py:190} INFO - [2025-11-14T07:31:19.657+0000] {dagbag.py:588} INFO - Filling up the DagBag from /opt/airflow/dags/AMBER_Daily_Scraping.py
[2025-11-14T07:31:19.677+0000] {processor.py:925} INFO - DAG(s) 'AMBER_Daily_Scraping' retrieved from /opt/airflow/dags/AMBER_Daily_Scraping.py
[2025-11-14T07:31:19.697+0000] {logging_mixin.py:190} INFO - [2025-11-14T07:31:19.697+0000] {dag.py:3239} INFO - Sync 1 DAGs
[2025-11-14T07:31:19.706+0000] {logging_mixin.py:190} INFO - [2025-11-14T07:31:19.706+0000] {dag.py:4180} INFO - Setting next_dagrun for AMBER_Daily_Scraping to None, run_after=None
[2025-11-14T07:31:19.740+0000] {processor.py:208} INFO - Processing /opt/airflow/dags/AMBER_Daily_Scraping.py took 0.090 seconds
[2025-11-14T07:31:50.072+0000] {processor.py:186} INFO - Started process (PID=201) to work on /opt/airflow/dags/AMBER_Daily_Scraping.py
[2025-11-14T07:31:50.073+0000] {processor.py:914} INFO - Processing file /opt/airflow/dags/AMBER_Daily_Scraping.py for tasks to queue
[2025-11-14T07:31:50.075+0000] {logging_mixin.py:190} INFO - [2025-11-14T07:31:50.074+0000] {dagbag.py:588} INFO - Filling up the DagBag from /opt/airflow/dags/AMBER_Daily_Scraping.py
[2025-11-14T07:31:50.096+0000] {processor.py:925} INFO - DAG(s) 'AMBER_Daily_Scraping' retrieved from /opt/airflow/dags/AMBER_Daily_Scraping.py
[2025-11-14T07:31:50.117+0000] {logging_mixin.py:190} INFO - [2025-11-14T07:31:50.117+0000] {dag.py:3239} INFO - Sync 1 DAGs
[2025-11-14T07:31:50.127+0000] {logging_mixin.py:190} INFO - [2025-11-14T07:31:50.127+0000] {dag.py:4180} INFO - Setting next_dagrun for AMBER_Daily_Scraping to None, run_after=None
[2025-11-14T07:31:50.162+0000] {processor.py:208} INFO - Processing /opt/airflow/dags/AMBER_Daily_Scraping.py took 0.094 seconds
[2025-11-14T07:32:20.505+0000] {processor.py:186} INFO - Started process (PID=202) to work on /opt/airflow/dags/AMBER_Daily_Scraping.py
[2025-11-14T07:32:20.507+0000] {processor.py:914} INFO - Processing file /opt/airflow/dags/AMBER_Daily_Scraping.py for tasks to queue
[2025-11-14T07:32:20.508+0000] {logging_mixin.py:190} INFO - [2025-11-14T07:32:20.508+0000] {dagbag.py:588} INFO - Filling up the DagBag from /opt/airflow/dags/AMBER_Daily_Scraping.py
[2025-11-14T07:32:20.527+0000] {processor.py:925} INFO - DAG(s) 'AMBER_Daily_Scraping' retrieved from /opt/airflow/dags/AMBER_Daily_Scraping.py
[2025-11-14T07:32:20.546+0000] {logging_mixin.py:190} INFO - [2025-11-14T07:32:20.545+0000] {dag.py:3239} INFO - Sync 1 DAGs
[2025-11-14T07:32:20.555+0000] {logging_mixin.py:190} INFO - [2025-11-14T07:32:20.555+0000] {dag.py:4180} INFO - Setting next_dagrun for AMBER_Daily_Scraping to None, run_after=None
[2025-11-14T07:32:20.590+0000] {processor.py:208} INFO - Processing /opt/airflow/dags/AMBER_Daily_Scraping.py took 0.089 seconds
[2025-11-14T07:32:50.931+0000] {processor.py:186} INFO - Started process (PID=203) to work on /opt/airflow/dags/AMBER_Daily_Scraping.py
[2025-11-14T07:32:50.933+0000] {processor.py:914} INFO - Processing file /opt/airflow/dags/AMBER_Daily_Scraping.py for tasks to queue
[2025-11-14T07:32:50.934+0000] {logging_mixin.py:190} INFO - [2025-11-14T07:32:50.934+0000] {dagbag.py:588} INFO - Filling up the DagBag from /opt/airflow/dags/AMBER_Daily_Scraping.py
[2025-11-14T07:32:50.956+0000] {processor.py:925} INFO - DAG(s) 'AMBER_Daily_Scraping' retrieved from /opt/airflow/dags/AMBER_Daily_Scraping.py
[2025-11-14T07:32:50.982+0000] {logging_mixin.py:190} INFO - [2025-11-14T07:32:50.982+0000] {dag.py:3239} INFO - Sync 1 DAGs
[2025-11-14T07:32:50.994+0000] {logging_mixin.py:190} INFO - [2025-11-14T07:32:50.994+0000] {dag.py:4180} INFO - Setting next_dagrun for AMBER_Daily_Scraping to None, run_after=None
[2025-11-14T07:32:51.029+0000] {processor.py:208} INFO - Processing /opt/airflow/dags/AMBER_Daily_Scraping.py took 0.103 seconds
[2025-11-14T07:33:21.399+0000] {processor.py:186} INFO - Started process (PID=204) to work on /opt/airflow/dags/AMBER_Daily_Scraping.py
[2025-11-14T07:33:21.401+0000] {processor.py:914} INFO - Processing file /opt/airflow/dags/AMBER_Daily_Scraping.py for tasks to queue
[2025-11-14T07:33:21.402+0000] {logging_mixin.py:190} INFO - [2025-11-14T07:33:21.402+0000] {dagbag.py:588} INFO - Filling up the DagBag from /opt/airflow/dags/AMBER_Daily_Scraping.py
[2025-11-14T07:33:21.432+0000] {processor.py:925} INFO - DAG(s) 'AMBER_Daily_Scraping' retrieved from /opt/airflow/dags/AMBER_Daily_Scraping.py
[2025-11-14T07:33:21.458+0000] {logging_mixin.py:190} INFO - [2025-11-14T07:33:21.458+0000] {dag.py:3239} INFO - Sync 1 DAGs
[2025-11-14T07:33:21.470+0000] {logging_mixin.py:190} INFO - [2025-11-14T07:33:21.470+0000] {dag.py:4180} INFO - Setting next_dagrun for AMBER_Daily_Scraping to None, run_after=None
[2025-11-14T07:33:21.503+0000] {processor.py:208} INFO - Processing /opt/airflow/dags/AMBER_Daily_Scraping.py took 0.109 seconds
[2025-11-14T07:33:51.709+0000] {processor.py:186} INFO - Started process (PID=205) to work on /opt/airflow/dags/AMBER_Daily_Scraping.py
[2025-11-14T07:33:51.710+0000] {processor.py:914} INFO - Processing file /opt/airflow/dags/AMBER_Daily_Scraping.py for tasks to queue
[2025-11-14T07:33:51.711+0000] {logging_mixin.py:190} INFO - [2025-11-14T07:33:51.711+0000] {dagbag.py:588} INFO - Filling up the DagBag from /opt/airflow/dags/AMBER_Daily_Scraping.py
[2025-11-14T07:33:51.735+0000] {processor.py:925} INFO - DAG(s) 'AMBER_Daily_Scraping' retrieved from /opt/airflow/dags/AMBER_Daily_Scraping.py
[2025-11-14T07:33:51.759+0000] {logging_mixin.py:190} INFO - [2025-11-14T07:33:51.758+0000] {dag.py:3239} INFO - Sync 1 DAGs
[2025-11-14T07:33:51.769+0000] {logging_mixin.py:190} INFO - [2025-11-14T07:33:51.769+0000] {dag.py:4180} INFO - Setting next_dagrun for AMBER_Daily_Scraping to None, run_after=None
[2025-11-14T07:33:51.804+0000] {processor.py:208} INFO - Processing /opt/airflow/dags/AMBER_Daily_Scraping.py took 0.100 seconds
[2025-11-14T07:34:22.305+0000] {processor.py:186} INFO - Started process (PID=206) to work on /opt/airflow/dags/AMBER_Daily_Scraping.py
[2025-11-14T07:34:22.306+0000] {processor.py:914} INFO - Processing file /opt/airflow/dags/AMBER_Daily_Scraping.py for tasks to queue
[2025-11-14T07:34:22.308+0000] {logging_mixin.py:190} INFO - [2025-11-14T07:34:22.307+0000] {dagbag.py:588} INFO - Filling up the DagBag from /opt/airflow/dags/AMBER_Daily_Scraping.py
[2025-11-14T07:34:22.331+0000] {processor.py:925} INFO - DAG(s) 'AMBER_Daily_Scraping' retrieved from /opt/airflow/dags/AMBER_Daily_Scraping.py
[2025-11-14T07:34:22.357+0000] {logging_mixin.py:190} INFO - [2025-11-14T07:34:22.356+0000] {dag.py:3239} INFO - Sync 1 DAGs
[2025-11-14T07:34:22.368+0000] {logging_mixin.py:190} INFO - [2025-11-14T07:34:22.368+0000] {dag.py:4180} INFO - Setting next_dagrun for AMBER_Daily_Scraping to None, run_after=None
[2025-11-14T07:34:22.402+0000] {processor.py:208} INFO - Processing /opt/airflow/dags/AMBER_Daily_Scraping.py took 0.103 seconds
[2025-11-14T07:34:52.622+0000] {processor.py:186} INFO - Started process (PID=207) to work on /opt/airflow/dags/AMBER_Daily_Scraping.py
[2025-11-14T07:34:52.623+0000] {processor.py:914} INFO - Processing file /opt/airflow/dags/AMBER_Daily_Scraping.py for tasks to queue
[2025-11-14T07:34:52.625+0000] {logging_mixin.py:190} INFO - [2025-11-14T07:34:52.624+0000] {dagbag.py:588} INFO - Filling up the DagBag from /opt/airflow/dags/AMBER_Daily_Scraping.py
[2025-11-14T07:34:52.646+0000] {processor.py:925} INFO - DAG(s) 'AMBER_Daily_Scraping' retrieved from /opt/airflow/dags/AMBER_Daily_Scraping.py
[2025-11-14T07:34:52.668+0000] {logging_mixin.py:190} INFO - [2025-11-14T07:34:52.668+0000] {dag.py:3239} INFO - Sync 1 DAGs
[2025-11-14T07:34:52.678+0000] {logging_mixin.py:190} INFO - [2025-11-14T07:34:52.678+0000] {dag.py:4180} INFO - Setting next_dagrun for AMBER_Daily_Scraping to None, run_after=None
[2025-11-14T07:34:52.712+0000] {processor.py:208} INFO - Processing /opt/airflow/dags/AMBER_Daily_Scraping.py took 0.095 seconds
[2025-11-14T07:35:22.956+0000] {processor.py:186} INFO - Started process (PID=208) to work on /opt/airflow/dags/AMBER_Daily_Scraping.py
[2025-11-14T07:35:22.958+0000] {processor.py:914} INFO - Processing file /opt/airflow/dags/AMBER_Daily_Scraping.py for tasks to queue
[2025-11-14T07:35:22.960+0000] {logging_mixin.py:190} INFO - [2025-11-14T07:35:22.960+0000] {dagbag.py:588} INFO - Filling up the DagBag from /opt/airflow/dags/AMBER_Daily_Scraping.py
[2025-11-14T07:35:22.993+0000] {processor.py:925} INFO - DAG(s) 'AMBER_Daily_Scraping' retrieved from /opt/airflow/dags/AMBER_Daily_Scraping.py
[2025-11-14T07:35:23.019+0000] {logging_mixin.py:190} INFO - [2025-11-14T07:35:23.018+0000] {dag.py:3239} INFO - Sync 1 DAGs
[2025-11-14T07:35:23.031+0000] {logging_mixin.py:190} INFO - [2025-11-14T07:35:23.031+0000] {dag.py:4180} INFO - Setting next_dagrun for AMBER_Daily_Scraping to None, run_after=None
[2025-11-14T07:35:23.067+0000] {processor.py:208} INFO - Processing /opt/airflow/dags/AMBER_Daily_Scraping.py took 0.115 seconds
[2025-11-14T07:35:53.296+0000] {processor.py:186} INFO - Started process (PID=209) to work on /opt/airflow/dags/AMBER_Daily_Scraping.py
[2025-11-14T07:35:53.298+0000] {processor.py:914} INFO - Processing file /opt/airflow/dags/AMBER_Daily_Scraping.py for tasks to queue
[2025-11-14T07:35:53.299+0000] {logging_mixin.py:190} INFO - [2025-11-14T07:35:53.299+0000] {dagbag.py:588} INFO - Filling up the DagBag from /opt/airflow/dags/AMBER_Daily_Scraping.py
[2025-11-14T07:35:53.320+0000] {processor.py:925} INFO - DAG(s) 'AMBER_Daily_Scraping' retrieved from /opt/airflow/dags/AMBER_Daily_Scraping.py
[2025-11-14T07:35:53.341+0000] {logging_mixin.py:190} INFO - [2025-11-14T07:35:53.341+0000] {dag.py:3239} INFO - Sync 1 DAGs
[2025-11-14T07:35:53.351+0000] {logging_mixin.py:190} INFO - [2025-11-14T07:35:53.350+0000] {dag.py:4180} INFO - Setting next_dagrun for AMBER_Daily_Scraping to None, run_after=None
[2025-11-14T07:35:53.389+0000] {processor.py:208} INFO - Processing /opt/airflow/dags/AMBER_Daily_Scraping.py took 0.097 seconds
[2025-11-14T07:36:23.538+0000] {processor.py:186} INFO - Started process (PID=210) to work on /opt/airflow/dags/AMBER_Daily_Scraping.py
[2025-11-14T07:36:23.540+0000] {processor.py:914} INFO - Processing file /opt/airflow/dags/AMBER_Daily_Scraping.py for tasks to queue
[2025-11-14T07:36:23.542+0000] {logging_mixin.py:190} INFO - [2025-11-14T07:36:23.541+0000] {dagbag.py:588} INFO - Filling up the DagBag from /opt/airflow/dags/AMBER_Daily_Scraping.py
[2025-11-14T07:36:23.564+0000] {processor.py:925} INFO - DAG(s) 'AMBER_Daily_Scraping' retrieved from /opt/airflow/dags/AMBER_Daily_Scraping.py
[2025-11-14T07:36:23.585+0000] {logging_mixin.py:190} INFO - [2025-11-14T07:36:23.585+0000] {dag.py:3239} INFO - Sync 1 DAGs
[2025-11-14T07:36:23.595+0000] {logging_mixin.py:190} INFO - [2025-11-14T07:36:23.595+0000] {dag.py:4180} INFO - Setting next_dagrun for AMBER_Daily_Scraping to None, run_after=None
[2025-11-14T07:36:23.632+0000] {processor.py:208} INFO - Processing /opt/airflow/dags/AMBER_Daily_Scraping.py took 0.098 seconds
[2025-11-14T07:36:53.863+0000] {processor.py:186} INFO - Started process (PID=211) to work on /opt/airflow/dags/AMBER_Daily_Scraping.py
[2025-11-14T07:36:53.865+0000] {processor.py:914} INFO - Processing file /opt/airflow/dags/AMBER_Daily_Scraping.py for tasks to queue
[2025-11-14T07:36:53.866+0000] {logging_mixin.py:190} INFO - [2025-11-14T07:36:53.866+0000] {dagbag.py:588} INFO - Filling up the DagBag from /opt/airflow/dags/AMBER_Daily_Scraping.py
[2025-11-14T07:36:53.891+0000] {processor.py:925} INFO - DAG(s) 'AMBER_Daily_Scraping' retrieved from /opt/airflow/dags/AMBER_Daily_Scraping.py
[2025-11-14T07:36:53.913+0000] {logging_mixin.py:190} INFO - [2025-11-14T07:36:53.913+0000] {dag.py:3239} INFO - Sync 1 DAGs
[2025-11-14T07:36:53.924+0000] {logging_mixin.py:190} INFO - [2025-11-14T07:36:53.923+0000] {dag.py:4180} INFO - Setting next_dagrun for AMBER_Daily_Scraping to None, run_after=None
[2025-11-14T07:36:53.958+0000] {processor.py:208} INFO - Processing /opt/airflow/dags/AMBER_Daily_Scraping.py took 0.100 seconds
[2025-11-14T07:37:24.208+0000] {processor.py:186} INFO - Started process (PID=212) to work on /opt/airflow/dags/AMBER_Daily_Scraping.py
[2025-11-14T07:37:24.209+0000] {processor.py:914} INFO - Processing file /opt/airflow/dags/AMBER_Daily_Scraping.py for tasks to queue
[2025-11-14T07:37:24.211+0000] {logging_mixin.py:190} INFO - [2025-11-14T07:37:24.211+0000] {dagbag.py:588} INFO - Filling up the DagBag from /opt/airflow/dags/AMBER_Daily_Scraping.py
[2025-11-14T07:37:24.239+0000] {processor.py:925} INFO - DAG(s) 'AMBER_Daily_Scraping' retrieved from /opt/airflow/dags/AMBER_Daily_Scraping.py
[2025-11-14T07:37:24.267+0000] {logging_mixin.py:190} INFO - [2025-11-14T07:37:24.267+0000] {dag.py:3239} INFO - Sync 1 DAGs
[2025-11-14T07:37:24.279+0000] {logging_mixin.py:190} INFO - [2025-11-14T07:37:24.279+0000] {dag.py:4180} INFO - Setting next_dagrun for AMBER_Daily_Scraping to None, run_after=None
[2025-11-14T07:37:24.319+0000] {processor.py:208} INFO - Processing /opt/airflow/dags/AMBER_Daily_Scraping.py took 0.117 seconds
[2025-11-14T07:37:54.530+0000] {processor.py:186} INFO - Started process (PID=213) to work on /opt/airflow/dags/AMBER_Daily_Scraping.py
[2025-11-14T07:37:54.531+0000] {processor.py:914} INFO - Processing file /opt/airflow/dags/AMBER_Daily_Scraping.py for tasks to queue
[2025-11-14T07:37:54.532+0000] {logging_mixin.py:190} INFO - [2025-11-14T07:37:54.532+0000] {dagbag.py:588} INFO - Filling up the DagBag from /opt/airflow/dags/AMBER_Daily_Scraping.py
[2025-11-14T07:37:54.554+0000] {processor.py:925} INFO - DAG(s) 'AMBER_Daily_Scraping' retrieved from /opt/airflow/dags/AMBER_Daily_Scraping.py
[2025-11-14T07:37:54.575+0000] {logging_mixin.py:190} INFO - [2025-11-14T07:37:54.575+0000] {dag.py:3239} INFO - Sync 1 DAGs
[2025-11-14T07:37:54.586+0000] {logging_mixin.py:190} INFO - [2025-11-14T07:37:54.586+0000] {dag.py:4180} INFO - Setting next_dagrun for AMBER_Daily_Scraping to None, run_after=None
[2025-11-14T07:37:54.620+0000] {processor.py:208} INFO - Processing /opt/airflow/dags/AMBER_Daily_Scraping.py took 0.095 seconds
[2025-11-14T07:38:24.856+0000] {processor.py:186} INFO - Started process (PID=214) to work on /opt/airflow/dags/AMBER_Daily_Scraping.py
[2025-11-14T07:38:24.858+0000] {processor.py:914} INFO - Processing file /opt/airflow/dags/AMBER_Daily_Scraping.py for tasks to queue
[2025-11-14T07:38:24.860+0000] {logging_mixin.py:190} INFO - [2025-11-14T07:38:24.859+0000] {dagbag.py:588} INFO - Filling up the DagBag from /opt/airflow/dags/AMBER_Daily_Scraping.py
[2025-11-14T07:38:24.885+0000] {processor.py:925} INFO - DAG(s) 'AMBER_Daily_Scraping' retrieved from /opt/airflow/dags/AMBER_Daily_Scraping.py
[2025-11-14T07:38:24.908+0000] {logging_mixin.py:190} INFO - [2025-11-14T07:38:24.908+0000] {dag.py:3239} INFO - Sync 1 DAGs
[2025-11-14T07:38:24.919+0000] {logging_mixin.py:190} INFO - [2025-11-14T07:38:24.918+0000] {dag.py:4180} INFO - Setting next_dagrun for AMBER_Daily_Scraping to None, run_after=None
[2025-11-14T07:38:24.954+0000] {processor.py:208} INFO - Processing /opt/airflow/dags/AMBER_Daily_Scraping.py took 0.103 seconds
[2025-11-14T07:38:55.187+0000] {processor.py:186} INFO - Started process (PID=215) to work on /opt/airflow/dags/AMBER_Daily_Scraping.py
[2025-11-14T07:38:55.189+0000] {processor.py:914} INFO - Processing file /opt/airflow/dags/AMBER_Daily_Scraping.py for tasks to queue
[2025-11-14T07:38:55.191+0000] {logging_mixin.py:190} INFO - [2025-11-14T07:38:55.190+0000] {dagbag.py:588} INFO - Filling up the DagBag from /opt/airflow/dags/AMBER_Daily_Scraping.py
[2025-11-14T07:38:55.211+0000] {processor.py:925} INFO - DAG(s) 'AMBER_Daily_Scraping' retrieved from /opt/airflow/dags/AMBER_Daily_Scraping.py
[2025-11-14T07:38:55.233+0000] {logging_mixin.py:190} INFO - [2025-11-14T07:38:55.232+0000] {dag.py:3239} INFO - Sync 1 DAGs
[2025-11-14T07:38:55.243+0000] {logging_mixin.py:190} INFO - [2025-11-14T07:38:55.242+0000] {dag.py:4180} INFO - Setting next_dagrun for AMBER_Daily_Scraping to None, run_after=None
[2025-11-14T07:38:55.281+0000] {processor.py:208} INFO - Processing /opt/airflow/dags/AMBER_Daily_Scraping.py took 0.098 seconds
[2025-11-14T07:39:25.490+0000] {processor.py:186} INFO - Started process (PID=216) to work on /opt/airflow/dags/AMBER_Daily_Scraping.py
[2025-11-14T07:39:25.491+0000] {processor.py:914} INFO - Processing file /opt/airflow/dags/AMBER_Daily_Scraping.py for tasks to queue
[2025-11-14T07:39:25.493+0000] {logging_mixin.py:190} INFO - [2025-11-14T07:39:25.492+0000] {dagbag.py:588} INFO - Filling up the DagBag from /opt/airflow/dags/AMBER_Daily_Scraping.py
[2025-11-14T07:39:25.513+0000] {processor.py:925} INFO - DAG(s) 'AMBER_Daily_Scraping' retrieved from /opt/airflow/dags/AMBER_Daily_Scraping.py
[2025-11-14T07:39:25.534+0000] {logging_mixin.py:190} INFO - [2025-11-14T07:39:25.534+0000] {dag.py:3239} INFO - Sync 1 DAGs
[2025-11-14T07:39:25.544+0000] {logging_mixin.py:190} INFO - [2025-11-14T07:39:25.544+0000] {dag.py:4180} INFO - Setting next_dagrun for AMBER_Daily_Scraping to None, run_after=None
[2025-11-14T07:39:25.579+0000] {processor.py:208} INFO - Processing /opt/airflow/dags/AMBER_Daily_Scraping.py took 0.095 seconds
[2025-11-14T07:39:55.787+0000] {processor.py:186} INFO - Started process (PID=217) to work on /opt/airflow/dags/AMBER_Daily_Scraping.py
[2025-11-14T07:39:55.789+0000] {processor.py:914} INFO - Processing file /opt/airflow/dags/AMBER_Daily_Scraping.py for tasks to queue
[2025-11-14T07:39:55.790+0000] {logging_mixin.py:190} INFO - [2025-11-14T07:39:55.790+0000] {dagbag.py:588} INFO - Filling up the DagBag from /opt/airflow/dags/AMBER_Daily_Scraping.py
[2025-11-14T07:39:55.810+0000] {processor.py:925} INFO - DAG(s) 'AMBER_Daily_Scraping' retrieved from /opt/airflow/dags/AMBER_Daily_Scraping.py
[2025-11-14T07:39:55.830+0000] {logging_mixin.py:190} INFO - [2025-11-14T07:39:55.830+0000] {dag.py:3239} INFO - Sync 1 DAGs
[2025-11-14T07:39:55.840+0000] {logging_mixin.py:190} INFO - [2025-11-14T07:39:55.840+0000] {dag.py:4180} INFO - Setting next_dagrun for AMBER_Daily_Scraping to None, run_after=None
[2025-11-14T07:39:55.872+0000] {processor.py:208} INFO - Processing /opt/airflow/dags/AMBER_Daily_Scraping.py took 0.090 seconds
[2025-11-14T07:40:26.111+0000] {processor.py:186} INFO - Started process (PID=218) to work on /opt/airflow/dags/AMBER_Daily_Scraping.py
[2025-11-14T07:40:26.113+0000] {processor.py:914} INFO - Processing file /opt/airflow/dags/AMBER_Daily_Scraping.py for tasks to queue
[2025-11-14T07:40:26.114+0000] {logging_mixin.py:190} INFO - [2025-11-14T07:40:26.114+0000] {dagbag.py:588} INFO - Filling up the DagBag from /opt/airflow/dags/AMBER_Daily_Scraping.py
[2025-11-14T07:40:26.143+0000] {processor.py:925} INFO - DAG(s) 'AMBER_Daily_Scraping' retrieved from /opt/airflow/dags/AMBER_Daily_Scraping.py
[2025-11-14T07:40:26.166+0000] {logging_mixin.py:190} INFO - [2025-11-14T07:40:26.166+0000] {dag.py:3239} INFO - Sync 1 DAGs
[2025-11-14T07:40:26.177+0000] {logging_mixin.py:190} INFO - [2025-11-14T07:40:26.176+0000] {dag.py:4180} INFO - Setting next_dagrun for AMBER_Daily_Scraping to None, run_after=None
[2025-11-14T07:40:26.213+0000] {processor.py:208} INFO - Processing /opt/airflow/dags/AMBER_Daily_Scraping.py took 0.107 seconds
[2025-11-14T07:40:56.440+0000] {processor.py:186} INFO - Started process (PID=219) to work on /opt/airflow/dags/AMBER_Daily_Scraping.py
[2025-11-14T07:40:56.441+0000] {processor.py:914} INFO - Processing file /opt/airflow/dags/AMBER_Daily_Scraping.py for tasks to queue
[2025-11-14T07:40:56.443+0000] {logging_mixin.py:190} INFO - [2025-11-14T07:40:56.443+0000] {dagbag.py:588} INFO - Filling up the DagBag from /opt/airflow/dags/AMBER_Daily_Scraping.py
[2025-11-14T07:40:56.464+0000] {processor.py:925} INFO - DAG(s) 'AMBER_Daily_Scraping' retrieved from /opt/airflow/dags/AMBER_Daily_Scraping.py
[2025-11-14T07:40:56.485+0000] {logging_mixin.py:190} INFO - [2025-11-14T07:40:56.485+0000] {dag.py:3239} INFO - Sync 1 DAGs
[2025-11-14T07:40:56.494+0000] {logging_mixin.py:190} INFO - [2025-11-14T07:40:56.494+0000] {dag.py:4180} INFO - Setting next_dagrun for AMBER_Daily_Scraping to None, run_after=None
[2025-11-14T07:40:56.528+0000] {processor.py:208} INFO - Processing /opt/airflow/dags/AMBER_Daily_Scraping.py took 0.092 seconds
[2025-11-14T07:41:26.829+0000] {processor.py:186} INFO - Started process (PID=220) to work on /opt/airflow/dags/AMBER_Daily_Scraping.py
[2025-11-14T07:41:26.830+0000] {processor.py:914} INFO - Processing file /opt/airflow/dags/AMBER_Daily_Scraping.py for tasks to queue
[2025-11-14T07:41:26.832+0000] {logging_mixin.py:190} INFO - [2025-11-14T07:41:26.831+0000] {dagbag.py:588} INFO - Filling up the DagBag from /opt/airflow/dags/AMBER_Daily_Scraping.py
[2025-11-14T07:41:26.855+0000] {processor.py:925} INFO - DAG(s) 'AMBER_Daily_Scraping' retrieved from /opt/airflow/dags/AMBER_Daily_Scraping.py
[2025-11-14T07:41:26.876+0000] {logging_mixin.py:190} INFO - [2025-11-14T07:41:26.876+0000] {dag.py:3239} INFO - Sync 1 DAGs
[2025-11-14T07:41:26.885+0000] {logging_mixin.py:190} INFO - [2025-11-14T07:41:26.885+0000] {dag.py:4180} INFO - Setting next_dagrun for AMBER_Daily_Scraping to None, run_after=None
[2025-11-14T07:41:26.920+0000] {processor.py:208} INFO - Processing /opt/airflow/dags/AMBER_Daily_Scraping.py took 0.096 seconds
[2025-11-14T07:41:57.153+0000] {processor.py:186} INFO - Started process (PID=221) to work on /opt/airflow/dags/AMBER_Daily_Scraping.py
[2025-11-14T07:41:57.154+0000] {processor.py:914} INFO - Processing file /opt/airflow/dags/AMBER_Daily_Scraping.py for tasks to queue
[2025-11-14T07:41:57.156+0000] {logging_mixin.py:190} INFO - [2025-11-14T07:41:57.156+0000] {dagbag.py:588} INFO - Filling up the DagBag from /opt/airflow/dags/AMBER_Daily_Scraping.py
[2025-11-14T07:41:57.181+0000] {processor.py:925} INFO - DAG(s) 'AMBER_Daily_Scraping' retrieved from /opt/airflow/dags/AMBER_Daily_Scraping.py
[2025-11-14T07:41:57.206+0000] {logging_mixin.py:190} INFO - [2025-11-14T07:41:57.206+0000] {dag.py:3239} INFO - Sync 1 DAGs
[2025-11-14T07:41:57.217+0000] {logging_mixin.py:190} INFO - [2025-11-14T07:41:57.216+0000] {dag.py:4180} INFO - Setting next_dagrun for AMBER_Daily_Scraping to None, run_after=None
[2025-11-14T07:41:57.252+0000] {processor.py:208} INFO - Processing /opt/airflow/dags/AMBER_Daily_Scraping.py took 0.104 seconds
[2025-11-14T07:42:27.481+0000] {processor.py:186} INFO - Started process (PID=222) to work on /opt/airflow/dags/AMBER_Daily_Scraping.py
[2025-11-14T07:42:27.482+0000] {processor.py:914} INFO - Processing file /opt/airflow/dags/AMBER_Daily_Scraping.py for tasks to queue
[2025-11-14T07:42:27.484+0000] {logging_mixin.py:190} INFO - [2025-11-14T07:42:27.484+0000] {dagbag.py:588} INFO - Filling up the DagBag from /opt/airflow/dags/AMBER_Daily_Scraping.py
[2025-11-14T07:42:27.513+0000] {processor.py:925} INFO - DAG(s) 'AMBER_Daily_Scraping' retrieved from /opt/airflow/dags/AMBER_Daily_Scraping.py
[2025-11-14T07:42:27.536+0000] {logging_mixin.py:190} INFO - [2025-11-14T07:42:27.536+0000] {dag.py:3239} INFO - Sync 1 DAGs
[2025-11-14T07:42:27.547+0000] {logging_mixin.py:190} INFO - [2025-11-14T07:42:27.547+0000] {dag.py:4180} INFO - Setting next_dagrun for AMBER_Daily_Scraping to None, run_after=None
[2025-11-14T07:42:27.585+0000] {processor.py:208} INFO - Processing /opt/airflow/dags/AMBER_Daily_Scraping.py took 0.110 seconds
[2025-11-14T07:42:57.749+0000] {processor.py:186} INFO - Started process (PID=246) to work on /opt/airflow/dags/AMBER_Daily_Scraping.py
[2025-11-14T07:42:57.750+0000] {processor.py:914} INFO - Processing file /opt/airflow/dags/AMBER_Daily_Scraping.py for tasks to queue
[2025-11-14T07:42:57.751+0000] {logging_mixin.py:190} INFO - [2025-11-14T07:42:57.751+0000] {dagbag.py:588} INFO - Filling up the DagBag from /opt/airflow/dags/AMBER_Daily_Scraping.py
[2025-11-14T07:42:57.776+0000] {processor.py:925} INFO - DAG(s) 'AMBER_Daily_Scraping' retrieved from /opt/airflow/dags/AMBER_Daily_Scraping.py
[2025-11-14T07:42:57.794+0000] {logging_mixin.py:190} INFO - [2025-11-14T07:42:57.794+0000] {dag.py:3239} INFO - Sync 1 DAGs
[2025-11-14T07:42:57.803+0000] {logging_mixin.py:190} INFO - [2025-11-14T07:42:57.803+0000] {dag.py:4180} INFO - Setting next_dagrun for AMBER_Daily_Scraping to None, run_after=None
[2025-11-14T07:42:57.836+0000] {processor.py:208} INFO - Processing /opt/airflow/dags/AMBER_Daily_Scraping.py took 0.092 seconds
[2025-11-14T07:43:28.125+0000] {processor.py:186} INFO - Started process (PID=270) to work on /opt/airflow/dags/AMBER_Daily_Scraping.py
[2025-11-14T07:43:28.126+0000] {processor.py:914} INFO - Processing file /opt/airflow/dags/AMBER_Daily_Scraping.py for tasks to queue
[2025-11-14T07:43:28.129+0000] {logging_mixin.py:190} INFO - [2025-11-14T07:43:28.128+0000] {dagbag.py:588} INFO - Filling up the DagBag from /opt/airflow/dags/AMBER_Daily_Scraping.py
[2025-11-14T07:43:28.151+0000] {processor.py:925} INFO - DAG(s) 'AMBER_Daily_Scraping' retrieved from /opt/airflow/dags/AMBER_Daily_Scraping.py
[2025-11-14T07:43:28.172+0000] {logging_mixin.py:190} INFO - [2025-11-14T07:43:28.172+0000] {dag.py:3239} INFO - Sync 1 DAGs
[2025-11-14T07:43:28.183+0000] {logging_mixin.py:190} INFO - [2025-11-14T07:43:28.183+0000] {dag.py:4180} INFO - Setting next_dagrun for AMBER_Daily_Scraping to None, run_after=None
[2025-11-14T07:43:28.222+0000] {processor.py:208} INFO - Processing /opt/airflow/dags/AMBER_Daily_Scraping.py took 0.103 seconds
[2025-11-14T07:43:58.344+0000] {processor.py:186} INFO - Started process (PID=271) to work on /opt/airflow/dags/AMBER_Daily_Scraping.py
[2025-11-14T07:43:58.346+0000] {processor.py:914} INFO - Processing file /opt/airflow/dags/AMBER_Daily_Scraping.py for tasks to queue
[2025-11-14T07:43:58.347+0000] {logging_mixin.py:190} INFO - [2025-11-14T07:43:58.347+0000] {dagbag.py:588} INFO - Filling up the DagBag from /opt/airflow/dags/AMBER_Daily_Scraping.py
[2025-11-14T07:43:58.373+0000] {processor.py:925} INFO - DAG(s) 'AMBER_Daily_Scraping' retrieved from /opt/airflow/dags/AMBER_Daily_Scraping.py
[2025-11-14T07:43:58.393+0000] {logging_mixin.py:190} INFO - [2025-11-14T07:43:58.393+0000] {dag.py:3239} INFO - Sync 1 DAGs
[2025-11-14T07:43:58.404+0000] {logging_mixin.py:190} INFO - [2025-11-14T07:43:58.403+0000] {dag.py:4180} INFO - Setting next_dagrun for AMBER_Daily_Scraping to None, run_after=None
[2025-11-14T07:43:58.440+0000] {processor.py:208} INFO - Processing /opt/airflow/dags/AMBER_Daily_Scraping.py took 0.101 seconds
[2025-11-14T07:44:28.999+0000] {processor.py:186} INFO - Started process (PID=272) to work on /opt/airflow/dags/AMBER_Daily_Scraping.py
[2025-11-14T07:44:29.000+0000] {processor.py:914} INFO - Processing file /opt/airflow/dags/AMBER_Daily_Scraping.py for tasks to queue
[2025-11-14T07:44:29.002+0000] {logging_mixin.py:190} INFO - [2025-11-14T07:44:29.002+0000] {dagbag.py:588} INFO - Filling up the DagBag from /opt/airflow/dags/AMBER_Daily_Scraping.py
[2025-11-14T07:44:29.031+0000] {processor.py:925} INFO - DAG(s) 'AMBER_Daily_Scraping' retrieved from /opt/airflow/dags/AMBER_Daily_Scraping.py
[2025-11-14T07:44:29.059+0000] {logging_mixin.py:190} INFO - [2025-11-14T07:44:29.058+0000] {dag.py:3239} INFO - Sync 1 DAGs
[2025-11-14T07:44:29.070+0000] {logging_mixin.py:190} INFO - [2025-11-14T07:44:29.070+0000] {dag.py:4180} INFO - Setting next_dagrun for AMBER_Daily_Scraping to None, run_after=None
[2025-11-14T07:44:29.104+0000] {processor.py:208} INFO - Processing /opt/airflow/dags/AMBER_Daily_Scraping.py took 0.112 seconds
[2025-11-14T07:44:59.628+0000] {processor.py:186} INFO - Started process (PID=273) to work on /opt/airflow/dags/AMBER_Daily_Scraping.py
[2025-11-14T07:44:59.629+0000] {processor.py:914} INFO - Processing file /opt/airflow/dags/AMBER_Daily_Scraping.py for tasks to queue
[2025-11-14T07:44:59.631+0000] {logging_mixin.py:190} INFO - [2025-11-14T07:44:59.631+0000] {dagbag.py:588} INFO - Filling up the DagBag from /opt/airflow/dags/AMBER_Daily_Scraping.py
[2025-11-14T07:44:59.664+0000] {processor.py:925} INFO - DAG(s) 'AMBER_Daily_Scraping' retrieved from /opt/airflow/dags/AMBER_Daily_Scraping.py
[2025-11-14T07:44:59.687+0000] {logging_mixin.py:190} INFO - [2025-11-14T07:44:59.687+0000] {dag.py:3239} INFO - Sync 1 DAGs
[2025-11-14T07:44:59.697+0000] {logging_mixin.py:190} INFO - [2025-11-14T07:44:59.697+0000] {dag.py:4180} INFO - Setting next_dagrun for AMBER_Daily_Scraping to None, run_after=None
[2025-11-14T07:44:59.736+0000] {processor.py:208} INFO - Processing /opt/airflow/dags/AMBER_Daily_Scraping.py took 0.114 seconds
[2025-11-14T07:45:30.336+0000] {processor.py:186} INFO - Started process (PID=274) to work on /opt/airflow/dags/AMBER_Daily_Scraping.py
[2025-11-14T07:45:30.337+0000] {processor.py:914} INFO - Processing file /opt/airflow/dags/AMBER_Daily_Scraping.py for tasks to queue
[2025-11-14T07:45:30.339+0000] {logging_mixin.py:190} INFO - [2025-11-14T07:45:30.338+0000] {dagbag.py:588} INFO - Filling up the DagBag from /opt/airflow/dags/AMBER_Daily_Scraping.py
[2025-11-14T07:45:30.362+0000] {processor.py:925} INFO - DAG(s) 'AMBER_Daily_Scraping' retrieved from /opt/airflow/dags/AMBER_Daily_Scraping.py
[2025-11-14T07:45:30.384+0000] {logging_mixin.py:190} INFO - [2025-11-14T07:45:30.383+0000] {dag.py:3239} INFO - Sync 1 DAGs
[2025-11-14T07:45:30.394+0000] {logging_mixin.py:190} INFO - [2025-11-14T07:45:30.394+0000] {dag.py:4180} INFO - Setting next_dagrun for AMBER_Daily_Scraping to None, run_after=None
[2025-11-14T07:45:30.431+0000] {processor.py:208} INFO - Processing /opt/airflow/dags/AMBER_Daily_Scraping.py took 0.101 seconds
[2025-11-14T07:46:00.946+0000] {processor.py:186} INFO - Started process (PID=275) to work on /opt/airflow/dags/AMBER_Daily_Scraping.py
[2025-11-14T07:46:00.947+0000] {processor.py:914} INFO - Processing file /opt/airflow/dags/AMBER_Daily_Scraping.py for tasks to queue
[2025-11-14T07:46:00.949+0000] {logging_mixin.py:190} INFO - [2025-11-14T07:46:00.949+0000] {dagbag.py:588} INFO - Filling up the DagBag from /opt/airflow/dags/AMBER_Daily_Scraping.py
[2025-11-14T07:46:00.977+0000] {processor.py:925} INFO - DAG(s) 'AMBER_Daily_Scraping' retrieved from /opt/airflow/dags/AMBER_Daily_Scraping.py
[2025-11-14T07:46:01.003+0000] {logging_mixin.py:190} INFO - [2025-11-14T07:46:01.003+0000] {dag.py:3239} INFO - Sync 1 DAGs
[2025-11-14T07:46:01.016+0000] {logging_mixin.py:190} INFO - [2025-11-14T07:46:01.016+0000] {dag.py:4180} INFO - Setting next_dagrun for AMBER_Daily_Scraping to None, run_after=None
[2025-11-14T07:46:01.062+0000] {processor.py:208} INFO - Processing /opt/airflow/dags/AMBER_Daily_Scraping.py took 0.122 seconds
[2025-11-14T08:04:13.510+0000] {processor.py:186} INFO - Started process (PID=300) to work on /opt/airflow/dags/AMBER_Daily_Scraping.py
[2025-11-14T08:04:13.512+0000] {processor.py:914} INFO - Processing file /opt/airflow/dags/AMBER_Daily_Scraping.py for tasks to queue
[2025-11-14T08:04:13.513+0000] {logging_mixin.py:190} INFO - [2025-11-14T08:04:13.513+0000] {dagbag.py:588} INFO - Filling up the DagBag from /opt/airflow/dags/AMBER_Daily_Scraping.py
[2025-11-14T08:04:13.553+0000] {processor.py:925} INFO - DAG(s) 'AMBER_Daily_Scraping' retrieved from /opt/airflow/dags/AMBER_Daily_Scraping.py
[2025-11-14T08:04:13.579+0000] {logging_mixin.py:190} INFO - [2025-11-14T08:04:13.578+0000] {dag.py:3239} INFO - Sync 1 DAGs
[2025-11-14T08:04:13.589+0000] {logging_mixin.py:190} INFO - [2025-11-14T08:04:13.589+0000] {dag.py:4180} INFO - Setting next_dagrun for AMBER_Daily_Scraping to None, run_after=None
[2025-11-14T08:04:13.628+0000] {processor.py:208} INFO - Processing /opt/airflow/dags/AMBER_Daily_Scraping.py took 0.124 seconds
[2025-11-14T08:05:32.622+0000] {processor.py:186} INFO - Started process (PID=325) to work on /opt/airflow/dags/AMBER_Daily_Scraping.py
[2025-11-14T08:05:32.625+0000] {processor.py:914} INFO - Processing file /opt/airflow/dags/AMBER_Daily_Scraping.py for tasks to queue
[2025-11-14T08:05:32.627+0000] {logging_mixin.py:190} INFO - [2025-11-14T08:05:32.627+0000] {dagbag.py:588} INFO - Filling up the DagBag from /opt/airflow/dags/AMBER_Daily_Scraping.py
[2025-11-14T08:05:32.686+0000] {processor.py:925} INFO - DAG(s) 'AMBER_Daily_Scraping' retrieved from /opt/airflow/dags/AMBER_Daily_Scraping.py
[2025-11-14T08:05:32.720+0000] {logging_mixin.py:190} INFO - [2025-11-14T08:05:32.719+0000] {dag.py:3239} INFO - Sync 1 DAGs
[2025-11-14T08:05:32.734+0000] {logging_mixin.py:190} INFO - [2025-11-14T08:05:32.734+0000] {dag.py:4180} INFO - Setting next_dagrun for AMBER_Daily_Scraping to None, run_after=None
[2025-11-14T08:05:32.790+0000] {processor.py:208} INFO - Processing /opt/airflow/dags/AMBER_Daily_Scraping.py took 0.177 seconds
[2025-11-14T08:08:58.864+0000] {processor.py:186} INFO - Started process (PID=350) to work on /opt/airflow/dags/AMBER_Daily_Scraping.py
[2025-11-14T08:08:58.865+0000] {processor.py:914} INFO - Processing file /opt/airflow/dags/AMBER_Daily_Scraping.py for tasks to queue
[2025-11-14T08:08:58.867+0000] {logging_mixin.py:190} INFO - [2025-11-14T08:08:58.867+0000] {dagbag.py:588} INFO - Filling up the DagBag from /opt/airflow/dags/AMBER_Daily_Scraping.py
[2025-11-14T08:08:58.916+0000] {processor.py:925} INFO - DAG(s) 'AMBER_Daily_Scraping' retrieved from /opt/airflow/dags/AMBER_Daily_Scraping.py
[2025-11-14T08:08:58.936+0000] {logging_mixin.py:190} INFO - [2025-11-14T08:08:58.936+0000] {dag.py:3239} INFO - Sync 1 DAGs
[2025-11-14T08:08:58.948+0000] {logging_mixin.py:190} INFO - [2025-11-14T08:08:58.947+0000] {dag.py:4180} INFO - Setting next_dagrun for AMBER_Daily_Scraping to None, run_after=None
[2025-11-14T08:08:58.989+0000] {processor.py:208} INFO - Processing /opt/airflow/dags/AMBER_Daily_Scraping.py took 0.131 seconds
[2025-11-14T08:09:29.790+0000] {processor.py:186} INFO - Started process (PID=374) to work on /opt/airflow/dags/AMBER_Daily_Scraping.py
[2025-11-14T08:09:29.792+0000] {processor.py:914} INFO - Processing file /opt/airflow/dags/AMBER_Daily_Scraping.py for tasks to queue
[2025-11-14T08:09:29.796+0000] {logging_mixin.py:190} INFO - [2025-11-14T08:09:29.794+0000] {dagbag.py:588} INFO - Filling up the DagBag from /opt/airflow/dags/AMBER_Daily_Scraping.py
[2025-11-14T08:09:29.843+0000] {processor.py:925} INFO - DAG(s) 'AMBER_Daily_Scraping' retrieved from /opt/airflow/dags/AMBER_Daily_Scraping.py
[2025-11-14T08:09:29.873+0000] {logging_mixin.py:190} INFO - [2025-11-14T08:09:29.873+0000] {dag.py:3239} INFO - Sync 1 DAGs
[2025-11-14T08:09:29.887+0000] {logging_mixin.py:190} INFO - [2025-11-14T08:09:29.887+0000] {dag.py:4180} INFO - Setting next_dagrun for AMBER_Daily_Scraping to None, run_after=None
[2025-11-14T08:09:29.935+0000] {processor.py:208} INFO - Processing /opt/airflow/dags/AMBER_Daily_Scraping.py took 0.153 seconds
[2025-11-14T08:10:00.324+0000] {processor.py:186} INFO - Started process (PID=375) to work on /opt/airflow/dags/AMBER_Daily_Scraping.py
[2025-11-14T08:10:00.327+0000] {processor.py:914} INFO - Processing file /opt/airflow/dags/AMBER_Daily_Scraping.py for tasks to queue
[2025-11-14T08:10:00.329+0000] {logging_mixin.py:190} INFO - [2025-11-14T08:10:00.329+0000] {dagbag.py:588} INFO - Filling up the DagBag from /opt/airflow/dags/AMBER_Daily_Scraping.py
[2025-11-14T08:10:00.372+0000] {processor.py:925} INFO - DAG(s) 'AMBER_Daily_Scraping' retrieved from /opt/airflow/dags/AMBER_Daily_Scraping.py
[2025-11-14T08:10:00.399+0000] {logging_mixin.py:190} INFO - [2025-11-14T08:10:00.398+0000] {dag.py:3239} INFO - Sync 1 DAGs
[2025-11-14T08:10:00.411+0000] {logging_mixin.py:190} INFO - [2025-11-14T08:10:00.410+0000] {dag.py:4180} INFO - Setting next_dagrun for AMBER_Daily_Scraping to None, run_after=None
[2025-11-14T08:10:00.457+0000] {processor.py:208} INFO - Processing /opt/airflow/dags/AMBER_Daily_Scraping.py took 0.140 seconds
[2025-11-14T08:10:30.973+0000] {processor.py:186} INFO - Started process (PID=376) to work on /opt/airflow/dags/AMBER_Daily_Scraping.py
[2025-11-14T08:10:30.976+0000] {processor.py:914} INFO - Processing file /opt/airflow/dags/AMBER_Daily_Scraping.py for tasks to queue
[2025-11-14T08:10:30.979+0000] {logging_mixin.py:190} INFO - [2025-11-14T08:10:30.978+0000] {dagbag.py:588} INFO - Filling up the DagBag from /opt/airflow/dags/AMBER_Daily_Scraping.py
[2025-11-14T08:10:31.041+0000] {processor.py:925} INFO - DAG(s) 'AMBER_Daily_Scraping' retrieved from /opt/airflow/dags/AMBER_Daily_Scraping.py
[2025-11-14T08:10:31.078+0000] {logging_mixin.py:190} INFO - [2025-11-14T08:10:31.078+0000] {dag.py:3239} INFO - Sync 1 DAGs
[2025-11-14T08:10:31.097+0000] {logging_mixin.py:190} INFO - [2025-11-14T08:10:31.097+0000] {dag.py:4180} INFO - Setting next_dagrun for AMBER_Daily_Scraping to None, run_after=None
[2025-11-14T08:10:31.151+0000] {processor.py:208} INFO - Processing /opt/airflow/dags/AMBER_Daily_Scraping.py took 0.187 seconds
[2025-11-14T08:11:01.709+0000] {processor.py:186} INFO - Started process (PID=377) to work on /opt/airflow/dags/AMBER_Daily_Scraping.py
[2025-11-14T08:11:01.711+0000] {processor.py:914} INFO - Processing file /opt/airflow/dags/AMBER_Daily_Scraping.py for tasks to queue
[2025-11-14T08:11:01.714+0000] {logging_mixin.py:190} INFO - [2025-11-14T08:11:01.714+0000] {dagbag.py:588} INFO - Filling up the DagBag from /opt/airflow/dags/AMBER_Daily_Scraping.py
[2025-11-14T08:11:01.774+0000] {processor.py:925} INFO - DAG(s) 'AMBER_Daily_Scraping' retrieved from /opt/airflow/dags/AMBER_Daily_Scraping.py
[2025-11-14T08:11:01.807+0000] {logging_mixin.py:190} INFO - [2025-11-14T08:11:01.807+0000] {dag.py:3239} INFO - Sync 1 DAGs
[2025-11-14T08:11:01.824+0000] {logging_mixin.py:190} INFO - [2025-11-14T08:11:01.824+0000] {dag.py:4180} INFO - Setting next_dagrun for AMBER_Daily_Scraping to None, run_after=None
[2025-11-14T08:11:01.875+0000] {processor.py:208} INFO - Processing /opt/airflow/dags/AMBER_Daily_Scraping.py took 0.176 seconds
[2025-11-14T08:11:32.306+0000] {processor.py:186} INFO - Started process (PID=378) to work on /opt/airflow/dags/AMBER_Daily_Scraping.py
[2025-11-14T08:11:32.308+0000] {processor.py:914} INFO - Processing file /opt/airflow/dags/AMBER_Daily_Scraping.py for tasks to queue
[2025-11-14T08:11:32.311+0000] {logging_mixin.py:190} INFO - [2025-11-14T08:11:32.310+0000] {dagbag.py:588} INFO - Filling up the DagBag from /opt/airflow/dags/AMBER_Daily_Scraping.py
[2025-11-14T08:11:32.365+0000] {processor.py:925} INFO - DAG(s) 'AMBER_Daily_Scraping' retrieved from /opt/airflow/dags/AMBER_Daily_Scraping.py
[2025-11-14T08:11:32.397+0000] {logging_mixin.py:190} INFO - [2025-11-14T08:11:32.397+0000] {dag.py:3239} INFO - Sync 1 DAGs
[2025-11-14T08:11:32.411+0000] {logging_mixin.py:190} INFO - [2025-11-14T08:11:32.410+0000] {dag.py:4180} INFO - Setting next_dagrun for AMBER_Daily_Scraping to None, run_after=None
[2025-11-14T08:11:32.459+0000] {processor.py:208} INFO - Processing /opt/airflow/dags/AMBER_Daily_Scraping.py took 0.162 seconds
[2025-11-14T08:12:02.850+0000] {processor.py:186} INFO - Started process (PID=379) to work on /opt/airflow/dags/AMBER_Daily_Scraping.py
[2025-11-14T08:12:02.852+0000] {processor.py:914} INFO - Processing file /opt/airflow/dags/AMBER_Daily_Scraping.py for tasks to queue
[2025-11-14T08:12:02.855+0000] {logging_mixin.py:190} INFO - [2025-11-14T08:12:02.854+0000] {dagbag.py:588} INFO - Filling up the DagBag from /opt/airflow/dags/AMBER_Daily_Scraping.py
[2025-11-14T08:12:02.907+0000] {processor.py:925} INFO - DAG(s) 'AMBER_Daily_Scraping' retrieved from /opt/airflow/dags/AMBER_Daily_Scraping.py
[2025-11-14T08:12:02.954+0000] {logging_mixin.py:190} INFO - [2025-11-14T08:12:02.954+0000] {dag.py:3239} INFO - Sync 1 DAGs
[2025-11-14T08:12:02.971+0000] {logging_mixin.py:190} INFO - [2025-11-14T08:12:02.971+0000] {dag.py:4180} INFO - Setting next_dagrun for AMBER_Daily_Scraping to None, run_after=None
[2025-11-14T08:12:03.034+0000] {processor.py:208} INFO - Processing /opt/airflow/dags/AMBER_Daily_Scraping.py took 0.193 seconds
[2025-11-14T08:12:33.433+0000] {processor.py:186} INFO - Started process (PID=380) to work on /opt/airflow/dags/AMBER_Daily_Scraping.py
[2025-11-14T08:12:33.435+0000] {processor.py:914} INFO - Processing file /opt/airflow/dags/AMBER_Daily_Scraping.py for tasks to queue
[2025-11-14T08:12:33.438+0000] {logging_mixin.py:190} INFO - [2025-11-14T08:12:33.437+0000] {dagbag.py:588} INFO - Filling up the DagBag from /opt/airflow/dags/AMBER_Daily_Scraping.py
[2025-11-14T08:12:33.492+0000] {processor.py:925} INFO - DAG(s) 'AMBER_Daily_Scraping' retrieved from /opt/airflow/dags/AMBER_Daily_Scraping.py
[2025-11-14T08:12:33.525+0000] {logging_mixin.py:190} INFO - [2025-11-14T08:12:33.525+0000] {dag.py:3239} INFO - Sync 1 DAGs
[2025-11-14T08:12:33.543+0000] {logging_mixin.py:190} INFO - [2025-11-14T08:12:33.543+0000] {dag.py:4180} INFO - Setting next_dagrun for AMBER_Daily_Scraping to None, run_after=None
[2025-11-14T08:12:33.597+0000] {processor.py:208} INFO - Processing /opt/airflow/dags/AMBER_Daily_Scraping.py took 0.172 seconds
[2025-11-14T08:13:04.068+0000] {processor.py:186} INFO - Started process (PID=381) to work on /opt/airflow/dags/AMBER_Daily_Scraping.py
[2025-11-14T08:13:04.071+0000] {processor.py:914} INFO - Processing file /opt/airflow/dags/AMBER_Daily_Scraping.py for tasks to queue
[2025-11-14T08:13:04.074+0000] {logging_mixin.py:190} INFO - [2025-11-14T08:13:04.074+0000] {dagbag.py:588} INFO - Filling up the DagBag from /opt/airflow/dags/AMBER_Daily_Scraping.py
[2025-11-14T08:13:04.143+0000] {processor.py:925} INFO - DAG(s) 'AMBER_Daily_Scraping' retrieved from /opt/airflow/dags/AMBER_Daily_Scraping.py
[2025-11-14T08:13:04.187+0000] {logging_mixin.py:190} INFO - [2025-11-14T08:13:04.187+0000] {dag.py:3239} INFO - Sync 1 DAGs
[2025-11-14T08:13:04.209+0000] {logging_mixin.py:190} INFO - [2025-11-14T08:13:04.209+0000] {dag.py:4180} INFO - Setting next_dagrun for AMBER_Daily_Scraping to None, run_after=None
[2025-11-14T08:13:04.268+0000] {processor.py:208} INFO - Processing /opt/airflow/dags/AMBER_Daily_Scraping.py took 0.209 seconds
[2025-11-14T08:13:34.661+0000] {processor.py:186} INFO - Started process (PID=382) to work on /opt/airflow/dags/AMBER_Daily_Scraping.py
[2025-11-14T08:13:34.664+0000] {processor.py:914} INFO - Processing file /opt/airflow/dags/AMBER_Daily_Scraping.py for tasks to queue
[2025-11-14T08:13:34.668+0000] {logging_mixin.py:190} INFO - [2025-11-14T08:13:34.667+0000] {dagbag.py:588} INFO - Filling up the DagBag from /opt/airflow/dags/AMBER_Daily_Scraping.py
[2025-11-14T08:13:34.723+0000] {processor.py:925} INFO - DAG(s) 'AMBER_Daily_Scraping' retrieved from /opt/airflow/dags/AMBER_Daily_Scraping.py
[2025-11-14T08:13:34.757+0000] {logging_mixin.py:190} INFO - [2025-11-14T08:13:34.757+0000] {dag.py:3239} INFO - Sync 1 DAGs
[2025-11-14T08:13:34.775+0000] {logging_mixin.py:190} INFO - [2025-11-14T08:13:34.775+0000] {dag.py:4180} INFO - Setting next_dagrun for AMBER_Daily_Scraping to None, run_after=None
[2025-11-14T08:13:34.829+0000] {processor.py:208} INFO - Processing /opt/airflow/dags/AMBER_Daily_Scraping.py took 0.178 seconds
[2025-11-14T08:14:05.546+0000] {processor.py:186} INFO - Started process (PID=383) to work on /opt/airflow/dags/AMBER_Daily_Scraping.py
[2025-11-14T08:14:05.548+0000] {processor.py:914} INFO - Processing file /opt/airflow/dags/AMBER_Daily_Scraping.py for tasks to queue
[2025-11-14T08:14:05.551+0000] {logging_mixin.py:190} INFO - [2025-11-14T08:14:05.551+0000] {dagbag.py:588} INFO - Filling up the DagBag from /opt/airflow/dags/AMBER_Daily_Scraping.py
[2025-11-14T08:14:05.605+0000] {processor.py:925} INFO - DAG(s) 'AMBER_Daily_Scraping' retrieved from /opt/airflow/dags/AMBER_Daily_Scraping.py
[2025-11-14T08:14:05.665+0000] {logging_mixin.py:190} INFO - [2025-11-14T08:14:05.665+0000] {dag.py:3239} INFO - Sync 1 DAGs
[2025-11-14T08:14:05.689+0000] {logging_mixin.py:190} INFO - [2025-11-14T08:14:05.689+0000] {dag.py:4180} INFO - Setting next_dagrun for AMBER_Daily_Scraping to None, run_after=None
[2025-11-14T08:14:05.754+0000] {processor.py:208} INFO - Processing /opt/airflow/dags/AMBER_Daily_Scraping.py took 0.223 seconds
[2025-11-14T08:14:36.010+0000] {processor.py:186} INFO - Started process (PID=397) to work on /opt/airflow/dags/AMBER_Daily_Scraping.py
[2025-11-14T08:14:36.012+0000] {processor.py:914} INFO - Processing file /opt/airflow/dags/AMBER_Daily_Scraping.py for tasks to queue
[2025-11-14T08:14:36.014+0000] {logging_mixin.py:190} INFO - [2025-11-14T08:14:36.014+0000] {dagbag.py:588} INFO - Filling up the DagBag from /opt/airflow/dags/AMBER_Daily_Scraping.py
[2025-11-14T08:14:36.083+0000] {processor.py:925} INFO - DAG(s) 'AMBER_Daily_Scraping' retrieved from /opt/airflow/dags/AMBER_Daily_Scraping.py
[2025-11-14T08:14:36.138+0000] {logging_mixin.py:190} INFO - [2025-11-14T08:14:36.138+0000] {dag.py:3239} INFO - Sync 1 DAGs
[2025-11-14T08:14:36.157+0000] {logging_mixin.py:190} INFO - [2025-11-14T08:14:36.156+0000] {dag.py:4180} INFO - Setting next_dagrun for AMBER_Daily_Scraping to None, run_after=None
[2025-11-14T08:14:36.209+0000] {processor.py:208} INFO - Processing /opt/airflow/dags/AMBER_Daily_Scraping.py took 0.209 seconds
[2025-11-14T08:15:06.647+0000] {processor.py:186} INFO - Started process (PID=405) to work on /opt/airflow/dags/AMBER_Daily_Scraping.py
[2025-11-14T08:15:06.650+0000] {processor.py:914} INFO - Processing file /opt/airflow/dags/AMBER_Daily_Scraping.py for tasks to queue
[2025-11-14T08:15:06.654+0000] {logging_mixin.py:190} INFO - [2025-11-14T08:15:06.653+0000] {dagbag.py:588} INFO - Filling up the DagBag from /opt/airflow/dags/AMBER_Daily_Scraping.py
[2025-11-14T08:15:06.711+0000] {processor.py:925} INFO - DAG(s) 'AMBER_Daily_Scraping' retrieved from /opt/airflow/dags/AMBER_Daily_Scraping.py
[2025-11-14T08:15:06.759+0000] {logging_mixin.py:190} INFO - [2025-11-14T08:15:06.758+0000] {dag.py:3239} INFO - Sync 1 DAGs
[2025-11-14T08:15:06.778+0000] {logging_mixin.py:190} INFO - [2025-11-14T08:15:06.778+0000] {dag.py:4180} INFO - Setting next_dagrun for AMBER_Daily_Scraping to None, run_after=None
[2025-11-14T08:15:06.831+0000] {processor.py:208} INFO - Processing /opt/airflow/dags/AMBER_Daily_Scraping.py took 0.194 seconds
