[2025-11-19T07:24:38.602+0000] {local_task_job_runner.py:123} INFO - ::group::Pre task execution logs
[2025-11-19T07:24:38.610+0000] {taskinstance.py:2612} INFO - Dependencies all met for dep_context=non-requeueable deps ti=<TaskInstance: AMBER_Daily_Scraping.web_json_scrape manual__2025-11-19T06:55:35.678544+00:00 [queued]>
[2025-11-19T07:24:38.614+0000] {taskinstance.py:2612} INFO - Dependencies all met for dep_context=requeueable deps ti=<TaskInstance: AMBER_Daily_Scraping.web_json_scrape manual__2025-11-19T06:55:35.678544+00:00 [queued]>
[2025-11-19T07:24:38.615+0000] {taskinstance.py:2865} INFO - Starting attempt 1 of 3
[2025-11-19T07:24:38.639+0000] {taskinstance.py:2888} INFO - Executing <Task(BashOperator): web_json_scrape> on 2025-11-19 06:55:35.678544+00:00
[2025-11-19T07:24:38.642+0000] {standard_task_runner.py:72} INFO - Started process 97 to run task
[2025-11-19T07:24:38.646+0000] {standard_task_runner.py:104} INFO - Running: ['airflow', 'tasks', 'run', 'AMBER_Daily_Scraping', 'web_json_scrape', 'manual__2025-11-19T06:55:35.678544+00:00', '--job-id', '49', '--raw', '--subdir', 'DAGS_FOLDER/AMBER_Daily_Scraping.py', '--cfg-path', '/tmp/tmpzugszlgw']
[2025-11-19T07:24:38.648+0000] {standard_task_runner.py:105} INFO - Job 49: Subtask web_json_scrape
[2025-11-19T07:24:38.696+0000] {task_command.py:467} INFO - Running <TaskInstance: AMBER_Daily_Scraping.web_json_scrape manual__2025-11-19T06:55:35.678544+00:00 [running]> on host d2812a83231f
[2025-11-19T07:24:38.779+0000] {taskinstance.py:3131} INFO - Exporting env vars: AIRFLOW_CTX_DAG_OWNER='data' AIRFLOW_CTX_DAG_ID='AMBER_Daily_Scraping' AIRFLOW_CTX_TASK_ID='web_json_scrape' AIRFLOW_CTX_EXECUTION_DATE='2025-11-19T06:55:35.678544+00:00' AIRFLOW_CTX_TRY_NUMBER='1' AIRFLOW_CTX_DAG_RUN_ID='manual__2025-11-19T06:55:35.678544+00:00'
[2025-11-19T07:24:38.780+0000] {taskinstance.py:731} INFO - ::endgroup::
[2025-11-19T07:24:38.804+0000] {subprocess.py:63} INFO - Tmp dir root location: /tmp
[2025-11-19T07:24:38.806+0000] {subprocess.py:75} INFO - Running command: ['/usr/bin/bash', '-c', 'cd /opt/airflow/dags/scripts && python AMBER_JSON_Scraping.py']
[2025-11-19T07:24:38.815+0000] {subprocess.py:86} INFO - Output:
[2025-11-19T07:25:07.505+0000] {subprocess.py:93} INFO - Wrote data to folder: /opt/airflow/data/CleanData/AMBER2020/amber_202004
[2025-11-19T07:25:07.506+0000] {subprocess.py:93} INFO - Wrote data to folder: /opt/airflow/data/CleanData/AMBER2020/amber_202008
[2025-11-19T07:25:07.507+0000] {subprocess.py:93} INFO - Wrote data to folder: /opt/airflow/data/CleanData/AMBER2020/amber_202012
[2025-11-19T07:25:07.507+0000] {subprocess.py:93} INFO - Wrote data to folder: /opt/airflow/data/CleanData/AMBER2020/amber_202002
[2025-11-19T07:25:07.508+0000] {subprocess.py:93} INFO - Wrote data to folder: /opt/airflow/data/CleanData/AMBER2020/amber_202001
[2025-11-19T07:25:07.509+0000] {subprocess.py:93} INFO - Wrote data to folder: /opt/airflow/data/CleanData/AMBER2020/amber_202007
[2025-11-19T07:25:07.509+0000] {subprocess.py:93} INFO - Wrote data to folder: /opt/airflow/data/CleanData/AMBER2020/amber_202006
[2025-11-19T07:25:07.510+0000] {subprocess.py:93} INFO - Wrote data to folder: /opt/airflow/data/CleanData/AMBER2020/amber_202003
[2025-11-19T07:25:07.510+0000] {subprocess.py:93} INFO - Wrote data to folder: /opt/airflow/data/CleanData/AMBER2020/amber_202005
[2025-11-19T07:25:07.511+0000] {subprocess.py:93} INFO - Wrote data to folder: /opt/airflow/data/CleanData/AMBER2020/amber_202011
[2025-11-19T07:25:07.511+0000] {subprocess.py:93} INFO - Wrote data to folder: /opt/airflow/data/CleanData/AMBER2020/amber_202010
[2025-11-19T07:25:07.512+0000] {subprocess.py:93} INFO - Wrote data to folder: /opt/airflow/data/CleanData/AMBER2020/amber_202009
[2025-11-19T07:25:07.512+0000] {subprocess.py:93} INFO - Wrote data to folder: /opt/airflow/data/CleanData/AMBER2021/amber_202104
[2025-11-19T07:25:07.512+0000] {subprocess.py:93} INFO - Wrote data to folder: /opt/airflow/data/CleanData/AMBER2021/amber_202108
[2025-11-19T07:25:07.513+0000] {subprocess.py:93} INFO - Wrote data to folder: /opt/airflow/data/CleanData/AMBER2021/amber_202112
[2025-11-19T07:25:07.513+0000] {subprocess.py:93} INFO - Wrote data to folder: /opt/airflow/data/CleanData/AMBER2021/amber_202102
[2025-11-19T07:25:07.514+0000] {subprocess.py:93} INFO - Wrote data to folder: /opt/airflow/data/CleanData/AMBER2021/amber_202101
[2025-11-19T07:25:07.514+0000] {subprocess.py:93} INFO - Wrote data to folder: /opt/airflow/data/CleanData/AMBER2021/amber_202107
[2025-11-19T07:25:07.515+0000] {subprocess.py:93} INFO - Wrote data to folder: /opt/airflow/data/CleanData/AMBER2021/amber_202106
[2025-11-19T07:25:07.515+0000] {subprocess.py:93} INFO - Wrote data to folder: /opt/airflow/data/CleanData/AMBER2021/amber_202103
[2025-11-19T07:25:07.516+0000] {subprocess.py:93} INFO - Wrote data to folder: /opt/airflow/data/CleanData/AMBER2021/amber_202105
[2025-11-19T07:25:07.516+0000] {subprocess.py:93} INFO - Wrote data to folder: /opt/airflow/data/CleanData/AMBER2021/amber_202111
[2025-11-19T07:25:07.516+0000] {subprocess.py:93} INFO - Wrote data to folder: /opt/airflow/data/CleanData/AMBER2021/amber_202110
[2025-11-19T07:25:07.516+0000] {subprocess.py:93} INFO - Wrote data to folder: /opt/airflow/data/CleanData/AMBER2021/amber_202109
[2025-11-19T07:25:07.517+0000] {subprocess.py:93} INFO - Wrote data to folder: /opt/airflow/data/CleanData/AMBER2022/amber_202204
[2025-11-19T07:25:07.517+0000] {subprocess.py:93} INFO - Wrote data to folder: /opt/airflow/data/CleanData/AMBER2022/amber_202208
[2025-11-19T07:25:07.517+0000] {subprocess.py:93} INFO - Wrote data to folder: /opt/airflow/data/CleanData/AMBER2022/amber_202212
[2025-11-19T07:25:07.518+0000] {subprocess.py:93} INFO - Wrote data to folder: /opt/airflow/data/CleanData/AMBER2022/amber_202202
[2025-11-19T07:25:07.518+0000] {subprocess.py:93} INFO - Wrote data to folder: /opt/airflow/data/CleanData/AMBER2022/amber_202201
[2025-11-19T07:25:07.518+0000] {subprocess.py:93} INFO - Wrote data to folder: /opt/airflow/data/CleanData/AMBER2022/amber_202207
[2025-11-19T07:25:07.519+0000] {subprocess.py:93} INFO - Wrote data to folder: /opt/airflow/data/CleanData/AMBER2022/amber_202206
[2025-11-19T07:25:07.519+0000] {subprocess.py:93} INFO - Wrote data to folder: /opt/airflow/data/CleanData/AMBER2022/amber_202203
[2025-11-19T07:25:07.519+0000] {subprocess.py:93} INFO - Wrote data to folder: /opt/airflow/data/CleanData/AMBER2022/amber_202205
[2025-11-19T07:25:07.520+0000] {subprocess.py:93} INFO - Wrote data to folder: /opt/airflow/data/CleanData/AMBER2022/amber_202211
[2025-11-19T07:25:07.520+0000] {subprocess.py:93} INFO - Wrote data to folder: /opt/airflow/data/CleanData/AMBER2022/amber_202210
[2025-11-19T07:25:07.521+0000] {subprocess.py:93} INFO - Wrote data to folder: /opt/airflow/data/CleanData/AMBER2022/amber_202209
[2025-11-19T07:25:07.521+0000] {subprocess.py:93} INFO - Wrote data to folder: /opt/airflow/data/CleanData/AMBER2023/amber_202304
[2025-11-19T07:25:07.521+0000] {subprocess.py:93} INFO - Wrote data to folder: /opt/airflow/data/CleanData/AMBER2023/amber_202308
[2025-11-19T07:25:07.522+0000] {subprocess.py:93} INFO - Wrote data to folder: /opt/airflow/data/CleanData/AMBER2023/amber_202312
[2025-11-19T07:25:07.522+0000] {subprocess.py:93} INFO - Wrote data to folder: /opt/airflow/data/CleanData/AMBER2023/amber_202302
[2025-11-19T07:25:07.523+0000] {subprocess.py:93} INFO - Wrote data to folder: /opt/airflow/data/CleanData/AMBER2023/amber_202301
[2025-11-19T07:25:07.523+0000] {subprocess.py:93} INFO - Wrote data to folder: /opt/airflow/data/CleanData/AMBER2023/amber_202307
[2025-11-19T07:25:07.524+0000] {subprocess.py:93} INFO - Wrote data to folder: /opt/airflow/data/CleanData/AMBER2023/amber_202306
[2025-11-19T07:25:07.524+0000] {subprocess.py:93} INFO - Wrote data to folder: /opt/airflow/data/CleanData/AMBER2023/amber_202303
[2025-11-19T07:25:07.524+0000] {subprocess.py:93} INFO - Wrote data to folder: /opt/airflow/data/CleanData/AMBER2023/amber_202305
[2025-11-19T07:25:07.525+0000] {subprocess.py:93} INFO - Wrote data to folder: /opt/airflow/data/CleanData/AMBER2023/amber_202311
[2025-11-19T07:25:07.525+0000] {subprocess.py:93} INFO - Wrote data to folder: /opt/airflow/data/CleanData/AMBER2023/amber_202310
[2025-11-19T07:25:07.526+0000] {subprocess.py:93} INFO - Wrote data to folder: /opt/airflow/data/CleanData/AMBER2023/amber_202309
[2025-11-19T07:25:07.526+0000] {subprocess.py:93} INFO - Wrote data to folder: /opt/airflow/data/CleanData/AMBER2024/amber_202404
[2025-11-19T07:25:07.527+0000] {subprocess.py:93} INFO - Wrote data to folder: /opt/airflow/data/CleanData/AMBER2024/amber_202408
[2025-11-19T07:25:07.527+0000] {subprocess.py:93} INFO - Wrote data to folder: /opt/airflow/data/CleanData/AMBER2024/amber_202412
[2025-11-19T07:25:07.527+0000] {subprocess.py:93} INFO - Wrote data to folder: /opt/airflow/data/CleanData/AMBER2024/amber_202402
[2025-11-19T07:25:07.528+0000] {subprocess.py:93} INFO - Wrote data to folder: /opt/airflow/data/CleanData/AMBER2024/amber_202401
[2025-11-19T07:25:07.528+0000] {subprocess.py:93} INFO - Wrote data to folder: /opt/airflow/data/CleanData/AMBER2024/amber_202407
[2025-11-19T07:25:07.528+0000] {subprocess.py:93} INFO - Wrote data to folder: /opt/airflow/data/CleanData/AMBER2024/amber_202406
[2025-11-19T07:25:07.529+0000] {subprocess.py:93} INFO - Wrote data to folder: /opt/airflow/data/CleanData/AMBER2024/amber_202403
[2025-11-19T07:25:07.529+0000] {subprocess.py:93} INFO - Wrote data to folder: /opt/airflow/data/CleanData/AMBER2024/amber_202405
[2025-11-19T07:25:07.529+0000] {subprocess.py:93} INFO - Wrote data to folder: /opt/airflow/data/CleanData/AMBER2024/amber_202411
[2025-11-19T07:25:07.530+0000] {subprocess.py:93} INFO - Wrote data to folder: /opt/airflow/data/CleanData/AMBER2024/amber_202410
[2025-11-19T07:25:07.530+0000] {subprocess.py:93} INFO - Wrote data to folder: /opt/airflow/data/CleanData/AMBER2024/amber_202409
[2025-11-19T07:25:07.530+0000] {subprocess.py:93} INFO - Wrote data to folder: /opt/airflow/data/CleanData/AMBER2025/amber_202504
[2025-11-19T07:25:07.530+0000] {subprocess.py:93} INFO - Wrote data to folder: /opt/airflow/data/CleanData/AMBER2025/amber_202508
[2025-11-19T07:25:07.531+0000] {subprocess.py:93} INFO - Wrote data to folder: /opt/airflow/data/CleanData/AMBER2025/amber_202502
[2025-11-19T07:25:07.531+0000] {subprocess.py:93} INFO - Wrote data to folder: /opt/airflow/data/CleanData/AMBER2025/amber_202501
[2025-11-19T07:25:07.531+0000] {subprocess.py:93} INFO - Wrote data to folder: /opt/airflow/data/CleanData/AMBER2025/amber_202507
[2025-11-19T07:25:07.531+0000] {subprocess.py:93} INFO - Wrote data to folder: /opt/airflow/data/CleanData/AMBER2025/amber_202506
[2025-11-19T07:25:07.532+0000] {subprocess.py:93} INFO - Wrote data to folder: /opt/airflow/data/CleanData/AMBER2025/amber_202503
[2025-11-19T07:25:07.532+0000] {subprocess.py:93} INFO - Wrote data to folder: /opt/airflow/data/CleanData/AMBER2025/amber_202505
[2025-11-19T07:25:07.532+0000] {subprocess.py:93} INFO - Wrote data to folder: /opt/airflow/data/CleanData/AMBER2025/amber_202511
[2025-11-19T07:25:07.533+0000] {subprocess.py:93} INFO - Wrote data to folder: /opt/airflow/data/CleanData/AMBER2025/amber_202510
[2025-11-19T07:25:07.533+0000] {subprocess.py:93} INFO - Wrote data to folder: /opt/airflow/data/CleanData/AMBER2025/amber_202509
[2025-11-19T07:25:07.534+0000] {subprocess.py:93} INFO - Wrote data to folder: /opt/airflow/data/CleanData/AMBER2025/amber_202500
[2025-11-19T07:25:07.534+0000] {subprocess.py:93} INFO - Wrote data to folder: /opt/airflow/data/CleanData/AMBER2025/amber_202500
[2025-11-19T07:25:07.534+0000] {subprocess.py:97} INFO - Command exited with return code 0
[2025-11-19T07:25:07.560+0000] {taskinstance.py:340} INFO - ::group::Post task execution logs
[2025-11-19T07:25:07.561+0000] {taskinstance.py:352} INFO - Marking task as SUCCESS. dag_id=AMBER_Daily_Scraping, task_id=web_json_scrape, run_id=manual__2025-11-19T06:55:35.678544+00:00, execution_date=20251119T065535, start_date=20251119T072438, end_date=20251119T072507
[2025-11-19T07:25:07.599+0000] {local_task_job_runner.py:266} INFO - Task exited with return code 0
[2025-11-19T07:25:07.610+0000] {taskinstance.py:3900} INFO - 1 downstream tasks scheduled from follow-on schedule check
[2025-11-19T07:25:07.628+0000] {local_task_job_runner.py:245} INFO - ::endgroup::
