[2025-10-30T21:06:09.526+0000] {processor.py:161} INFO - Started process (PID=66) to work on /opt/airflow/dags/airflow_dag.py
[2025-10-30T21:06:09.529+0000] {processor.py:830} INFO - Processing file /opt/airflow/dags/airflow_dag.py for tasks to queue
[2025-10-30T21:06:09.538+0000] {logging_mixin.py:188} INFO - [2025-10-30T21:06:09.537+0000] {dagbag.py:545} INFO - Filling up the DagBag from /opt/airflow/dags/airflow_dag.py
[2025-10-30T21:06:10.228+0000] {processor.py:840} INFO - DAG(s) 'amber_scraper_dag' retrieved from /opt/airflow/dags/airflow_dag.py
[2025-10-30T21:06:10.774+0000] {logging_mixin.py:188} INFO - [2025-10-30T21:06:10.773+0000] {override.py:1829} INFO - Created Permission View: can delete on DAG:amber_scraper_dag
[2025-10-30T21:06:10.803+0000] {logging_mixin.py:188} INFO - [2025-10-30T21:06:10.802+0000] {override.py:1829} INFO - Created Permission View: can read on DAG:amber_scraper_dag
[2025-10-30T21:06:10.817+0000] {logging_mixin.py:188} INFO - [2025-10-30T21:06:10.817+0000] {override.py:1829} INFO - Created Permission View: can edit on DAG:amber_scraper_dag
[2025-10-30T21:06:10.819+0000] {logging_mixin.py:188} INFO - [2025-10-30T21:06:10.818+0000] {dag.py:3096} INFO - Sync 1 DAGs
[2025-10-30T21:06:10.953+0000] {logging_mixin.py:188} INFO - [2025-10-30T21:06:10.951+0000] {dag.py:3118} INFO - Creating ORM DAG for amber_scraper_dag
[2025-10-30T21:06:10.993+0000] {logging_mixin.py:188} INFO - [2025-10-30T21:06:10.992+0000] {dag.py:3954} INFO - Setting next_dagrun for amber_scraper_dag to 2025-10-29 00:00:00+00:00, run_after=2025-10-30 00:00:00+00:00
[2025-10-30T21:06:11.226+0000] {processor.py:183} INFO - Processing /opt/airflow/dags/airflow_dag.py took 1.720 seconds
[2025-10-30T21:06:41.394+0000] {processor.py:161} INFO - Started process (PID=126) to work on /opt/airflow/dags/airflow_dag.py
[2025-10-30T21:06:41.397+0000] {processor.py:830} INFO - Processing file /opt/airflow/dags/airflow_dag.py for tasks to queue
[2025-10-30T21:06:41.405+0000] {logging_mixin.py:188} INFO - [2025-10-30T21:06:41.404+0000] {dagbag.py:545} INFO - Filling up the DagBag from /opt/airflow/dags/airflow_dag.py
[2025-10-30T21:06:41.587+0000] {processor.py:840} INFO - DAG(s) 'amber_scraper_dag' retrieved from /opt/airflow/dags/airflow_dag.py
[2025-10-30T21:06:41.627+0000] {logging_mixin.py:188} INFO - [2025-10-30T21:06:41.626+0000] {dag.py:3096} INFO - Sync 1 DAGs
[2025-10-30T21:06:41.686+0000] {logging_mixin.py:188} INFO - [2025-10-30T21:06:41.685+0000] {dag.py:3954} INFO - Setting next_dagrun for amber_scraper_dag to 2025-10-29 00:00:00+00:00, run_after=2025-10-30 00:00:00+00:00
[2025-10-30T21:06:41.736+0000] {processor.py:183} INFO - Processing /opt/airflow/dags/airflow_dag.py took 0.353 seconds
[2025-10-30T21:07:12.212+0000] {processor.py:161} INFO - Started process (PID=183) to work on /opt/airflow/dags/airflow_dag.py
[2025-10-30T21:07:12.216+0000] {processor.py:830} INFO - Processing file /opt/airflow/dags/airflow_dag.py for tasks to queue
[2025-10-30T21:07:12.250+0000] {logging_mixin.py:188} INFO - [2025-10-30T21:07:12.239+0000] {dagbag.py:545} INFO - Filling up the DagBag from /opt/airflow/dags/airflow_dag.py
[2025-10-30T21:07:13.215+0000] {processor.py:840} INFO - DAG(s) 'amber_scraper_dag' retrieved from /opt/airflow/dags/airflow_dag.py
[2025-10-30T21:07:13.260+0000] {logging_mixin.py:188} INFO - [2025-10-30T21:07:13.259+0000] {dag.py:3096} INFO - Sync 1 DAGs
[2025-10-30T21:07:13.319+0000] {logging_mixin.py:188} INFO - [2025-10-30T21:07:13.318+0000] {dag.py:3954} INFO - Setting next_dagrun for amber_scraper_dag to 2025-10-29 00:00:00+00:00, run_after=2025-10-30 00:00:00+00:00
[2025-10-30T21:07:13.382+0000] {processor.py:183} INFO - Processing /opt/airflow/dags/airflow_dag.py took 1.408 seconds
[2025-10-30T21:07:43.784+0000] {processor.py:161} INFO - Started process (PID=247) to work on /opt/airflow/dags/airflow_dag.py
[2025-10-30T21:07:43.786+0000] {processor.py:830} INFO - Processing file /opt/airflow/dags/airflow_dag.py for tasks to queue
[2025-10-30T21:07:43.789+0000] {logging_mixin.py:188} INFO - [2025-10-30T21:07:43.789+0000] {dagbag.py:545} INFO - Filling up the DagBag from /opt/airflow/dags/airflow_dag.py
[2025-10-30T21:07:44.009+0000] {processor.py:840} INFO - DAG(s) 'amber_scraper_dag' retrieved from /opt/airflow/dags/airflow_dag.py
[2025-10-30T21:07:44.110+0000] {logging_mixin.py:188} INFO - [2025-10-30T21:07:44.110+0000] {dag.py:3096} INFO - Sync 1 DAGs
[2025-10-30T21:07:44.160+0000] {logging_mixin.py:188} INFO - [2025-10-30T21:07:44.159+0000] {dag.py:3954} INFO - Setting next_dagrun for amber_scraper_dag to 2025-10-30 00:00:00+00:00, run_after=2025-10-31 00:00:00+00:00
[2025-10-30T21:07:44.198+0000] {processor.py:183} INFO - Processing /opt/airflow/dags/airflow_dag.py took 0.423 seconds
[2025-10-30T21:08:14.263+0000] {processor.py:161} INFO - Started process (PID=307) to work on /opt/airflow/dags/airflow_dag.py
[2025-10-30T21:08:14.265+0000] {processor.py:830} INFO - Processing file /opt/airflow/dags/airflow_dag.py for tasks to queue
[2025-10-30T21:08:14.267+0000] {logging_mixin.py:188} INFO - [2025-10-30T21:08:14.267+0000] {dagbag.py:545} INFO - Filling up the DagBag from /opt/airflow/dags/airflow_dag.py
[2025-10-30T21:08:14.481+0000] {processor.py:840} INFO - DAG(s) 'amber_scraper_dag' retrieved from /opt/airflow/dags/airflow_dag.py
[2025-10-30T21:08:14.649+0000] {logging_mixin.py:188} INFO - [2025-10-30T21:08:14.645+0000] {dag.py:3096} INFO - Sync 1 DAGs
[2025-10-30T21:08:14.772+0000] {logging_mixin.py:188} INFO - [2025-10-30T21:08:14.771+0000] {dag.py:3954} INFO - Setting next_dagrun for amber_scraper_dag to 2025-10-30 00:00:00+00:00, run_after=2025-10-31 00:00:00+00:00
[2025-10-30T21:08:14.841+0000] {processor.py:183} INFO - Processing /opt/airflow/dags/airflow_dag.py took 0.586 seconds
[2025-10-30T21:08:45.363+0000] {processor.py:161} INFO - Started process (PID=365) to work on /opt/airflow/dags/airflow_dag.py
[2025-10-30T21:08:45.366+0000] {processor.py:830} INFO - Processing file /opt/airflow/dags/airflow_dag.py for tasks to queue
[2025-10-30T21:08:45.372+0000] {logging_mixin.py:188} INFO - [2025-10-30T21:08:45.371+0000] {dagbag.py:545} INFO - Filling up the DagBag from /opt/airflow/dags/airflow_dag.py
[2025-10-30T21:08:45.901+0000] {processor.py:840} INFO - DAG(s) 'amber_scraper_dag' retrieved from /opt/airflow/dags/airflow_dag.py
[2025-10-30T21:08:45.991+0000] {logging_mixin.py:188} INFO - [2025-10-30T21:08:45.990+0000] {dag.py:3096} INFO - Sync 1 DAGs
[2025-10-30T21:08:46.107+0000] {logging_mixin.py:188} INFO - [2025-10-30T21:08:46.106+0000] {dag.py:3954} INFO - Setting next_dagrun for amber_scraper_dag to 2025-10-30 00:00:00+00:00, run_after=2025-10-31 00:00:00+00:00
[2025-10-30T21:08:46.313+0000] {processor.py:183} INFO - Processing /opt/airflow/dags/airflow_dag.py took 0.984 seconds
[2025-10-30T21:09:18.397+0000] {processor.py:161} INFO - Started process (PID=409) to work on /opt/airflow/dags/airflow_dag.py
[2025-10-30T21:09:18.404+0000] {processor.py:830} INFO - Processing file /opt/airflow/dags/airflow_dag.py for tasks to queue
[2025-10-30T21:09:18.410+0000] {logging_mixin.py:188} INFO - [2025-10-30T21:09:18.409+0000] {dagbag.py:545} INFO - Filling up the DagBag from /opt/airflow/dags/airflow_dag.py
[2025-10-30T21:09:19.403+0000] {processor.py:840} INFO - DAG(s) 'amber_scraper_dag' retrieved from /opt/airflow/dags/airflow_dag.py
[2025-10-30T21:09:19.490+0000] {logging_mixin.py:188} INFO - [2025-10-30T21:09:19.489+0000] {dag.py:3096} INFO - Sync 1 DAGs
[2025-10-30T21:09:19.576+0000] {logging_mixin.py:188} INFO - [2025-10-30T21:09:19.575+0000] {dag.py:3954} INFO - Setting next_dagrun for amber_scraper_dag to 2025-10-30 00:00:00+00:00, run_after=2025-10-31 00:00:00+00:00
[2025-10-30T21:09:19.638+0000] {processor.py:183} INFO - Processing /opt/airflow/dags/airflow_dag.py took 1.264 seconds
[2025-10-30T21:09:52.436+0000] {processor.py:161} INFO - Started process (PID=470) to work on /opt/airflow/dags/airflow_dag.py
[2025-10-30T21:09:52.441+0000] {processor.py:830} INFO - Processing file /opt/airflow/dags/airflow_dag.py for tasks to queue
[2025-10-30T21:09:52.451+0000] {logging_mixin.py:188} INFO - [2025-10-30T21:09:52.447+0000] {dagbag.py:545} INFO - Filling up the DagBag from /opt/airflow/dags/airflow_dag.py
[2025-10-30T21:09:53.325+0000] {processor.py:840} INFO - DAG(s) 'amber_scraper_dag' retrieved from /opt/airflow/dags/airflow_dag.py
[2025-10-30T21:09:53.485+0000] {logging_mixin.py:188} INFO - [2025-10-30T21:09:53.465+0000] {dag.py:3096} INFO - Sync 1 DAGs
