[2025-11-14T08:04:16.729+0000] {local_task_job_runner.py:123} INFO - ::group::Pre task execution logs
[2025-11-14T08:04:16.737+0000] {taskinstance.py:2612} INFO - Dependencies all met for dep_context=non-requeueable deps ti=<TaskInstance: AMBER_Daily_Scraping.amber_json_scrape manual__2025-11-14T06:54:59.216762+00:00 [queued]>
[2025-11-14T08:04:16.746+0000] {taskinstance.py:2612} INFO - Dependencies all met for dep_context=requeueable deps ti=<TaskInstance: AMBER_Daily_Scraping.amber_json_scrape manual__2025-11-14T06:54:59.216762+00:00 [queued]>
[2025-11-14T08:04:16.748+0000] {taskinstance.py:2865} INFO - Starting attempt 2 of 4
[2025-11-14T08:04:16.923+0000] {taskinstance.py:2888} INFO - Executing <Task(BashOperator): amber_json_scrape> on 2025-11-14 06:54:59.216762+00:00
[2025-11-14T08:04:16.929+0000] {standard_task_runner.py:72} INFO - Started process 321 to run task
[2025-11-14T08:04:16.934+0000] {standard_task_runner.py:104} INFO - Running: ['airflow', 'tasks', 'run', 'AMBER_Daily_Scraping', 'amber_json_scrape', 'manual__2025-11-14T06:54:59.216762+00:00', '--job-id', '10', '--raw', '--subdir', 'DAGS_FOLDER/AMBER_Daily_Scraping.py', '--cfg-path', '/tmp/tmpes40qbbt']
[2025-11-14T08:04:16.937+0000] {standard_task_runner.py:105} INFO - Job 10: Subtask amber_json_scrape
[2025-11-14T08:04:17.004+0000] {task_command.py:467} INFO - Running <TaskInstance: AMBER_Daily_Scraping.amber_json_scrape manual__2025-11-14T06:54:59.216762+00:00 [running]> on host d2ef9d68fa71
[2025-11-14T08:04:17.086+0000] {taskinstance.py:3131} INFO - Exporting env vars: AIRFLOW_CTX_DAG_OWNER='data' AIRFLOW_CTX_DAG_ID='AMBER_Daily_Scraping' AIRFLOW_CTX_TASK_ID='amber_json_scrape' AIRFLOW_CTX_EXECUTION_DATE='2025-11-14T06:54:59.216762+00:00' AIRFLOW_CTX_TRY_NUMBER='2' AIRFLOW_CTX_DAG_RUN_ID='manual__2025-11-14T06:54:59.216762+00:00'
[2025-11-14T08:04:17.088+0000] {taskinstance.py:731} INFO - ::endgroup::
[2025-11-14T08:04:17.101+0000] {subprocess.py:63} INFO - Tmp dir root location: /tmp
[2025-11-14T08:04:17.103+0000] {subprocess.py:75} INFO - Running command: ['/usr/bin/bash', '-c', 'cd /opt/airflow/dags/scripts && python AMBER_JSON_Scraping.py']
[2025-11-14T08:04:17.111+0000] {subprocess.py:86} INFO - Output:
[2025-11-14T08:05:28.989+0000] {subprocess.py:93} INFO - Wrote data to folder: /opt/airflow/data/CleanData/AMBER2020/amber_202004
[2025-11-14T08:05:28.990+0000] {subprocess.py:93} INFO - Wrote data to folder: /opt/airflow/data/CleanData/AMBER2020/amber_202008
[2025-11-14T08:05:28.992+0000] {subprocess.py:93} INFO - Wrote data to folder: /opt/airflow/data/CleanData/AMBER2020/amber_202012
[2025-11-14T08:05:28.993+0000] {subprocess.py:93} INFO - Wrote data to folder: /opt/airflow/data/CleanData/AMBER2020/amber_202002
[2025-11-14T08:05:28.994+0000] {subprocess.py:93} INFO - Wrote data to folder: /opt/airflow/data/CleanData/AMBER2020/amber_202001
[2025-11-14T08:05:28.995+0000] {subprocess.py:93} INFO - Wrote data to folder: /opt/airflow/data/CleanData/AMBER2020/amber_202007
[2025-11-14T08:05:28.996+0000] {subprocess.py:93} INFO - Wrote data to folder: /opt/airflow/data/CleanData/AMBER2020/amber_202006
[2025-11-14T08:05:28.997+0000] {subprocess.py:93} INFO - Wrote data to folder: /opt/airflow/data/CleanData/AMBER2020/amber_202003
[2025-11-14T08:05:28.998+0000] {subprocess.py:93} INFO - Wrote data to folder: /opt/airflow/data/CleanData/AMBER2020/amber_202005
[2025-11-14T08:05:28.999+0000] {subprocess.py:93} INFO - Wrote data to folder: /opt/airflow/data/CleanData/AMBER2020/amber_202011
[2025-11-14T08:05:29.000+0000] {subprocess.py:93} INFO - Wrote data to folder: /opt/airflow/data/CleanData/AMBER2020/amber_202010
[2025-11-14T08:05:29.002+0000] {subprocess.py:93} INFO - Wrote data to folder: /opt/airflow/data/CleanData/AMBER2020/amber_202009
[2025-11-14T08:05:29.003+0000] {subprocess.py:93} INFO - Wrote data to folder: /opt/airflow/data/CleanData/AMBER2021/amber_202104
[2025-11-14T08:05:29.004+0000] {subprocess.py:93} INFO - Wrote data to folder: /opt/airflow/data/CleanData/AMBER2021/amber_202108
[2025-11-14T08:05:29.005+0000] {subprocess.py:93} INFO - Wrote data to folder: /opt/airflow/data/CleanData/AMBER2021/amber_202112
[2025-11-14T08:05:29.006+0000] {subprocess.py:93} INFO - Wrote data to folder: /opt/airflow/data/CleanData/AMBER2021/amber_202102
[2025-11-14T08:05:29.007+0000] {subprocess.py:93} INFO - Wrote data to folder: /opt/airflow/data/CleanData/AMBER2021/amber_202101
[2025-11-14T08:05:29.008+0000] {subprocess.py:93} INFO - Wrote data to folder: /opt/airflow/data/CleanData/AMBER2021/amber_202107
[2025-11-14T08:05:29.009+0000] {subprocess.py:93} INFO - Wrote data to folder: /opt/airflow/data/CleanData/AMBER2021/amber_202106
[2025-11-14T08:05:29.010+0000] {subprocess.py:93} INFO - Wrote data to folder: /opt/airflow/data/CleanData/AMBER2021/amber_202103
[2025-11-14T08:05:29.011+0000] {subprocess.py:93} INFO - Wrote data to folder: /opt/airflow/data/CleanData/AMBER2021/amber_202105
[2025-11-14T08:05:29.012+0000] {subprocess.py:93} INFO - Wrote data to folder: /opt/airflow/data/CleanData/AMBER2021/amber_202111
[2025-11-14T08:05:29.013+0000] {subprocess.py:93} INFO - Wrote data to folder: /opt/airflow/data/CleanData/AMBER2021/amber_202110
[2025-11-14T08:05:29.014+0000] {subprocess.py:93} INFO - Wrote data to folder: /opt/airflow/data/CleanData/AMBER2021/amber_202109
[2025-11-14T08:05:29.016+0000] {subprocess.py:93} INFO - Wrote data to folder: /opt/airflow/data/CleanData/AMBER2022/amber_202204
[2025-11-14T08:05:29.017+0000] {subprocess.py:93} INFO - Wrote data to folder: /opt/airflow/data/CleanData/AMBER2022/amber_202208
[2025-11-14T08:05:29.018+0000] {subprocess.py:93} INFO - Wrote data to folder: /opt/airflow/data/CleanData/AMBER2022/amber_202212
[2025-11-14T08:05:29.019+0000] {subprocess.py:93} INFO - Wrote data to folder: /opt/airflow/data/CleanData/AMBER2022/amber_202202
[2025-11-14T08:05:29.021+0000] {subprocess.py:93} INFO - Wrote data to folder: /opt/airflow/data/CleanData/AMBER2022/amber_202201
[2025-11-14T08:05:29.022+0000] {subprocess.py:93} INFO - Wrote data to folder: /opt/airflow/data/CleanData/AMBER2022/amber_202207
[2025-11-14T08:05:29.024+0000] {subprocess.py:93} INFO - Wrote data to folder: /opt/airflow/data/CleanData/AMBER2022/amber_202206
[2025-11-14T08:05:29.025+0000] {subprocess.py:93} INFO - Wrote data to folder: /opt/airflow/data/CleanData/AMBER2022/amber_202203
[2025-11-14T08:05:29.026+0000] {subprocess.py:93} INFO - Wrote data to folder: /opt/airflow/data/CleanData/AMBER2022/amber_202205
[2025-11-14T08:05:29.027+0000] {subprocess.py:93} INFO - Wrote data to folder: /opt/airflow/data/CleanData/AMBER2022/amber_202211
[2025-11-14T08:05:29.027+0000] {subprocess.py:93} INFO - Wrote data to folder: /opt/airflow/data/CleanData/AMBER2022/amber_202210
[2025-11-14T08:05:29.029+0000] {subprocess.py:93} INFO - Wrote data to folder: /opt/airflow/data/CleanData/AMBER2022/amber_202209
[2025-11-14T08:05:29.030+0000] {subprocess.py:93} INFO - Wrote data to folder: /opt/airflow/data/CleanData/AMBER2023/amber_202304
[2025-11-14T08:05:29.032+0000] {subprocess.py:93} INFO - Wrote data to folder: /opt/airflow/data/CleanData/AMBER2023/amber_202308
[2025-11-14T08:05:29.033+0000] {subprocess.py:93} INFO - Wrote data to folder: /opt/airflow/data/CleanData/AMBER2023/amber_202312
[2025-11-14T08:05:29.034+0000] {subprocess.py:93} INFO - Wrote data to folder: /opt/airflow/data/CleanData/AMBER2023/amber_202302
[2025-11-14T08:05:29.036+0000] {subprocess.py:93} INFO - Wrote data to folder: /opt/airflow/data/CleanData/AMBER2023/amber_202301
[2025-11-14T08:05:29.037+0000] {subprocess.py:93} INFO - Wrote data to folder: /opt/airflow/data/CleanData/AMBER2023/amber_202307
[2025-11-14T08:05:29.038+0000] {subprocess.py:93} INFO - Wrote data to folder: /opt/airflow/data/CleanData/AMBER2023/amber_202306
[2025-11-14T08:05:29.040+0000] {subprocess.py:93} INFO - Wrote data to folder: /opt/airflow/data/CleanData/AMBER2023/amber_202303
[2025-11-14T08:05:29.041+0000] {subprocess.py:93} INFO - Wrote data to folder: /opt/airflow/data/CleanData/AMBER2023/amber_202305
[2025-11-14T08:05:29.042+0000] {subprocess.py:93} INFO - Wrote data to folder: /opt/airflow/data/CleanData/AMBER2023/amber_202311
[2025-11-14T08:05:29.043+0000] {subprocess.py:93} INFO - Wrote data to folder: /opt/airflow/data/CleanData/AMBER2023/amber_202310
[2025-11-14T08:05:29.044+0000] {subprocess.py:93} INFO - Wrote data to folder: /opt/airflow/data/CleanData/AMBER2023/amber_202309
[2025-11-14T08:05:29.045+0000] {subprocess.py:93} INFO - Wrote data to folder: /opt/airflow/data/CleanData/AMBER2024/amber_202404
[2025-11-14T08:05:29.046+0000] {subprocess.py:93} INFO - Wrote data to folder: /opt/airflow/data/CleanData/AMBER2024/amber_202408
[2025-11-14T08:05:29.047+0000] {subprocess.py:93} INFO - Wrote data to folder: /opt/airflow/data/CleanData/AMBER2024/amber_202412
[2025-11-14T08:05:29.048+0000] {subprocess.py:93} INFO - Wrote data to folder: /opt/airflow/data/CleanData/AMBER2024/amber_202402
[2025-11-14T08:05:29.049+0000] {subprocess.py:93} INFO - Wrote data to folder: /opt/airflow/data/CleanData/AMBER2024/amber_202401
[2025-11-14T08:05:29.050+0000] {subprocess.py:93} INFO - Wrote data to folder: /opt/airflow/data/CleanData/AMBER2024/amber_202407
[2025-11-14T08:05:29.051+0000] {subprocess.py:93} INFO - Wrote data to folder: /opt/airflow/data/CleanData/AMBER2024/amber_202406
[2025-11-14T08:05:29.052+0000] {subprocess.py:93} INFO - Wrote data to folder: /opt/airflow/data/CleanData/AMBER2024/amber_202403
[2025-11-14T08:05:29.054+0000] {subprocess.py:93} INFO - Wrote data to folder: /opt/airflow/data/CleanData/AMBER2024/amber_202405
[2025-11-14T08:05:29.055+0000] {subprocess.py:93} INFO - Wrote data to folder: /opt/airflow/data/CleanData/AMBER2024/amber_202411
[2025-11-14T08:05:29.056+0000] {subprocess.py:93} INFO - Wrote data to folder: /opt/airflow/data/CleanData/AMBER2024/amber_202410
[2025-11-14T08:05:29.057+0000] {subprocess.py:93} INFO - Wrote data to folder: /opt/airflow/data/CleanData/AMBER2024/amber_202409
[2025-11-14T08:05:29.057+0000] {subprocess.py:93} INFO - Wrote data to folder: /opt/airflow/data/CleanData/AMBER2025/amber_202504
[2025-11-14T08:05:29.058+0000] {subprocess.py:93} INFO - Wrote data to folder: /opt/airflow/data/CleanData/AMBER2025/amber_202508
[2025-11-14T08:05:29.059+0000] {subprocess.py:93} INFO - Wrote data to folder: /opt/airflow/data/CleanData/AMBER2025/amber_202502
[2025-11-14T08:05:29.060+0000] {subprocess.py:93} INFO - Wrote data to folder: /opt/airflow/data/CleanData/AMBER2025/amber_202501
[2025-11-14T08:05:29.061+0000] {subprocess.py:93} INFO - Wrote data to folder: /opt/airflow/data/CleanData/AMBER2025/amber_202507
[2025-11-14T08:05:29.062+0000] {subprocess.py:93} INFO - Wrote data to folder: /opt/airflow/data/CleanData/AMBER2025/amber_202506
[2025-11-14T08:05:29.063+0000] {subprocess.py:93} INFO - Wrote data to folder: /opt/airflow/data/CleanData/AMBER2025/amber_202503
[2025-11-14T08:05:29.064+0000] {subprocess.py:93} INFO - Wrote data to folder: /opt/airflow/data/CleanData/AMBER2025/amber_202505
[2025-11-14T08:05:29.065+0000] {subprocess.py:93} INFO - Wrote data to folder: /opt/airflow/data/CleanData/AMBER2025/amber_202511
[2025-11-14T08:05:29.066+0000] {subprocess.py:93} INFO - Wrote data to folder: /opt/airflow/data/CleanData/AMBER2025/amber_202510
[2025-11-14T08:05:29.067+0000] {subprocess.py:93} INFO - Wrote data to folder: /opt/airflow/data/CleanData/AMBER2025/amber_202509
[2025-11-14T08:05:29.068+0000] {subprocess.py:93} INFO - Wrote data to folder: /opt/airflow/data/CleanData/AMBER2025/amber_202500
[2025-11-14T08:05:29.068+0000] {subprocess.py:93} INFO - Wrote data to folder: /opt/airflow/data/CleanData/AMBER2025/amber_202500
[2025-11-14T08:05:29.069+0000] {subprocess.py:97} INFO - Command exited with return code 0
[2025-11-14T08:05:29.107+0000] {taskinstance.py:340} INFO - ::group::Post task execution logs
[2025-11-14T08:05:29.108+0000] {taskinstance.py:352} INFO - Marking task as SUCCESS. dag_id=AMBER_Daily_Scraping, task_id=amber_json_scrape, run_id=manual__2025-11-14T06:54:59.216762+00:00, execution_date=20251114T065459, start_date=20251114T080416, end_date=20251114T080529
[2025-11-14T08:05:29.157+0000] {local_task_job_runner.py:266} INFO - Task exited with return code 0
[2025-11-14T08:05:29.176+0000] {taskinstance.py:3900} INFO - 1 downstream tasks scheduled from follow-on schedule check
[2025-11-14T08:05:29.200+0000] {local_task_job_runner.py:245} INFO - ::endgroup::
