[2025-11-14T07:10:45.371+0000] {local_task_job_runner.py:123} INFO - ::group::Pre task execution logs
[2025-11-14T07:10:45.379+0000] {taskinstance.py:2612} INFO - Dependencies all met for dep_context=non-requeueable deps ti=<TaskInstance: AMBER_Daily_Scraping.amber_json_scrape manual__2025-11-14T06:54:59.216762+00:00 [queued]>
[2025-11-14T07:10:45.385+0000] {taskinstance.py:2612} INFO - Dependencies all met for dep_context=requeueable deps ti=<TaskInstance: AMBER_Daily_Scraping.amber_json_scrape manual__2025-11-14T06:54:59.216762+00:00 [queued]>
[2025-11-14T07:10:45.386+0000] {taskinstance.py:2865} INFO - Starting attempt 1 of 3
[2025-11-14T07:10:45.411+0000] {taskinstance.py:2888} INFO - Executing <Task(BashOperator): amber_json_scrape> on 2025-11-14 06:54:59.216762+00:00
[2025-11-14T07:10:45.416+0000] {standard_task_runner.py:72} INFO - Started process 89 to run task
[2025-11-14T07:10:45.419+0000] {standard_task_runner.py:104} INFO - Running: ['airflow', 'tasks', 'run', 'AMBER_Daily_Scraping', 'amber_json_scrape', 'manual__2025-11-14T06:54:59.216762+00:00', '--job-id', '3', '--raw', '--subdir', 'DAGS_FOLDER/AMBER_Daily_Scraping.py', '--cfg-path', '/tmp/tmp7x5anait']
[2025-11-14T07:10:45.421+0000] {standard_task_runner.py:105} INFO - Job 3: Subtask amber_json_scrape
[2025-11-14T07:10:45.476+0000] {task_command.py:467} INFO - Running <TaskInstance: AMBER_Daily_Scraping.amber_json_scrape manual__2025-11-14T06:54:59.216762+00:00 [running]> on host d2ef9d68fa71
[2025-11-14T07:10:45.566+0000] {taskinstance.py:3131} INFO - Exporting env vars: AIRFLOW_CTX_DAG_OWNER='data' AIRFLOW_CTX_DAG_ID='AMBER_Daily_Scraping' AIRFLOW_CTX_TASK_ID='amber_json_scrape' AIRFLOW_CTX_EXECUTION_DATE='2025-11-14T06:54:59.216762+00:00' AIRFLOW_CTX_TRY_NUMBER='1' AIRFLOW_CTX_DAG_RUN_ID='manual__2025-11-14T06:54:59.216762+00:00'
[2025-11-14T07:10:45.568+0000] {taskinstance.py:731} INFO - ::endgroup::
[2025-11-14T07:10:45.583+0000] {subprocess.py:63} INFO - Tmp dir root location: /tmp
[2025-11-14T07:10:45.584+0000] {subprocess.py:75} INFO - Running command: ['/usr/bin/bash', '-c', 'cd /opt/airflow/dags/scripts && python AMBER_JSON_Scraping.py']
[2025-11-14T07:10:45.590+0000] {subprocess.py:86} INFO - Output:
[2025-11-14T07:11:15.721+0000] {subprocess.py:93} INFO - Wrote data to folder: /opt/airflow/data/CleanData/AMBER2020/amber_202004
[2025-11-14T07:11:15.721+0000] {subprocess.py:93} INFO - Wrote data to folder: /opt/airflow/data/CleanData/AMBER2020/amber_202008
[2025-11-14T07:11:15.722+0000] {subprocess.py:93} INFO - Wrote data to folder: /opt/airflow/data/CleanData/AMBER2020/amber_202012
[2025-11-14T07:11:15.722+0000] {subprocess.py:93} INFO - Wrote data to folder: /opt/airflow/data/CleanData/AMBER2020/amber_202002
[2025-11-14T07:11:15.723+0000] {subprocess.py:93} INFO - Wrote data to folder: /opt/airflow/data/CleanData/AMBER2020/amber_202001
[2025-11-14T07:11:15.723+0000] {subprocess.py:93} INFO - Wrote data to folder: /opt/airflow/data/CleanData/AMBER2020/amber_202007
[2025-11-14T07:11:15.724+0000] {subprocess.py:93} INFO - Wrote data to folder: /opt/airflow/data/CleanData/AMBER2020/amber_202006
[2025-11-14T07:11:15.724+0000] {subprocess.py:93} INFO - Wrote data to folder: /opt/airflow/data/CleanData/AMBER2020/amber_202003
[2025-11-14T07:11:15.725+0000] {subprocess.py:93} INFO - Wrote data to folder: /opt/airflow/data/CleanData/AMBER2020/amber_202005
[2025-11-14T07:11:15.725+0000] {subprocess.py:93} INFO - Wrote data to folder: /opt/airflow/data/CleanData/AMBER2020/amber_202011
[2025-11-14T07:11:15.726+0000] {subprocess.py:93} INFO - Wrote data to folder: /opt/airflow/data/CleanData/AMBER2020/amber_202010
[2025-11-14T07:11:15.726+0000] {subprocess.py:93} INFO - Wrote data to folder: /opt/airflow/data/CleanData/AMBER2020/amber_202009
[2025-11-14T07:11:15.727+0000] {subprocess.py:93} INFO - Wrote data to folder: /opt/airflow/data/CleanData/AMBER2021/amber_202104
[2025-11-14T07:11:15.727+0000] {subprocess.py:93} INFO - Wrote data to folder: /opt/airflow/data/CleanData/AMBER2021/amber_202108
[2025-11-14T07:11:15.728+0000] {subprocess.py:93} INFO - Wrote data to folder: /opt/airflow/data/CleanData/AMBER2021/amber_202112
[2025-11-14T07:11:15.728+0000] {subprocess.py:93} INFO - Wrote data to folder: /opt/airflow/data/CleanData/AMBER2021/amber_202102
[2025-11-14T07:11:15.728+0000] {subprocess.py:93} INFO - Wrote data to folder: /opt/airflow/data/CleanData/AMBER2021/amber_202101
[2025-11-14T07:11:15.731+0000] {subprocess.py:93} INFO - Wrote data to folder: /opt/airflow/data/CleanData/AMBER2021/amber_202107
[2025-11-14T07:11:15.733+0000] {subprocess.py:93} INFO - Wrote data to folder: /opt/airflow/data/CleanData/AMBER2021/amber_202106
[2025-11-14T07:11:15.734+0000] {subprocess.py:93} INFO - Wrote data to folder: /opt/airflow/data/CleanData/AMBER2021/amber_202103
[2025-11-14T07:11:15.734+0000] {subprocess.py:93} INFO - Wrote data to folder: /opt/airflow/data/CleanData/AMBER2021/amber_202105
[2025-11-14T07:11:15.735+0000] {subprocess.py:93} INFO - Wrote data to folder: /opt/airflow/data/CleanData/AMBER2021/amber_202111
[2025-11-14T07:11:15.735+0000] {subprocess.py:93} INFO - Wrote data to folder: /opt/airflow/data/CleanData/AMBER2021/amber_202110
[2025-11-14T07:11:15.735+0000] {subprocess.py:93} INFO - Wrote data to folder: /opt/airflow/data/CleanData/AMBER2021/amber_202109
[2025-11-14T07:11:15.736+0000] {subprocess.py:93} INFO - Wrote data to folder: /opt/airflow/data/CleanData/AMBER2022/amber_202204
[2025-11-14T07:11:15.737+0000] {subprocess.py:93} INFO - Wrote data to folder: /opt/airflow/data/CleanData/AMBER2022/amber_202208
[2025-11-14T07:11:15.737+0000] {subprocess.py:93} INFO - Wrote data to folder: /opt/airflow/data/CleanData/AMBER2022/amber_202212
[2025-11-14T07:11:15.738+0000] {subprocess.py:93} INFO - Wrote data to folder: /opt/airflow/data/CleanData/AMBER2022/amber_202202
[2025-11-14T07:11:15.738+0000] {subprocess.py:93} INFO - Wrote data to folder: /opt/airflow/data/CleanData/AMBER2022/amber_202201
[2025-11-14T07:11:15.739+0000] {subprocess.py:93} INFO - Wrote data to folder: /opt/airflow/data/CleanData/AMBER2022/amber_202207
[2025-11-14T07:11:15.739+0000] {subprocess.py:93} INFO - Wrote data to folder: /opt/airflow/data/CleanData/AMBER2022/amber_202206
[2025-11-14T07:11:15.740+0000] {subprocess.py:93} INFO - Wrote data to folder: /opt/airflow/data/CleanData/AMBER2022/amber_202203
[2025-11-14T07:11:15.740+0000] {subprocess.py:93} INFO - Wrote data to folder: /opt/airflow/data/CleanData/AMBER2022/amber_202205
[2025-11-14T07:11:15.741+0000] {subprocess.py:93} INFO - Wrote data to folder: /opt/airflow/data/CleanData/AMBER2022/amber_202211
[2025-11-14T07:11:15.741+0000] {subprocess.py:93} INFO - Wrote data to folder: /opt/airflow/data/CleanData/AMBER2022/amber_202210
[2025-11-14T07:11:15.741+0000] {subprocess.py:93} INFO - Wrote data to folder: /opt/airflow/data/CleanData/AMBER2022/amber_202209
[2025-11-14T07:11:15.742+0000] {subprocess.py:93} INFO - Wrote data to folder: /opt/airflow/data/CleanData/AMBER2023/amber_202304
[2025-11-14T07:11:15.742+0000] {subprocess.py:93} INFO - Wrote data to folder: /opt/airflow/data/CleanData/AMBER2023/amber_202308
[2025-11-14T07:11:15.743+0000] {subprocess.py:93} INFO - Wrote data to folder: /opt/airflow/data/CleanData/AMBER2023/amber_202312
[2025-11-14T07:11:15.743+0000] {subprocess.py:93} INFO - Wrote data to folder: /opt/airflow/data/CleanData/AMBER2023/amber_202302
[2025-11-14T07:11:15.744+0000] {subprocess.py:93} INFO - Wrote data to folder: /opt/airflow/data/CleanData/AMBER2023/amber_202301
[2025-11-14T07:11:15.744+0000] {subprocess.py:93} INFO - Wrote data to folder: /opt/airflow/data/CleanData/AMBER2023/amber_202307
[2025-11-14T07:11:15.744+0000] {subprocess.py:93} INFO - Wrote data to folder: /opt/airflow/data/CleanData/AMBER2023/amber_202306
[2025-11-14T07:11:15.745+0000] {subprocess.py:93} INFO - Wrote data to folder: /opt/airflow/data/CleanData/AMBER2023/amber_202303
[2025-11-14T07:11:15.745+0000] {subprocess.py:93} INFO - Wrote data to folder: /opt/airflow/data/CleanData/AMBER2023/amber_202305
[2025-11-14T07:11:15.745+0000] {subprocess.py:93} INFO - Wrote data to folder: /opt/airflow/data/CleanData/AMBER2023/amber_202311
[2025-11-14T07:11:15.746+0000] {subprocess.py:93} INFO - Wrote data to folder: /opt/airflow/data/CleanData/AMBER2023/amber_202310
[2025-11-14T07:11:15.746+0000] {subprocess.py:93} INFO - Wrote data to folder: /opt/airflow/data/CleanData/AMBER2023/amber_202309
[2025-11-14T07:11:15.747+0000] {subprocess.py:93} INFO - Wrote data to folder: /opt/airflow/data/CleanData/AMBER2024/amber_202404
[2025-11-14T07:11:15.748+0000] {subprocess.py:93} INFO - Wrote data to folder: /opt/airflow/data/CleanData/AMBER2024/amber_202408
[2025-11-14T07:11:15.748+0000] {subprocess.py:93} INFO - Wrote data to folder: /opt/airflow/data/CleanData/AMBER2024/amber_202412
[2025-11-14T07:11:15.749+0000] {subprocess.py:93} INFO - Wrote data to folder: /opt/airflow/data/CleanData/AMBER2024/amber_202402
[2025-11-14T07:11:15.749+0000] {subprocess.py:93} INFO - Wrote data to folder: /opt/airflow/data/CleanData/AMBER2024/amber_202401
[2025-11-14T07:11:15.750+0000] {subprocess.py:93} INFO - Wrote data to folder: /opt/airflow/data/CleanData/AMBER2024/amber_202407
[2025-11-14T07:11:15.750+0000] {subprocess.py:93} INFO - Wrote data to folder: /opt/airflow/data/CleanData/AMBER2024/amber_202406
[2025-11-14T07:11:15.750+0000] {subprocess.py:93} INFO - Wrote data to folder: /opt/airflow/data/CleanData/AMBER2024/amber_202403
[2025-11-14T07:11:15.751+0000] {subprocess.py:93} INFO - Wrote data to folder: /opt/airflow/data/CleanData/AMBER2024/amber_202405
[2025-11-14T07:11:15.751+0000] {subprocess.py:93} INFO - Wrote data to folder: /opt/airflow/data/CleanData/AMBER2024/amber_202411
[2025-11-14T07:11:15.752+0000] {subprocess.py:93} INFO - Wrote data to folder: /opt/airflow/data/CleanData/AMBER2024/amber_202410
[2025-11-14T07:11:15.752+0000] {subprocess.py:93} INFO - Wrote data to folder: /opt/airflow/data/CleanData/AMBER2024/amber_202409
[2025-11-14T07:11:15.752+0000] {subprocess.py:93} INFO - Wrote data to folder: /opt/airflow/data/CleanData/AMBER2025/amber_202504
[2025-11-14T07:11:15.753+0000] {subprocess.py:93} INFO - Wrote data to folder: /opt/airflow/data/CleanData/AMBER2025/amber_202508
[2025-11-14T07:11:15.753+0000] {subprocess.py:93} INFO - Wrote data to folder: /opt/airflow/data/CleanData/AMBER2025/amber_202502
[2025-11-14T07:11:15.753+0000] {subprocess.py:93} INFO - Wrote data to folder: /opt/airflow/data/CleanData/AMBER2025/amber_202501
[2025-11-14T07:11:15.754+0000] {subprocess.py:93} INFO - Wrote data to folder: /opt/airflow/data/CleanData/AMBER2025/amber_202507
[2025-11-14T07:11:15.754+0000] {subprocess.py:93} INFO - Wrote data to folder: /opt/airflow/data/CleanData/AMBER2025/amber_202506
[2025-11-14T07:11:15.754+0000] {subprocess.py:93} INFO - Wrote data to folder: /opt/airflow/data/CleanData/AMBER2025/amber_202503
[2025-11-14T07:11:15.755+0000] {subprocess.py:93} INFO - Wrote data to folder: /opt/airflow/data/CleanData/AMBER2025/amber_202505
[2025-11-14T07:11:15.756+0000] {subprocess.py:93} INFO - Wrote data to folder: /opt/airflow/data/CleanData/AMBER2025/amber_202511
[2025-11-14T07:11:15.756+0000] {subprocess.py:93} INFO - Wrote data to folder: /opt/airflow/data/CleanData/AMBER2025/amber_202510
[2025-11-14T07:11:15.756+0000] {subprocess.py:93} INFO - Wrote data to folder: /opt/airflow/data/CleanData/AMBER2025/amber_202509
[2025-11-14T07:11:15.757+0000] {subprocess.py:93} INFO - Wrote data to folder: /opt/airflow/data/CleanData/AMBER2025/amber_202500
[2025-11-14T07:11:15.757+0000] {subprocess.py:93} INFO - Wrote data to folder: /opt/airflow/data/CleanData/AMBER2025/amber_202500
[2025-11-14T07:11:15.757+0000] {subprocess.py:97} INFO - Command exited with return code 0
[2025-11-14T07:11:15.784+0000] {taskinstance.py:340} INFO - ::group::Post task execution logs
[2025-11-14T07:11:15.785+0000] {taskinstance.py:352} INFO - Marking task as SUCCESS. dag_id=AMBER_Daily_Scraping, task_id=amber_json_scrape, run_id=manual__2025-11-14T06:54:59.216762+00:00, execution_date=20251114T065459, start_date=20251114T071045, end_date=20251114T071115
[2025-11-14T07:11:15.844+0000] {local_task_job_runner.py:266} INFO - Task exited with return code 0
[2025-11-14T07:11:15.858+0000] {taskinstance.py:3900} INFO - 1 downstream tasks scheduled from follow-on schedule check
[2025-11-14T07:11:15.877+0000] {local_task_job_runner.py:245} INFO - ::endgroup::
