[2025-11-13T06:45:41.751+0000] {local_task_job_runner.py:123} INFO - ::group::Pre task execution logs
[2025-11-13T06:45:41.759+0000] {taskinstance.py:2612} INFO - Dependencies all met for dep_context=non-requeueable deps ti=<TaskInstance: AMBER_Daily_Scraping.amber_json_scrape scheduled__2025-11-12T00:00:00+00:00 [queued]>
[2025-11-13T06:45:41.766+0000] {taskinstance.py:2612} INFO - Dependencies all met for dep_context=requeueable deps ti=<TaskInstance: AMBER_Daily_Scraping.amber_json_scrape scheduled__2025-11-12T00:00:00+00:00 [queued]>
[2025-11-13T06:45:41.767+0000] {taskinstance.py:2865} INFO - Starting attempt 1 of 3
[2025-11-13T06:45:41.794+0000] {taskinstance.py:2888} INFO - Executing <Task(BashOperator): amber_json_scrape> on 2025-11-12 00:00:00+00:00
[2025-11-13T06:45:41.798+0000] {standard_task_runner.py:72} INFO - Started process 85 to run task
[2025-11-13T06:45:41.801+0000] {standard_task_runner.py:104} INFO - Running: ['airflow', 'tasks', 'run', 'AMBER_Daily_Scraping', 'amber_json_scrape', 'scheduled__2025-11-12T00:00:00+00:00', '--job-id', '3', '--raw', '--subdir', 'DAGS_FOLDER/AMBER_Daily_Scraping.py', '--cfg-path', '/tmp/tmpztq0jnc9']
[2025-11-13T06:45:41.803+0000] {standard_task_runner.py:105} INFO - Job 3: Subtask amber_json_scrape
[2025-11-13T06:45:41.857+0000] {task_command.py:467} INFO - Running <TaskInstance: AMBER_Daily_Scraping.amber_json_scrape scheduled__2025-11-12T00:00:00+00:00 [running]> on host b807fa0ecf4f
[2025-11-13T06:45:41.937+0000] {taskinstance.py:3131} INFO - Exporting env vars: AIRFLOW_CTX_DAG_OWNER='data' AIRFLOW_CTX_DAG_ID='AMBER_Daily_Scraping' AIRFLOW_CTX_TASK_ID='amber_json_scrape' AIRFLOW_CTX_EXECUTION_DATE='2025-11-12T00:00:00+00:00' AIRFLOW_CTX_TRY_NUMBER='1' AIRFLOW_CTX_DAG_RUN_ID='scheduled__2025-11-12T00:00:00+00:00'
[2025-11-13T06:45:41.939+0000] {taskinstance.py:731} INFO - ::endgroup::
[2025-11-13T06:45:41.953+0000] {subprocess.py:63} INFO - Tmp dir root location: /tmp
[2025-11-13T06:45:41.955+0000] {subprocess.py:75} INFO - Running command: ['/usr/bin/bash', '-c', 'cd /opt/airflow/dags/scripts && python AMBER_JSON_Scraping.py']
[2025-11-13T06:45:41.962+0000] {subprocess.py:86} INFO - Output:
[2025-11-13T06:45:42.175+0000] {subprocess.py:97} INFO - Command exited with return code 0
[2025-11-13T06:45:42.205+0000] {taskinstance.py:340} INFO - ::group::Post task execution logs
[2025-11-13T06:45:42.206+0000] {taskinstance.py:352} INFO - Marking task as SUCCESS. dag_id=AMBER_Daily_Scraping, task_id=amber_json_scrape, run_id=scheduled__2025-11-12T00:00:00+00:00, execution_date=20251112T000000, start_date=20251113T064541, end_date=20251113T064542
[2025-11-13T06:45:42.258+0000] {local_task_job_runner.py:266} INFO - Task exited with return code 0
[2025-11-13T06:45:42.272+0000] {taskinstance.py:3900} INFO - 1 downstream tasks scheduled from follow-on schedule check
[2025-11-13T06:45:42.291+0000] {local_task_job_runner.py:245} INFO - ::endgroup::
