[2025-11-19T07:25:10.366+0000] {local_task_job_runner.py:123} INFO - ::group::Pre task execution logs
[2025-11-19T07:25:10.376+0000] {taskinstance.py:2612} INFO - Dependencies all met for dep_context=non-requeueable deps ti=<TaskInstance: AMBER_Daily_Scraping.check_replies manual__2025-11-19T06:55:35.678544+00:00 [queued]>
[2025-11-19T07:25:10.381+0000] {taskinstance.py:2612} INFO - Dependencies all met for dep_context=requeueable deps ti=<TaskInstance: AMBER_Daily_Scraping.check_replies manual__2025-11-19T06:55:35.678544+00:00 [queued]>
[2025-11-19T07:25:10.382+0000] {taskinstance.py:2865} INFO - Starting attempt 1 of 3
[2025-11-19T07:25:10.406+0000] {taskinstance.py:2888} INFO - Executing <Task(BashOperator): check_replies> on 2025-11-19 06:55:35.678544+00:00
[2025-11-19T07:25:10.411+0000] {standard_task_runner.py:72} INFO - Started process 121 to run task
[2025-11-19T07:25:10.414+0000] {standard_task_runner.py:104} INFO - Running: ['airflow', 'tasks', 'run', 'AMBER_Daily_Scraping', 'check_replies', 'manual__2025-11-19T06:55:35.678544+00:00', '--job-id', '50', '--raw', '--subdir', 'DAGS_FOLDER/AMBER_Daily_Scraping.py', '--cfg-path', '/tmp/tmpalcu515m']
[2025-11-19T07:25:10.416+0000] {standard_task_runner.py:105} INFO - Job 50: Subtask check_replies
[2025-11-19T07:25:10.466+0000] {task_command.py:467} INFO - Running <TaskInstance: AMBER_Daily_Scraping.check_replies manual__2025-11-19T06:55:35.678544+00:00 [running]> on host d2812a83231f
[2025-11-19T07:25:10.545+0000] {taskinstance.py:3131} INFO - Exporting env vars: AIRFLOW_CTX_DAG_OWNER='data' AIRFLOW_CTX_DAG_ID='AMBER_Daily_Scraping' AIRFLOW_CTX_TASK_ID='check_replies' AIRFLOW_CTX_EXECUTION_DATE='2025-11-19T06:55:35.678544+00:00' AIRFLOW_CTX_TRY_NUMBER='1' AIRFLOW_CTX_DAG_RUN_ID='manual__2025-11-19T06:55:35.678544+00:00'
[2025-11-19T07:25:10.546+0000] {taskinstance.py:731} INFO - ::endgroup::
[2025-11-19T07:25:10.558+0000] {subprocess.py:63} INFO - Tmp dir root location: /tmp
[2025-11-19T07:25:10.560+0000] {subprocess.py:75} INFO - Running command: ['/usr/bin/bash', '-c', 'cd /opt/airflow/dags/scripts && python AMBER_Check_Replies.py']
[2025-11-19T07:25:10.567+0000] {subprocess.py:86} INFO - Output:
[2025-11-19T07:26:00.491+0000] {subprocess.py:93} INFO - 
[2025-11-19T07:26:00.492+0000] {subprocess.py:93} INFO - Merging replies from /opt/airflow/data/CleanData/AMBER2020/amber_202002 -> /opt/airflow/data/CleanData/AMBER2020/amber_202001
[2025-11-19T07:26:00.492+0000] {subprocess.py:93} INFO - Wrote 113 threads to /opt/airflow/data/CleanData/AMBER2020/amber_202001
[2025-11-19T07:26:00.493+0000] {subprocess.py:93} INFO - 
[2025-11-19T07:26:00.493+0000] {subprocess.py:93} INFO - Merging replies from /opt/airflow/data/CleanData/AMBER2020/amber_202003 -> /opt/airflow/data/CleanData/AMBER2020/amber_202002
[2025-11-19T07:26:00.494+0000] {subprocess.py:93} INFO - Wrote 87 threads to /opt/airflow/data/CleanData/AMBER2020/amber_202002
[2025-11-19T07:26:00.494+0000] {subprocess.py:93} INFO - 
[2025-11-19T07:26:00.495+0000] {subprocess.py:93} INFO - Merging replies from /opt/airflow/data/CleanData/AMBER2020/amber_202004 -> /opt/airflow/data/CleanData/AMBER2020/amber_202003
[2025-11-19T07:26:00.495+0000] {subprocess.py:93} INFO - Wrote 100 threads to /opt/airflow/data/CleanData/AMBER2020/amber_202003
[2025-11-19T07:26:00.496+0000] {subprocess.py:93} INFO - 
[2025-11-19T07:26:00.496+0000] {subprocess.py:93} INFO - Merging replies from /opt/airflow/data/CleanData/AMBER2020/amber_202005 -> /opt/airflow/data/CleanData/AMBER2020/amber_202004
[2025-11-19T07:26:00.497+0000] {subprocess.py:93} INFO - Wrote 100 threads to /opt/airflow/data/CleanData/AMBER2020/amber_202004
[2025-11-19T07:26:00.497+0000] {subprocess.py:93} INFO - 
[2025-11-19T07:26:00.498+0000] {subprocess.py:93} INFO - Merging replies from /opt/airflow/data/CleanData/AMBER2020/amber_202006 -> /opt/airflow/data/CleanData/AMBER2020/amber_202005
[2025-11-19T07:26:00.498+0000] {subprocess.py:93} INFO - Wrote 105 threads to /opt/airflow/data/CleanData/AMBER2020/amber_202005
[2025-11-19T07:26:00.498+0000] {subprocess.py:93} INFO - 
[2025-11-19T07:26:00.499+0000] {subprocess.py:93} INFO - Merging replies from /opt/airflow/data/CleanData/AMBER2020/amber_202007 -> /opt/airflow/data/CleanData/AMBER2020/amber_202006
[2025-11-19T07:26:00.499+0000] {subprocess.py:93} INFO - Wrote 102 threads to /opt/airflow/data/CleanData/AMBER2020/amber_202006
[2025-11-19T07:26:00.499+0000] {subprocess.py:93} INFO - 
[2025-11-19T07:26:00.500+0000] {subprocess.py:93} INFO - Merging replies from /opt/airflow/data/CleanData/AMBER2020/amber_202008 -> /opt/airflow/data/CleanData/AMBER2020/amber_202007
[2025-11-19T07:26:00.500+0000] {subprocess.py:93} INFO - Wrote 127 threads to /opt/airflow/data/CleanData/AMBER2020/amber_202007
[2025-11-19T07:26:00.500+0000] {subprocess.py:93} INFO - 
[2025-11-19T07:26:00.501+0000] {subprocess.py:93} INFO - Merging replies from /opt/airflow/data/CleanData/AMBER2020/amber_202009 -> /opt/airflow/data/CleanData/AMBER2020/amber_202008
[2025-11-19T07:26:00.501+0000] {subprocess.py:93} INFO - Wrote 87 threads to /opt/airflow/data/CleanData/AMBER2020/amber_202008
[2025-11-19T07:26:00.501+0000] {subprocess.py:93} INFO - 
[2025-11-19T07:26:00.501+0000] {subprocess.py:93} INFO - Merging replies from /opt/airflow/data/CleanData/AMBER2020/amber_202010 -> /opt/airflow/data/CleanData/AMBER2020/amber_202009
[2025-11-19T07:26:00.502+0000] {subprocess.py:93} INFO - Wrote 120 threads to /opt/airflow/data/CleanData/AMBER2020/amber_202009
[2025-11-19T07:26:00.502+0000] {subprocess.py:93} INFO - 
[2025-11-19T07:26:00.503+0000] {subprocess.py:93} INFO - Merging replies from /opt/airflow/data/CleanData/AMBER2020/amber_202011 -> /opt/airflow/data/CleanData/AMBER2020/amber_202010
[2025-11-19T07:26:00.503+0000] {subprocess.py:93} INFO - Wrote 123 threads to /opt/airflow/data/CleanData/AMBER2020/amber_202010
[2025-11-19T07:26:00.503+0000] {subprocess.py:93} INFO - 
[2025-11-19T07:26:00.504+0000] {subprocess.py:93} INFO - Merging replies from /opt/airflow/data/CleanData/AMBER2020/amber_202012 -> /opt/airflow/data/CleanData/AMBER2020/amber_202011
[2025-11-19T07:26:00.504+0000] {subprocess.py:93} INFO - Wrote 90 threads to /opt/airflow/data/CleanData/AMBER2020/amber_202011
[2025-11-19T07:26:00.504+0000] {subprocess.py:93} INFO - 
[2025-11-19T07:26:00.505+0000] {subprocess.py:93} INFO - Merging replies from /opt/airflow/data/CleanData/AMBER2021/amber_202101 -> /opt/airflow/data/CleanData/AMBER2020/amber_202012
[2025-11-19T07:26:00.505+0000] {subprocess.py:93} INFO - Wrote 97 threads to /opt/airflow/data/CleanData/AMBER2020/amber_202012
[2025-11-19T07:26:00.505+0000] {subprocess.py:93} INFO - 
[2025-11-19T07:26:00.506+0000] {subprocess.py:93} INFO - Merging replies from /opt/airflow/data/CleanData/AMBER2021/amber_202102 -> /opt/airflow/data/CleanData/AMBER2021/amber_202101
[2025-11-19T07:26:00.506+0000] {subprocess.py:93} INFO - Wrote 116 threads to /opt/airflow/data/CleanData/AMBER2021/amber_202101
[2025-11-19T07:26:00.507+0000] {subprocess.py:93} INFO - 
[2025-11-19T07:26:00.507+0000] {subprocess.py:93} INFO - Merging replies from /opt/airflow/data/CleanData/AMBER2021/amber_202103 -> /opt/airflow/data/CleanData/AMBER2021/amber_202102
[2025-11-19T07:26:00.507+0000] {subprocess.py:93} INFO - Wrote 91 threads to /opt/airflow/data/CleanData/AMBER2021/amber_202102
[2025-11-19T07:26:00.508+0000] {subprocess.py:93} INFO - 
[2025-11-19T07:26:00.508+0000] {subprocess.py:93} INFO - Merging replies from /opt/airflow/data/CleanData/AMBER2021/amber_202104 -> /opt/airflow/data/CleanData/AMBER2021/amber_202103
[2025-11-19T07:26:00.508+0000] {subprocess.py:93} INFO - Wrote 91 threads to /opt/airflow/data/CleanData/AMBER2021/amber_202103
[2025-11-19T07:26:00.509+0000] {subprocess.py:93} INFO - 
[2025-11-19T07:26:00.509+0000] {subprocess.py:93} INFO - Merging replies from /opt/airflow/data/CleanData/AMBER2021/amber_202105 -> /opt/airflow/data/CleanData/AMBER2021/amber_202104
[2025-11-19T07:26:00.509+0000] {subprocess.py:93} INFO - Wrote 93 threads to /opt/airflow/data/CleanData/AMBER2021/amber_202104
[2025-11-19T07:26:00.510+0000] {subprocess.py:93} INFO - 
[2025-11-19T07:26:00.510+0000] {subprocess.py:93} INFO - Merging replies from /opt/airflow/data/CleanData/AMBER2021/amber_202106 -> /opt/airflow/data/CleanData/AMBER2021/amber_202105
[2025-11-19T07:26:00.511+0000] {subprocess.py:93} INFO - Wrote 86 threads to /opt/airflow/data/CleanData/AMBER2021/amber_202105
[2025-11-19T07:26:00.511+0000] {subprocess.py:93} INFO - 
[2025-11-19T07:26:00.511+0000] {subprocess.py:93} INFO - Merging replies from /opt/airflow/data/CleanData/AMBER2021/amber_202107 -> /opt/airflow/data/CleanData/AMBER2021/amber_202106
[2025-11-19T07:26:00.512+0000] {subprocess.py:93} INFO - Wrote 84 threads to /opt/airflow/data/CleanData/AMBER2021/amber_202106
[2025-11-19T07:26:00.512+0000] {subprocess.py:93} INFO - 
[2025-11-19T07:26:00.512+0000] {subprocess.py:93} INFO - Merging replies from /opt/airflow/data/CleanData/AMBER2021/amber_202108 -> /opt/airflow/data/CleanData/AMBER2021/amber_202107
[2025-11-19T07:26:00.513+0000] {subprocess.py:93} INFO - Wrote 83 threads to /opt/airflow/data/CleanData/AMBER2021/amber_202107
[2025-11-19T07:26:00.513+0000] {subprocess.py:93} INFO - 
[2025-11-19T07:26:00.513+0000] {subprocess.py:93} INFO - Merging replies from /opt/airflow/data/CleanData/AMBER2021/amber_202109 -> /opt/airflow/data/CleanData/AMBER2021/amber_202108
[2025-11-19T07:26:00.514+0000] {subprocess.py:93} INFO - Wrote 69 threads to /opt/airflow/data/CleanData/AMBER2021/amber_202108
[2025-11-19T07:26:00.514+0000] {subprocess.py:93} INFO - 
[2025-11-19T07:26:00.514+0000] {subprocess.py:93} INFO - Merging replies from /opt/airflow/data/CleanData/AMBER2021/amber_202110 -> /opt/airflow/data/CleanData/AMBER2021/amber_202109
[2025-11-19T07:26:00.514+0000] {subprocess.py:93} INFO - Wrote 56 threads to /opt/airflow/data/CleanData/AMBER2021/amber_202109
[2025-11-19T07:26:00.515+0000] {subprocess.py:93} INFO - 
[2025-11-19T07:26:00.515+0000] {subprocess.py:93} INFO - Merging replies from /opt/airflow/data/CleanData/AMBER2021/amber_202111 -> /opt/airflow/data/CleanData/AMBER2021/amber_202110
[2025-11-19T07:26:00.515+0000] {subprocess.py:93} INFO - Wrote 94 threads to /opt/airflow/data/CleanData/AMBER2021/amber_202110
[2025-11-19T07:26:00.516+0000] {subprocess.py:93} INFO - 
[2025-11-19T07:26:00.516+0000] {subprocess.py:93} INFO - Merging replies from /opt/airflow/data/CleanData/AMBER2021/amber_202112 -> /opt/airflow/data/CleanData/AMBER2021/amber_202111
[2025-11-19T07:26:00.516+0000] {subprocess.py:93} INFO - Wrote 98 threads to /opt/airflow/data/CleanData/AMBER2021/amber_202111
[2025-11-19T07:26:00.517+0000] {subprocess.py:93} INFO - 
[2025-11-19T07:26:00.517+0000] {subprocess.py:93} INFO - Merging replies from /opt/airflow/data/CleanData/AMBER2022/amber_202201 -> /opt/airflow/data/CleanData/AMBER2021/amber_202112
[2025-11-19T07:26:00.517+0000] {subprocess.py:93} INFO - Wrote 105 threads to /opt/airflow/data/CleanData/AMBER2021/amber_202112
[2025-11-19T07:26:00.518+0000] {subprocess.py:93} INFO - 
[2025-11-19T07:26:00.518+0000] {subprocess.py:93} INFO - Merging replies from /opt/airflow/data/CleanData/AMBER2022/amber_202202 -> /opt/airflow/data/CleanData/AMBER2022/amber_202201
[2025-11-19T07:26:00.519+0000] {subprocess.py:93} INFO - Wrote 89 threads to /opt/airflow/data/CleanData/AMBER2022/amber_202201
[2025-11-19T07:26:00.519+0000] {subprocess.py:93} INFO - 
[2025-11-19T07:26:00.519+0000] {subprocess.py:93} INFO - Merging replies from /opt/airflow/data/CleanData/AMBER2022/amber_202203 -> /opt/airflow/data/CleanData/AMBER2022/amber_202202
[2025-11-19T07:26:00.520+0000] {subprocess.py:93} INFO - Wrote 64 threads to /opt/airflow/data/CleanData/AMBER2022/amber_202202
[2025-11-19T07:26:00.520+0000] {subprocess.py:93} INFO - 
[2025-11-19T07:26:00.520+0000] {subprocess.py:93} INFO - Merging replies from /opt/airflow/data/CleanData/AMBER2022/amber_202204 -> /opt/airflow/data/CleanData/AMBER2022/amber_202203
[2025-11-19T07:26:00.521+0000] {subprocess.py:93} INFO - Wrote 72 threads to /opt/airflow/data/CleanData/AMBER2022/amber_202203
[2025-11-19T07:26:00.521+0000] {subprocess.py:93} INFO - 
[2025-11-19T07:26:00.521+0000] {subprocess.py:93} INFO - Merging replies from /opt/airflow/data/CleanData/AMBER2022/amber_202205 -> /opt/airflow/data/CleanData/AMBER2022/amber_202204
[2025-11-19T07:26:00.522+0000] {subprocess.py:93} INFO - Wrote 45 threads to /opt/airflow/data/CleanData/AMBER2022/amber_202204
[2025-11-19T07:26:00.522+0000] {subprocess.py:93} INFO - 
[2025-11-19T07:26:00.522+0000] {subprocess.py:93} INFO - Merging replies from /opt/airflow/data/CleanData/AMBER2022/amber_202206 -> /opt/airflow/data/CleanData/AMBER2022/amber_202205
[2025-11-19T07:26:00.523+0000] {subprocess.py:93} INFO - Wrote 2 threads to /opt/airflow/data/CleanData/AMBER2022/amber_202205
[2025-11-19T07:26:00.523+0000] {subprocess.py:93} INFO - 
[2025-11-19T07:26:00.523+0000] {subprocess.py:93} INFO - Merging replies from /opt/airflow/data/CleanData/AMBER2022/amber_202207 -> /opt/airflow/data/CleanData/AMBER2022/amber_202206
[2025-11-19T07:26:00.524+0000] {subprocess.py:93} INFO - Wrote 38 threads to /opt/airflow/data/CleanData/AMBER2022/amber_202206
[2025-11-19T07:26:00.524+0000] {subprocess.py:93} INFO - 
[2025-11-19T07:26:00.524+0000] {subprocess.py:93} INFO - Merging replies from /opt/airflow/data/CleanData/AMBER2022/amber_202208 -> /opt/airflow/data/CleanData/AMBER2022/amber_202207
[2025-11-19T07:26:00.525+0000] {subprocess.py:93} INFO - Wrote 47 threads to /opt/airflow/data/CleanData/AMBER2022/amber_202207
[2025-11-19T07:26:00.525+0000] {subprocess.py:93} INFO - 
[2025-11-19T07:26:00.525+0000] {subprocess.py:93} INFO - Merging replies from /opt/airflow/data/CleanData/AMBER2022/amber_202209 -> /opt/airflow/data/CleanData/AMBER2022/amber_202208
[2025-11-19T07:26:00.526+0000] {subprocess.py:93} INFO - Wrote 74 threads to /opt/airflow/data/CleanData/AMBER2022/amber_202208
[2025-11-19T07:26:00.526+0000] {subprocess.py:93} INFO - 
[2025-11-19T07:26:00.527+0000] {subprocess.py:93} INFO - Merging replies from /opt/airflow/data/CleanData/AMBER2022/amber_202210 -> /opt/airflow/data/CleanData/AMBER2022/amber_202209
[2025-11-19T07:26:00.527+0000] {subprocess.py:93} INFO - Wrote 46 threads to /opt/airflow/data/CleanData/AMBER2022/amber_202209
[2025-11-19T07:26:00.527+0000] {subprocess.py:93} INFO - 
[2025-11-19T07:26:00.528+0000] {subprocess.py:93} INFO - Merging replies from /opt/airflow/data/CleanData/AMBER2022/amber_202211 -> /opt/airflow/data/CleanData/AMBER2022/amber_202210
[2025-11-19T07:26:00.528+0000] {subprocess.py:93} INFO - Wrote 70 threads to /opt/airflow/data/CleanData/AMBER2022/amber_202210
[2025-11-19T07:26:00.529+0000] {subprocess.py:93} INFO - 
[2025-11-19T07:26:00.529+0000] {subprocess.py:93} INFO - Merging replies from /opt/airflow/data/CleanData/AMBER2022/amber_202212 -> /opt/airflow/data/CleanData/AMBER2022/amber_202211
[2025-11-19T07:26:00.529+0000] {subprocess.py:93} INFO - Wrote 74 threads to /opt/airflow/data/CleanData/AMBER2022/amber_202211
[2025-11-19T07:26:00.530+0000] {subprocess.py:93} INFO - 
[2025-11-19T07:26:00.530+0000] {subprocess.py:93} INFO - Merging replies from /opt/airflow/data/CleanData/AMBER2023/amber_202301 -> /opt/airflow/data/CleanData/AMBER2022/amber_202212
[2025-11-19T07:26:00.530+0000] {subprocess.py:93} INFO - Wrote 44 threads to /opt/airflow/data/CleanData/AMBER2022/amber_202212
[2025-11-19T07:26:00.531+0000] {subprocess.py:93} INFO - 
[2025-11-19T07:26:00.531+0000] {subprocess.py:93} INFO - Merging replies from /opt/airflow/data/CleanData/AMBER2023/amber_202302 -> /opt/airflow/data/CleanData/AMBER2023/amber_202301
[2025-11-19T07:26:00.531+0000] {subprocess.py:93} INFO - Wrote 62 threads to /opt/airflow/data/CleanData/AMBER2023/amber_202301
[2025-11-19T07:26:00.532+0000] {subprocess.py:93} INFO - 
[2025-11-19T07:26:00.532+0000] {subprocess.py:93} INFO - Merging replies from /opt/airflow/data/CleanData/AMBER2023/amber_202303 -> /opt/airflow/data/CleanData/AMBER2023/amber_202302
[2025-11-19T07:26:00.532+0000] {subprocess.py:93} INFO - Wrote 69 threads to /opt/airflow/data/CleanData/AMBER2023/amber_202302
[2025-11-19T07:26:00.533+0000] {subprocess.py:93} INFO - 
[2025-11-19T07:26:00.533+0000] {subprocess.py:93} INFO - Merging replies from /opt/airflow/data/CleanData/AMBER2023/amber_202304 -> /opt/airflow/data/CleanData/AMBER2023/amber_202303
[2025-11-19T07:26:00.534+0000] {subprocess.py:93} INFO - Wrote 67 threads to /opt/airflow/data/CleanData/AMBER2023/amber_202303
[2025-11-19T07:26:00.534+0000] {subprocess.py:93} INFO - 
[2025-11-19T07:26:00.534+0000] {subprocess.py:93} INFO - Merging replies from /opt/airflow/data/CleanData/AMBER2023/amber_202305 -> /opt/airflow/data/CleanData/AMBER2023/amber_202304
[2025-11-19T07:26:00.535+0000] {subprocess.py:93} INFO - Wrote 35 threads to /opt/airflow/data/CleanData/AMBER2023/amber_202304
[2025-11-19T07:26:00.535+0000] {subprocess.py:93} INFO - 
[2025-11-19T07:26:00.536+0000] {subprocess.py:93} INFO - Merging replies from /opt/airflow/data/CleanData/AMBER2023/amber_202306 -> /opt/airflow/data/CleanData/AMBER2023/amber_202305
[2025-11-19T07:26:00.536+0000] {subprocess.py:93} INFO - Wrote 63 threads to /opt/airflow/data/CleanData/AMBER2023/amber_202305
[2025-11-19T07:26:00.536+0000] {subprocess.py:93} INFO - 
[2025-11-19T07:26:20.872+0000] {subprocess.py:93} INFO - Merging replies from /opt/airflow/data/CleanData/AMBER2023/amber_202307 -> /opt/airflow/data/CleanData/AMBER2023/amber_202306
[2025-11-19T07:26:20.873+0000] {subprocess.py:93} INFO - Wrote 57 threads to /opt/airflow/data/CleanData/AMBER2023/amber_202306
[2025-11-19T07:26:20.873+0000] {subprocess.py:93} INFO - 
[2025-11-19T07:26:20.874+0000] {subprocess.py:93} INFO - Merging replies from /opt/airflow/data/CleanData/AMBER2023/amber_202308 -> /opt/airflow/data/CleanData/AMBER2023/amber_202307
[2025-11-19T07:26:20.874+0000] {subprocess.py:93} INFO - Wrote 59 threads to /opt/airflow/data/CleanData/AMBER2023/amber_202307
[2025-11-19T07:26:20.875+0000] {subprocess.py:93} INFO - 
[2025-11-19T07:26:20.875+0000] {subprocess.py:93} INFO - Merging replies from /opt/airflow/data/CleanData/AMBER2023/amber_202309 -> /opt/airflow/data/CleanData/AMBER2023/amber_202308
[2025-11-19T07:26:20.875+0000] {subprocess.py:93} INFO - Wrote 58 threads to /opt/airflow/data/CleanData/AMBER2023/amber_202308
[2025-11-19T07:26:20.876+0000] {subprocess.py:93} INFO - 
[2025-11-19T07:26:20.876+0000] {subprocess.py:93} INFO - Merging replies from /opt/airflow/data/CleanData/AMBER2023/amber_202310 -> /opt/airflow/data/CleanData/AMBER2023/amber_202309
[2025-11-19T07:26:20.876+0000] {subprocess.py:93} INFO - Wrote 62 threads to /opt/airflow/data/CleanData/AMBER2023/amber_202309
[2025-11-19T07:26:20.876+0000] {subprocess.py:93} INFO - 
[2025-11-19T07:26:20.877+0000] {subprocess.py:93} INFO - Merging replies from /opt/airflow/data/CleanData/AMBER2023/amber_202311 -> /opt/airflow/data/CleanData/AMBER2023/amber_202310
[2025-11-19T07:26:20.877+0000] {subprocess.py:93} INFO - Wrote 58 threads to /opt/airflow/data/CleanData/AMBER2023/amber_202310
[2025-11-19T07:26:20.878+0000] {subprocess.py:93} INFO - 
[2025-11-19T07:26:20.878+0000] {subprocess.py:93} INFO - Merging replies from /opt/airflow/data/CleanData/AMBER2023/amber_202312 -> /opt/airflow/data/CleanData/AMBER2023/amber_202311
[2025-11-19T07:26:20.878+0000] {subprocess.py:93} INFO - Wrote 56 threads to /opt/airflow/data/CleanData/AMBER2023/amber_202311
[2025-11-19T07:26:20.879+0000] {subprocess.py:93} INFO - 
[2025-11-19T07:26:20.879+0000] {subprocess.py:93} INFO - Merging replies from /opt/airflow/data/CleanData/AMBER2024/amber_202401 -> /opt/airflow/data/CleanData/AMBER2023/amber_202312
[2025-11-19T07:26:20.879+0000] {subprocess.py:93} INFO - Wrote 67 threads to /opt/airflow/data/CleanData/AMBER2023/amber_202312
[2025-11-19T07:26:20.880+0000] {subprocess.py:93} INFO - 
[2025-11-19T07:26:20.880+0000] {subprocess.py:93} INFO - Merging replies from /opt/airflow/data/CleanData/AMBER2024/amber_202402 -> /opt/airflow/data/CleanData/AMBER2024/amber_202401
[2025-11-19T07:26:20.880+0000] {subprocess.py:93} INFO - Wrote 70 threads to /opt/airflow/data/CleanData/AMBER2024/amber_202401
[2025-11-19T07:26:20.881+0000] {subprocess.py:93} INFO - 
[2025-11-19T07:26:20.881+0000] {subprocess.py:93} INFO - Merging replies from /opt/airflow/data/CleanData/AMBER2024/amber_202403 -> /opt/airflow/data/CleanData/AMBER2024/amber_202402
[2025-11-19T07:26:20.881+0000] {subprocess.py:93} INFO - Wrote 61 threads to /opt/airflow/data/CleanData/AMBER2024/amber_202402
[2025-11-19T07:26:20.881+0000] {subprocess.py:93} INFO - 
[2025-11-19T07:26:20.881+0000] {subprocess.py:93} INFO - Merging replies from /opt/airflow/data/CleanData/AMBER2024/amber_202404 -> /opt/airflow/data/CleanData/AMBER2024/amber_202403
[2025-11-19T07:26:20.882+0000] {subprocess.py:93} INFO - Wrote 77 threads to /opt/airflow/data/CleanData/AMBER2024/amber_202403
[2025-11-19T07:26:20.882+0000] {subprocess.py:93} INFO - 
[2025-11-19T07:26:20.882+0000] {subprocess.py:93} INFO - Merging replies from /opt/airflow/data/CleanData/AMBER2024/amber_202405 -> /opt/airflow/data/CleanData/AMBER2024/amber_202404
[2025-11-19T07:26:20.882+0000] {subprocess.py:93} INFO - Wrote 46 threads to /opt/airflow/data/CleanData/AMBER2024/amber_202404
[2025-11-19T07:26:20.883+0000] {subprocess.py:93} INFO - 
[2025-11-19T07:26:20.883+0000] {subprocess.py:93} INFO - Merging replies from /opt/airflow/data/CleanData/AMBER2024/amber_202406 -> /opt/airflow/data/CleanData/AMBER2024/amber_202405
[2025-11-19T07:26:20.883+0000] {subprocess.py:93} INFO - Wrote 64 threads to /opt/airflow/data/CleanData/AMBER2024/amber_202405
[2025-11-19T07:26:20.883+0000] {subprocess.py:93} INFO - 
[2025-11-19T07:26:20.883+0000] {subprocess.py:93} INFO - Merging replies from /opt/airflow/data/CleanData/AMBER2024/amber_202407 -> /opt/airflow/data/CleanData/AMBER2024/amber_202406
[2025-11-19T07:26:20.884+0000] {subprocess.py:93} INFO - Wrote 34 threads to /opt/airflow/data/CleanData/AMBER2024/amber_202406
[2025-11-19T07:26:20.884+0000] {subprocess.py:93} INFO - 
[2025-11-19T07:26:20.885+0000] {subprocess.py:93} INFO - Merging replies from /opt/airflow/data/CleanData/AMBER2024/amber_202408 -> /opt/airflow/data/CleanData/AMBER2024/amber_202407
[2025-11-19T07:26:20.885+0000] {subprocess.py:93} INFO - Wrote 50 threads to /opt/airflow/data/CleanData/AMBER2024/amber_202407
[2025-11-19T07:26:20.885+0000] {subprocess.py:93} INFO - 
[2025-11-19T07:26:20.885+0000] {subprocess.py:93} INFO - Merging replies from /opt/airflow/data/CleanData/AMBER2024/amber_202409 -> /opt/airflow/data/CleanData/AMBER2024/amber_202408
[2025-11-19T07:26:20.886+0000] {subprocess.py:93} INFO - Wrote 73 threads to /opt/airflow/data/CleanData/AMBER2024/amber_202408
[2025-11-19T07:26:20.886+0000] {subprocess.py:93} INFO - 
[2025-11-19T07:26:20.887+0000] {subprocess.py:93} INFO - Merging replies from /opt/airflow/data/CleanData/AMBER2024/amber_202410 -> /opt/airflow/data/CleanData/AMBER2024/amber_202409
[2025-11-19T07:26:20.887+0000] {subprocess.py:93} INFO - Wrote 59 threads to /opt/airflow/data/CleanData/AMBER2024/amber_202409
[2025-11-19T07:26:20.888+0000] {subprocess.py:93} INFO - 
[2025-11-19T07:26:20.888+0000] {subprocess.py:93} INFO - Merging replies from /opt/airflow/data/CleanData/AMBER2024/amber_202411 -> /opt/airflow/data/CleanData/AMBER2024/amber_202410
[2025-11-19T07:26:20.888+0000] {subprocess.py:93} INFO - Wrote 37 threads to /opt/airflow/data/CleanData/AMBER2024/amber_202410
[2025-11-19T07:26:20.889+0000] {subprocess.py:93} INFO - 
[2025-11-19T07:26:20.889+0000] {subprocess.py:93} INFO - Merging replies from /opt/airflow/data/CleanData/AMBER2024/amber_202412 -> /opt/airflow/data/CleanData/AMBER2024/amber_202411
[2025-11-19T07:26:20.889+0000] {subprocess.py:93} INFO - Wrote 34 threads to /opt/airflow/data/CleanData/AMBER2024/amber_202411
[2025-11-19T07:26:20.889+0000] {subprocess.py:93} INFO - 
[2025-11-19T07:26:20.889+0000] {subprocess.py:93} INFO - Merging replies from /opt/airflow/data/CleanData/AMBER2025/amber_202501 -> /opt/airflow/data/CleanData/AMBER2024/amber_202412
[2025-11-19T07:26:20.890+0000] {subprocess.py:93} INFO - Wrote 37 threads to /opt/airflow/data/CleanData/AMBER2024/amber_202412
[2025-11-19T07:26:20.890+0000] {subprocess.py:93} INFO - 
[2025-11-19T07:26:20.890+0000] {subprocess.py:93} INFO - Merging replies from /opt/airflow/data/CleanData/AMBER2025/amber_202502 -> /opt/airflow/data/CleanData/AMBER2025/amber_202501
[2025-11-19T07:26:20.890+0000] {subprocess.py:93} INFO - Wrote 43 threads to /opt/airflow/data/CleanData/AMBER2025/amber_202501
[2025-11-19T07:26:20.891+0000] {subprocess.py:93} INFO - 
[2025-11-19T07:26:20.891+0000] {subprocess.py:93} INFO - Merging replies from /opt/airflow/data/CleanData/AMBER2025/amber_202503 -> /opt/airflow/data/CleanData/AMBER2025/amber_202502
[2025-11-19T07:26:20.891+0000] {subprocess.py:93} INFO - Wrote 34 threads to /opt/airflow/data/CleanData/AMBER2025/amber_202502
[2025-11-19T07:26:20.892+0000] {subprocess.py:93} INFO - 
[2025-11-19T07:26:20.892+0000] {subprocess.py:93} INFO - Merging replies from /opt/airflow/data/CleanData/AMBER2025/amber_202504 -> /opt/airflow/data/CleanData/AMBER2025/amber_202503
[2025-11-19T07:26:20.892+0000] {subprocess.py:93} INFO - Wrote 33 threads to /opt/airflow/data/CleanData/AMBER2025/amber_202503
[2025-11-19T07:26:20.893+0000] {subprocess.py:93} INFO - 
[2025-11-19T07:26:20.893+0000] {subprocess.py:93} INFO - Merging replies from /opt/airflow/data/CleanData/AMBER2025/amber_202505 -> /opt/airflow/data/CleanData/AMBER2025/amber_202504
[2025-11-19T07:26:20.893+0000] {subprocess.py:93} INFO - Wrote 21 threads to /opt/airflow/data/CleanData/AMBER2025/amber_202504
[2025-11-19T07:26:20.894+0000] {subprocess.py:93} INFO - 
[2025-11-19T07:26:20.894+0000] {subprocess.py:93} INFO - Merging replies from /opt/airflow/data/CleanData/AMBER2025/amber_202506 -> /opt/airflow/data/CleanData/AMBER2025/amber_202505
[2025-11-19T07:26:20.894+0000] {subprocess.py:93} INFO - Wrote 29 threads to /opt/airflow/data/CleanData/AMBER2025/amber_202505
[2025-11-19T07:26:20.895+0000] {subprocess.py:93} INFO - 
[2025-11-19T07:26:20.895+0000] {subprocess.py:93} INFO - Merging replies from /opt/airflow/data/CleanData/AMBER2025/amber_202507 -> /opt/airflow/data/CleanData/AMBER2025/amber_202506
[2025-11-19T07:26:20.895+0000] {subprocess.py:93} INFO - Wrote 32 threads to /opt/airflow/data/CleanData/AMBER2025/amber_202506
[2025-11-19T07:26:20.895+0000] {subprocess.py:93} INFO - 
[2025-11-19T07:26:20.896+0000] {subprocess.py:93} INFO - Merging replies from /opt/airflow/data/CleanData/AMBER2025/amber_202508 -> /opt/airflow/data/CleanData/AMBER2025/amber_202507
[2025-11-19T07:26:20.896+0000] {subprocess.py:93} INFO - Wrote 35 threads to /opt/airflow/data/CleanData/AMBER2025/amber_202507
[2025-11-19T07:26:20.896+0000] {subprocess.py:93} INFO - 
[2025-11-19T07:26:20.896+0000] {subprocess.py:93} INFO - Merging replies from /opt/airflow/data/CleanData/AMBER2025/amber_202509 -> /opt/airflow/data/CleanData/AMBER2025/amber_202508
[2025-11-19T07:26:20.897+0000] {subprocess.py:93} INFO - Wrote 34 threads to /opt/airflow/data/CleanData/AMBER2025/amber_202508
[2025-11-19T07:26:20.897+0000] {subprocess.py:93} INFO - 
[2025-11-19T07:26:20.897+0000] {subprocess.py:93} INFO - Merging replies from /opt/airflow/data/CleanData/AMBER2025/amber_202510 -> /opt/airflow/data/CleanData/AMBER2025/amber_202509
[2025-11-19T07:26:20.897+0000] {subprocess.py:93} INFO - Wrote 31 threads to /opt/airflow/data/CleanData/AMBER2025/amber_202509
[2025-11-19T07:26:20.897+0000] {subprocess.py:93} INFO - 
[2025-11-19T07:26:20.897+0000] {subprocess.py:93} INFO - Merging replies from /opt/airflow/data/CleanData/AMBER2025/amber_202511 -> /opt/airflow/data/CleanData/AMBER2025/amber_202510
[2025-11-19T07:26:20.898+0000] {subprocess.py:93} INFO - Wrote 19 threads to /opt/airflow/data/CleanData/AMBER2025/amber_202510
[2025-11-19T07:26:20.898+0000] {subprocess.py:93} INFO - 
[2025-11-19T07:26:20.899+0000] {subprocess.py:93} INFO - [DONE] Cross-month merge complete.
[2025-11-19T07:26:20.899+0000] {subprocess.py:97} INFO - Command exited with return code 0
[2025-11-19T07:26:20.930+0000] {taskinstance.py:340} INFO - ::group::Post task execution logs
[2025-11-19T07:26:20.931+0000] {taskinstance.py:352} INFO - Marking task as SUCCESS. dag_id=AMBER_Daily_Scraping, task_id=check_replies, run_id=manual__2025-11-19T06:55:35.678544+00:00, execution_date=20251119T065535, start_date=20251119T072510, end_date=20251119T072620
[2025-11-19T07:26:20.976+0000] {local_task_job_runner.py:266} INFO - Task exited with return code 0
[2025-11-19T07:26:20.989+0000] {taskinstance.py:3900} INFO - 1 downstream tasks scheduled from follow-on schedule check
[2025-11-19T07:26:21.008+0000] {local_task_job_runner.py:245} INFO - ::endgroup::
