[2025-11-19T07:26:23.910+0000] {local_task_job_runner.py:123} INFO - ::group::Pre task execution logs
[2025-11-19T07:26:23.919+0000] {taskinstance.py:2612} INFO - Dependencies all met for dep_context=non-requeueable deps ti=<TaskInstance: AMBER_Daily_Scraping.tutorial_scrape manual__2025-11-19T06:55:35.678544+00:00 [queued]>
[2025-11-19T07:26:23.924+0000] {taskinstance.py:2612} INFO - Dependencies all met for dep_context=requeueable deps ti=<TaskInstance: AMBER_Daily_Scraping.tutorial_scrape manual__2025-11-19T06:55:35.678544+00:00 [queued]>
[2025-11-19T07:26:23.925+0000] {taskinstance.py:2865} INFO - Starting attempt 1 of 3
[2025-11-19T07:26:23.949+0000] {taskinstance.py:2888} INFO - Executing <Task(BashOperator): tutorial_scrape> on 2025-11-19 06:55:35.678544+00:00
[2025-11-19T07:26:23.952+0000] {standard_task_runner.py:72} INFO - Started process 146 to run task
[2025-11-19T07:26:23.955+0000] {standard_task_runner.py:104} INFO - Running: ['airflow', 'tasks', 'run', 'AMBER_Daily_Scraping', 'tutorial_scrape', 'manual__2025-11-19T06:55:35.678544+00:00', '--job-id', '51', '--raw', '--subdir', 'DAGS_FOLDER/AMBER_Daily_Scraping.py', '--cfg-path', '/tmp/tmp31iw59ly']
[2025-11-19T07:26:23.957+0000] {standard_task_runner.py:105} INFO - Job 51: Subtask tutorial_scrape
[2025-11-19T07:26:24.004+0000] {task_command.py:467} INFO - Running <TaskInstance: AMBER_Daily_Scraping.tutorial_scrape manual__2025-11-19T06:55:35.678544+00:00 [running]> on host d2812a83231f
[2025-11-19T07:26:24.075+0000] {taskinstance.py:3131} INFO - Exporting env vars: AIRFLOW_CTX_DAG_OWNER='data' AIRFLOW_CTX_DAG_ID='AMBER_Daily_Scraping' AIRFLOW_CTX_TASK_ID='tutorial_scrape' AIRFLOW_CTX_EXECUTION_DATE='2025-11-19T06:55:35.678544+00:00' AIRFLOW_CTX_TRY_NUMBER='1' AIRFLOW_CTX_DAG_RUN_ID='manual__2025-11-19T06:55:35.678544+00:00'
[2025-11-19T07:26:24.076+0000] {taskinstance.py:731} INFO - ::endgroup::
[2025-11-19T07:26:24.088+0000] {subprocess.py:63} INFO - Tmp dir root location: /tmp
[2025-11-19T07:26:24.089+0000] {subprocess.py:75} INFO - Running command: ['/usr/bin/bash', '-c', 'cd /opt/airflow/dags/scripts && python AMBER_Extract_Tutorial.py']
[2025-11-19T07:26:24.096+0000] {subprocess.py:86} INFO - Output:
[2025-11-19T07:26:25.233+0000] {subprocess.py:93} INFO - /opt/airflow/dags/scripts/AMBER_Extract_Tutorial.py:45: DeprecationWarning: datetime.datetime.utcnow() is deprecated and scheduled for removal in a future version. Use timezone-aware objects to represent datetimes in UTC: datetime.datetime.now(datetime.UTC).
[2025-11-19T07:26:25.234+0000] {subprocess.py:93} INFO -   def now_iso(): return dt.datetime.utcnow().replace(tzinfo=dt.timezone.utc).isoformat()
[2025-11-19T07:27:46.027+0000] {subprocess.py:93} INFO - Found 69 tutorial links after canonicalization/dedup
[2025-11-19T07:27:46.028+0000] {subprocess.py:93} INFO - [1/69] Fetching https://ambermd.org/tutorials/BuildingSystems.php
[2025-11-19T07:27:46.029+0000] {subprocess.py:93} INFO - [2/69] Fetching https://ambermd.org/tutorials/basic/tutorial9/
[2025-11-19T07:27:46.030+0000] {subprocess.py:93} INFO - [3/69] Fetching https://ambermd.org/tutorials/pengfei/
[2025-11-19T07:27:46.030+0000] {subprocess.py:93} INFO - [4/69] Fetching https://ambermd.org/tutorials/CHARMM-GUI.php
[2025-11-19T07:27:46.031+0000] {subprocess.py:93} INFO - [5/69] Fetching https://ambermd.org/tutorials/basic/tutorial12/
[2025-11-19T07:27:46.031+0000] {subprocess.py:93} INFO - [6/69] Fetching https://ambermd.org/tutorials/basic/tutorial10/
[2025-11-19T07:27:46.032+0000] {subprocess.py:93} INFO - [7/69] Fetching https://ambermd.org/tutorials/basic/tutorial7/
[2025-11-19T07:27:46.033+0000] {subprocess.py:93} INFO - [8/69] Fetching https://ambermd.org/tutorials/basic/tutorial8/
[2025-11-19T07:27:46.033+0000] {subprocess.py:93} INFO - [9/69] Fetching https://ambermd.org/tutorials/advanced/tutorial13/XtalTutor1.php
[2025-11-19T07:27:46.034+0000] {subprocess.py:93} INFO - [10/69] Fetching https://ambermd.org/tutorials/advanced/tutorial36/
[2025-11-19T07:27:46.035+0000] {subprocess.py:93} INFO - [11/69] Fetching https://ambermd.org/tutorials/MembraneSystems.php
[2025-11-19T07:27:46.035+0000] {subprocess.py:93} INFO - [12/69] Fetching https://ambermd.org/tutorials/advanced/tutorial38/
[2025-11-19T07:27:46.036+0000] {subprocess.py:93} INFO - [13/69] Fetching https://github.com/callumjd/AMBER-Membrane_protein_tutorial
[2025-11-19T07:27:46.036+0000] {subprocess.py:93} INFO - [14/69] Fetching https://github.com/ParkerdeWaal/AMBER-Maestro-lipid-tutorial
[2025-11-19T07:27:46.036+0000] {subprocess.py:93} INFO - [15/69] Fetching https://ambermd.org/tutorials/basic/tutorial20/
[2025-11-19T07:27:46.037+0000] {subprocess.py:93} INFO - [16/69] Fetching https://ambermd.org/tutorials/advanced/tutorial15/Tutorial2.php
[2025-11-19T07:27:46.037+0000] {subprocess.py:93} INFO - [17/69] Fetching https://ambermd.org/tutorials/advanced/tutorial27/
[2025-11-19T07:27:46.038+0000] {subprocess.py:93} INFO - [18/69] Fetching https://ambermd.org/tutorials/advanced/tutorial27/pro_metal.php
[2025-11-19T07:27:46.038+0000] {subprocess.py:93} INFO - [19/69] Fetching https://ambermd.org/tutorials/advanced/tutorial27/pet.php
[2025-11-19T07:27:46.038+0000] {subprocess.py:93} INFO - [20/69] Fetching https://ambermd.org/tutorials/advanced/tutorial27/hap_water.php
[2025-11-19T07:27:46.039+0000] {subprocess.py:93} INFO - [21/69] Fetching https://ambermd.org/tutorials/advanced/tutorial34/index.html
[2025-11-19T07:27:46.039+0000] {subprocess.py:93} INFO - [22/69] Fetching https://ambermd.org/tutorials/ForceField.php
[2025-11-19T07:27:46.040+0000] {subprocess.py:93} INFO - [23/69] Fetching https://ambermd.org/tutorials/basic/tutorial4b/
[2025-11-19T07:27:46.040+0000] {subprocess.py:93} INFO - [24/69] Fetching https://ambermd.org/antechamber/example.html
[2025-11-19T07:27:46.041+0000] {subprocess.py:93} INFO - [25/69] Fetching https://ambermd.org/tutorials/advanced/tutorial1/
[2025-11-19T07:27:46.041+0000] {subprocess.py:93} INFO - [26/69] Fetching https://ambermd.org/tutorials/basic/tutorial5/
[2025-11-19T07:27:46.041+0000] {subprocess.py:93} INFO - [27/69] Fetching https://carlosramosg.com/amber-custom-residue-parameterization
[2025-11-19T07:27:46.042+0000] {subprocess.py:93} INFO - [28/69] Fetching https://ambermd.org/tutorials/advanced/tutorial20/
[2025-11-19T07:27:46.042+0000] {subprocess.py:93} INFO - [29/69] Fetching https://ambermd.org/tutorials/basic/tutorial19/
[2025-11-19T07:27:46.042+0000] {subprocess.py:93} INFO - [30/69] Fetching https://ambermd.org/tutorials/advanced/tutorial28/
[2025-11-19T07:27:46.043+0000] {subprocess.py:93} INFO - [31/69] Fetching https://ambermd.org/tutorials/advanced/tutorial32/
[2025-11-19T07:27:46.043+0000] {subprocess.py:93} INFO - [32/69] Fetching https://ambermd.org/tutorials/advanced/tutorial35/
[2025-11-19T07:27:46.044+0000] {subprocess.py:93} INFO - [33/69] Fetching https://ambermd.org/tutorials/Relaxation.php
[2025-11-19T07:27:46.044+0000] {subprocess.py:93} INFO - [34/69] Fetching https://ambermd.org/tutorials/basic/tutorial13/
[2025-11-19T07:27:46.044+0000] {subprocess.py:93} INFO - [35/69] Fetching https://ambermd.org/tutorials/basic/tutorial15/
[2025-11-19T07:27:46.045+0000] {subprocess.py:93} INFO - [36/69] Fetching https://ambermd.org/tutorials/basic/tutorial14/
[2025-11-19T07:27:46.045+0000] {subprocess.py:93} INFO - [37/69] Fetching https://ambermd.org/tutorials/basic/tutorial21/
[2025-11-19T07:27:46.046+0000] {subprocess.py:93} INFO - [38/69] Fetching https://ambermd.org/tutorials/Introductory.php
[2025-11-19T07:27:46.046+0000] {subprocess.py:93} INFO - [39/69] Fetching https://ambermd.org/tutorials/basic/tutorial0/
[2025-11-19T07:27:46.047+0000] {subprocess.py:93} INFO - [40/69] Fetching https://ambertutorials-rutgerslbsr-c744272d5a9c1169e0dc9e19b8d800019105.gitlab.io/workshop/02_intoMD/MTR1/Build_MTR1.html
[2025-11-19T07:27:46.047+0000] {subprocess.py:93} INFO - [41/69] Fetching https://ambermd.org/tutorials/basic/tutorial6/
[2025-11-19T07:27:46.047+0000] {subprocess.py:93} INFO - [42/69] Fetching https://ambermd.org/tutorials/advanced/tutorial40/
[2025-11-19T07:27:46.047+0000] {subprocess.py:93} INFO - [43/69] Fetching https://ambermd.org/tutorials/EnhancedSampling.php
[2025-11-19T07:27:46.048+0000] {subprocess.py:93} INFO - [44/69] Fetching https://ambermd.org/tutorials/advanced/tutorial26/
[2025-11-19T07:27:46.048+0000] {subprocess.py:93} INFO - [45/69] Fetching http://jianliugroup.pku.edu.cn/tutorial-testcase/tutorial-testcase.html
[2025-11-19T07:27:46.048+0000] {subprocess.py:93} INFO - [46/69] Fetching https://ambermd.org/tutorials/advanced/tutorial37/
[2025-11-19T07:27:46.048+0000] {subprocess.py:93} INFO - [47/69] Fetching https://ambermd.org/tutorials/FreeEnergy.php
[2025-11-19T07:27:46.049+0000] {subprocess.py:93} INFO - [48/69] Fetching https://ambermd.org/tutorials/advanced/tutorial9/index.html
[2025-11-19T07:27:46.049+0000] {subprocess.py:93} INFO - [49/69] Fetching https://ambermd.org/tutorials/advanced/tutorial39/
[2025-11-19T07:27:46.049+0000] {subprocess.py:93} INFO - [50/69] Fetching https://ambermd.org/tutorials/advanced/tutorial6/
[2025-11-19T07:27:46.049+0000] {subprocess.py:93} INFO - [51/69] Fetching https://ambermd.org/tutorials/advanced/tutorial3/
[2025-11-19T07:27:46.049+0000] {subprocess.py:93} INFO - [52/69] Fetching https://ambermd.org/tutorials/advanced/tutorial17/
[2025-11-19T07:27:46.049+0000] {subprocess.py:93} INFO - [53/69] Fetching https://github.com/callumjd/AMBER-Umbrella_COM_restraint_tutorial
[2025-11-19T07:27:46.050+0000] {subprocess.py:93} INFO - [54/69] Fetching https://ambermd.org/tutorials/advanced/tutorial19/
[2025-11-19T07:27:46.050+0000] {subprocess.py:93} INFO - [55/69] Fetching https://ambermd.org/tutorials/advanced/tutorial21/
[2025-11-19T07:27:46.050+0000] {subprocess.py:93} INFO - [56/69] Fetching https://ambermd.org/tutorials/advanced/tutorial24/
[2025-11-19T07:27:46.050+0000] {subprocess.py:93} INFO - [57/69] Fetching https://ambermd.org/tutorials/advanced/tutorial25/
[2025-11-19T07:27:46.051+0000] {subprocess.py:93} INFO - [58/69] Fetching https://livecomsjournal.org/index.php/livecoms/article/view/v6i1e3059
[2025-11-19T07:27:46.051+0000] {subprocess.py:93} INFO - [59/69] Fetching https://ambermd.org/tutorials/advanced/tutorial29/
[2025-11-19T07:27:46.051+0000] {subprocess.py:93} INFO - [60/69] Fetching https://github.com/GilsonLabUCSD/pAPRika/blob/master/docs/tutorials/01-tutorial-cb6-but.ipynb
[2025-11-19T07:27:46.051+0000] {subprocess.py:93} INFO - [61/69] Fetching https://ambermd.org/tutorials/advanced/tutorial31/
[2025-11-19T07:27:46.051+0000] {subprocess.py:93} INFO - [62/69] Fetching https://ambermd.org/tutorials/ChemicalReactions.php
[2025-11-19T07:27:46.052+0000] {subprocess.py:93} INFO - [63/69] Fetching https://ambermd.org/tutorials/advanced/tutorial18/
[2025-11-19T07:27:46.052+0000] {subprocess.py:93} INFO - [64/69] Fetching https://ambermd.org/tutorials/advanced/tutorial33/
[2025-11-19T07:27:46.052+0000] {subprocess.py:93} INFO - [65/69] Fetching https://github.com/Dixit-s-lab/CYPWare-1.0
[2025-11-19T07:27:46.052+0000] {subprocess.py:93} INFO - [66/69] Fetching http://jianliugroup.pku.edu.cn/tutorial-lscivr/tutorial-lscivr.html
[2025-11-19T07:27:46.052+0000] {subprocess.py:93} INFO - [67/69] Fetching https://ambermd.org/tutorials/Tools.php
[2025-11-19T07:27:46.053+0000] {subprocess.py:93} INFO - [68/69] Fetching http://amber.tkanai-lab.org/
[2025-11-19T07:27:46.053+0000] {subprocess.py:93} INFO - [69/69] Fetching http://www.conflex.co.jp/prod_amber_tutorial.html
[2025-11-19T07:27:46.053+0000] {subprocess.py:93} INFO - Saved cleaned tutorial data to /opt/airflow/data/amber_tutorials.jsonl
[2025-11-19T07:27:46.060+0000] {subprocess.py:97} INFO - Command exited with return code 0
[2025-11-19T07:27:46.086+0000] {taskinstance.py:340} INFO - ::group::Post task execution logs
[2025-11-19T07:27:46.087+0000] {taskinstance.py:352} INFO - Marking task as SUCCESS. dag_id=AMBER_Daily_Scraping, task_id=tutorial_scrape, run_id=manual__2025-11-19T06:55:35.678544+00:00, execution_date=20251119T065535, start_date=20251119T072623, end_date=20251119T072746
[2025-11-19T07:27:46.137+0000] {local_task_job_runner.py:266} INFO - Task exited with return code 0
[2025-11-19T07:27:46.146+0000] {taskinstance.py:3900} INFO - 1 downstream tasks scheduled from follow-on schedule check
[2025-11-19T07:27:46.163+0000] {local_task_job_runner.py:245} INFO - ::endgroup::
