[2025-10-30T20:29:41.628+0000] {processor.py:161} INFO - Started process (PID=86) to work on /home/airflow/.local/lib/python3.12/site-packages/airflow/example_dags/example_time_delta_sensor_async.py
[2025-10-30T20:29:41.629+0000] {processor.py:830} INFO - Processing file /home/airflow/.local/lib/python3.12/site-packages/airflow/example_dags/example_time_delta_sensor_async.py for tasks to queue
[2025-10-30T20:29:41.635+0000] {logging_mixin.py:188} INFO - [2025-10-30T20:29:41.634+0000] {dagbag.py:545} INFO - Filling up the DagBag from /home/airflow/.local/lib/python3.12/site-packages/airflow/example_dags/example_time_delta_sensor_async.py
[2025-10-30T20:29:41.644+0000] {processor.py:840} INFO - DAG(s) 'example_time_delta_sensor_async' retrieved from /home/airflow/.local/lib/python3.12/site-packages/airflow/example_dags/example_time_delta_sensor_async.py
[2025-10-30T20:29:41.919+0000] {logging_mixin.py:188} INFO - [2025-10-30T20:29:41.918+0000] {dag.py:3096} INFO - Sync 1 DAGs
[2025-10-30T20:29:41.998+0000] {logging_mixin.py:188} INFO - [2025-10-30T20:29:41.997+0000] {dag.py:3954} INFO - Setting next_dagrun for example_time_delta_sensor_async to None, run_after=None
[2025-10-30T20:29:42.042+0000] {processor.py:183} INFO - Processing /home/airflow/.local/lib/python3.12/site-packages/airflow/example_dags/example_time_delta_sensor_async.py took 0.424 seconds
[2025-10-30T20:30:12.460+0000] {processor.py:161} INFO - Started process (PID=144) to work on /home/airflow/.local/lib/python3.12/site-packages/airflow/example_dags/example_time_delta_sensor_async.py
[2025-10-30T20:30:12.461+0000] {processor.py:830} INFO - Processing file /home/airflow/.local/lib/python3.12/site-packages/airflow/example_dags/example_time_delta_sensor_async.py for tasks to queue
[2025-10-30T20:30:12.464+0000] {logging_mixin.py:188} INFO - [2025-10-30T20:30:12.463+0000] {dagbag.py:545} INFO - Filling up the DagBag from /home/airflow/.local/lib/python3.12/site-packages/airflow/example_dags/example_time_delta_sensor_async.py
[2025-10-30T20:30:12.470+0000] {processor.py:840} INFO - DAG(s) 'example_time_delta_sensor_async' retrieved from /home/airflow/.local/lib/python3.12/site-packages/airflow/example_dags/example_time_delta_sensor_async.py
[2025-10-30T20:30:12.494+0000] {logging_mixin.py:188} INFO - [2025-10-30T20:30:12.494+0000] {dag.py:3096} INFO - Sync 1 DAGs
[2025-10-30T20:30:12.509+0000] {logging_mixin.py:188} INFO - [2025-10-30T20:30:12.509+0000] {dag.py:3954} INFO - Setting next_dagrun for example_time_delta_sensor_async to None, run_after=None
[2025-10-30T20:30:12.531+0000] {processor.py:183} INFO - Processing /home/airflow/.local/lib/python3.12/site-packages/airflow/example_dags/example_time_delta_sensor_async.py took 0.080 seconds
[2025-10-30T20:30:42.662+0000] {processor.py:161} INFO - Started process (PID=203) to work on /home/airflow/.local/lib/python3.12/site-packages/airflow/example_dags/example_time_delta_sensor_async.py
[2025-10-30T20:30:42.665+0000] {processor.py:830} INFO - Processing file /home/airflow/.local/lib/python3.12/site-packages/airflow/example_dags/example_time_delta_sensor_async.py for tasks to queue
[2025-10-30T20:30:42.667+0000] {logging_mixin.py:188} INFO - [2025-10-30T20:30:42.667+0000] {dagbag.py:545} INFO - Filling up the DagBag from /home/airflow/.local/lib/python3.12/site-packages/airflow/example_dags/example_time_delta_sensor_async.py
[2025-10-30T20:30:42.673+0000] {processor.py:840} INFO - DAG(s) 'example_time_delta_sensor_async' retrieved from /home/airflow/.local/lib/python3.12/site-packages/airflow/example_dags/example_time_delta_sensor_async.py
[2025-10-30T20:30:42.700+0000] {logging_mixin.py:188} INFO - [2025-10-30T20:30:42.700+0000] {dag.py:3096} INFO - Sync 1 DAGs
[2025-10-30T20:30:42.716+0000] {logging_mixin.py:188} INFO - [2025-10-30T20:30:42.716+0000] {dag.py:3954} INFO - Setting next_dagrun for example_time_delta_sensor_async to None, run_after=None
[2025-10-30T20:30:42.744+0000] {processor.py:183} INFO - Processing /home/airflow/.local/lib/python3.12/site-packages/airflow/example_dags/example_time_delta_sensor_async.py took 0.091 seconds
[2025-10-30T20:31:14.424+0000] {processor.py:161} INFO - Started process (PID=261) to work on /home/airflow/.local/lib/python3.12/site-packages/airflow/example_dags/example_time_delta_sensor_async.py
[2025-10-30T20:31:14.428+0000] {processor.py:830} INFO - Processing file /home/airflow/.local/lib/python3.12/site-packages/airflow/example_dags/example_time_delta_sensor_async.py for tasks to queue
[2025-10-30T20:31:14.435+0000] {logging_mixin.py:188} INFO - [2025-10-30T20:31:14.435+0000] {dagbag.py:545} INFO - Filling up the DagBag from /home/airflow/.local/lib/python3.12/site-packages/airflow/example_dags/example_time_delta_sensor_async.py
[2025-10-30T20:31:14.460+0000] {processor.py:840} INFO - DAG(s) 'example_time_delta_sensor_async' retrieved from /home/airflow/.local/lib/python3.12/site-packages/airflow/example_dags/example_time_delta_sensor_async.py
[2025-10-30T20:31:14.531+0000] {logging_mixin.py:188} INFO - [2025-10-30T20:31:14.530+0000] {dag.py:3096} INFO - Sync 1 DAGs
[2025-10-30T20:31:14.574+0000] {logging_mixin.py:188} INFO - [2025-10-30T20:31:14.573+0000] {dag.py:3954} INFO - Setting next_dagrun for example_time_delta_sensor_async to None, run_after=None
[2025-10-30T20:31:14.626+0000] {processor.py:183} INFO - Processing /home/airflow/.local/lib/python3.12/site-packages/airflow/example_dags/example_time_delta_sensor_async.py took 0.219 seconds
[2025-10-30T20:31:44.739+0000] {processor.py:161} INFO - Started process (PID=319) to work on /home/airflow/.local/lib/python3.12/site-packages/airflow/example_dags/example_time_delta_sensor_async.py
[2025-10-30T20:31:44.741+0000] {processor.py:830} INFO - Processing file /home/airflow/.local/lib/python3.12/site-packages/airflow/example_dags/example_time_delta_sensor_async.py for tasks to queue
[2025-10-30T20:31:44.745+0000] {logging_mixin.py:188} INFO - [2025-10-30T20:31:44.744+0000] {dagbag.py:545} INFO - Filling up the DagBag from /home/airflow/.local/lib/python3.12/site-packages/airflow/example_dags/example_time_delta_sensor_async.py
[2025-10-30T20:31:44.753+0000] {processor.py:840} INFO - DAG(s) 'example_time_delta_sensor_async' retrieved from /home/airflow/.local/lib/python3.12/site-packages/airflow/example_dags/example_time_delta_sensor_async.py
[2025-10-30T20:31:44.790+0000] {logging_mixin.py:188} INFO - [2025-10-30T20:31:44.790+0000] {dag.py:3096} INFO - Sync 1 DAGs
[2025-10-30T20:31:44.817+0000] {logging_mixin.py:188} INFO - [2025-10-30T20:31:44.817+0000] {dag.py:3954} INFO - Setting next_dagrun for example_time_delta_sensor_async to None, run_after=None
[2025-10-30T20:31:44.854+0000] {processor.py:183} INFO - Processing /home/airflow/.local/lib/python3.12/site-packages/airflow/example_dags/example_time_delta_sensor_async.py took 0.125 seconds
[2025-10-30T20:32:15.352+0000] {processor.py:161} INFO - Started process (PID=377) to work on /home/airflow/.local/lib/python3.12/site-packages/airflow/example_dags/example_time_delta_sensor_async.py
[2025-10-30T20:32:15.353+0000] {processor.py:830} INFO - Processing file /home/airflow/.local/lib/python3.12/site-packages/airflow/example_dags/example_time_delta_sensor_async.py for tasks to queue
[2025-10-30T20:32:15.356+0000] {logging_mixin.py:188} INFO - [2025-10-30T20:32:15.356+0000] {dagbag.py:545} INFO - Filling up the DagBag from /home/airflow/.local/lib/python3.12/site-packages/airflow/example_dags/example_time_delta_sensor_async.py
[2025-10-30T20:32:15.362+0000] {processor.py:840} INFO - DAG(s) 'example_time_delta_sensor_async' retrieved from /home/airflow/.local/lib/python3.12/site-packages/airflow/example_dags/example_time_delta_sensor_async.py
[2025-10-30T20:32:15.386+0000] {logging_mixin.py:188} INFO - [2025-10-30T20:32:15.385+0000] {dag.py:3096} INFO - Sync 1 DAGs
[2025-10-30T20:32:15.404+0000] {logging_mixin.py:188} INFO - [2025-10-30T20:32:15.404+0000] {dag.py:3954} INFO - Setting next_dagrun for example_time_delta_sensor_async to None, run_after=None
[2025-10-30T20:32:15.427+0000] {processor.py:183} INFO - Processing /home/airflow/.local/lib/python3.12/site-packages/airflow/example_dags/example_time_delta_sensor_async.py took 0.082 seconds
[2025-10-30T20:32:46.089+0000] {processor.py:161} INFO - Started process (PID=435) to work on /home/airflow/.local/lib/python3.12/site-packages/airflow/example_dags/example_time_delta_sensor_async.py
[2025-10-30T20:32:46.091+0000] {processor.py:830} INFO - Processing file /home/airflow/.local/lib/python3.12/site-packages/airflow/example_dags/example_time_delta_sensor_async.py for tasks to queue
[2025-10-30T20:32:46.093+0000] {logging_mixin.py:188} INFO - [2025-10-30T20:32:46.093+0000] {dagbag.py:545} INFO - Filling up the DagBag from /home/airflow/.local/lib/python3.12/site-packages/airflow/example_dags/example_time_delta_sensor_async.py
[2025-10-30T20:32:46.099+0000] {processor.py:840} INFO - DAG(s) 'example_time_delta_sensor_async' retrieved from /home/airflow/.local/lib/python3.12/site-packages/airflow/example_dags/example_time_delta_sensor_async.py
[2025-10-30T20:32:46.122+0000] {logging_mixin.py:188} INFO - [2025-10-30T20:32:46.122+0000] {dag.py:3096} INFO - Sync 1 DAGs
[2025-10-30T20:32:46.137+0000] {logging_mixin.py:188} INFO - [2025-10-30T20:32:46.137+0000] {dag.py:3954} INFO - Setting next_dagrun for example_time_delta_sensor_async to None, run_after=None
[2025-10-30T20:32:46.160+0000] {processor.py:183} INFO - Processing /home/airflow/.local/lib/python3.12/site-packages/airflow/example_dags/example_time_delta_sensor_async.py took 0.077 seconds
[2025-10-30T20:33:16.363+0000] {processor.py:161} INFO - Started process (PID=493) to work on /home/airflow/.local/lib/python3.12/site-packages/airflow/example_dags/example_time_delta_sensor_async.py
[2025-10-30T20:33:16.365+0000] {processor.py:830} INFO - Processing file /home/airflow/.local/lib/python3.12/site-packages/airflow/example_dags/example_time_delta_sensor_async.py for tasks to queue
[2025-10-30T20:33:16.367+0000] {logging_mixin.py:188} INFO - [2025-10-30T20:33:16.367+0000] {dagbag.py:545} INFO - Filling up the DagBag from /home/airflow/.local/lib/python3.12/site-packages/airflow/example_dags/example_time_delta_sensor_async.py
[2025-10-30T20:33:16.376+0000] {processor.py:840} INFO - DAG(s) 'example_time_delta_sensor_async' retrieved from /home/airflow/.local/lib/python3.12/site-packages/airflow/example_dags/example_time_delta_sensor_async.py
[2025-10-30T20:33:16.411+0000] {logging_mixin.py:188} INFO - [2025-10-30T20:33:16.411+0000] {dag.py:3096} INFO - Sync 1 DAGs
[2025-10-30T20:33:16.432+0000] {logging_mixin.py:188} INFO - [2025-10-30T20:33:16.432+0000] {dag.py:3954} INFO - Setting next_dagrun for example_time_delta_sensor_async to None, run_after=None
[2025-10-30T20:33:16.464+0000] {processor.py:183} INFO - Processing /home/airflow/.local/lib/python3.12/site-packages/airflow/example_dags/example_time_delta_sensor_async.py took 0.112 seconds
[2025-10-30T20:33:47.311+0000] {processor.py:161} INFO - Started process (PID=551) to work on /home/airflow/.local/lib/python3.12/site-packages/airflow/example_dags/example_time_delta_sensor_async.py
[2025-10-30T20:33:47.313+0000] {processor.py:830} INFO - Processing file /home/airflow/.local/lib/python3.12/site-packages/airflow/example_dags/example_time_delta_sensor_async.py for tasks to queue
[2025-10-30T20:33:47.316+0000] {logging_mixin.py:188} INFO - [2025-10-30T20:33:47.315+0000] {dagbag.py:545} INFO - Filling up the DagBag from /home/airflow/.local/lib/python3.12/site-packages/airflow/example_dags/example_time_delta_sensor_async.py
[2025-10-30T20:33:47.322+0000] {processor.py:840} INFO - DAG(s) 'example_time_delta_sensor_async' retrieved from /home/airflow/.local/lib/python3.12/site-packages/airflow/example_dags/example_time_delta_sensor_async.py
[2025-10-30T20:33:47.349+0000] {logging_mixin.py:188} INFO - [2025-10-30T20:33:47.348+0000] {dag.py:3096} INFO - Sync 1 DAGs
[2025-10-30T20:33:47.365+0000] {logging_mixin.py:188} INFO - [2025-10-30T20:33:47.364+0000] {dag.py:3954} INFO - Setting next_dagrun for example_time_delta_sensor_async to None, run_after=None
[2025-10-30T20:33:47.387+0000] {processor.py:183} INFO - Processing /home/airflow/.local/lib/python3.12/site-packages/airflow/example_dags/example_time_delta_sensor_async.py took 0.084 seconds
[2025-10-30T20:34:17.686+0000] {processor.py:161} INFO - Started process (PID=609) to work on /home/airflow/.local/lib/python3.12/site-packages/airflow/example_dags/example_time_delta_sensor_async.py
[2025-10-30T20:34:17.688+0000] {processor.py:830} INFO - Processing file /home/airflow/.local/lib/python3.12/site-packages/airflow/example_dags/example_time_delta_sensor_async.py for tasks to queue
[2025-10-30T20:34:17.690+0000] {logging_mixin.py:188} INFO - [2025-10-30T20:34:17.690+0000] {dagbag.py:545} INFO - Filling up the DagBag from /home/airflow/.local/lib/python3.12/site-packages/airflow/example_dags/example_time_delta_sensor_async.py
[2025-10-30T20:34:17.697+0000] {processor.py:840} INFO - DAG(s) 'example_time_delta_sensor_async' retrieved from /home/airflow/.local/lib/python3.12/site-packages/airflow/example_dags/example_time_delta_sensor_async.py
[2025-10-30T20:34:17.723+0000] {logging_mixin.py:188} INFO - [2025-10-30T20:34:17.723+0000] {dag.py:3096} INFO - Sync 1 DAGs
[2025-10-30T20:34:17.740+0000] {logging_mixin.py:188} INFO - [2025-10-30T20:34:17.740+0000] {dag.py:3954} INFO - Setting next_dagrun for example_time_delta_sensor_async to None, run_after=None
[2025-10-30T20:34:17.764+0000] {processor.py:183} INFO - Processing /home/airflow/.local/lib/python3.12/site-packages/airflow/example_dags/example_time_delta_sensor_async.py took 0.085 seconds
[2025-10-30T20:34:48.327+0000] {processor.py:161} INFO - Started process (PID=667) to work on /home/airflow/.local/lib/python3.12/site-packages/airflow/example_dags/example_time_delta_sensor_async.py
[2025-10-30T20:34:48.328+0000] {processor.py:830} INFO - Processing file /home/airflow/.local/lib/python3.12/site-packages/airflow/example_dags/example_time_delta_sensor_async.py for tasks to queue
[2025-10-30T20:34:48.330+0000] {logging_mixin.py:188} INFO - [2025-10-30T20:34:48.330+0000] {dagbag.py:545} INFO - Filling up the DagBag from /home/airflow/.local/lib/python3.12/site-packages/airflow/example_dags/example_time_delta_sensor_async.py
[2025-10-30T20:34:48.336+0000] {processor.py:840} INFO - DAG(s) 'example_time_delta_sensor_async' retrieved from /home/airflow/.local/lib/python3.12/site-packages/airflow/example_dags/example_time_delta_sensor_async.py
[2025-10-30T20:34:48.359+0000] {logging_mixin.py:188} INFO - [2025-10-30T20:34:48.359+0000] {dag.py:3096} INFO - Sync 1 DAGs
[2025-10-30T20:34:48.375+0000] {logging_mixin.py:188} INFO - [2025-10-30T20:34:48.374+0000] {dag.py:3954} INFO - Setting next_dagrun for example_time_delta_sensor_async to None, run_after=None
[2025-10-30T20:34:48.398+0000] {processor.py:183} INFO - Processing /home/airflow/.local/lib/python3.12/site-packages/airflow/example_dags/example_time_delta_sensor_async.py took 0.079 seconds
[2025-10-30T20:35:18.800+0000] {processor.py:161} INFO - Started process (PID=725) to work on /home/airflow/.local/lib/python3.12/site-packages/airflow/example_dags/example_time_delta_sensor_async.py
[2025-10-30T20:35:18.801+0000] {processor.py:830} INFO - Processing file /home/airflow/.local/lib/python3.12/site-packages/airflow/example_dags/example_time_delta_sensor_async.py for tasks to queue
[2025-10-30T20:35:18.803+0000] {logging_mixin.py:188} INFO - [2025-10-30T20:35:18.803+0000] {dagbag.py:545} INFO - Filling up the DagBag from /home/airflow/.local/lib/python3.12/site-packages/airflow/example_dags/example_time_delta_sensor_async.py
[2025-10-30T20:35:18.809+0000] {processor.py:840} INFO - DAG(s) 'example_time_delta_sensor_async' retrieved from /home/airflow/.local/lib/python3.12/site-packages/airflow/example_dags/example_time_delta_sensor_async.py
[2025-10-30T20:35:18.834+0000] {logging_mixin.py:188} INFO - [2025-10-30T20:35:18.834+0000] {dag.py:3096} INFO - Sync 1 DAGs
[2025-10-30T20:35:18.849+0000] {logging_mixin.py:188} INFO - [2025-10-30T20:35:18.849+0000] {dag.py:3954} INFO - Setting next_dagrun for example_time_delta_sensor_async to None, run_after=None
[2025-10-30T20:35:18.871+0000] {processor.py:183} INFO - Processing /home/airflow/.local/lib/python3.12/site-packages/airflow/example_dags/example_time_delta_sensor_async.py took 0.078 seconds
[2025-10-30T20:35:49.600+0000] {processor.py:161} INFO - Started process (PID=783) to work on /home/airflow/.local/lib/python3.12/site-packages/airflow/example_dags/example_time_delta_sensor_async.py
[2025-10-30T20:35:49.602+0000] {processor.py:830} INFO - Processing file /home/airflow/.local/lib/python3.12/site-packages/airflow/example_dags/example_time_delta_sensor_async.py for tasks to queue
[2025-10-30T20:35:49.606+0000] {logging_mixin.py:188} INFO - [2025-10-30T20:35:49.605+0000] {dagbag.py:545} INFO - Filling up the DagBag from /home/airflow/.local/lib/python3.12/site-packages/airflow/example_dags/example_time_delta_sensor_async.py
[2025-10-30T20:35:49.613+0000] {processor.py:840} INFO - DAG(s) 'example_time_delta_sensor_async' retrieved from /home/airflow/.local/lib/python3.12/site-packages/airflow/example_dags/example_time_delta_sensor_async.py
[2025-10-30T20:35:49.646+0000] {logging_mixin.py:188} INFO - [2025-10-30T20:35:49.645+0000] {dag.py:3096} INFO - Sync 1 DAGs
[2025-10-30T20:35:49.670+0000] {logging_mixin.py:188} INFO - [2025-10-30T20:35:49.669+0000] {dag.py:3954} INFO - Setting next_dagrun for example_time_delta_sensor_async to None, run_after=None
[2025-10-30T20:35:49.696+0000] {processor.py:183} INFO - Processing /home/airflow/.local/lib/python3.12/site-packages/airflow/example_dags/example_time_delta_sensor_async.py took 0.105 seconds
[2025-10-30T20:36:20.099+0000] {processor.py:161} INFO - Started process (PID=841) to work on /home/airflow/.local/lib/python3.12/site-packages/airflow/example_dags/example_time_delta_sensor_async.py
[2025-10-30T20:36:20.101+0000] {processor.py:830} INFO - Processing file /home/airflow/.local/lib/python3.12/site-packages/airflow/example_dags/example_time_delta_sensor_async.py for tasks to queue
[2025-10-30T20:36:20.105+0000] {logging_mixin.py:188} INFO - [2025-10-30T20:36:20.105+0000] {dagbag.py:545} INFO - Filling up the DagBag from /home/airflow/.local/lib/python3.12/site-packages/airflow/example_dags/example_time_delta_sensor_async.py
[2025-10-30T20:36:20.115+0000] {processor.py:840} INFO - DAG(s) 'example_time_delta_sensor_async' retrieved from /home/airflow/.local/lib/python3.12/site-packages/airflow/example_dags/example_time_delta_sensor_async.py
[2025-10-30T20:36:20.150+0000] {logging_mixin.py:188} INFO - [2025-10-30T20:36:20.150+0000] {dag.py:3096} INFO - Sync 1 DAGs
[2025-10-30T20:36:20.170+0000] {logging_mixin.py:188} INFO - [2025-10-30T20:36:20.169+0000] {dag.py:3954} INFO - Setting next_dagrun for example_time_delta_sensor_async to None, run_after=None
[2025-10-30T20:36:20.196+0000] {processor.py:183} INFO - Processing /home/airflow/.local/lib/python3.12/site-packages/airflow/example_dags/example_time_delta_sensor_async.py took 0.108 seconds
[2025-10-30T20:36:50.363+0000] {processor.py:161} INFO - Started process (PID=899) to work on /home/airflow/.local/lib/python3.12/site-packages/airflow/example_dags/example_time_delta_sensor_async.py
[2025-10-30T20:36:50.364+0000] {processor.py:830} INFO - Processing file /home/airflow/.local/lib/python3.12/site-packages/airflow/example_dags/example_time_delta_sensor_async.py for tasks to queue
[2025-10-30T20:36:50.367+0000] {logging_mixin.py:188} INFO - [2025-10-30T20:36:50.366+0000] {dagbag.py:545} INFO - Filling up the DagBag from /home/airflow/.local/lib/python3.12/site-packages/airflow/example_dags/example_time_delta_sensor_async.py
[2025-10-30T20:36:50.373+0000] {processor.py:840} INFO - DAG(s) 'example_time_delta_sensor_async' retrieved from /home/airflow/.local/lib/python3.12/site-packages/airflow/example_dags/example_time_delta_sensor_async.py
[2025-10-30T20:36:50.399+0000] {logging_mixin.py:188} INFO - [2025-10-30T20:36:50.398+0000] {dag.py:3096} INFO - Sync 1 DAGs
[2025-10-30T20:36:50.417+0000] {logging_mixin.py:188} INFO - [2025-10-30T20:36:50.417+0000] {dag.py:3954} INFO - Setting next_dagrun for example_time_delta_sensor_async to None, run_after=None
[2025-10-30T20:36:50.444+0000] {processor.py:183} INFO - Processing /home/airflow/.local/lib/python3.12/site-packages/airflow/example_dags/example_time_delta_sensor_async.py took 0.088 seconds
[2025-10-30T20:37:20.728+0000] {processor.py:161} INFO - Started process (PID=957) to work on /home/airflow/.local/lib/python3.12/site-packages/airflow/example_dags/example_time_delta_sensor_async.py
[2025-10-30T20:37:20.729+0000] {processor.py:830} INFO - Processing file /home/airflow/.local/lib/python3.12/site-packages/airflow/example_dags/example_time_delta_sensor_async.py for tasks to queue
[2025-10-30T20:37:20.732+0000] {logging_mixin.py:188} INFO - [2025-10-30T20:37:20.732+0000] {dagbag.py:545} INFO - Filling up the DagBag from /home/airflow/.local/lib/python3.12/site-packages/airflow/example_dags/example_time_delta_sensor_async.py
[2025-10-30T20:37:20.739+0000] {processor.py:840} INFO - DAG(s) 'example_time_delta_sensor_async' retrieved from /home/airflow/.local/lib/python3.12/site-packages/airflow/example_dags/example_time_delta_sensor_async.py
[2025-10-30T20:37:20.765+0000] {logging_mixin.py:188} INFO - [2025-10-30T20:37:20.765+0000] {dag.py:3096} INFO - Sync 1 DAGs
[2025-10-30T20:37:20.782+0000] {logging_mixin.py:188} INFO - [2025-10-30T20:37:20.782+0000] {dag.py:3954} INFO - Setting next_dagrun for example_time_delta_sensor_async to None, run_after=None
[2025-10-30T20:37:20.806+0000] {processor.py:183} INFO - Processing /home/airflow/.local/lib/python3.12/site-packages/airflow/example_dags/example_time_delta_sensor_async.py took 0.085 seconds
[2025-10-30T20:37:51.007+0000] {processor.py:161} INFO - Started process (PID=1015) to work on /home/airflow/.local/lib/python3.12/site-packages/airflow/example_dags/example_time_delta_sensor_async.py
[2025-10-30T20:37:51.009+0000] {processor.py:830} INFO - Processing file /home/airflow/.local/lib/python3.12/site-packages/airflow/example_dags/example_time_delta_sensor_async.py for tasks to queue
[2025-10-30T20:37:51.012+0000] {logging_mixin.py:188} INFO - [2025-10-30T20:37:51.011+0000] {dagbag.py:545} INFO - Filling up the DagBag from /home/airflow/.local/lib/python3.12/site-packages/airflow/example_dags/example_time_delta_sensor_async.py
[2025-10-30T20:37:51.017+0000] {processor.py:840} INFO - DAG(s) 'example_time_delta_sensor_async' retrieved from /home/airflow/.local/lib/python3.12/site-packages/airflow/example_dags/example_time_delta_sensor_async.py
[2025-10-30T20:37:51.042+0000] {logging_mixin.py:188} INFO - [2025-10-30T20:37:51.041+0000] {dag.py:3096} INFO - Sync 1 DAGs
[2025-10-30T20:37:51.057+0000] {logging_mixin.py:188} INFO - [2025-10-30T20:37:51.057+0000] {dag.py:3954} INFO - Setting next_dagrun for example_time_delta_sensor_async to None, run_after=None
[2025-10-30T20:37:51.081+0000] {processor.py:183} INFO - Processing /home/airflow/.local/lib/python3.12/site-packages/airflow/example_dags/example_time_delta_sensor_async.py took 0.081 seconds
[2025-10-30T20:38:21.630+0000] {processor.py:161} INFO - Started process (PID=1073) to work on /home/airflow/.local/lib/python3.12/site-packages/airflow/example_dags/example_time_delta_sensor_async.py
[2025-10-30T20:38:21.632+0000] {processor.py:830} INFO - Processing file /home/airflow/.local/lib/python3.12/site-packages/airflow/example_dags/example_time_delta_sensor_async.py for tasks to queue
[2025-10-30T20:38:21.634+0000] {logging_mixin.py:188} INFO - [2025-10-30T20:38:21.634+0000] {dagbag.py:545} INFO - Filling up the DagBag from /home/airflow/.local/lib/python3.12/site-packages/airflow/example_dags/example_time_delta_sensor_async.py
[2025-10-30T20:38:21.641+0000] {processor.py:840} INFO - DAG(s) 'example_time_delta_sensor_async' retrieved from /home/airflow/.local/lib/python3.12/site-packages/airflow/example_dags/example_time_delta_sensor_async.py
[2025-10-30T20:38:21.667+0000] {logging_mixin.py:188} INFO - [2025-10-30T20:38:21.666+0000] {dag.py:3096} INFO - Sync 1 DAGs
[2025-10-30T20:38:21.683+0000] {logging_mixin.py:188} INFO - [2025-10-30T20:38:21.682+0000] {dag.py:3954} INFO - Setting next_dagrun for example_time_delta_sensor_async to None, run_after=None
[2025-10-30T20:38:21.705+0000] {processor.py:183} INFO - Processing /home/airflow/.local/lib/python3.12/site-packages/airflow/example_dags/example_time_delta_sensor_async.py took 0.083 seconds
[2025-10-30T20:38:51.905+0000] {processor.py:161} INFO - Started process (PID=1131) to work on /home/airflow/.local/lib/python3.12/site-packages/airflow/example_dags/example_time_delta_sensor_async.py
[2025-10-30T20:38:51.907+0000] {processor.py:830} INFO - Processing file /home/airflow/.local/lib/python3.12/site-packages/airflow/example_dags/example_time_delta_sensor_async.py for tasks to queue
[2025-10-30T20:38:51.909+0000] {logging_mixin.py:188} INFO - [2025-10-30T20:38:51.908+0000] {dagbag.py:545} INFO - Filling up the DagBag from /home/airflow/.local/lib/python3.12/site-packages/airflow/example_dags/example_time_delta_sensor_async.py
[2025-10-30T20:38:51.914+0000] {processor.py:840} INFO - DAG(s) 'example_time_delta_sensor_async' retrieved from /home/airflow/.local/lib/python3.12/site-packages/airflow/example_dags/example_time_delta_sensor_async.py
[2025-10-30T20:38:51.939+0000] {logging_mixin.py:188} INFO - [2025-10-30T20:38:51.938+0000] {dag.py:3096} INFO - Sync 1 DAGs
[2025-10-30T20:38:51.955+0000] {logging_mixin.py:188} INFO - [2025-10-30T20:38:51.955+0000] {dag.py:3954} INFO - Setting next_dagrun for example_time_delta_sensor_async to None, run_after=None
[2025-10-30T20:38:51.978+0000] {processor.py:183} INFO - Processing /home/airflow/.local/lib/python3.12/site-packages/airflow/example_dags/example_time_delta_sensor_async.py took 0.080 seconds
[2025-10-30T20:39:22.131+0000] {processor.py:161} INFO - Started process (PID=1190) to work on /home/airflow/.local/lib/python3.12/site-packages/airflow/example_dags/example_time_delta_sensor_async.py
[2025-10-30T20:39:22.132+0000] {processor.py:830} INFO - Processing file /home/airflow/.local/lib/python3.12/site-packages/airflow/example_dags/example_time_delta_sensor_async.py for tasks to queue
[2025-10-30T20:39:22.135+0000] {logging_mixin.py:188} INFO - [2025-10-30T20:39:22.134+0000] {dagbag.py:545} INFO - Filling up the DagBag from /home/airflow/.local/lib/python3.12/site-packages/airflow/example_dags/example_time_delta_sensor_async.py
[2025-10-30T20:39:22.140+0000] {processor.py:840} INFO - DAG(s) 'example_time_delta_sensor_async' retrieved from /home/airflow/.local/lib/python3.12/site-packages/airflow/example_dags/example_time_delta_sensor_async.py
[2025-10-30T20:39:22.164+0000] {logging_mixin.py:188} INFO - [2025-10-30T20:39:22.164+0000] {dag.py:3096} INFO - Sync 1 DAGs
[2025-10-30T20:39:22.182+0000] {logging_mixin.py:188} INFO - [2025-10-30T20:39:22.182+0000] {dag.py:3954} INFO - Setting next_dagrun for example_time_delta_sensor_async to None, run_after=None
[2025-10-30T20:39:22.207+0000] {processor.py:183} INFO - Processing /home/airflow/.local/lib/python3.12/site-packages/airflow/example_dags/example_time_delta_sensor_async.py took 0.083 seconds
[2025-10-30T20:39:53.402+0000] {processor.py:161} INFO - Started process (PID=1248) to work on /home/airflow/.local/lib/python3.12/site-packages/airflow/example_dags/example_time_delta_sensor_async.py
[2025-10-30T20:39:53.405+0000] {processor.py:830} INFO - Processing file /home/airflow/.local/lib/python3.12/site-packages/airflow/example_dags/example_time_delta_sensor_async.py for tasks to queue
[2025-10-30T20:39:53.409+0000] {logging_mixin.py:188} INFO - [2025-10-30T20:39:53.408+0000] {dagbag.py:545} INFO - Filling up the DagBag from /home/airflow/.local/lib/python3.12/site-packages/airflow/example_dags/example_time_delta_sensor_async.py
[2025-10-30T20:39:53.418+0000] {processor.py:840} INFO - DAG(s) 'example_time_delta_sensor_async' retrieved from /home/airflow/.local/lib/python3.12/site-packages/airflow/example_dags/example_time_delta_sensor_async.py
[2025-10-30T20:39:53.463+0000] {logging_mixin.py:188} INFO - [2025-10-30T20:39:53.463+0000] {dag.py:3096} INFO - Sync 1 DAGs
[2025-10-30T20:39:53.497+0000] {logging_mixin.py:188} INFO - [2025-10-30T20:39:53.497+0000] {dag.py:3954} INFO - Setting next_dagrun for example_time_delta_sensor_async to None, run_after=None
[2025-10-30T20:39:53.546+0000] {processor.py:183} INFO - Processing /home/airflow/.local/lib/python3.12/site-packages/airflow/example_dags/example_time_delta_sensor_async.py took 0.156 seconds
[2025-10-30T20:40:24.346+0000] {processor.py:161} INFO - Started process (PID=1306) to work on /home/airflow/.local/lib/python3.12/site-packages/airflow/example_dags/example_time_delta_sensor_async.py
[2025-10-30T20:40:24.348+0000] {processor.py:830} INFO - Processing file /home/airflow/.local/lib/python3.12/site-packages/airflow/example_dags/example_time_delta_sensor_async.py for tasks to queue
[2025-10-30T20:40:24.351+0000] {logging_mixin.py:188} INFO - [2025-10-30T20:40:24.351+0000] {dagbag.py:545} INFO - Filling up the DagBag from /home/airflow/.local/lib/python3.12/site-packages/airflow/example_dags/example_time_delta_sensor_async.py
[2025-10-30T20:40:24.357+0000] {processor.py:840} INFO - DAG(s) 'example_time_delta_sensor_async' retrieved from /home/airflow/.local/lib/python3.12/site-packages/airflow/example_dags/example_time_delta_sensor_async.py
[2025-10-30T20:40:24.390+0000] {logging_mixin.py:188} INFO - [2025-10-30T20:40:24.390+0000] {dag.py:3096} INFO - Sync 1 DAGs
[2025-10-30T20:40:24.405+0000] {logging_mixin.py:188} INFO - [2025-10-30T20:40:24.405+0000] {dag.py:3954} INFO - Setting next_dagrun for example_time_delta_sensor_async to None, run_after=None
[2025-10-30T20:40:24.428+0000] {processor.py:183} INFO - Processing /home/airflow/.local/lib/python3.12/site-packages/airflow/example_dags/example_time_delta_sensor_async.py took 0.092 seconds
[2025-10-30T20:40:55.261+0000] {processor.py:161} INFO - Started process (PID=1364) to work on /home/airflow/.local/lib/python3.12/site-packages/airflow/example_dags/example_time_delta_sensor_async.py
[2025-10-30T20:40:55.265+0000] {processor.py:830} INFO - Processing file /home/airflow/.local/lib/python3.12/site-packages/airflow/example_dags/example_time_delta_sensor_async.py for tasks to queue
[2025-10-30T20:40:55.268+0000] {logging_mixin.py:188} INFO - [2025-10-30T20:40:55.268+0000] {dagbag.py:545} INFO - Filling up the DagBag from /home/airflow/.local/lib/python3.12/site-packages/airflow/example_dags/example_time_delta_sensor_async.py
[2025-10-30T20:40:55.277+0000] {processor.py:840} INFO - DAG(s) 'example_time_delta_sensor_async' retrieved from /home/airflow/.local/lib/python3.12/site-packages/airflow/example_dags/example_time_delta_sensor_async.py
[2025-10-30T20:40:55.320+0000] {logging_mixin.py:188} INFO - [2025-10-30T20:40:55.320+0000] {dag.py:3096} INFO - Sync 1 DAGs
[2025-10-30T20:40:55.363+0000] {logging_mixin.py:188} INFO - [2025-10-30T20:40:55.363+0000] {dag.py:3954} INFO - Setting next_dagrun for example_time_delta_sensor_async to None, run_after=None
[2025-10-30T20:40:55.412+0000] {processor.py:183} INFO - Processing /home/airflow/.local/lib/python3.12/site-packages/airflow/example_dags/example_time_delta_sensor_async.py took 0.171 seconds
[2025-10-30T20:41:25.457+0000] {processor.py:161} INFO - Started process (PID=1422) to work on /home/airflow/.local/lib/python3.12/site-packages/airflow/example_dags/example_time_delta_sensor_async.py
[2025-10-30T20:41:25.458+0000] {processor.py:830} INFO - Processing file /home/airflow/.local/lib/python3.12/site-packages/airflow/example_dags/example_time_delta_sensor_async.py for tasks to queue
[2025-10-30T20:41:25.461+0000] {logging_mixin.py:188} INFO - [2025-10-30T20:41:25.461+0000] {dagbag.py:545} INFO - Filling up the DagBag from /home/airflow/.local/lib/python3.12/site-packages/airflow/example_dags/example_time_delta_sensor_async.py
[2025-10-30T20:41:25.467+0000] {processor.py:840} INFO - DAG(s) 'example_time_delta_sensor_async' retrieved from /home/airflow/.local/lib/python3.12/site-packages/airflow/example_dags/example_time_delta_sensor_async.py
[2025-10-30T20:41:25.491+0000] {logging_mixin.py:188} INFO - [2025-10-30T20:41:25.491+0000] {dag.py:3096} INFO - Sync 1 DAGs
[2025-10-30T20:41:25.507+0000] {logging_mixin.py:188} INFO - [2025-10-30T20:41:25.507+0000] {dag.py:3954} INFO - Setting next_dagrun for example_time_delta_sensor_async to None, run_after=None
[2025-10-30T20:41:25.531+0000] {processor.py:183} INFO - Processing /home/airflow/.local/lib/python3.12/site-packages/airflow/example_dags/example_time_delta_sensor_async.py took 0.082 seconds
[2025-10-30T20:41:56.281+0000] {processor.py:161} INFO - Started process (PID=1479) to work on /home/airflow/.local/lib/python3.12/site-packages/airflow/example_dags/example_time_delta_sensor_async.py
[2025-10-30T20:41:56.377+0000] {processor.py:830} INFO - Processing file /home/airflow/.local/lib/python3.12/site-packages/airflow/example_dags/example_time_delta_sensor_async.py for tasks to queue
[2025-10-30T20:41:56.398+0000] {logging_mixin.py:188} INFO - [2025-10-30T20:41:56.398+0000] {dagbag.py:545} INFO - Filling up the DagBag from /home/airflow/.local/lib/python3.12/site-packages/airflow/example_dags/example_time_delta_sensor_async.py
[2025-10-30T20:41:56.408+0000] {processor.py:840} INFO - DAG(s) 'example_time_delta_sensor_async' retrieved from /home/airflow/.local/lib/python3.12/site-packages/airflow/example_dags/example_time_delta_sensor_async.py
[2025-10-30T20:41:56.439+0000] {logging_mixin.py:188} INFO - [2025-10-30T20:41:56.439+0000] {dag.py:3096} INFO - Sync 1 DAGs
[2025-10-30T20:41:56.462+0000] {logging_mixin.py:188} INFO - [2025-10-30T20:41:56.462+0000] {dag.py:3954} INFO - Setting next_dagrun for example_time_delta_sensor_async to None, run_after=None
[2025-10-30T20:41:56.494+0000] {processor.py:183} INFO - Processing /home/airflow/.local/lib/python3.12/site-packages/airflow/example_dags/example_time_delta_sensor_async.py took 0.221 seconds
[2025-10-30T20:42:26.825+0000] {processor.py:161} INFO - Started process (PID=1537) to work on /home/airflow/.local/lib/python3.12/site-packages/airflow/example_dags/example_time_delta_sensor_async.py
[2025-10-30T20:42:26.827+0000] {processor.py:830} INFO - Processing file /home/airflow/.local/lib/python3.12/site-packages/airflow/example_dags/example_time_delta_sensor_async.py for tasks to queue
[2025-10-30T20:42:26.830+0000] {logging_mixin.py:188} INFO - [2025-10-30T20:42:26.830+0000] {dagbag.py:545} INFO - Filling up the DagBag from /home/airflow/.local/lib/python3.12/site-packages/airflow/example_dags/example_time_delta_sensor_async.py
[2025-10-30T20:42:26.837+0000] {processor.py:840} INFO - DAG(s) 'example_time_delta_sensor_async' retrieved from /home/airflow/.local/lib/python3.12/site-packages/airflow/example_dags/example_time_delta_sensor_async.py
[2025-10-30T20:42:26.868+0000] {logging_mixin.py:188} INFO - [2025-10-30T20:42:26.868+0000] {dag.py:3096} INFO - Sync 1 DAGs
[2025-10-30T20:42:26.885+0000] {logging_mixin.py:188} INFO - [2025-10-30T20:42:26.884+0000] {dag.py:3954} INFO - Setting next_dagrun for example_time_delta_sensor_async to None, run_after=None
[2025-10-30T20:42:26.912+0000] {processor.py:183} INFO - Processing /home/airflow/.local/lib/python3.12/site-packages/airflow/example_dags/example_time_delta_sensor_async.py took 0.095 seconds
[2025-10-30T21:06:21.722+0000] {processor.py:161} INFO - Started process (PID=87) to work on /home/airflow/.local/lib/python3.12/site-packages/airflow/example_dags/example_time_delta_sensor_async.py
[2025-10-30T21:06:21.725+0000] {processor.py:830} INFO - Processing file /home/airflow/.local/lib/python3.12/site-packages/airflow/example_dags/example_time_delta_sensor_async.py for tasks to queue
[2025-10-30T21:06:21.730+0000] {logging_mixin.py:188} INFO - [2025-10-30T21:06:21.729+0000] {dagbag.py:545} INFO - Filling up the DagBag from /home/airflow/.local/lib/python3.12/site-packages/airflow/example_dags/example_time_delta_sensor_async.py
[2025-10-30T21:06:21.761+0000] {processor.py:840} INFO - DAG(s) 'example_time_delta_sensor_async' retrieved from /home/airflow/.local/lib/python3.12/site-packages/airflow/example_dags/example_time_delta_sensor_async.py
[2025-10-30T21:06:22.289+0000] {logging_mixin.py:188} INFO - [2025-10-30T21:06:22.285+0000] {dag.py:3096} INFO - Sync 1 DAGs
[2025-10-30T21:06:22.337+0000] {logging_mixin.py:188} INFO - [2025-10-30T21:06:22.320+0000] {dag.py:3954} INFO - Setting next_dagrun for example_time_delta_sensor_async to None, run_after=None
[2025-10-30T21:06:22.436+0000] {processor.py:183} INFO - Processing /home/airflow/.local/lib/python3.12/site-packages/airflow/example_dags/example_time_delta_sensor_async.py took 0.732 seconds
[2025-10-30T21:06:52.573+0000] {processor.py:161} INFO - Started process (PID=146) to work on /home/airflow/.local/lib/python3.12/site-packages/airflow/example_dags/example_time_delta_sensor_async.py
[2025-10-30T21:06:52.585+0000] {processor.py:830} INFO - Processing file /home/airflow/.local/lib/python3.12/site-packages/airflow/example_dags/example_time_delta_sensor_async.py for tasks to queue
[2025-10-30T21:06:52.593+0000] {logging_mixin.py:188} INFO - [2025-10-30T21:06:52.592+0000] {dagbag.py:545} INFO - Filling up the DagBag from /home/airflow/.local/lib/python3.12/site-packages/airflow/example_dags/example_time_delta_sensor_async.py
[2025-10-30T21:06:52.605+0000] {processor.py:840} INFO - DAG(s) 'example_time_delta_sensor_async' retrieved from /home/airflow/.local/lib/python3.12/site-packages/airflow/example_dags/example_time_delta_sensor_async.py
[2025-10-30T21:06:52.715+0000] {logging_mixin.py:188} INFO - [2025-10-30T21:06:52.714+0000] {dag.py:3096} INFO - Sync 1 DAGs
[2025-10-30T21:06:52.747+0000] {logging_mixin.py:188} INFO - [2025-10-30T21:06:52.746+0000] {dag.py:3954} INFO - Setting next_dagrun for example_time_delta_sensor_async to None, run_after=None
[2025-10-30T21:06:52.834+0000] {processor.py:183} INFO - Processing /home/airflow/.local/lib/python3.12/site-packages/airflow/example_dags/example_time_delta_sensor_async.py took 0.274 seconds
[2025-10-30T21:07:23.053+0000] {processor.py:161} INFO - Started process (PID=208) to work on /home/airflow/.local/lib/python3.12/site-packages/airflow/example_dags/example_time_delta_sensor_async.py
[2025-10-30T21:07:23.057+0000] {processor.py:830} INFO - Processing file /home/airflow/.local/lib/python3.12/site-packages/airflow/example_dags/example_time_delta_sensor_async.py for tasks to queue
[2025-10-30T21:07:23.063+0000] {logging_mixin.py:188} INFO - [2025-10-30T21:07:23.062+0000] {dagbag.py:545} INFO - Filling up the DagBag from /home/airflow/.local/lib/python3.12/site-packages/airflow/example_dags/example_time_delta_sensor_async.py
[2025-10-30T21:07:23.078+0000] {processor.py:840} INFO - DAG(s) 'example_time_delta_sensor_async' retrieved from /home/airflow/.local/lib/python3.12/site-packages/airflow/example_dags/example_time_delta_sensor_async.py
[2025-10-30T21:07:23.127+0000] {logging_mixin.py:188} INFO - [2025-10-30T21:07:23.126+0000] {dag.py:3096} INFO - Sync 1 DAGs
[2025-10-30T21:07:23.158+0000] {logging_mixin.py:188} INFO - [2025-10-30T21:07:23.157+0000] {dag.py:3954} INFO - Setting next_dagrun for example_time_delta_sensor_async to None, run_after=None
[2025-10-30T21:07:23.196+0000] {processor.py:183} INFO - Processing /home/airflow/.local/lib/python3.12/site-packages/airflow/example_dags/example_time_delta_sensor_async.py took 0.165 seconds
[2025-10-30T21:07:53.373+0000] {processor.py:161} INFO - Started process (PID=267) to work on /home/airflow/.local/lib/python3.12/site-packages/airflow/example_dags/example_time_delta_sensor_async.py
[2025-10-30T21:07:53.377+0000] {processor.py:830} INFO - Processing file /home/airflow/.local/lib/python3.12/site-packages/airflow/example_dags/example_time_delta_sensor_async.py for tasks to queue
[2025-10-30T21:07:53.383+0000] {logging_mixin.py:188} INFO - [2025-10-30T21:07:53.382+0000] {dagbag.py:545} INFO - Filling up the DagBag from /home/airflow/.local/lib/python3.12/site-packages/airflow/example_dags/example_time_delta_sensor_async.py
[2025-10-30T21:07:53.400+0000] {processor.py:840} INFO - DAG(s) 'example_time_delta_sensor_async' retrieved from /home/airflow/.local/lib/python3.12/site-packages/airflow/example_dags/example_time_delta_sensor_async.py
[2025-10-30T21:07:53.458+0000] {logging_mixin.py:188} INFO - [2025-10-30T21:07:53.458+0000] {dag.py:3096} INFO - Sync 1 DAGs
[2025-10-30T21:07:53.495+0000] {logging_mixin.py:188} INFO - [2025-10-30T21:07:53.494+0000] {dag.py:3954} INFO - Setting next_dagrun for example_time_delta_sensor_async to None, run_after=None
[2025-10-30T21:07:53.536+0000] {processor.py:183} INFO - Processing /home/airflow/.local/lib/python3.12/site-packages/airflow/example_dags/example_time_delta_sensor_async.py took 0.193 seconds
[2025-10-30T21:08:23.565+0000] {processor.py:161} INFO - Started process (PID=326) to work on /home/airflow/.local/lib/python3.12/site-packages/airflow/example_dags/example_time_delta_sensor_async.py
[2025-10-30T21:08:23.566+0000] {processor.py:830} INFO - Processing file /home/airflow/.local/lib/python3.12/site-packages/airflow/example_dags/example_time_delta_sensor_async.py for tasks to queue
[2025-10-30T21:08:23.570+0000] {logging_mixin.py:188} INFO - [2025-10-30T21:08:23.569+0000] {dagbag.py:545} INFO - Filling up the DagBag from /home/airflow/.local/lib/python3.12/site-packages/airflow/example_dags/example_time_delta_sensor_async.py
[2025-10-30T21:08:23.578+0000] {processor.py:840} INFO - DAG(s) 'example_time_delta_sensor_async' retrieved from /home/airflow/.local/lib/python3.12/site-packages/airflow/example_dags/example_time_delta_sensor_async.py
[2025-10-30T21:08:23.610+0000] {logging_mixin.py:188} INFO - [2025-10-30T21:08:23.610+0000] {dag.py:3096} INFO - Sync 1 DAGs
[2025-10-30T21:08:23.631+0000] {logging_mixin.py:188} INFO - [2025-10-30T21:08:23.631+0000] {dag.py:3954} INFO - Setting next_dagrun for example_time_delta_sensor_async to None, run_after=None
[2025-10-30T21:08:23.659+0000] {processor.py:183} INFO - Processing /home/airflow/.local/lib/python3.12/site-packages/airflow/example_dags/example_time_delta_sensor_async.py took 0.102 seconds
[2025-10-30T21:09:08.062+0000] {processor.py:161} INFO - Started process (PID=386) to work on /home/airflow/.local/lib/python3.12/site-packages/airflow/example_dags/example_time_delta_sensor_async.py
[2025-10-30T21:09:08.067+0000] {processor.py:830} INFO - Processing file /home/airflow/.local/lib/python3.12/site-packages/airflow/example_dags/example_time_delta_sensor_async.py for tasks to queue
[2025-10-30T21:09:08.074+0000] {logging_mixin.py:188} INFO - [2025-10-30T21:09:08.071+0000] {dagbag.py:545} INFO - Filling up the DagBag from /home/airflow/.local/lib/python3.12/site-packages/airflow/example_dags/example_time_delta_sensor_async.py
[2025-10-30T21:09:08.130+0000] {processor.py:840} INFO - DAG(s) 'example_time_delta_sensor_async' retrieved from /home/airflow/.local/lib/python3.12/site-packages/airflow/example_dags/example_time_delta_sensor_async.py
[2025-10-30T21:09:08.204+0000] {logging_mixin.py:188} INFO - [2025-10-30T21:09:08.203+0000] {dag.py:3096} INFO - Sync 1 DAGs
[2025-10-30T21:09:08.259+0000] {logging_mixin.py:188} INFO - [2025-10-30T21:09:08.258+0000] {dag.py:3954} INFO - Setting next_dagrun for example_time_delta_sensor_async to None, run_after=None
[2025-10-30T21:09:08.315+0000] {processor.py:183} INFO - Processing /home/airflow/.local/lib/python3.12/site-packages/airflow/example_dags/example_time_delta_sensor_async.py took 0.269 seconds
[2025-10-30T21:09:48.757+0000] {processor.py:161} INFO - Started process (PID=452) to work on /home/airflow/.local/lib/python3.12/site-packages/airflow/example_dags/example_time_delta_sensor_async.py
[2025-10-30T21:09:48.782+0000] {processor.py:830} INFO - Processing file /home/airflow/.local/lib/python3.12/site-packages/airflow/example_dags/example_time_delta_sensor_async.py for tasks to queue
[2025-10-30T21:09:48.789+0000] {logging_mixin.py:188} INFO - [2025-10-30T21:09:48.788+0000] {dagbag.py:545} INFO - Filling up the DagBag from /home/airflow/.local/lib/python3.12/site-packages/airflow/example_dags/example_time_delta_sensor_async.py
[2025-10-30T21:09:48.820+0000] {processor.py:840} INFO - DAG(s) 'example_time_delta_sensor_async' retrieved from /home/airflow/.local/lib/python3.12/site-packages/airflow/example_dags/example_time_delta_sensor_async.py
[2025-10-30T21:09:48.888+0000] {logging_mixin.py:188} INFO - [2025-10-30T21:09:48.888+0000] {dag.py:3096} INFO - Sync 1 DAGs
[2025-10-30T21:09:48.932+0000] {logging_mixin.py:188} INFO - [2025-10-30T21:09:48.932+0000] {dag.py:3954} INFO - Setting next_dagrun for example_time_delta_sensor_async to None, run_after=None
[2025-10-30T21:09:48.992+0000] {processor.py:183} INFO - Processing /home/airflow/.local/lib/python3.12/site-packages/airflow/example_dags/example_time_delta_sensor_async.py took 0.266 seconds
