[2025-10-30T20:29:37.730+0000] {processor.py:161} INFO - Started process (PID=80) to work on /home/airflow/.local/lib/python3.12/site-packages/airflow/example_dags/example_latest_only.py
[2025-10-30T20:29:37.733+0000] {processor.py:830} INFO - Processing file /home/airflow/.local/lib/python3.12/site-packages/airflow/example_dags/example_latest_only.py for tasks to queue
[2025-10-30T20:29:37.746+0000] {logging_mixin.py:188} INFO - [2025-10-30T20:29:37.743+0000] {dagbag.py:545} INFO - Filling up the DagBag from /home/airflow/.local/lib/python3.12/site-packages/airflow/example_dags/example_latest_only.py
[2025-10-30T20:29:37.822+0000] {processor.py:840} INFO - DAG(s) 'latest_only' retrieved from /home/airflow/.local/lib/python3.12/site-packages/airflow/example_dags/example_latest_only.py
[2025-10-30T20:29:38.321+0000] {logging_mixin.py:188} INFO - [2025-10-30T20:29:38.320+0000] {dag.py:3096} INFO - Sync 1 DAGs
[2025-10-30T20:29:38.376+0000] {logging_mixin.py:188} INFO - [2025-10-30T20:29:38.376+0000] {dag.py:3954} INFO - Setting next_dagrun for latest_only to 2025-10-30 16:00:00+00:00, run_after=2025-10-30 20:00:00+00:00
[2025-10-30T20:29:38.493+0000] {processor.py:183} INFO - Processing /home/airflow/.local/lib/python3.12/site-packages/airflow/example_dags/example_latest_only.py took 0.780 seconds
[2025-10-30T20:30:09.037+0000] {processor.py:161} INFO - Started process (PID=138) to work on /home/airflow/.local/lib/python3.12/site-packages/airflow/example_dags/example_latest_only.py
[2025-10-30T20:30:09.039+0000] {processor.py:830} INFO - Processing file /home/airflow/.local/lib/python3.12/site-packages/airflow/example_dags/example_latest_only.py for tasks to queue
[2025-10-30T20:30:09.041+0000] {logging_mixin.py:188} INFO - [2025-10-30T20:30:09.041+0000] {dagbag.py:545} INFO - Filling up the DagBag from /home/airflow/.local/lib/python3.12/site-packages/airflow/example_dags/example_latest_only.py
[2025-10-30T20:30:09.048+0000] {processor.py:840} INFO - DAG(s) 'latest_only' retrieved from /home/airflow/.local/lib/python3.12/site-packages/airflow/example_dags/example_latest_only.py
[2025-10-30T20:30:09.076+0000] {logging_mixin.py:188} INFO - [2025-10-30T20:30:09.075+0000] {dag.py:3096} INFO - Sync 1 DAGs
[2025-10-30T20:30:09.102+0000] {logging_mixin.py:188} INFO - [2025-10-30T20:30:09.102+0000] {dag.py:3954} INFO - Setting next_dagrun for latest_only to 2025-10-30 16:00:00+00:00, run_after=2025-10-30 20:00:00+00:00
[2025-10-30T20:30:09.129+0000] {processor.py:183} INFO - Processing /home/airflow/.local/lib/python3.12/site-packages/airflow/example_dags/example_latest_only.py took 0.100 seconds
[2025-10-30T20:30:39.715+0000] {processor.py:161} INFO - Started process (PID=197) to work on /home/airflow/.local/lib/python3.12/site-packages/airflow/example_dags/example_latest_only.py
[2025-10-30T20:30:39.718+0000] {processor.py:830} INFO - Processing file /home/airflow/.local/lib/python3.12/site-packages/airflow/example_dags/example_latest_only.py for tasks to queue
[2025-10-30T20:30:39.723+0000] {logging_mixin.py:188} INFO - [2025-10-30T20:30:39.723+0000] {dagbag.py:545} INFO - Filling up the DagBag from /home/airflow/.local/lib/python3.12/site-packages/airflow/example_dags/example_latest_only.py
[2025-10-30T20:30:39.736+0000] {processor.py:840} INFO - DAG(s) 'latest_only' retrieved from /home/airflow/.local/lib/python3.12/site-packages/airflow/example_dags/example_latest_only.py
[2025-10-30T20:30:39.814+0000] {logging_mixin.py:188} INFO - [2025-10-30T20:30:39.813+0000] {dag.py:3096} INFO - Sync 1 DAGs
[2025-10-30T20:30:39.856+0000] {logging_mixin.py:188} INFO - [2025-10-30T20:30:39.856+0000] {dag.py:3954} INFO - Setting next_dagrun for latest_only to 2025-10-30 16:00:00+00:00, run_after=2025-10-30 20:00:00+00:00
[2025-10-30T20:30:39.889+0000] {processor.py:183} INFO - Processing /home/airflow/.local/lib/python3.12/site-packages/airflow/example_dags/example_latest_only.py took 0.184 seconds
[2025-10-30T20:31:10.272+0000] {processor.py:161} INFO - Started process (PID=255) to work on /home/airflow/.local/lib/python3.12/site-packages/airflow/example_dags/example_latest_only.py
[2025-10-30T20:31:10.290+0000] {processor.py:830} INFO - Processing file /home/airflow/.local/lib/python3.12/site-packages/airflow/example_dags/example_latest_only.py for tasks to queue
[2025-10-30T20:31:10.347+0000] {logging_mixin.py:188} INFO - [2025-10-30T20:31:10.331+0000] {dagbag.py:545} INFO - Filling up the DagBag from /home/airflow/.local/lib/python3.12/site-packages/airflow/example_dags/example_latest_only.py
[2025-10-30T20:31:10.371+0000] {processor.py:840} INFO - DAG(s) 'latest_only' retrieved from /home/airflow/.local/lib/python3.12/site-packages/airflow/example_dags/example_latest_only.py
[2025-10-30T20:31:10.488+0000] {logging_mixin.py:188} INFO - [2025-10-30T20:31:10.488+0000] {dag.py:3096} INFO - Sync 1 DAGs
[2025-10-30T20:31:10.572+0000] {logging_mixin.py:188} INFO - [2025-10-30T20:31:10.571+0000] {dag.py:3954} INFO - Setting next_dagrun for latest_only to 2025-10-30 16:00:00+00:00, run_after=2025-10-30 20:00:00+00:00
[2025-10-30T20:31:10.628+0000] {processor.py:183} INFO - Processing /home/airflow/.local/lib/python3.12/site-packages/airflow/example_dags/example_latest_only.py took 0.371 seconds
[2025-10-30T20:31:41.217+0000] {processor.py:161} INFO - Started process (PID=313) to work on /home/airflow/.local/lib/python3.12/site-packages/airflow/example_dags/example_latest_only.py
[2025-10-30T20:31:41.219+0000] {processor.py:830} INFO - Processing file /home/airflow/.local/lib/python3.12/site-packages/airflow/example_dags/example_latest_only.py for tasks to queue
[2025-10-30T20:31:41.223+0000] {logging_mixin.py:188} INFO - [2025-10-30T20:31:41.222+0000] {dagbag.py:545} INFO - Filling up the DagBag from /home/airflow/.local/lib/python3.12/site-packages/airflow/example_dags/example_latest_only.py
[2025-10-30T20:31:41.234+0000] {processor.py:840} INFO - DAG(s) 'latest_only' retrieved from /home/airflow/.local/lib/python3.12/site-packages/airflow/example_dags/example_latest_only.py
[2025-10-30T20:31:41.281+0000] {logging_mixin.py:188} INFO - [2025-10-30T20:31:41.278+0000] {dag.py:3096} INFO - Sync 1 DAGs
[2025-10-30T20:31:41.351+0000] {logging_mixin.py:188} INFO - [2025-10-30T20:31:41.351+0000] {dag.py:3954} INFO - Setting next_dagrun for latest_only to 2025-10-30 16:00:00+00:00, run_after=2025-10-30 20:00:00+00:00
[2025-10-30T20:31:41.396+0000] {processor.py:183} INFO - Processing /home/airflow/.local/lib/python3.12/site-packages/airflow/example_dags/example_latest_only.py took 0.191 seconds
[2025-10-30T20:32:11.878+0000] {processor.py:161} INFO - Started process (PID=371) to work on /home/airflow/.local/lib/python3.12/site-packages/airflow/example_dags/example_latest_only.py
[2025-10-30T20:32:11.880+0000] {processor.py:830} INFO - Processing file /home/airflow/.local/lib/python3.12/site-packages/airflow/example_dags/example_latest_only.py for tasks to queue
[2025-10-30T20:32:11.883+0000] {logging_mixin.py:188} INFO - [2025-10-30T20:32:11.883+0000] {dagbag.py:545} INFO - Filling up the DagBag from /home/airflow/.local/lib/python3.12/site-packages/airflow/example_dags/example_latest_only.py
[2025-10-30T20:32:11.890+0000] {processor.py:840} INFO - DAG(s) 'latest_only' retrieved from /home/airflow/.local/lib/python3.12/site-packages/airflow/example_dags/example_latest_only.py
[2025-10-30T20:32:11.916+0000] {logging_mixin.py:188} INFO - [2025-10-30T20:32:11.916+0000] {dag.py:3096} INFO - Sync 1 DAGs
[2025-10-30T20:32:11.950+0000] {logging_mixin.py:188} INFO - [2025-10-30T20:32:11.949+0000] {dag.py:3954} INFO - Setting next_dagrun for latest_only to 2025-10-30 16:00:00+00:00, run_after=2025-10-30 20:00:00+00:00
[2025-10-30T20:32:11.974+0000] {processor.py:183} INFO - Processing /home/airflow/.local/lib/python3.12/site-packages/airflow/example_dags/example_latest_only.py took 0.103 seconds
[2025-10-30T20:32:42.641+0000] {processor.py:161} INFO - Started process (PID=429) to work on /home/airflow/.local/lib/python3.12/site-packages/airflow/example_dags/example_latest_only.py
[2025-10-30T20:32:42.642+0000] {processor.py:830} INFO - Processing file /home/airflow/.local/lib/python3.12/site-packages/airflow/example_dags/example_latest_only.py for tasks to queue
[2025-10-30T20:32:42.650+0000] {logging_mixin.py:188} INFO - [2025-10-30T20:32:42.649+0000] {dagbag.py:545} INFO - Filling up the DagBag from /home/airflow/.local/lib/python3.12/site-packages/airflow/example_dags/example_latest_only.py
[2025-10-30T20:32:42.658+0000] {processor.py:840} INFO - DAG(s) 'latest_only' retrieved from /home/airflow/.local/lib/python3.12/site-packages/airflow/example_dags/example_latest_only.py
[2025-10-30T20:32:42.692+0000] {logging_mixin.py:188} INFO - [2025-10-30T20:32:42.692+0000] {dag.py:3096} INFO - Sync 1 DAGs
[2025-10-30T20:32:42.725+0000] {logging_mixin.py:188} INFO - [2025-10-30T20:32:42.724+0000] {dag.py:3954} INFO - Setting next_dagrun for latest_only to 2025-10-30 16:00:00+00:00, run_after=2025-10-30 20:00:00+00:00
[2025-10-30T20:32:42.751+0000] {processor.py:183} INFO - Processing /home/airflow/.local/lib/python3.12/site-packages/airflow/example_dags/example_latest_only.py took 0.121 seconds
[2025-10-30T20:33:12.833+0000] {processor.py:161} INFO - Started process (PID=487) to work on /home/airflow/.local/lib/python3.12/site-packages/airflow/example_dags/example_latest_only.py
[2025-10-30T20:33:12.835+0000] {processor.py:830} INFO - Processing file /home/airflow/.local/lib/python3.12/site-packages/airflow/example_dags/example_latest_only.py for tasks to queue
[2025-10-30T20:33:12.837+0000] {logging_mixin.py:188} INFO - [2025-10-30T20:33:12.837+0000] {dagbag.py:545} INFO - Filling up the DagBag from /home/airflow/.local/lib/python3.12/site-packages/airflow/example_dags/example_latest_only.py
[2025-10-30T20:33:12.846+0000] {processor.py:840} INFO - DAG(s) 'latest_only' retrieved from /home/airflow/.local/lib/python3.12/site-packages/airflow/example_dags/example_latest_only.py
[2025-10-30T20:33:12.880+0000] {logging_mixin.py:188} INFO - [2025-10-30T20:33:12.880+0000] {dag.py:3096} INFO - Sync 1 DAGs
[2025-10-30T20:33:12.911+0000] {logging_mixin.py:188} INFO - [2025-10-30T20:33:12.911+0000] {dag.py:3954} INFO - Setting next_dagrun for latest_only to 2025-10-30 16:00:00+00:00, run_after=2025-10-30 20:00:00+00:00
[2025-10-30T20:33:12.938+0000] {processor.py:183} INFO - Processing /home/airflow/.local/lib/python3.12/site-packages/airflow/example_dags/example_latest_only.py took 0.112 seconds
[2025-10-30T20:33:43.851+0000] {processor.py:161} INFO - Started process (PID=545) to work on /home/airflow/.local/lib/python3.12/site-packages/airflow/example_dags/example_latest_only.py
[2025-10-30T20:33:43.853+0000] {processor.py:830} INFO - Processing file /home/airflow/.local/lib/python3.12/site-packages/airflow/example_dags/example_latest_only.py for tasks to queue
[2025-10-30T20:33:43.857+0000] {logging_mixin.py:188} INFO - [2025-10-30T20:33:43.856+0000] {dagbag.py:545} INFO - Filling up the DagBag from /home/airflow/.local/lib/python3.12/site-packages/airflow/example_dags/example_latest_only.py
[2025-10-30T20:33:43.864+0000] {processor.py:840} INFO - DAG(s) 'latest_only' retrieved from /home/airflow/.local/lib/python3.12/site-packages/airflow/example_dags/example_latest_only.py
[2025-10-30T20:33:43.894+0000] {logging_mixin.py:188} INFO - [2025-10-30T20:33:43.893+0000] {dag.py:3096} INFO - Sync 1 DAGs
[2025-10-30T20:33:43.922+0000] {logging_mixin.py:188} INFO - [2025-10-30T20:33:43.922+0000] {dag.py:3954} INFO - Setting next_dagrun for latest_only to 2025-10-30 16:00:00+00:00, run_after=2025-10-30 20:00:00+00:00
[2025-10-30T20:33:43.947+0000] {processor.py:183} INFO - Processing /home/airflow/.local/lib/python3.12/site-packages/airflow/example_dags/example_latest_only.py took 0.104 seconds
[2025-10-30T20:34:14.246+0000] {processor.py:161} INFO - Started process (PID=603) to work on /home/airflow/.local/lib/python3.12/site-packages/airflow/example_dags/example_latest_only.py
[2025-10-30T20:34:14.248+0000] {processor.py:830} INFO - Processing file /home/airflow/.local/lib/python3.12/site-packages/airflow/example_dags/example_latest_only.py for tasks to queue
[2025-10-30T20:34:14.250+0000] {logging_mixin.py:188} INFO - [2025-10-30T20:34:14.250+0000] {dagbag.py:545} INFO - Filling up the DagBag from /home/airflow/.local/lib/python3.12/site-packages/airflow/example_dags/example_latest_only.py
[2025-10-30T20:34:14.256+0000] {processor.py:840} INFO - DAG(s) 'latest_only' retrieved from /home/airflow/.local/lib/python3.12/site-packages/airflow/example_dags/example_latest_only.py
[2025-10-30T20:34:14.287+0000] {logging_mixin.py:188} INFO - [2025-10-30T20:34:14.286+0000] {dag.py:3096} INFO - Sync 1 DAGs
[2025-10-30T20:34:14.316+0000] {logging_mixin.py:188} INFO - [2025-10-30T20:34:14.316+0000] {dag.py:3954} INFO - Setting next_dagrun for latest_only to 2025-10-30 16:00:00+00:00, run_after=2025-10-30 20:00:00+00:00
[2025-10-30T20:34:14.340+0000] {processor.py:183} INFO - Processing /home/airflow/.local/lib/python3.12/site-packages/airflow/example_dags/example_latest_only.py took 0.102 seconds
[2025-10-30T20:34:44.854+0000] {processor.py:161} INFO - Started process (PID=661) to work on /home/airflow/.local/lib/python3.12/site-packages/airflow/example_dags/example_latest_only.py
[2025-10-30T20:34:44.856+0000] {processor.py:830} INFO - Processing file /home/airflow/.local/lib/python3.12/site-packages/airflow/example_dags/example_latest_only.py for tasks to queue
[2025-10-30T20:34:44.860+0000] {logging_mixin.py:188} INFO - [2025-10-30T20:34:44.859+0000] {dagbag.py:545} INFO - Filling up the DagBag from /home/airflow/.local/lib/python3.12/site-packages/airflow/example_dags/example_latest_only.py
[2025-10-30T20:34:44.872+0000] {processor.py:840} INFO - DAG(s) 'latest_only' retrieved from /home/airflow/.local/lib/python3.12/site-packages/airflow/example_dags/example_latest_only.py
[2025-10-30T20:34:44.909+0000] {logging_mixin.py:188} INFO - [2025-10-30T20:34:44.909+0000] {dag.py:3096} INFO - Sync 1 DAGs
[2025-10-30T20:34:44.960+0000] {logging_mixin.py:188} INFO - [2025-10-30T20:34:44.960+0000] {dag.py:3954} INFO - Setting next_dagrun for latest_only to 2025-10-30 16:00:00+00:00, run_after=2025-10-30 20:00:00+00:00
[2025-10-30T20:34:44.996+0000] {processor.py:183} INFO - Processing /home/airflow/.local/lib/python3.12/site-packages/airflow/example_dags/example_latest_only.py took 0.152 seconds
[2025-10-30T20:35:15.349+0000] {processor.py:161} INFO - Started process (PID=719) to work on /home/airflow/.local/lib/python3.12/site-packages/airflow/example_dags/example_latest_only.py
[2025-10-30T20:35:15.351+0000] {processor.py:830} INFO - Processing file /home/airflow/.local/lib/python3.12/site-packages/airflow/example_dags/example_latest_only.py for tasks to queue
[2025-10-30T20:35:15.354+0000] {logging_mixin.py:188} INFO - [2025-10-30T20:35:15.353+0000] {dagbag.py:545} INFO - Filling up the DagBag from /home/airflow/.local/lib/python3.12/site-packages/airflow/example_dags/example_latest_only.py
[2025-10-30T20:35:15.362+0000] {processor.py:840} INFO - DAG(s) 'latest_only' retrieved from /home/airflow/.local/lib/python3.12/site-packages/airflow/example_dags/example_latest_only.py
[2025-10-30T20:35:15.393+0000] {logging_mixin.py:188} INFO - [2025-10-30T20:35:15.393+0000] {dag.py:3096} INFO - Sync 1 DAGs
[2025-10-30T20:35:15.426+0000] {logging_mixin.py:188} INFO - [2025-10-30T20:35:15.425+0000] {dag.py:3954} INFO - Setting next_dagrun for latest_only to 2025-10-30 16:00:00+00:00, run_after=2025-10-30 20:00:00+00:00
[2025-10-30T20:35:15.457+0000] {processor.py:183} INFO - Processing /home/airflow/.local/lib/python3.12/site-packages/airflow/example_dags/example_latest_only.py took 0.116 seconds
[2025-10-30T20:35:45.900+0000] {processor.py:161} INFO - Started process (PID=777) to work on /home/airflow/.local/lib/python3.12/site-packages/airflow/example_dags/example_latest_only.py
[2025-10-30T20:35:45.901+0000] {processor.py:830} INFO - Processing file /home/airflow/.local/lib/python3.12/site-packages/airflow/example_dags/example_latest_only.py for tasks to queue
[2025-10-30T20:35:45.904+0000] {logging_mixin.py:188} INFO - [2025-10-30T20:35:45.904+0000] {dagbag.py:545} INFO - Filling up the DagBag from /home/airflow/.local/lib/python3.12/site-packages/airflow/example_dags/example_latest_only.py
[2025-10-30T20:35:45.914+0000] {processor.py:840} INFO - DAG(s) 'latest_only' retrieved from /home/airflow/.local/lib/python3.12/site-packages/airflow/example_dags/example_latest_only.py
[2025-10-30T20:35:45.952+0000] {logging_mixin.py:188} INFO - [2025-10-30T20:35:45.952+0000] {dag.py:3096} INFO - Sync 1 DAGs
[2025-10-30T20:35:46.017+0000] {logging_mixin.py:188} INFO - [2025-10-30T20:35:46.016+0000] {dag.py:3954} INFO - Setting next_dagrun for latest_only to 2025-10-30 16:00:00+00:00, run_after=2025-10-30 20:00:00+00:00
[2025-10-30T20:35:46.061+0000] {processor.py:183} INFO - Processing /home/airflow/.local/lib/python3.12/site-packages/airflow/example_dags/example_latest_only.py took 0.171 seconds
[2025-10-30T20:36:16.553+0000] {processor.py:161} INFO - Started process (PID=835) to work on /home/airflow/.local/lib/python3.12/site-packages/airflow/example_dags/example_latest_only.py
[2025-10-30T20:36:16.557+0000] {processor.py:830} INFO - Processing file /home/airflow/.local/lib/python3.12/site-packages/airflow/example_dags/example_latest_only.py for tasks to queue
[2025-10-30T20:36:16.561+0000] {logging_mixin.py:188} INFO - [2025-10-30T20:36:16.560+0000] {dagbag.py:545} INFO - Filling up the DagBag from /home/airflow/.local/lib/python3.12/site-packages/airflow/example_dags/example_latest_only.py
[2025-10-30T20:36:16.570+0000] {processor.py:840} INFO - DAG(s) 'latest_only' retrieved from /home/airflow/.local/lib/python3.12/site-packages/airflow/example_dags/example_latest_only.py
[2025-10-30T20:36:16.606+0000] {logging_mixin.py:188} INFO - [2025-10-30T20:36:16.606+0000] {dag.py:3096} INFO - Sync 1 DAGs
[2025-10-30T20:36:16.634+0000] {logging_mixin.py:188} INFO - [2025-10-30T20:36:16.634+0000] {dag.py:3954} INFO - Setting next_dagrun for latest_only to 2025-10-30 16:00:00+00:00, run_after=2025-10-30 20:00:00+00:00
[2025-10-30T20:36:16.661+0000] {processor.py:183} INFO - Processing /home/airflow/.local/lib/python3.12/site-packages/airflow/example_dags/example_latest_only.py took 0.119 seconds
[2025-10-30T20:36:46.887+0000] {processor.py:161} INFO - Started process (PID=893) to work on /home/airflow/.local/lib/python3.12/site-packages/airflow/example_dags/example_latest_only.py
[2025-10-30T20:36:46.888+0000] {processor.py:830} INFO - Processing file /home/airflow/.local/lib/python3.12/site-packages/airflow/example_dags/example_latest_only.py for tasks to queue
[2025-10-30T20:36:46.891+0000] {logging_mixin.py:188} INFO - [2025-10-30T20:36:46.890+0000] {dagbag.py:545} INFO - Filling up the DagBag from /home/airflow/.local/lib/python3.12/site-packages/airflow/example_dags/example_latest_only.py
[2025-10-30T20:36:46.897+0000] {processor.py:840} INFO - DAG(s) 'latest_only' retrieved from /home/airflow/.local/lib/python3.12/site-packages/airflow/example_dags/example_latest_only.py
[2025-10-30T20:36:46.925+0000] {logging_mixin.py:188} INFO - [2025-10-30T20:36:46.925+0000] {dag.py:3096} INFO - Sync 1 DAGs
[2025-10-30T20:36:46.953+0000] {logging_mixin.py:188} INFO - [2025-10-30T20:36:46.953+0000] {dag.py:3954} INFO - Setting next_dagrun for latest_only to 2025-10-30 16:00:00+00:00, run_after=2025-10-30 20:00:00+00:00
[2025-10-30T20:36:46.977+0000] {processor.py:183} INFO - Processing /home/airflow/.local/lib/python3.12/site-packages/airflow/example_dags/example_latest_only.py took 0.097 seconds
[2025-10-30T20:37:17.244+0000] {processor.py:161} INFO - Started process (PID=951) to work on /home/airflow/.local/lib/python3.12/site-packages/airflow/example_dags/example_latest_only.py
[2025-10-30T20:37:17.245+0000] {processor.py:830} INFO - Processing file /home/airflow/.local/lib/python3.12/site-packages/airflow/example_dags/example_latest_only.py for tasks to queue
[2025-10-30T20:37:17.248+0000] {logging_mixin.py:188} INFO - [2025-10-30T20:37:17.247+0000] {dagbag.py:545} INFO - Filling up the DagBag from /home/airflow/.local/lib/python3.12/site-packages/airflow/example_dags/example_latest_only.py
[2025-10-30T20:37:17.256+0000] {processor.py:840} INFO - DAG(s) 'latest_only' retrieved from /home/airflow/.local/lib/python3.12/site-packages/airflow/example_dags/example_latest_only.py
[2025-10-30T20:37:17.289+0000] {logging_mixin.py:188} INFO - [2025-10-30T20:37:17.289+0000] {dag.py:3096} INFO - Sync 1 DAGs
[2025-10-30T20:37:17.319+0000] {logging_mixin.py:188} INFO - [2025-10-30T20:37:17.319+0000] {dag.py:3954} INFO - Setting next_dagrun for latest_only to 2025-10-30 16:00:00+00:00, run_after=2025-10-30 20:00:00+00:00
[2025-10-30T20:37:17.342+0000] {processor.py:183} INFO - Processing /home/airflow/.local/lib/python3.12/site-packages/airflow/example_dags/example_latest_only.py took 0.109 seconds
[2025-10-30T20:37:47.650+0000] {processor.py:161} INFO - Started process (PID=1009) to work on /home/airflow/.local/lib/python3.12/site-packages/airflow/example_dags/example_latest_only.py
[2025-10-30T20:37:47.652+0000] {processor.py:830} INFO - Processing file /home/airflow/.local/lib/python3.12/site-packages/airflow/example_dags/example_latest_only.py for tasks to queue
[2025-10-30T20:37:47.655+0000] {logging_mixin.py:188} INFO - [2025-10-30T20:37:47.654+0000] {dagbag.py:545} INFO - Filling up the DagBag from /home/airflow/.local/lib/python3.12/site-packages/airflow/example_dags/example_latest_only.py
[2025-10-30T20:37:47.664+0000] {processor.py:840} INFO - DAG(s) 'latest_only' retrieved from /home/airflow/.local/lib/python3.12/site-packages/airflow/example_dags/example_latest_only.py
[2025-10-30T20:37:47.691+0000] {logging_mixin.py:188} INFO - [2025-10-30T20:37:47.691+0000] {dag.py:3096} INFO - Sync 1 DAGs
[2025-10-30T20:37:47.727+0000] {logging_mixin.py:188} INFO - [2025-10-30T20:37:47.727+0000] {dag.py:3954} INFO - Setting next_dagrun for latest_only to 2025-10-30 16:00:00+00:00, run_after=2025-10-30 20:00:00+00:00
[2025-10-30T20:37:47.757+0000] {processor.py:183} INFO - Processing /home/airflow/.local/lib/python3.12/site-packages/airflow/example_dags/example_latest_only.py took 0.115 seconds
[2025-10-30T20:38:18.213+0000] {processor.py:161} INFO - Started process (PID=1067) to work on /home/airflow/.local/lib/python3.12/site-packages/airflow/example_dags/example_latest_only.py
[2025-10-30T20:38:18.216+0000] {processor.py:830} INFO - Processing file /home/airflow/.local/lib/python3.12/site-packages/airflow/example_dags/example_latest_only.py for tasks to queue
[2025-10-30T20:38:18.218+0000] {logging_mixin.py:188} INFO - [2025-10-30T20:38:18.218+0000] {dagbag.py:545} INFO - Filling up the DagBag from /home/airflow/.local/lib/python3.12/site-packages/airflow/example_dags/example_latest_only.py
[2025-10-30T20:38:18.227+0000] {processor.py:840} INFO - DAG(s) 'latest_only' retrieved from /home/airflow/.local/lib/python3.12/site-packages/airflow/example_dags/example_latest_only.py
[2025-10-30T20:38:18.260+0000] {logging_mixin.py:188} INFO - [2025-10-30T20:38:18.260+0000] {dag.py:3096} INFO - Sync 1 DAGs
[2025-10-30T20:38:18.288+0000] {logging_mixin.py:188} INFO - [2025-10-30T20:38:18.288+0000] {dag.py:3954} INFO - Setting next_dagrun for latest_only to 2025-10-30 16:00:00+00:00, run_after=2025-10-30 20:00:00+00:00
[2025-10-30T20:38:18.311+0000] {processor.py:183} INFO - Processing /home/airflow/.local/lib/python3.12/site-packages/airflow/example_dags/example_latest_only.py took 0.107 seconds
[2025-10-30T20:38:48.459+0000] {processor.py:161} INFO - Started process (PID=1125) to work on /home/airflow/.local/lib/python3.12/site-packages/airflow/example_dags/example_latest_only.py
[2025-10-30T20:38:48.460+0000] {processor.py:830} INFO - Processing file /home/airflow/.local/lib/python3.12/site-packages/airflow/example_dags/example_latest_only.py for tasks to queue
[2025-10-30T20:38:48.463+0000] {logging_mixin.py:188} INFO - [2025-10-30T20:38:48.462+0000] {dagbag.py:545} INFO - Filling up the DagBag from /home/airflow/.local/lib/python3.12/site-packages/airflow/example_dags/example_latest_only.py
[2025-10-30T20:38:48.469+0000] {processor.py:840} INFO - DAG(s) 'latest_only' retrieved from /home/airflow/.local/lib/python3.12/site-packages/airflow/example_dags/example_latest_only.py
[2025-10-30T20:38:48.495+0000] {logging_mixin.py:188} INFO - [2025-10-30T20:38:48.494+0000] {dag.py:3096} INFO - Sync 1 DAGs
[2025-10-30T20:38:48.528+0000] {logging_mixin.py:188} INFO - [2025-10-30T20:38:48.528+0000] {dag.py:3954} INFO - Setting next_dagrun for latest_only to 2025-10-30 16:00:00+00:00, run_after=2025-10-30 20:00:00+00:00
[2025-10-30T20:38:48.554+0000] {processor.py:183} INFO - Processing /home/airflow/.local/lib/python3.12/site-packages/airflow/example_dags/example_latest_only.py took 0.104 seconds
[2025-10-30T20:39:18.695+0000] {processor.py:161} INFO - Started process (PID=1184) to work on /home/airflow/.local/lib/python3.12/site-packages/airflow/example_dags/example_latest_only.py
[2025-10-30T20:39:18.697+0000] {processor.py:830} INFO - Processing file /home/airflow/.local/lib/python3.12/site-packages/airflow/example_dags/example_latest_only.py for tasks to queue
[2025-10-30T20:39:18.699+0000] {logging_mixin.py:188} INFO - [2025-10-30T20:39:18.699+0000] {dagbag.py:545} INFO - Filling up the DagBag from /home/airflow/.local/lib/python3.12/site-packages/airflow/example_dags/example_latest_only.py
[2025-10-30T20:39:18.706+0000] {processor.py:840} INFO - DAG(s) 'latest_only' retrieved from /home/airflow/.local/lib/python3.12/site-packages/airflow/example_dags/example_latest_only.py
[2025-10-30T20:39:18.730+0000] {logging_mixin.py:188} INFO - [2025-10-30T20:39:18.730+0000] {dag.py:3096} INFO - Sync 1 DAGs
[2025-10-30T20:39:18.757+0000] {logging_mixin.py:188} INFO - [2025-10-30T20:39:18.757+0000] {dag.py:3954} INFO - Setting next_dagrun for latest_only to 2025-10-30 16:00:00+00:00, run_after=2025-10-30 20:00:00+00:00
[2025-10-30T20:39:18.782+0000] {processor.py:183} INFO - Processing /home/airflow/.local/lib/python3.12/site-packages/airflow/example_dags/example_latest_only.py took 0.094 seconds
[2025-10-30T20:39:50.432+0000] {processor.py:161} INFO - Started process (PID=1242) to work on /home/airflow/.local/lib/python3.12/site-packages/airflow/example_dags/example_latest_only.py
[2025-10-30T20:39:50.434+0000] {processor.py:830} INFO - Processing file /home/airflow/.local/lib/python3.12/site-packages/airflow/example_dags/example_latest_only.py for tasks to queue
[2025-10-30T20:39:50.439+0000] {logging_mixin.py:188} INFO - [2025-10-30T20:39:50.438+0000] {dagbag.py:545} INFO - Filling up the DagBag from /home/airflow/.local/lib/python3.12/site-packages/airflow/example_dags/example_latest_only.py
[2025-10-30T20:39:50.450+0000] {processor.py:840} INFO - DAG(s) 'latest_only' retrieved from /home/airflow/.local/lib/python3.12/site-packages/airflow/example_dags/example_latest_only.py
[2025-10-30T20:39:50.500+0000] {logging_mixin.py:188} INFO - [2025-10-30T20:39:50.499+0000] {dag.py:3096} INFO - Sync 1 DAGs
[2025-10-30T20:39:50.579+0000] {logging_mixin.py:188} INFO - [2025-10-30T20:39:50.578+0000] {dag.py:3954} INFO - Setting next_dagrun for latest_only to 2025-10-30 16:00:00+00:00, run_after=2025-10-30 20:00:00+00:00
[2025-10-30T20:39:50.644+0000] {processor.py:183} INFO - Processing /home/airflow/.local/lib/python3.12/site-packages/airflow/example_dags/example_latest_only.py took 0.226 seconds
[2025-10-30T20:40:20.996+0000] {processor.py:161} INFO - Started process (PID=1300) to work on /home/airflow/.local/lib/python3.12/site-packages/airflow/example_dags/example_latest_only.py
[2025-10-30T20:40:20.998+0000] {processor.py:830} INFO - Processing file /home/airflow/.local/lib/python3.12/site-packages/airflow/example_dags/example_latest_only.py for tasks to queue
[2025-10-30T20:40:21.002+0000] {logging_mixin.py:188} INFO - [2025-10-30T20:40:21.001+0000] {dagbag.py:545} INFO - Filling up the DagBag from /home/airflow/.local/lib/python3.12/site-packages/airflow/example_dags/example_latest_only.py
[2025-10-30T20:40:21.011+0000] {processor.py:840} INFO - DAG(s) 'latest_only' retrieved from /home/airflow/.local/lib/python3.12/site-packages/airflow/example_dags/example_latest_only.py
[2025-10-30T20:40:21.050+0000] {logging_mixin.py:188} INFO - [2025-10-30T20:40:21.050+0000] {dag.py:3096} INFO - Sync 1 DAGs
[2025-10-30T20:40:21.088+0000] {logging_mixin.py:188} INFO - [2025-10-30T20:40:21.087+0000] {dag.py:3954} INFO - Setting next_dagrun for latest_only to 2025-10-30 16:00:00+00:00, run_after=2025-10-30 20:00:00+00:00
[2025-10-30T20:40:21.387+0000] {processor.py:183} INFO - Processing /home/airflow/.local/lib/python3.12/site-packages/airflow/example_dags/example_latest_only.py took 0.402 seconds
[2025-10-30T20:40:52.101+0000] {processor.py:161} INFO - Started process (PID=1357) to work on /home/airflow/.local/lib/python3.12/site-packages/airflow/example_dags/example_latest_only.py
[2025-10-30T20:40:52.107+0000] {processor.py:830} INFO - Processing file /home/airflow/.local/lib/python3.12/site-packages/airflow/example_dags/example_latest_only.py for tasks to queue
[2025-10-30T20:40:52.111+0000] {logging_mixin.py:188} INFO - [2025-10-30T20:40:52.110+0000] {dagbag.py:545} INFO - Filling up the DagBag from /home/airflow/.local/lib/python3.12/site-packages/airflow/example_dags/example_latest_only.py
[2025-10-30T20:40:52.121+0000] {processor.py:840} INFO - DAG(s) 'latest_only' retrieved from /home/airflow/.local/lib/python3.12/site-packages/airflow/example_dags/example_latest_only.py
[2025-10-30T20:40:52.166+0000] {logging_mixin.py:188} INFO - [2025-10-30T20:40:52.166+0000] {dag.py:3096} INFO - Sync 1 DAGs
[2025-10-30T20:40:52.387+0000] {logging_mixin.py:188} INFO - [2025-10-30T20:40:52.387+0000] {dag.py:3954} INFO - Setting next_dagrun for latest_only to 2025-10-30 16:00:00+00:00, run_after=2025-10-30 20:00:00+00:00
[2025-10-30T20:40:52.540+0000] {processor.py:183} INFO - Processing /home/airflow/.local/lib/python3.12/site-packages/airflow/example_dags/example_latest_only.py took 0.450 seconds
[2025-10-30T20:41:22.638+0000] {processor.py:161} INFO - Started process (PID=1415) to work on /home/airflow/.local/lib/python3.12/site-packages/airflow/example_dags/example_latest_only.py
[2025-10-30T20:41:22.640+0000] {processor.py:830} INFO - Processing file /home/airflow/.local/lib/python3.12/site-packages/airflow/example_dags/example_latest_only.py for tasks to queue
[2025-10-30T20:41:22.643+0000] {logging_mixin.py:188} INFO - [2025-10-30T20:41:22.642+0000] {dagbag.py:545} INFO - Filling up the DagBag from /home/airflow/.local/lib/python3.12/site-packages/airflow/example_dags/example_latest_only.py
[2025-10-30T20:41:22.649+0000] {processor.py:840} INFO - DAG(s) 'latest_only' retrieved from /home/airflow/.local/lib/python3.12/site-packages/airflow/example_dags/example_latest_only.py
[2025-10-30T20:41:22.683+0000] {logging_mixin.py:188} INFO - [2025-10-30T20:41:22.683+0000] {dag.py:3096} INFO - Sync 1 DAGs
[2025-10-30T20:41:22.717+0000] {logging_mixin.py:188} INFO - [2025-10-30T20:41:22.717+0000] {dag.py:3954} INFO - Setting next_dagrun for latest_only to 2025-10-30 16:00:00+00:00, run_after=2025-10-30 20:00:00+00:00
[2025-10-30T20:41:22.744+0000] {processor.py:183} INFO - Processing /home/airflow/.local/lib/python3.12/site-packages/airflow/example_dags/example_latest_only.py took 0.114 seconds
[2025-10-30T20:41:52.860+0000] {processor.py:161} INFO - Started process (PID=1472) to work on /home/airflow/.local/lib/python3.12/site-packages/airflow/example_dags/example_latest_only.py
[2025-10-30T20:41:52.862+0000] {processor.py:830} INFO - Processing file /home/airflow/.local/lib/python3.12/site-packages/airflow/example_dags/example_latest_only.py for tasks to queue
[2025-10-30T20:41:52.864+0000] {logging_mixin.py:188} INFO - [2025-10-30T20:41:52.864+0000] {dagbag.py:545} INFO - Filling up the DagBag from /home/airflow/.local/lib/python3.12/site-packages/airflow/example_dags/example_latest_only.py
[2025-10-30T20:41:52.870+0000] {processor.py:840} INFO - DAG(s) 'latest_only' retrieved from /home/airflow/.local/lib/python3.12/site-packages/airflow/example_dags/example_latest_only.py
[2025-10-30T20:41:52.900+0000] {logging_mixin.py:188} INFO - [2025-10-30T20:41:52.900+0000] {dag.py:3096} INFO - Sync 1 DAGs
[2025-10-30T20:41:52.932+0000] {logging_mixin.py:188} INFO - [2025-10-30T20:41:52.932+0000] {dag.py:3954} INFO - Setting next_dagrun for latest_only to 2025-10-30 16:00:00+00:00, run_after=2025-10-30 20:00:00+00:00
[2025-10-30T20:41:52.958+0000] {processor.py:183} INFO - Processing /home/airflow/.local/lib/python3.12/site-packages/airflow/example_dags/example_latest_only.py took 0.106 seconds
[2025-10-30T20:42:23.085+0000] {processor.py:161} INFO - Started process (PID=1530) to work on /home/airflow/.local/lib/python3.12/site-packages/airflow/example_dags/example_latest_only.py
[2025-10-30T20:42:23.086+0000] {processor.py:830} INFO - Processing file /home/airflow/.local/lib/python3.12/site-packages/airflow/example_dags/example_latest_only.py for tasks to queue
[2025-10-30T20:42:23.088+0000] {logging_mixin.py:188} INFO - [2025-10-30T20:42:23.088+0000] {dagbag.py:545} INFO - Filling up the DagBag from /home/airflow/.local/lib/python3.12/site-packages/airflow/example_dags/example_latest_only.py
[2025-10-30T20:42:23.093+0000] {processor.py:840} INFO - DAG(s) 'latest_only' retrieved from /home/airflow/.local/lib/python3.12/site-packages/airflow/example_dags/example_latest_only.py
[2025-10-30T20:42:23.120+0000] {logging_mixin.py:188} INFO - [2025-10-30T20:42:23.119+0000] {dag.py:3096} INFO - Sync 1 DAGs
[2025-10-30T20:42:23.149+0000] {logging_mixin.py:188} INFO - [2025-10-30T20:42:23.149+0000] {dag.py:3954} INFO - Setting next_dagrun for latest_only to 2025-10-30 16:00:00+00:00, run_after=2025-10-30 20:00:00+00:00
[2025-10-30T20:42:23.173+0000] {processor.py:183} INFO - Processing /home/airflow/.local/lib/python3.12/site-packages/airflow/example_dags/example_latest_only.py took 0.095 seconds
[2025-10-30T21:06:18.332+0000] {processor.py:161} INFO - Started process (PID=81) to work on /home/airflow/.local/lib/python3.12/site-packages/airflow/example_dags/example_latest_only.py
[2025-10-30T21:06:18.334+0000] {processor.py:830} INFO - Processing file /home/airflow/.local/lib/python3.12/site-packages/airflow/example_dags/example_latest_only.py for tasks to queue
[2025-10-30T21:06:18.340+0000] {logging_mixin.py:188} INFO - [2025-10-30T21:06:18.339+0000] {dagbag.py:545} INFO - Filling up the DagBag from /home/airflow/.local/lib/python3.12/site-packages/airflow/example_dags/example_latest_only.py
[2025-10-30T21:06:18.360+0000] {processor.py:840} INFO - DAG(s) 'latest_only' retrieved from /home/airflow/.local/lib/python3.12/site-packages/airflow/example_dags/example_latest_only.py
[2025-10-30T21:06:18.829+0000] {logging_mixin.py:188} INFO - [2025-10-30T21:06:18.828+0000] {dag.py:3096} INFO - Sync 1 DAGs
[2025-10-30T21:06:18.902+0000] {logging_mixin.py:188} INFO - [2025-10-30T21:06:18.902+0000] {dag.py:3954} INFO - Setting next_dagrun for latest_only to 2025-10-30 16:00:00+00:00, run_after=2025-10-30 20:00:00+00:00
[2025-10-30T21:06:18.974+0000] {processor.py:183} INFO - Processing /home/airflow/.local/lib/python3.12/site-packages/airflow/example_dags/example_latest_only.py took 0.668 seconds
[2025-10-30T21:06:49.916+0000] {processor.py:161} INFO - Started process (PID=141) to work on /home/airflow/.local/lib/python3.12/site-packages/airflow/example_dags/example_latest_only.py
[2025-10-30T21:06:49.920+0000] {processor.py:830} INFO - Processing file /home/airflow/.local/lib/python3.12/site-packages/airflow/example_dags/example_latest_only.py for tasks to queue
[2025-10-30T21:06:49.926+0000] {logging_mixin.py:188} INFO - [2025-10-30T21:06:49.925+0000] {dagbag.py:545} INFO - Filling up the DagBag from /home/airflow/.local/lib/python3.12/site-packages/airflow/example_dags/example_latest_only.py
[2025-10-30T21:06:49.937+0000] {processor.py:840} INFO - DAG(s) 'latest_only' retrieved from /home/airflow/.local/lib/python3.12/site-packages/airflow/example_dags/example_latest_only.py
[2025-10-30T21:06:49.983+0000] {logging_mixin.py:188} INFO - [2025-10-30T21:06:49.983+0000] {dag.py:3096} INFO - Sync 1 DAGs
[2025-10-30T21:06:50.030+0000] {logging_mixin.py:188} INFO - [2025-10-30T21:06:50.029+0000] {dag.py:3954} INFO - Setting next_dagrun for latest_only to 2025-10-30 16:00:00+00:00, run_after=2025-10-30 20:00:00+00:00
[2025-10-30T21:06:50.072+0000] {processor.py:183} INFO - Processing /home/airflow/.local/lib/python3.12/site-packages/airflow/example_dags/example_latest_only.py took 0.170 seconds
[2025-10-30T21:07:20.132+0000] {processor.py:161} INFO - Started process (PID=202) to work on /home/airflow/.local/lib/python3.12/site-packages/airflow/example_dags/example_latest_only.py
[2025-10-30T21:07:20.135+0000] {processor.py:830} INFO - Processing file /home/airflow/.local/lib/python3.12/site-packages/airflow/example_dags/example_latest_only.py for tasks to queue
[2025-10-30T21:07:20.140+0000] {logging_mixin.py:188} INFO - [2025-10-30T21:07:20.139+0000] {dagbag.py:545} INFO - Filling up the DagBag from /home/airflow/.local/lib/python3.12/site-packages/airflow/example_dags/example_latest_only.py
[2025-10-30T21:07:20.159+0000] {processor.py:840} INFO - DAG(s) 'latest_only' retrieved from /home/airflow/.local/lib/python3.12/site-packages/airflow/example_dags/example_latest_only.py
[2025-10-30T21:07:20.218+0000] {logging_mixin.py:188} INFO - [2025-10-30T21:07:20.217+0000] {dag.py:3096} INFO - Sync 1 DAGs
[2025-10-30T21:07:20.294+0000] {logging_mixin.py:188} INFO - [2025-10-30T21:07:20.293+0000] {dag.py:3954} INFO - Setting next_dagrun for latest_only to 2025-10-30 16:00:00+00:00, run_after=2025-10-30 20:00:00+00:00
[2025-10-30T21:07:20.351+0000] {processor.py:183} INFO - Processing /home/airflow/.local/lib/python3.12/site-packages/airflow/example_dags/example_latest_only.py took 0.235 seconds
[2025-10-30T21:07:50.617+0000] {processor.py:161} INFO - Started process (PID=261) to work on /home/airflow/.local/lib/python3.12/site-packages/airflow/example_dags/example_latest_only.py
[2025-10-30T21:07:50.620+0000] {processor.py:830} INFO - Processing file /home/airflow/.local/lib/python3.12/site-packages/airflow/example_dags/example_latest_only.py for tasks to queue
[2025-10-30T21:07:50.626+0000] {logging_mixin.py:188} INFO - [2025-10-30T21:07:50.625+0000] {dagbag.py:545} INFO - Filling up the DagBag from /home/airflow/.local/lib/python3.12/site-packages/airflow/example_dags/example_latest_only.py
[2025-10-30T21:07:50.639+0000] {processor.py:840} INFO - DAG(s) 'latest_only' retrieved from /home/airflow/.local/lib/python3.12/site-packages/airflow/example_dags/example_latest_only.py
[2025-10-30T21:07:50.685+0000] {logging_mixin.py:188} INFO - [2025-10-30T21:07:50.685+0000] {dag.py:3096} INFO - Sync 1 DAGs
[2025-10-30T21:07:50.723+0000] {logging_mixin.py:188} INFO - [2025-10-30T21:07:50.723+0000] {dag.py:3954} INFO - Setting next_dagrun for latest_only to 2025-10-30 16:00:00+00:00, run_after=2025-10-30 20:00:00+00:00
[2025-10-30T21:07:50.757+0000] {processor.py:183} INFO - Processing /home/airflow/.local/lib/python3.12/site-packages/airflow/example_dags/example_latest_only.py took 0.154 seconds
[2025-10-30T21:08:21.133+0000] {processor.py:161} INFO - Started process (PID=320) to work on /home/airflow/.local/lib/python3.12/site-packages/airflow/example_dags/example_latest_only.py
[2025-10-30T21:08:21.135+0000] {processor.py:830} INFO - Processing file /home/airflow/.local/lib/python3.12/site-packages/airflow/example_dags/example_latest_only.py for tasks to queue
[2025-10-30T21:08:21.139+0000] {logging_mixin.py:188} INFO - [2025-10-30T21:08:21.139+0000] {dagbag.py:545} INFO - Filling up the DagBag from /home/airflow/.local/lib/python3.12/site-packages/airflow/example_dags/example_latest_only.py
[2025-10-30T21:08:21.150+0000] {processor.py:840} INFO - DAG(s) 'latest_only' retrieved from /home/airflow/.local/lib/python3.12/site-packages/airflow/example_dags/example_latest_only.py
[2025-10-30T21:08:21.189+0000] {logging_mixin.py:188} INFO - [2025-10-30T21:08:21.189+0000] {dag.py:3096} INFO - Sync 1 DAGs
[2025-10-30T21:08:21.228+0000] {logging_mixin.py:188} INFO - [2025-10-30T21:08:21.228+0000] {dag.py:3954} INFO - Setting next_dagrun for latest_only to 2025-10-30 16:00:00+00:00, run_after=2025-10-30 20:00:00+00:00
[2025-10-30T21:08:21.263+0000] {processor.py:183} INFO - Processing /home/airflow/.local/lib/python3.12/site-packages/airflow/example_dags/example_latest_only.py took 0.138 seconds
[2025-10-30T21:09:07.095+0000] {processor.py:161} INFO - Started process (PID=380) to work on /home/airflow/.local/lib/python3.12/site-packages/airflow/example_dags/example_latest_only.py
[2025-10-30T21:09:07.099+0000] {processor.py:830} INFO - Processing file /home/airflow/.local/lib/python3.12/site-packages/airflow/example_dags/example_latest_only.py for tasks to queue
[2025-10-30T21:09:07.104+0000] {logging_mixin.py:188} INFO - [2025-10-30T21:09:07.103+0000] {dagbag.py:545} INFO - Filling up the DagBag from /home/airflow/.local/lib/python3.12/site-packages/airflow/example_dags/example_latest_only.py
[2025-10-30T21:09:07.118+0000] {processor.py:840} INFO - DAG(s) 'latest_only' retrieved from /home/airflow/.local/lib/python3.12/site-packages/airflow/example_dags/example_latest_only.py
[2025-10-30T21:09:07.169+0000] {logging_mixin.py:188} INFO - [2025-10-30T21:09:07.169+0000] {dag.py:3096} INFO - Sync 1 DAGs
[2025-10-30T21:09:07.240+0000] {logging_mixin.py:188} INFO - [2025-10-30T21:09:07.238+0000] {dag.py:3954} INFO - Setting next_dagrun for latest_only to 2025-10-30 16:00:00+00:00, run_after=2025-10-30 20:00:00+00:00
[2025-10-30T21:09:07.313+0000] {processor.py:183} INFO - Processing /home/airflow/.local/lib/python3.12/site-packages/airflow/example_dags/example_latest_only.py took 0.234 seconds
[2025-10-30T21:09:38.709+0000] {processor.py:161} INFO - Started process (PID=439) to work on /home/airflow/.local/lib/python3.12/site-packages/airflow/example_dags/example_latest_only.py
[2025-10-30T21:09:38.715+0000] {processor.py:830} INFO - Processing file /home/airflow/.local/lib/python3.12/site-packages/airflow/example_dags/example_latest_only.py for tasks to queue
[2025-10-30T21:09:38.721+0000] {logging_mixin.py:188} INFO - [2025-10-30T21:09:38.719+0000] {dagbag.py:545} INFO - Filling up the DagBag from /home/airflow/.local/lib/python3.12/site-packages/airflow/example_dags/example_latest_only.py
[2025-10-30T21:09:38.745+0000] {processor.py:840} INFO - DAG(s) 'latest_only' retrieved from /home/airflow/.local/lib/python3.12/site-packages/airflow/example_dags/example_latest_only.py
[2025-10-30T21:09:38.944+0000] {logging_mixin.py:188} INFO - [2025-10-30T21:09:38.940+0000] {dag.py:3096} INFO - Sync 1 DAGs
[2025-10-30T21:09:39.107+0000] {logging_mixin.py:188} INFO - [2025-10-30T21:09:39.100+0000] {dag.py:3954} INFO - Setting next_dagrun for latest_only to 2025-10-30 16:00:00+00:00, run_after=2025-10-30 20:00:00+00:00
[2025-10-30T21:09:39.284+0000] {processor.py:183} INFO - Processing /home/airflow/.local/lib/python3.12/site-packages/airflow/example_dags/example_latest_only.py took 0.602 seconds
