[2025-10-30T20:29:45.855+0000] {processor.py:161} INFO - Started process (PID=99) to work on /home/airflow/.local/lib/python3.12/site-packages/airflow/example_dags/example_python_operator.py
[2025-10-30T20:29:45.860+0000] {processor.py:830} INFO - Processing file /home/airflow/.local/lib/python3.12/site-packages/airflow/example_dags/example_python_operator.py for tasks to queue
[2025-10-30T20:29:45.865+0000] {logging_mixin.py:188} INFO - [2025-10-30T20:29:45.862+0000] {dagbag.py:545} INFO - Filling up the DagBag from /home/airflow/.local/lib/python3.12/site-packages/airflow/example_dags/example_python_operator.py
[2025-10-30T20:29:45.900+0000] {processor.py:840} INFO - DAG(s) 'example_python_operator' retrieved from /home/airflow/.local/lib/python3.12/site-packages/airflow/example_dags/example_python_operator.py
[2025-10-30T20:29:46.139+0000] {logging_mixin.py:188} INFO - [2025-10-30T20:29:46.139+0000] {dag.py:3096} INFO - Sync 1 DAGs
[2025-10-30T20:29:46.158+0000] {logging_mixin.py:188} INFO - [2025-10-30T20:29:46.157+0000] {dag.py:3954} INFO - Setting next_dagrun for example_python_operator to None, run_after=None
[2025-10-30T20:29:46.187+0000] {processor.py:183} INFO - Processing /home/airflow/.local/lib/python3.12/site-packages/airflow/example_dags/example_python_operator.py took 0.399 seconds
[2025-10-30T20:30:16.315+0000] {processor.py:161} INFO - Started process (PID=157) to work on /home/airflow/.local/lib/python3.12/site-packages/airflow/example_dags/example_python_operator.py
[2025-10-30T20:30:16.317+0000] {processor.py:830} INFO - Processing file /home/airflow/.local/lib/python3.12/site-packages/airflow/example_dags/example_python_operator.py for tasks to queue
[2025-10-30T20:30:16.319+0000] {logging_mixin.py:188} INFO - [2025-10-30T20:30:16.319+0000] {dagbag.py:545} INFO - Filling up the DagBag from /home/airflow/.local/lib/python3.12/site-packages/airflow/example_dags/example_python_operator.py
[2025-10-30T20:30:16.332+0000] {processor.py:840} INFO - DAG(s) 'example_python_operator' retrieved from /home/airflow/.local/lib/python3.12/site-packages/airflow/example_dags/example_python_operator.py
[2025-10-30T20:30:16.360+0000] {logging_mixin.py:188} INFO - [2025-10-30T20:30:16.360+0000] {dag.py:3096} INFO - Sync 1 DAGs
[2025-10-30T20:30:16.375+0000] {logging_mixin.py:188} INFO - [2025-10-30T20:30:16.375+0000] {dag.py:3954} INFO - Setting next_dagrun for example_python_operator to None, run_after=None
[2025-10-30T20:30:16.398+0000] {processor.py:183} INFO - Processing /home/airflow/.local/lib/python3.12/site-packages/airflow/example_dags/example_python_operator.py took 0.090 seconds
[2025-10-30T20:30:46.613+0000] {processor.py:161} INFO - Started process (PID=216) to work on /home/airflow/.local/lib/python3.12/site-packages/airflow/example_dags/example_python_operator.py
[2025-10-30T20:30:46.615+0000] {processor.py:830} INFO - Processing file /home/airflow/.local/lib/python3.12/site-packages/airflow/example_dags/example_python_operator.py for tasks to queue
[2025-10-30T20:30:46.618+0000] {logging_mixin.py:188} INFO - [2025-10-30T20:30:46.617+0000] {dagbag.py:545} INFO - Filling up the DagBag from /home/airflow/.local/lib/python3.12/site-packages/airflow/example_dags/example_python_operator.py
[2025-10-30T20:30:46.631+0000] {processor.py:840} INFO - DAG(s) 'example_python_operator' retrieved from /home/airflow/.local/lib/python3.12/site-packages/airflow/example_dags/example_python_operator.py
[2025-10-30T20:30:46.666+0000] {logging_mixin.py:188} INFO - [2025-10-30T20:30:46.666+0000] {dag.py:3096} INFO - Sync 1 DAGs
[2025-10-30T20:30:46.691+0000] {logging_mixin.py:188} INFO - [2025-10-30T20:30:46.690+0000] {dag.py:3954} INFO - Setting next_dagrun for example_python_operator to None, run_after=None
[2025-10-30T20:30:46.714+0000] {processor.py:183} INFO - Processing /home/airflow/.local/lib/python3.12/site-packages/airflow/example_dags/example_python_operator.py took 0.109 seconds
[2025-10-30T20:31:17.228+0000] {processor.py:161} INFO - Started process (PID=274) to work on /home/airflow/.local/lib/python3.12/site-packages/airflow/example_dags/example_python_operator.py
[2025-10-30T20:31:17.234+0000] {processor.py:830} INFO - Processing file /home/airflow/.local/lib/python3.12/site-packages/airflow/example_dags/example_python_operator.py for tasks to queue
[2025-10-30T20:31:17.236+0000] {logging_mixin.py:188} INFO - [2025-10-30T20:31:17.236+0000] {dagbag.py:545} INFO - Filling up the DagBag from /home/airflow/.local/lib/python3.12/site-packages/airflow/example_dags/example_python_operator.py
[2025-10-30T20:31:17.262+0000] {processor.py:840} INFO - DAG(s) 'example_python_operator' retrieved from /home/airflow/.local/lib/python3.12/site-packages/airflow/example_dags/example_python_operator.py
[2025-10-30T20:31:17.316+0000] {logging_mixin.py:188} INFO - [2025-10-30T20:31:17.316+0000] {dag.py:3096} INFO - Sync 1 DAGs
[2025-10-30T20:31:17.337+0000] {logging_mixin.py:188} INFO - [2025-10-30T20:31:17.337+0000] {dag.py:3954} INFO - Setting next_dagrun for example_python_operator to None, run_after=None
[2025-10-30T20:31:17.377+0000] {processor.py:183} INFO - Processing /home/airflow/.local/lib/python3.12/site-packages/airflow/example_dags/example_python_operator.py took 0.157 seconds
[2025-10-30T20:31:48.340+0000] {processor.py:161} INFO - Started process (PID=332) to work on /home/airflow/.local/lib/python3.12/site-packages/airflow/example_dags/example_python_operator.py
[2025-10-30T20:31:48.345+0000] {processor.py:830} INFO - Processing file /home/airflow/.local/lib/python3.12/site-packages/airflow/example_dags/example_python_operator.py for tasks to queue
[2025-10-30T20:31:48.350+0000] {logging_mixin.py:188} INFO - [2025-10-30T20:31:48.349+0000] {dagbag.py:545} INFO - Filling up the DagBag from /home/airflow/.local/lib/python3.12/site-packages/airflow/example_dags/example_python_operator.py
[2025-10-30T20:31:48.384+0000] {processor.py:840} INFO - DAG(s) 'example_python_operator' retrieved from /home/airflow/.local/lib/python3.12/site-packages/airflow/example_dags/example_python_operator.py
[2025-10-30T20:31:48.444+0000] {logging_mixin.py:188} INFO - [2025-10-30T20:31:48.444+0000] {dag.py:3096} INFO - Sync 1 DAGs
[2025-10-30T20:31:48.477+0000] {logging_mixin.py:188} INFO - [2025-10-30T20:31:48.477+0000] {dag.py:3954} INFO - Setting next_dagrun for example_python_operator to None, run_after=None
[2025-10-30T20:31:48.526+0000] {processor.py:183} INFO - Processing /home/airflow/.local/lib/python3.12/site-packages/airflow/example_dags/example_python_operator.py took 0.203 seconds
[2025-10-30T20:32:19.318+0000] {processor.py:161} INFO - Started process (PID=390) to work on /home/airflow/.local/lib/python3.12/site-packages/airflow/example_dags/example_python_operator.py
[2025-10-30T20:32:19.319+0000] {processor.py:830} INFO - Processing file /home/airflow/.local/lib/python3.12/site-packages/airflow/example_dags/example_python_operator.py for tasks to queue
[2025-10-30T20:32:19.321+0000] {logging_mixin.py:188} INFO - [2025-10-30T20:32:19.321+0000] {dagbag.py:545} INFO - Filling up the DagBag from /home/airflow/.local/lib/python3.12/site-packages/airflow/example_dags/example_python_operator.py
[2025-10-30T20:32:19.333+0000] {processor.py:840} INFO - DAG(s) 'example_python_operator' retrieved from /home/airflow/.local/lib/python3.12/site-packages/airflow/example_dags/example_python_operator.py
[2025-10-30T20:32:19.363+0000] {logging_mixin.py:188} INFO - [2025-10-30T20:32:19.363+0000] {dag.py:3096} INFO - Sync 1 DAGs
[2025-10-30T20:32:19.380+0000] {logging_mixin.py:188} INFO - [2025-10-30T20:32:19.379+0000] {dag.py:3954} INFO - Setting next_dagrun for example_python_operator to None, run_after=None
[2025-10-30T20:32:19.404+0000] {processor.py:183} INFO - Processing /home/airflow/.local/lib/python3.12/site-packages/airflow/example_dags/example_python_operator.py took 0.093 seconds
[2025-10-30T20:32:49.876+0000] {processor.py:161} INFO - Started process (PID=448) to work on /home/airflow/.local/lib/python3.12/site-packages/airflow/example_dags/example_python_operator.py
[2025-10-30T20:32:49.878+0000] {processor.py:830} INFO - Processing file /home/airflow/.local/lib/python3.12/site-packages/airflow/example_dags/example_python_operator.py for tasks to queue
[2025-10-30T20:32:49.880+0000] {logging_mixin.py:188} INFO - [2025-10-30T20:32:49.880+0000] {dagbag.py:545} INFO - Filling up the DagBag from /home/airflow/.local/lib/python3.12/site-packages/airflow/example_dags/example_python_operator.py
[2025-10-30T20:32:49.894+0000] {processor.py:840} INFO - DAG(s) 'example_python_operator' retrieved from /home/airflow/.local/lib/python3.12/site-packages/airflow/example_dags/example_python_operator.py
[2025-10-30T20:32:49.922+0000] {logging_mixin.py:188} INFO - [2025-10-30T20:32:49.922+0000] {dag.py:3096} INFO - Sync 1 DAGs
[2025-10-30T20:32:49.937+0000] {logging_mixin.py:188} INFO - [2025-10-30T20:32:49.937+0000] {dag.py:3954} INFO - Setting next_dagrun for example_python_operator to None, run_after=None
[2025-10-30T20:32:49.963+0000] {processor.py:183} INFO - Processing /home/airflow/.local/lib/python3.12/site-packages/airflow/example_dags/example_python_operator.py took 0.094 seconds
[2025-10-30T20:33:20.232+0000] {processor.py:161} INFO - Started process (PID=506) to work on /home/airflow/.local/lib/python3.12/site-packages/airflow/example_dags/example_python_operator.py
[2025-10-30T20:33:20.234+0000] {processor.py:830} INFO - Processing file /home/airflow/.local/lib/python3.12/site-packages/airflow/example_dags/example_python_operator.py for tasks to queue
[2025-10-30T20:33:20.236+0000] {logging_mixin.py:188} INFO - [2025-10-30T20:33:20.236+0000] {dagbag.py:545} INFO - Filling up the DagBag from /home/airflow/.local/lib/python3.12/site-packages/airflow/example_dags/example_python_operator.py
[2025-10-30T20:33:20.249+0000] {processor.py:840} INFO - DAG(s) 'example_python_operator' retrieved from /home/airflow/.local/lib/python3.12/site-packages/airflow/example_dags/example_python_operator.py
[2025-10-30T20:33:20.282+0000] {logging_mixin.py:188} INFO - [2025-10-30T20:33:20.282+0000] {dag.py:3096} INFO - Sync 1 DAGs
[2025-10-30T20:33:20.298+0000] {logging_mixin.py:188} INFO - [2025-10-30T20:33:20.297+0000] {dag.py:3954} INFO - Setting next_dagrun for example_python_operator to None, run_after=None
[2025-10-30T20:33:20.322+0000] {processor.py:183} INFO - Processing /home/airflow/.local/lib/python3.12/site-packages/airflow/example_dags/example_python_operator.py took 0.096 seconds
[2025-10-30T20:33:51.103+0000] {processor.py:161} INFO - Started process (PID=564) to work on /home/airflow/.local/lib/python3.12/site-packages/airflow/example_dags/example_python_operator.py
[2025-10-30T20:33:51.105+0000] {processor.py:830} INFO - Processing file /home/airflow/.local/lib/python3.12/site-packages/airflow/example_dags/example_python_operator.py for tasks to queue
[2025-10-30T20:33:51.108+0000] {logging_mixin.py:188} INFO - [2025-10-30T20:33:51.107+0000] {dagbag.py:545} INFO - Filling up the DagBag from /home/airflow/.local/lib/python3.12/site-packages/airflow/example_dags/example_python_operator.py
[2025-10-30T20:33:51.123+0000] {processor.py:840} INFO - DAG(s) 'example_python_operator' retrieved from /home/airflow/.local/lib/python3.12/site-packages/airflow/example_dags/example_python_operator.py
[2025-10-30T20:33:51.152+0000] {logging_mixin.py:188} INFO - [2025-10-30T20:33:51.151+0000] {dag.py:3096} INFO - Sync 1 DAGs
[2025-10-30T20:33:51.167+0000] {logging_mixin.py:188} INFO - [2025-10-30T20:33:51.166+0000] {dag.py:3954} INFO - Setting next_dagrun for example_python_operator to None, run_after=None
[2025-10-30T20:33:51.197+0000] {processor.py:183} INFO - Processing /home/airflow/.local/lib/python3.12/site-packages/airflow/example_dags/example_python_operator.py took 0.102 seconds
[2025-10-30T20:34:21.505+0000] {processor.py:161} INFO - Started process (PID=622) to work on /home/airflow/.local/lib/python3.12/site-packages/airflow/example_dags/example_python_operator.py
[2025-10-30T20:34:21.506+0000] {processor.py:830} INFO - Processing file /home/airflow/.local/lib/python3.12/site-packages/airflow/example_dags/example_python_operator.py for tasks to queue
[2025-10-30T20:34:21.509+0000] {logging_mixin.py:188} INFO - [2025-10-30T20:34:21.508+0000] {dagbag.py:545} INFO - Filling up the DagBag from /home/airflow/.local/lib/python3.12/site-packages/airflow/example_dags/example_python_operator.py
[2025-10-30T20:34:21.523+0000] {processor.py:840} INFO - DAG(s) 'example_python_operator' retrieved from /home/airflow/.local/lib/python3.12/site-packages/airflow/example_dags/example_python_operator.py
[2025-10-30T20:34:21.559+0000] {logging_mixin.py:188} INFO - [2025-10-30T20:34:21.558+0000] {dag.py:3096} INFO - Sync 1 DAGs
[2025-10-30T20:34:21.576+0000] {logging_mixin.py:188} INFO - [2025-10-30T20:34:21.575+0000] {dag.py:3954} INFO - Setting next_dagrun for example_python_operator to None, run_after=None
[2025-10-30T20:34:21.600+0000] {processor.py:183} INFO - Processing /home/airflow/.local/lib/python3.12/site-packages/airflow/example_dags/example_python_operator.py took 0.104 seconds
[2025-10-30T20:34:52.071+0000] {processor.py:161} INFO - Started process (PID=680) to work on /home/airflow/.local/lib/python3.12/site-packages/airflow/example_dags/example_python_operator.py
[2025-10-30T20:34:52.072+0000] {processor.py:830} INFO - Processing file /home/airflow/.local/lib/python3.12/site-packages/airflow/example_dags/example_python_operator.py for tasks to queue
[2025-10-30T20:34:52.074+0000] {logging_mixin.py:188} INFO - [2025-10-30T20:34:52.074+0000] {dagbag.py:545} INFO - Filling up the DagBag from /home/airflow/.local/lib/python3.12/site-packages/airflow/example_dags/example_python_operator.py
[2025-10-30T20:34:52.087+0000] {processor.py:840} INFO - DAG(s) 'example_python_operator' retrieved from /home/airflow/.local/lib/python3.12/site-packages/airflow/example_dags/example_python_operator.py
[2025-10-30T20:34:52.115+0000] {logging_mixin.py:188} INFO - [2025-10-30T20:34:52.115+0000] {dag.py:3096} INFO - Sync 1 DAGs
[2025-10-30T20:34:52.131+0000] {logging_mixin.py:188} INFO - [2025-10-30T20:34:52.130+0000] {dag.py:3954} INFO - Setting next_dagrun for example_python_operator to None, run_after=None
[2025-10-30T20:34:52.156+0000] {processor.py:183} INFO - Processing /home/airflow/.local/lib/python3.12/site-packages/airflow/example_dags/example_python_operator.py took 0.092 seconds
[2025-10-30T20:35:22.569+0000] {processor.py:161} INFO - Started process (PID=738) to work on /home/airflow/.local/lib/python3.12/site-packages/airflow/example_dags/example_python_operator.py
[2025-10-30T20:35:22.570+0000] {processor.py:830} INFO - Processing file /home/airflow/.local/lib/python3.12/site-packages/airflow/example_dags/example_python_operator.py for tasks to queue
[2025-10-30T20:35:22.573+0000] {logging_mixin.py:188} INFO - [2025-10-30T20:35:22.573+0000] {dagbag.py:545} INFO - Filling up the DagBag from /home/airflow/.local/lib/python3.12/site-packages/airflow/example_dags/example_python_operator.py
[2025-10-30T20:35:22.587+0000] {processor.py:840} INFO - DAG(s) 'example_python_operator' retrieved from /home/airflow/.local/lib/python3.12/site-packages/airflow/example_dags/example_python_operator.py
[2025-10-30T20:35:22.615+0000] {logging_mixin.py:188} INFO - [2025-10-30T20:35:22.614+0000] {dag.py:3096} INFO - Sync 1 DAGs
[2025-10-30T20:35:22.633+0000] {logging_mixin.py:188} INFO - [2025-10-30T20:35:22.632+0000] {dag.py:3954} INFO - Setting next_dagrun for example_python_operator to None, run_after=None
[2025-10-30T20:35:22.658+0000] {processor.py:183} INFO - Processing /home/airflow/.local/lib/python3.12/site-packages/airflow/example_dags/example_python_operator.py took 0.096 seconds
[2025-10-30T20:35:53.547+0000] {processor.py:161} INFO - Started process (PID=796) to work on /home/airflow/.local/lib/python3.12/site-packages/airflow/example_dags/example_python_operator.py
[2025-10-30T20:35:53.548+0000] {processor.py:830} INFO - Processing file /home/airflow/.local/lib/python3.12/site-packages/airflow/example_dags/example_python_operator.py for tasks to queue
[2025-10-30T20:35:53.550+0000] {logging_mixin.py:188} INFO - [2025-10-30T20:35:53.550+0000] {dagbag.py:545} INFO - Filling up the DagBag from /home/airflow/.local/lib/python3.12/site-packages/airflow/example_dags/example_python_operator.py
[2025-10-30T20:35:53.564+0000] {processor.py:840} INFO - DAG(s) 'example_python_operator' retrieved from /home/airflow/.local/lib/python3.12/site-packages/airflow/example_dags/example_python_operator.py
[2025-10-30T20:35:53.592+0000] {logging_mixin.py:188} INFO - [2025-10-30T20:35:53.592+0000] {dag.py:3096} INFO - Sync 1 DAGs
[2025-10-30T20:35:53.608+0000] {logging_mixin.py:188} INFO - [2025-10-30T20:35:53.607+0000] {dag.py:3954} INFO - Setting next_dagrun for example_python_operator to None, run_after=None
[2025-10-30T20:35:53.634+0000] {processor.py:183} INFO - Processing /home/airflow/.local/lib/python3.12/site-packages/airflow/example_dags/example_python_operator.py took 0.095 seconds
[2025-10-30T20:36:23.914+0000] {processor.py:161} INFO - Started process (PID=854) to work on /home/airflow/.local/lib/python3.12/site-packages/airflow/example_dags/example_python_operator.py
[2025-10-30T20:36:23.915+0000] {processor.py:830} INFO - Processing file /home/airflow/.local/lib/python3.12/site-packages/airflow/example_dags/example_python_operator.py for tasks to queue
[2025-10-30T20:36:23.917+0000] {logging_mixin.py:188} INFO - [2025-10-30T20:36:23.917+0000] {dagbag.py:545} INFO - Filling up the DagBag from /home/airflow/.local/lib/python3.12/site-packages/airflow/example_dags/example_python_operator.py
[2025-10-30T20:36:23.932+0000] {processor.py:840} INFO - DAG(s) 'example_python_operator' retrieved from /home/airflow/.local/lib/python3.12/site-packages/airflow/example_dags/example_python_operator.py
[2025-10-30T20:36:23.963+0000] {logging_mixin.py:188} INFO - [2025-10-30T20:36:23.963+0000] {dag.py:3096} INFO - Sync 1 DAGs
[2025-10-30T20:36:23.978+0000] {logging_mixin.py:188} INFO - [2025-10-30T20:36:23.978+0000] {dag.py:3954} INFO - Setting next_dagrun for example_python_operator to None, run_after=None
[2025-10-30T20:36:24.004+0000] {processor.py:183} INFO - Processing /home/airflow/.local/lib/python3.12/site-packages/airflow/example_dags/example_python_operator.py took 0.098 seconds
[2025-10-30T20:36:54.155+0000] {processor.py:161} INFO - Started process (PID=911) to work on /home/airflow/.local/lib/python3.12/site-packages/airflow/example_dags/example_python_operator.py
[2025-10-30T20:36:54.157+0000] {processor.py:830} INFO - Processing file /home/airflow/.local/lib/python3.12/site-packages/airflow/example_dags/example_python_operator.py for tasks to queue
[2025-10-30T20:36:54.159+0000] {logging_mixin.py:188} INFO - [2025-10-30T20:36:54.159+0000] {dagbag.py:545} INFO - Filling up the DagBag from /home/airflow/.local/lib/python3.12/site-packages/airflow/example_dags/example_python_operator.py
[2025-10-30T20:36:54.175+0000] {processor.py:840} INFO - DAG(s) 'example_python_operator' retrieved from /home/airflow/.local/lib/python3.12/site-packages/airflow/example_dags/example_python_operator.py
[2025-10-30T20:36:54.207+0000] {logging_mixin.py:188} INFO - [2025-10-30T20:36:54.207+0000] {dag.py:3096} INFO - Sync 1 DAGs
[2025-10-30T20:36:54.226+0000] {logging_mixin.py:188} INFO - [2025-10-30T20:36:54.225+0000] {dag.py:3954} INFO - Setting next_dagrun for example_python_operator to None, run_after=None
[2025-10-30T20:36:54.258+0000] {processor.py:183} INFO - Processing /home/airflow/.local/lib/python3.12/site-packages/airflow/example_dags/example_python_operator.py took 0.110 seconds
[2025-10-30T20:37:24.569+0000] {processor.py:161} INFO - Started process (PID=970) to work on /home/airflow/.local/lib/python3.12/site-packages/airflow/example_dags/example_python_operator.py
[2025-10-30T20:37:24.571+0000] {processor.py:830} INFO - Processing file /home/airflow/.local/lib/python3.12/site-packages/airflow/example_dags/example_python_operator.py for tasks to queue
[2025-10-30T20:37:24.574+0000] {logging_mixin.py:188} INFO - [2025-10-30T20:37:24.573+0000] {dagbag.py:545} INFO - Filling up the DagBag from /home/airflow/.local/lib/python3.12/site-packages/airflow/example_dags/example_python_operator.py
[2025-10-30T20:37:24.589+0000] {processor.py:840} INFO - DAG(s) 'example_python_operator' retrieved from /home/airflow/.local/lib/python3.12/site-packages/airflow/example_dags/example_python_operator.py
[2025-10-30T20:37:24.621+0000] {logging_mixin.py:188} INFO - [2025-10-30T20:37:24.621+0000] {dag.py:3096} INFO - Sync 1 DAGs
[2025-10-30T20:37:24.639+0000] {logging_mixin.py:188} INFO - [2025-10-30T20:37:24.639+0000] {dag.py:3954} INFO - Setting next_dagrun for example_python_operator to None, run_after=None
[2025-10-30T20:37:24.663+0000] {processor.py:183} INFO - Processing /home/airflow/.local/lib/python3.12/site-packages/airflow/example_dags/example_python_operator.py took 0.102 seconds
[2025-10-30T20:37:54.762+0000] {processor.py:161} INFO - Started process (PID=1028) to work on /home/airflow/.local/lib/python3.12/site-packages/airflow/example_dags/example_python_operator.py
[2025-10-30T20:37:54.763+0000] {processor.py:830} INFO - Processing file /home/airflow/.local/lib/python3.12/site-packages/airflow/example_dags/example_python_operator.py for tasks to queue
[2025-10-30T20:37:54.767+0000] {logging_mixin.py:188} INFO - [2025-10-30T20:37:54.766+0000] {dagbag.py:545} INFO - Filling up the DagBag from /home/airflow/.local/lib/python3.12/site-packages/airflow/example_dags/example_python_operator.py
[2025-10-30T20:37:54.785+0000] {processor.py:840} INFO - DAG(s) 'example_python_operator' retrieved from /home/airflow/.local/lib/python3.12/site-packages/airflow/example_dags/example_python_operator.py
[2025-10-30T20:37:54.815+0000] {logging_mixin.py:188} INFO - [2025-10-30T20:37:54.814+0000] {dag.py:3096} INFO - Sync 1 DAGs
[2025-10-30T20:37:54.832+0000] {logging_mixin.py:188} INFO - [2025-10-30T20:37:54.832+0000] {dag.py:3954} INFO - Setting next_dagrun for example_python_operator to None, run_after=None
[2025-10-30T20:37:54.861+0000] {processor.py:183} INFO - Processing /home/airflow/.local/lib/python3.12/site-packages/airflow/example_dags/example_python_operator.py took 0.109 seconds
[2025-10-30T20:38:25.615+0000] {processor.py:161} INFO - Started process (PID=1086) to work on /home/airflow/.local/lib/python3.12/site-packages/airflow/example_dags/example_python_operator.py
[2025-10-30T20:38:25.617+0000] {processor.py:830} INFO - Processing file /home/airflow/.local/lib/python3.12/site-packages/airflow/example_dags/example_python_operator.py for tasks to queue
[2025-10-30T20:38:25.620+0000] {logging_mixin.py:188} INFO - [2025-10-30T20:38:25.619+0000] {dagbag.py:545} INFO - Filling up the DagBag from /home/airflow/.local/lib/python3.12/site-packages/airflow/example_dags/example_python_operator.py
[2025-10-30T20:38:25.634+0000] {processor.py:840} INFO - DAG(s) 'example_python_operator' retrieved from /home/airflow/.local/lib/python3.12/site-packages/airflow/example_dags/example_python_operator.py
[2025-10-30T20:38:25.672+0000] {logging_mixin.py:188} INFO - [2025-10-30T20:38:25.672+0000] {dag.py:3096} INFO - Sync 1 DAGs
[2025-10-30T20:38:25.691+0000] {logging_mixin.py:188} INFO - [2025-10-30T20:38:25.691+0000] {dag.py:3954} INFO - Setting next_dagrun for example_python_operator to None, run_after=None
[2025-10-30T20:38:25.720+0000] {processor.py:183} INFO - Processing /home/airflow/.local/lib/python3.12/site-packages/airflow/example_dags/example_python_operator.py took 0.115 seconds
[2025-10-30T20:38:55.829+0000] {processor.py:161} INFO - Started process (PID=1144) to work on /home/airflow/.local/lib/python3.12/site-packages/airflow/example_dags/example_python_operator.py
[2025-10-30T20:38:55.830+0000] {processor.py:830} INFO - Processing file /home/airflow/.local/lib/python3.12/site-packages/airflow/example_dags/example_python_operator.py for tasks to queue
[2025-10-30T20:38:55.832+0000] {logging_mixin.py:188} INFO - [2025-10-30T20:38:55.832+0000] {dagbag.py:545} INFO - Filling up the DagBag from /home/airflow/.local/lib/python3.12/site-packages/airflow/example_dags/example_python_operator.py
[2025-10-30T20:38:55.847+0000] {processor.py:840} INFO - DAG(s) 'example_python_operator' retrieved from /home/airflow/.local/lib/python3.12/site-packages/airflow/example_dags/example_python_operator.py
[2025-10-30T20:38:55.894+0000] {logging_mixin.py:188} INFO - [2025-10-30T20:38:55.894+0000] {dag.py:3096} INFO - Sync 1 DAGs
[2025-10-30T20:38:55.914+0000] {logging_mixin.py:188} INFO - [2025-10-30T20:38:55.913+0000] {dag.py:3954} INFO - Setting next_dagrun for example_python_operator to None, run_after=None
[2025-10-30T20:38:55.942+0000] {processor.py:183} INFO - Processing /home/airflow/.local/lib/python3.12/site-packages/airflow/example_dags/example_python_operator.py took 0.121 seconds
[2025-10-30T20:39:26.025+0000] {processor.py:161} INFO - Started process (PID=1203) to work on /home/airflow/.local/lib/python3.12/site-packages/airflow/example_dags/example_python_operator.py
[2025-10-30T20:39:26.026+0000] {processor.py:830} INFO - Processing file /home/airflow/.local/lib/python3.12/site-packages/airflow/example_dags/example_python_operator.py for tasks to queue
[2025-10-30T20:39:26.030+0000] {logging_mixin.py:188} INFO - [2025-10-30T20:39:26.029+0000] {dagbag.py:545} INFO - Filling up the DagBag from /home/airflow/.local/lib/python3.12/site-packages/airflow/example_dags/example_python_operator.py
[2025-10-30T20:39:26.050+0000] {processor.py:840} INFO - DAG(s) 'example_python_operator' retrieved from /home/airflow/.local/lib/python3.12/site-packages/airflow/example_dags/example_python_operator.py
[2025-10-30T20:39:26.086+0000] {logging_mixin.py:188} INFO - [2025-10-30T20:39:26.085+0000] {dag.py:3096} INFO - Sync 1 DAGs
[2025-10-30T20:39:26.107+0000] {logging_mixin.py:188} INFO - [2025-10-30T20:39:26.107+0000] {dag.py:3954} INFO - Setting next_dagrun for example_python_operator to None, run_after=None
[2025-10-30T20:39:26.129+0000] {processor.py:183} INFO - Processing /home/airflow/.local/lib/python3.12/site-packages/airflow/example_dags/example_python_operator.py took 0.113 seconds
[2025-10-30T20:39:56.958+0000] {processor.py:161} INFO - Started process (PID=1261) to work on /home/airflow/.local/lib/python3.12/site-packages/airflow/example_dags/example_python_operator.py
[2025-10-30T20:39:56.971+0000] {processor.py:830} INFO - Processing file /home/airflow/.local/lib/python3.12/site-packages/airflow/example_dags/example_python_operator.py for tasks to queue
[2025-10-30T20:39:56.977+0000] {logging_mixin.py:188} INFO - [2025-10-30T20:39:56.977+0000] {dagbag.py:545} INFO - Filling up the DagBag from /home/airflow/.local/lib/python3.12/site-packages/airflow/example_dags/example_python_operator.py
[2025-10-30T20:39:57.001+0000] {processor.py:840} INFO - DAG(s) 'example_python_operator' retrieved from /home/airflow/.local/lib/python3.12/site-packages/airflow/example_dags/example_python_operator.py
[2025-10-30T20:39:57.049+0000] {logging_mixin.py:188} INFO - [2025-10-30T20:39:57.048+0000] {dag.py:3096} INFO - Sync 1 DAGs
[2025-10-30T20:39:57.093+0000] {logging_mixin.py:188} INFO - [2025-10-30T20:39:57.093+0000] {dag.py:3954} INFO - Setting next_dagrun for example_python_operator to None, run_after=None
[2025-10-30T20:39:57.131+0000] {processor.py:183} INFO - Processing /home/airflow/.local/lib/python3.12/site-packages/airflow/example_dags/example_python_operator.py took 0.195 seconds
[2025-10-30T20:40:27.162+0000] {processor.py:161} INFO - Started process (PID=1319) to work on /home/airflow/.local/lib/python3.12/site-packages/airflow/example_dags/example_python_operator.py
[2025-10-30T20:40:27.163+0000] {processor.py:830} INFO - Processing file /home/airflow/.local/lib/python3.12/site-packages/airflow/example_dags/example_python_operator.py for tasks to queue
[2025-10-30T20:40:27.165+0000] {logging_mixin.py:188} INFO - [2025-10-30T20:40:27.165+0000] {dagbag.py:545} INFO - Filling up the DagBag from /home/airflow/.local/lib/python3.12/site-packages/airflow/example_dags/example_python_operator.py
[2025-10-30T20:40:27.178+0000] {processor.py:840} INFO - DAG(s) 'example_python_operator' retrieved from /home/airflow/.local/lib/python3.12/site-packages/airflow/example_dags/example_python_operator.py
[2025-10-30T20:40:27.207+0000] {logging_mixin.py:188} INFO - [2025-10-30T20:40:27.206+0000] {dag.py:3096} INFO - Sync 1 DAGs
[2025-10-30T20:40:27.224+0000] {logging_mixin.py:188} INFO - [2025-10-30T20:40:27.223+0000] {dag.py:3954} INFO - Setting next_dagrun for example_python_operator to None, run_after=None
[2025-10-30T20:40:27.255+0000] {processor.py:183} INFO - Processing /home/airflow/.local/lib/python3.12/site-packages/airflow/example_dags/example_python_operator.py took 0.100 seconds
[2025-10-30T20:40:59.078+0000] {processor.py:161} INFO - Started process (PID=1377) to work on /home/airflow/.local/lib/python3.12/site-packages/airflow/example_dags/example_python_operator.py
[2025-10-30T20:40:59.080+0000] {processor.py:830} INFO - Processing file /home/airflow/.local/lib/python3.12/site-packages/airflow/example_dags/example_python_operator.py for tasks to queue
[2025-10-30T20:40:59.084+0000] {logging_mixin.py:188} INFO - [2025-10-30T20:40:59.083+0000] {dagbag.py:545} INFO - Filling up the DagBag from /home/airflow/.local/lib/python3.12/site-packages/airflow/example_dags/example_python_operator.py
[2025-10-30T20:40:59.106+0000] {processor.py:840} INFO - DAG(s) 'example_python_operator' retrieved from /home/airflow/.local/lib/python3.12/site-packages/airflow/example_dags/example_python_operator.py
[2025-10-30T20:40:59.167+0000] {logging_mixin.py:188} INFO - [2025-10-30T20:40:59.167+0000] {dag.py:3096} INFO - Sync 1 DAGs
[2025-10-30T20:40:59.201+0000] {logging_mixin.py:188} INFO - [2025-10-30T20:40:59.201+0000] {dag.py:3954} INFO - Setting next_dagrun for example_python_operator to None, run_after=None
[2025-10-30T20:40:59.257+0000] {processor.py:183} INFO - Processing /home/airflow/.local/lib/python3.12/site-packages/airflow/example_dags/example_python_operator.py took 0.193 seconds
[2025-10-30T20:41:30.273+0000] {processor.py:161} INFO - Started process (PID=1434) to work on /home/airflow/.local/lib/python3.12/site-packages/airflow/example_dags/example_python_operator.py
[2025-10-30T20:41:30.275+0000] {processor.py:830} INFO - Processing file /home/airflow/.local/lib/python3.12/site-packages/airflow/example_dags/example_python_operator.py for tasks to queue
[2025-10-30T20:41:30.278+0000] {logging_mixin.py:188} INFO - [2025-10-30T20:41:30.278+0000] {dagbag.py:545} INFO - Filling up the DagBag from /home/airflow/.local/lib/python3.12/site-packages/airflow/example_dags/example_python_operator.py
[2025-10-30T20:41:30.299+0000] {processor.py:840} INFO - DAG(s) 'example_python_operator' retrieved from /home/airflow/.local/lib/python3.12/site-packages/airflow/example_dags/example_python_operator.py
[2025-10-30T20:41:30.359+0000] {logging_mixin.py:188} INFO - [2025-10-30T20:41:30.359+0000] {dag.py:3096} INFO - Sync 1 DAGs
[2025-10-30T20:41:30.631+0000] {logging_mixin.py:188} INFO - [2025-10-30T20:41:30.631+0000] {dag.py:3954} INFO - Setting next_dagrun for example_python_operator to None, run_after=None
[2025-10-30T20:41:30.662+0000] {processor.py:183} INFO - Processing /home/airflow/.local/lib/python3.12/site-packages/airflow/example_dags/example_python_operator.py took 0.399 seconds
[2025-10-30T20:42:01.006+0000] {processor.py:161} INFO - Started process (PID=1492) to work on /home/airflow/.local/lib/python3.12/site-packages/airflow/example_dags/example_python_operator.py
[2025-10-30T20:42:01.008+0000] {processor.py:830} INFO - Processing file /home/airflow/.local/lib/python3.12/site-packages/airflow/example_dags/example_python_operator.py for tasks to queue
[2025-10-30T20:42:01.011+0000] {logging_mixin.py:188} INFO - [2025-10-30T20:42:01.010+0000] {dagbag.py:545} INFO - Filling up the DagBag from /home/airflow/.local/lib/python3.12/site-packages/airflow/example_dags/example_python_operator.py
[2025-10-30T20:42:01.026+0000] {processor.py:840} INFO - DAG(s) 'example_python_operator' retrieved from /home/airflow/.local/lib/python3.12/site-packages/airflow/example_dags/example_python_operator.py
[2025-10-30T20:42:01.060+0000] {logging_mixin.py:188} INFO - [2025-10-30T20:42:01.059+0000] {dag.py:3096} INFO - Sync 1 DAGs
[2025-10-30T20:42:01.078+0000] {logging_mixin.py:188} INFO - [2025-10-30T20:42:01.078+0000] {dag.py:3954} INFO - Setting next_dagrun for example_python_operator to None, run_after=None
[2025-10-30T20:42:01.108+0000] {processor.py:183} INFO - Processing /home/airflow/.local/lib/python3.12/site-packages/airflow/example_dags/example_python_operator.py took 0.111 seconds
[2025-10-30T20:42:31.967+0000] {processor.py:161} INFO - Started process (PID=1550) to work on /home/airflow/.local/lib/python3.12/site-packages/airflow/example_dags/example_python_operator.py
[2025-10-30T20:42:31.969+0000] {processor.py:830} INFO - Processing file /home/airflow/.local/lib/python3.12/site-packages/airflow/example_dags/example_python_operator.py for tasks to queue
[2025-10-30T20:42:31.971+0000] {logging_mixin.py:188} INFO - [2025-10-30T20:42:31.971+0000] {dagbag.py:545} INFO - Filling up the DagBag from /home/airflow/.local/lib/python3.12/site-packages/airflow/example_dags/example_python_operator.py
[2025-10-30T20:42:31.986+0000] {processor.py:840} INFO - DAG(s) 'example_python_operator' retrieved from /home/airflow/.local/lib/python3.12/site-packages/airflow/example_dags/example_python_operator.py
[2025-10-30T20:42:32.018+0000] {logging_mixin.py:188} INFO - [2025-10-30T20:42:32.018+0000] {dag.py:3096} INFO - Sync 1 DAGs
[2025-10-30T20:42:32.033+0000] {logging_mixin.py:188} INFO - [2025-10-30T20:42:32.033+0000] {dag.py:3954} INFO - Setting next_dagrun for example_python_operator to None, run_after=None
[2025-10-30T20:42:32.059+0000] {processor.py:183} INFO - Processing /home/airflow/.local/lib/python3.12/site-packages/airflow/example_dags/example_python_operator.py took 0.099 seconds
[2025-10-30T21:06:26.361+0000] {processor.py:161} INFO - Started process (PID=100) to work on /home/airflow/.local/lib/python3.12/site-packages/airflow/example_dags/example_python_operator.py
[2025-10-30T21:06:26.363+0000] {processor.py:830} INFO - Processing file /home/airflow/.local/lib/python3.12/site-packages/airflow/example_dags/example_python_operator.py for tasks to queue
[2025-10-30T21:06:26.366+0000] {logging_mixin.py:188} INFO - [2025-10-30T21:06:26.366+0000] {dagbag.py:545} INFO - Filling up the DagBag from /home/airflow/.local/lib/python3.12/site-packages/airflow/example_dags/example_python_operator.py
[2025-10-30T21:06:26.388+0000] {processor.py:840} INFO - DAG(s) 'example_python_operator' retrieved from /home/airflow/.local/lib/python3.12/site-packages/airflow/example_dags/example_python_operator.py
[2025-10-30T21:06:26.585+0000] {logging_mixin.py:188} INFO - [2025-10-30T21:06:26.584+0000] {dag.py:3096} INFO - Sync 1 DAGs
[2025-10-30T21:06:26.612+0000] {logging_mixin.py:188} INFO - [2025-10-30T21:06:26.611+0000] {dag.py:3954} INFO - Setting next_dagrun for example_python_operator to None, run_after=None
[2025-10-30T21:06:26.668+0000] {processor.py:183} INFO - Processing /home/airflow/.local/lib/python3.12/site-packages/airflow/example_dags/example_python_operator.py took 0.318 seconds
[2025-10-30T21:06:57.334+0000] {processor.py:161} INFO - Started process (PID=159) to work on /home/airflow/.local/lib/python3.12/site-packages/airflow/example_dags/example_python_operator.py
[2025-10-30T21:06:57.347+0000] {processor.py:830} INFO - Processing file /home/airflow/.local/lib/python3.12/site-packages/airflow/example_dags/example_python_operator.py for tasks to queue
[2025-10-30T21:06:57.352+0000] {logging_mixin.py:188} INFO - [2025-10-30T21:06:57.352+0000] {dagbag.py:545} INFO - Filling up the DagBag from /home/airflow/.local/lib/python3.12/site-packages/airflow/example_dags/example_python_operator.py
[2025-10-30T21:06:57.414+0000] {processor.py:840} INFO - DAG(s) 'example_python_operator' retrieved from /home/airflow/.local/lib/python3.12/site-packages/airflow/example_dags/example_python_operator.py
[2025-10-30T21:06:57.507+0000] {logging_mixin.py:188} INFO - [2025-10-30T21:06:57.505+0000] {dag.py:3096} INFO - Sync 1 DAGs
[2025-10-30T21:06:57.550+0000] {logging_mixin.py:188} INFO - [2025-10-30T21:06:57.550+0000] {dag.py:3954} INFO - Setting next_dagrun for example_python_operator to None, run_after=None
[2025-10-30T21:06:57.601+0000] {processor.py:183} INFO - Processing /home/airflow/.local/lib/python3.12/site-packages/airflow/example_dags/example_python_operator.py took 0.290 seconds
[2025-10-30T21:07:28.216+0000] {processor.py:161} INFO - Started process (PID=221) to work on /home/airflow/.local/lib/python3.12/site-packages/airflow/example_dags/example_python_operator.py
[2025-10-30T21:07:28.220+0000] {processor.py:830} INFO - Processing file /home/airflow/.local/lib/python3.12/site-packages/airflow/example_dags/example_python_operator.py for tasks to queue
[2025-10-30T21:07:28.229+0000] {logging_mixin.py:188} INFO - [2025-10-30T21:07:28.228+0000] {dagbag.py:545} INFO - Filling up the DagBag from /home/airflow/.local/lib/python3.12/site-packages/airflow/example_dags/example_python_operator.py
[2025-10-30T21:07:28.267+0000] {processor.py:840} INFO - DAG(s) 'example_python_operator' retrieved from /home/airflow/.local/lib/python3.12/site-packages/airflow/example_dags/example_python_operator.py
[2025-10-30T21:07:28.329+0000] {logging_mixin.py:188} INFO - [2025-10-30T21:07:28.328+0000] {dag.py:3096} INFO - Sync 1 DAGs
[2025-10-30T21:07:28.370+0000] {logging_mixin.py:188} INFO - [2025-10-30T21:07:28.370+0000] {dag.py:3954} INFO - Setting next_dagrun for example_python_operator to None, run_after=None
[2025-10-30T21:07:28.422+0000] {processor.py:183} INFO - Processing /home/airflow/.local/lib/python3.12/site-packages/airflow/example_dags/example_python_operator.py took 0.225 seconds
[2025-10-30T21:07:58.903+0000] {processor.py:161} INFO - Started process (PID=280) to work on /home/airflow/.local/lib/python3.12/site-packages/airflow/example_dags/example_python_operator.py
[2025-10-30T21:07:58.906+0000] {processor.py:830} INFO - Processing file /home/airflow/.local/lib/python3.12/site-packages/airflow/example_dags/example_python_operator.py for tasks to queue
[2025-10-30T21:07:58.910+0000] {logging_mixin.py:188} INFO - [2025-10-30T21:07:58.909+0000] {dagbag.py:545} INFO - Filling up the DagBag from /home/airflow/.local/lib/python3.12/site-packages/airflow/example_dags/example_python_operator.py
[2025-10-30T21:07:58.943+0000] {processor.py:840} INFO - DAG(s) 'example_python_operator' retrieved from /home/airflow/.local/lib/python3.12/site-packages/airflow/example_dags/example_python_operator.py
[2025-10-30T21:07:59.001+0000] {logging_mixin.py:188} INFO - [2025-10-30T21:07:59.001+0000] {dag.py:3096} INFO - Sync 1 DAGs
[2025-10-30T21:07:59.033+0000] {logging_mixin.py:188} INFO - [2025-10-30T21:07:59.033+0000] {dag.py:3954} INFO - Setting next_dagrun for example_python_operator to None, run_after=None
[2025-10-30T21:07:59.068+0000] {processor.py:183} INFO - Processing /home/airflow/.local/lib/python3.12/site-packages/airflow/example_dags/example_python_operator.py took 0.184 seconds
[2025-10-30T21:08:29.738+0000] {processor.py:161} INFO - Started process (PID=339) to work on /home/airflow/.local/lib/python3.12/site-packages/airflow/example_dags/example_python_operator.py
[2025-10-30T21:08:29.741+0000] {processor.py:830} INFO - Processing file /home/airflow/.local/lib/python3.12/site-packages/airflow/example_dags/example_python_operator.py for tasks to queue
[2025-10-30T21:08:29.750+0000] {logging_mixin.py:188} INFO - [2025-10-30T21:08:29.748+0000] {dagbag.py:545} INFO - Filling up the DagBag from /home/airflow/.local/lib/python3.12/site-packages/airflow/example_dags/example_python_operator.py
[2025-10-30T21:08:29.777+0000] {processor.py:840} INFO - DAG(s) 'example_python_operator' retrieved from /home/airflow/.local/lib/python3.12/site-packages/airflow/example_dags/example_python_operator.py
[2025-10-30T21:08:29.848+0000] {logging_mixin.py:188} INFO - [2025-10-30T21:08:29.848+0000] {dag.py:3096} INFO - Sync 1 DAGs
[2025-10-30T21:08:29.876+0000] {logging_mixin.py:188} INFO - [2025-10-30T21:08:29.876+0000] {dag.py:3954} INFO - Setting next_dagrun for example_python_operator to None, run_after=None
[2025-10-30T21:08:29.941+0000] {processor.py:183} INFO - Processing /home/airflow/.local/lib/python3.12/site-packages/airflow/example_dags/example_python_operator.py took 0.218 seconds
[2025-10-30T21:09:16.640+0000] {processor.py:161} INFO - Started process (PID=405) to work on /home/airflow/.local/lib/python3.12/site-packages/airflow/example_dags/example_python_operator.py
[2025-10-30T21:09:16.647+0000] {processor.py:830} INFO - Processing file /home/airflow/.local/lib/python3.12/site-packages/airflow/example_dags/example_python_operator.py for tasks to queue
[2025-10-30T21:09:16.651+0000] {logging_mixin.py:188} INFO - [2025-10-30T21:09:16.651+0000] {dagbag.py:545} INFO - Filling up the DagBag from /home/airflow/.local/lib/python3.12/site-packages/airflow/example_dags/example_python_operator.py
[2025-10-30T21:09:16.744+0000] {processor.py:840} INFO - DAG(s) 'example_python_operator' retrieved from /home/airflow/.local/lib/python3.12/site-packages/airflow/example_dags/example_python_operator.py
[2025-10-30T21:09:16.866+0000] {logging_mixin.py:188} INFO - [2025-10-30T21:09:16.866+0000] {dag.py:3096} INFO - Sync 1 DAGs
[2025-10-30T21:09:17.005+0000] {logging_mixin.py:188} INFO - [2025-10-30T21:09:16.976+0000] {dag.py:3954} INFO - Setting next_dagrun for example_python_operator to None, run_after=None
[2025-10-30T21:09:17.134+0000] {processor.py:183} INFO - Processing /home/airflow/.local/lib/python3.12/site-packages/airflow/example_dags/example_python_operator.py took 0.511 seconds
[2025-10-30T21:09:51.809+0000] {processor.py:161} INFO - Started process (PID=466) to work on /home/airflow/.local/lib/python3.12/site-packages/airflow/example_dags/example_python_operator.py
[2025-10-30T21:09:51.813+0000] {processor.py:830} INFO - Processing file /home/airflow/.local/lib/python3.12/site-packages/airflow/example_dags/example_python_operator.py for tasks to queue
[2025-10-30T21:09:51.819+0000] {logging_mixin.py:188} INFO - [2025-10-30T21:09:51.817+0000] {dagbag.py:545} INFO - Filling up the DagBag from /home/airflow/.local/lib/python3.12/site-packages/airflow/example_dags/example_python_operator.py
[2025-10-30T21:09:51.861+0000] {processor.py:840} INFO - DAG(s) 'example_python_operator' retrieved from /home/airflow/.local/lib/python3.12/site-packages/airflow/example_dags/example_python_operator.py
[2025-10-30T21:09:51.932+0000] {logging_mixin.py:188} INFO - [2025-10-30T21:09:51.932+0000] {dag.py:3096} INFO - Sync 1 DAGs
[2025-10-30T21:09:51.974+0000] {logging_mixin.py:188} INFO - [2025-10-30T21:09:51.973+0000] {dag.py:3954} INFO - Setting next_dagrun for example_python_operator to None, run_after=None
[2025-10-30T21:09:52.024+0000] {processor.py:183} INFO - Processing /home/airflow/.local/lib/python3.12/site-packages/airflow/example_dags/example_python_operator.py took 0.239 seconds
