[2025-10-30T20:29:40.925+0000] {processor.py:161} INFO - Started process (PID=85) to work on /home/airflow/.local/lib/python3.12/site-packages/airflow/example_dags/example_task_group.py
[2025-10-30T20:29:40.929+0000] {processor.py:830} INFO - Processing file /home/airflow/.local/lib/python3.12/site-packages/airflow/example_dags/example_task_group.py for tasks to queue
[2025-10-30T20:29:40.944+0000] {logging_mixin.py:188} INFO - [2025-10-30T20:29:40.943+0000] {dagbag.py:545} INFO - Filling up the DagBag from /home/airflow/.local/lib/python3.12/site-packages/airflow/example_dags/example_task_group.py
[2025-10-30T20:29:40.965+0000] {processor.py:840} INFO - DAG(s) 'example_task_group' retrieved from /home/airflow/.local/lib/python3.12/site-packages/airflow/example_dags/example_task_group.py
[2025-10-30T20:29:41.465+0000] {logging_mixin.py:188} INFO - [2025-10-30T20:29:41.465+0000] {dag.py:3096} INFO - Sync 1 DAGs
[2025-10-30T20:29:41.549+0000] {logging_mixin.py:188} INFO - [2025-10-30T20:29:41.548+0000] {dag.py:3954} INFO - Setting next_dagrun for example_task_group to 2025-10-29 00:00:00+00:00, run_after=2025-10-30 00:00:00+00:00
[2025-10-30T20:29:41.621+0000] {processor.py:183} INFO - Processing /home/airflow/.local/lib/python3.12/site-packages/airflow/example_dags/example_task_group.py took 0.720 seconds
[2025-10-30T20:30:12.332+0000] {processor.py:161} INFO - Started process (PID=143) to work on /home/airflow/.local/lib/python3.12/site-packages/airflow/example_dags/example_task_group.py
[2025-10-30T20:30:12.334+0000] {processor.py:830} INFO - Processing file /home/airflow/.local/lib/python3.12/site-packages/airflow/example_dags/example_task_group.py for tasks to queue
[2025-10-30T20:30:12.336+0000] {logging_mixin.py:188} INFO - [2025-10-30T20:30:12.336+0000] {dagbag.py:545} INFO - Filling up the DagBag from /home/airflow/.local/lib/python3.12/site-packages/airflow/example_dags/example_task_group.py
[2025-10-30T20:30:12.348+0000] {processor.py:840} INFO - DAG(s) 'example_task_group' retrieved from /home/airflow/.local/lib/python3.12/site-packages/airflow/example_dags/example_task_group.py
[2025-10-30T20:30:12.373+0000] {logging_mixin.py:188} INFO - [2025-10-30T20:30:12.372+0000] {dag.py:3096} INFO - Sync 1 DAGs
[2025-10-30T20:30:12.399+0000] {logging_mixin.py:188} INFO - [2025-10-30T20:30:12.399+0000] {dag.py:3954} INFO - Setting next_dagrun for example_task_group to 2025-10-29 00:00:00+00:00, run_after=2025-10-30 00:00:00+00:00
[2025-10-30T20:30:12.431+0000] {processor.py:183} INFO - Processing /home/airflow/.local/lib/python3.12/site-packages/airflow/example_dags/example_task_group.py took 0.106 seconds
[2025-10-30T20:30:42.501+0000] {processor.py:161} INFO - Started process (PID=202) to work on /home/airflow/.local/lib/python3.12/site-packages/airflow/example_dags/example_task_group.py
[2025-10-30T20:30:42.503+0000] {processor.py:830} INFO - Processing file /home/airflow/.local/lib/python3.12/site-packages/airflow/example_dags/example_task_group.py for tasks to queue
[2025-10-30T20:30:42.506+0000] {logging_mixin.py:188} INFO - [2025-10-30T20:30:42.506+0000] {dagbag.py:545} INFO - Filling up the DagBag from /home/airflow/.local/lib/python3.12/site-packages/airflow/example_dags/example_task_group.py
[2025-10-30T20:30:42.518+0000] {processor.py:840} INFO - DAG(s) 'example_task_group' retrieved from /home/airflow/.local/lib/python3.12/site-packages/airflow/example_dags/example_task_group.py
[2025-10-30T20:30:42.563+0000] {logging_mixin.py:188} INFO - [2025-10-30T20:30:42.563+0000] {dag.py:3096} INFO - Sync 1 DAGs
[2025-10-30T20:30:42.596+0000] {logging_mixin.py:188} INFO - [2025-10-30T20:30:42.596+0000] {dag.py:3954} INFO - Setting next_dagrun for example_task_group to 2025-10-29 00:00:00+00:00, run_after=2025-10-30 00:00:00+00:00
[2025-10-30T20:30:42.629+0000] {processor.py:183} INFO - Processing /home/airflow/.local/lib/python3.12/site-packages/airflow/example_dags/example_task_group.py took 0.137 seconds
[2025-10-30T20:31:14.068+0000] {processor.py:161} INFO - Started process (PID=260) to work on /home/airflow/.local/lib/python3.12/site-packages/airflow/example_dags/example_task_group.py
[2025-10-30T20:31:14.075+0000] {processor.py:830} INFO - Processing file /home/airflow/.local/lib/python3.12/site-packages/airflow/example_dags/example_task_group.py for tasks to queue
[2025-10-30T20:31:14.089+0000] {logging_mixin.py:188} INFO - [2025-10-30T20:31:14.086+0000] {dagbag.py:545} INFO - Filling up the DagBag from /home/airflow/.local/lib/python3.12/site-packages/airflow/example_dags/example_task_group.py
[2025-10-30T20:31:14.140+0000] {processor.py:840} INFO - DAG(s) 'example_task_group' retrieved from /home/airflow/.local/lib/python3.12/site-packages/airflow/example_dags/example_task_group.py
[2025-10-30T20:31:14.246+0000] {logging_mixin.py:188} INFO - [2025-10-30T20:31:14.246+0000] {dag.py:3096} INFO - Sync 1 DAGs
[2025-10-30T20:31:14.319+0000] {logging_mixin.py:188} INFO - [2025-10-30T20:31:14.319+0000] {dag.py:3954} INFO - Setting next_dagrun for example_task_group to 2025-10-29 00:00:00+00:00, run_after=2025-10-30 00:00:00+00:00
[2025-10-30T20:31:14.387+0000] {processor.py:183} INFO - Processing /home/airflow/.local/lib/python3.12/site-packages/airflow/example_dags/example_task_group.py took 0.348 seconds
[2025-10-30T20:31:44.546+0000] {processor.py:161} INFO - Started process (PID=318) to work on /home/airflow/.local/lib/python3.12/site-packages/airflow/example_dags/example_task_group.py
[2025-10-30T20:31:44.548+0000] {processor.py:830} INFO - Processing file /home/airflow/.local/lib/python3.12/site-packages/airflow/example_dags/example_task_group.py for tasks to queue
[2025-10-30T20:31:44.550+0000] {logging_mixin.py:188} INFO - [2025-10-30T20:31:44.550+0000] {dagbag.py:545} INFO - Filling up the DagBag from /home/airflow/.local/lib/python3.12/site-packages/airflow/example_dags/example_task_group.py
[2025-10-30T20:31:44.561+0000] {processor.py:840} INFO - DAG(s) 'example_task_group' retrieved from /home/airflow/.local/lib/python3.12/site-packages/airflow/example_dags/example_task_group.py
[2025-10-30T20:31:44.609+0000] {logging_mixin.py:188} INFO - [2025-10-30T20:31:44.609+0000] {dag.py:3096} INFO - Sync 1 DAGs
[2025-10-30T20:31:44.655+0000] {logging_mixin.py:188} INFO - [2025-10-30T20:31:44.655+0000] {dag.py:3954} INFO - Setting next_dagrun for example_task_group to 2025-10-29 00:00:00+00:00, run_after=2025-10-30 00:00:00+00:00
[2025-10-30T20:31:44.695+0000] {processor.py:183} INFO - Processing /home/airflow/.local/lib/python3.12/site-packages/airflow/example_dags/example_task_group.py took 0.157 seconds
[2025-10-30T20:32:15.245+0000] {processor.py:161} INFO - Started process (PID=376) to work on /home/airflow/.local/lib/python3.12/site-packages/airflow/example_dags/example_task_group.py
[2025-10-30T20:32:15.247+0000] {processor.py:830} INFO - Processing file /home/airflow/.local/lib/python3.12/site-packages/airflow/example_dags/example_task_group.py for tasks to queue
[2025-10-30T20:32:15.250+0000] {logging_mixin.py:188} INFO - [2025-10-30T20:32:15.250+0000] {dagbag.py:545} INFO - Filling up the DagBag from /home/airflow/.local/lib/python3.12/site-packages/airflow/example_dags/example_task_group.py
[2025-10-30T20:32:15.260+0000] {processor.py:840} INFO - DAG(s) 'example_task_group' retrieved from /home/airflow/.local/lib/python3.12/site-packages/airflow/example_dags/example_task_group.py
[2025-10-30T20:32:15.288+0000] {logging_mixin.py:188} INFO - [2025-10-30T20:32:15.287+0000] {dag.py:3096} INFO - Sync 1 DAGs
[2025-10-30T20:32:15.318+0000] {logging_mixin.py:188} INFO - [2025-10-30T20:32:15.318+0000] {dag.py:3954} INFO - Setting next_dagrun for example_task_group to 2025-10-29 00:00:00+00:00, run_after=2025-10-30 00:00:00+00:00
[2025-10-30T20:32:15.343+0000] {processor.py:183} INFO - Processing /home/airflow/.local/lib/python3.12/site-packages/airflow/example_dags/example_task_group.py took 0.105 seconds
[2025-10-30T20:32:45.987+0000] {processor.py:161} INFO - Started process (PID=434) to work on /home/airflow/.local/lib/python3.12/site-packages/airflow/example_dags/example_task_group.py
[2025-10-30T20:32:45.989+0000] {processor.py:830} INFO - Processing file /home/airflow/.local/lib/python3.12/site-packages/airflow/example_dags/example_task_group.py for tasks to queue
[2025-10-30T20:32:45.992+0000] {logging_mixin.py:188} INFO - [2025-10-30T20:32:45.991+0000] {dagbag.py:545} INFO - Filling up the DagBag from /home/airflow/.local/lib/python3.12/site-packages/airflow/example_dags/example_task_group.py
[2025-10-30T20:32:46.000+0000] {processor.py:840} INFO - DAG(s) 'example_task_group' retrieved from /home/airflow/.local/lib/python3.12/site-packages/airflow/example_dags/example_task_group.py
[2025-10-30T20:32:46.031+0000] {logging_mixin.py:188} INFO - [2025-10-30T20:32:46.031+0000] {dag.py:3096} INFO - Sync 1 DAGs
[2025-10-30T20:32:46.060+0000] {logging_mixin.py:188} INFO - [2025-10-30T20:32:46.059+0000] {dag.py:3954} INFO - Setting next_dagrun for example_task_group to 2025-10-29 00:00:00+00:00, run_after=2025-10-30 00:00:00+00:00
[2025-10-30T20:32:46.084+0000] {processor.py:183} INFO - Processing /home/airflow/.local/lib/python3.12/site-packages/airflow/example_dags/example_task_group.py took 0.104 seconds
[2025-10-30T20:33:16.254+0000] {processor.py:161} INFO - Started process (PID=492) to work on /home/airflow/.local/lib/python3.12/site-packages/airflow/example_dags/example_task_group.py
[2025-10-30T20:33:16.255+0000] {processor.py:830} INFO - Processing file /home/airflow/.local/lib/python3.12/site-packages/airflow/example_dags/example_task_group.py for tasks to queue
[2025-10-30T20:33:16.258+0000] {logging_mixin.py:188} INFO - [2025-10-30T20:33:16.258+0000] {dagbag.py:545} INFO - Filling up the DagBag from /home/airflow/.local/lib/python3.12/site-packages/airflow/example_dags/example_task_group.py
[2025-10-30T20:33:16.268+0000] {processor.py:840} INFO - DAG(s) 'example_task_group' retrieved from /home/airflow/.local/lib/python3.12/site-packages/airflow/example_dags/example_task_group.py
[2025-10-30T20:33:16.304+0000] {logging_mixin.py:188} INFO - [2025-10-30T20:33:16.304+0000] {dag.py:3096} INFO - Sync 1 DAGs
[2025-10-30T20:33:16.343+0000] {logging_mixin.py:188} INFO - [2025-10-30T20:33:16.342+0000] {dag.py:3954} INFO - Setting next_dagrun for example_task_group to 2025-10-29 00:00:00+00:00, run_after=2025-10-30 00:00:00+00:00
[2025-10-30T20:33:16.377+0000] {processor.py:183} INFO - Processing /home/airflow/.local/lib/python3.12/site-packages/airflow/example_dags/example_task_group.py took 0.131 seconds
[2025-10-30T20:33:47.197+0000] {processor.py:161} INFO - Started process (PID=550) to work on /home/airflow/.local/lib/python3.12/site-packages/airflow/example_dags/example_task_group.py
[2025-10-30T20:33:47.198+0000] {processor.py:830} INFO - Processing file /home/airflow/.local/lib/python3.12/site-packages/airflow/example_dags/example_task_group.py for tasks to queue
[2025-10-30T20:33:47.201+0000] {logging_mixin.py:188} INFO - [2025-10-30T20:33:47.200+0000] {dagbag.py:545} INFO - Filling up the DagBag from /home/airflow/.local/lib/python3.12/site-packages/airflow/example_dags/example_task_group.py
[2025-10-30T20:33:47.211+0000] {processor.py:840} INFO - DAG(s) 'example_task_group' retrieved from /home/airflow/.local/lib/python3.12/site-packages/airflow/example_dags/example_task_group.py
[2025-10-30T20:33:47.242+0000] {logging_mixin.py:188} INFO - [2025-10-30T20:33:47.242+0000] {dag.py:3096} INFO - Sync 1 DAGs
[2025-10-30T20:33:47.275+0000] {logging_mixin.py:188} INFO - [2025-10-30T20:33:47.275+0000] {dag.py:3954} INFO - Setting next_dagrun for example_task_group to 2025-10-29 00:00:00+00:00, run_after=2025-10-30 00:00:00+00:00
[2025-10-30T20:33:47.310+0000] {processor.py:183} INFO - Processing /home/airflow/.local/lib/python3.12/site-packages/airflow/example_dags/example_task_group.py took 0.122 seconds
[2025-10-30T20:34:17.582+0000] {processor.py:161} INFO - Started process (PID=608) to work on /home/airflow/.local/lib/python3.12/site-packages/airflow/example_dags/example_task_group.py
[2025-10-30T20:34:17.584+0000] {processor.py:830} INFO - Processing file /home/airflow/.local/lib/python3.12/site-packages/airflow/example_dags/example_task_group.py for tasks to queue
[2025-10-30T20:34:17.587+0000] {logging_mixin.py:188} INFO - [2025-10-30T20:34:17.586+0000] {dagbag.py:545} INFO - Filling up the DagBag from /home/airflow/.local/lib/python3.12/site-packages/airflow/example_dags/example_task_group.py
[2025-10-30T20:34:17.598+0000] {processor.py:840} INFO - DAG(s) 'example_task_group' retrieved from /home/airflow/.local/lib/python3.12/site-packages/airflow/example_dags/example_task_group.py
[2025-10-30T20:34:17.643+0000] {logging_mixin.py:188} INFO - [2025-10-30T20:34:17.642+0000] {dag.py:3096} INFO - Sync 1 DAGs
[2025-10-30T20:34:17.671+0000] {logging_mixin.py:188} INFO - [2025-10-30T20:34:17.671+0000] {dag.py:3954} INFO - Setting next_dagrun for example_task_group to 2025-10-29 00:00:00+00:00, run_after=2025-10-30 00:00:00+00:00
[2025-10-30T20:34:17.698+0000] {processor.py:183} INFO - Processing /home/airflow/.local/lib/python3.12/site-packages/airflow/example_dags/example_task_group.py took 0.124 seconds
[2025-10-30T20:34:48.226+0000] {processor.py:161} INFO - Started process (PID=666) to work on /home/airflow/.local/lib/python3.12/site-packages/airflow/example_dags/example_task_group.py
[2025-10-30T20:34:48.227+0000] {processor.py:830} INFO - Processing file /home/airflow/.local/lib/python3.12/site-packages/airflow/example_dags/example_task_group.py for tasks to queue
[2025-10-30T20:34:48.229+0000] {logging_mixin.py:188} INFO - [2025-10-30T20:34:48.229+0000] {dagbag.py:545} INFO - Filling up the DagBag from /home/airflow/.local/lib/python3.12/site-packages/airflow/example_dags/example_task_group.py
[2025-10-30T20:34:48.238+0000] {processor.py:840} INFO - DAG(s) 'example_task_group' retrieved from /home/airflow/.local/lib/python3.12/site-packages/airflow/example_dags/example_task_group.py
[2025-10-30T20:34:48.266+0000] {logging_mixin.py:188} INFO - [2025-10-30T20:34:48.266+0000] {dag.py:3096} INFO - Sync 1 DAGs
[2025-10-30T20:34:48.296+0000] {logging_mixin.py:188} INFO - [2025-10-30T20:34:48.295+0000] {dag.py:3954} INFO - Setting next_dagrun for example_task_group to 2025-10-29 00:00:00+00:00, run_after=2025-10-30 00:00:00+00:00
[2025-10-30T20:34:48.322+0000] {processor.py:183} INFO - Processing /home/airflow/.local/lib/python3.12/site-packages/airflow/example_dags/example_task_group.py took 0.103 seconds
[2025-10-30T20:35:18.704+0000] {processor.py:161} INFO - Started process (PID=724) to work on /home/airflow/.local/lib/python3.12/site-packages/airflow/example_dags/example_task_group.py
[2025-10-30T20:35:18.705+0000] {processor.py:830} INFO - Processing file /home/airflow/.local/lib/python3.12/site-packages/airflow/example_dags/example_task_group.py for tasks to queue
[2025-10-30T20:35:18.707+0000] {logging_mixin.py:188} INFO - [2025-10-30T20:35:18.707+0000] {dagbag.py:545} INFO - Filling up the DagBag from /home/airflow/.local/lib/python3.12/site-packages/airflow/example_dags/example_task_group.py
[2025-10-30T20:35:18.716+0000] {processor.py:840} INFO - DAG(s) 'example_task_group' retrieved from /home/airflow/.local/lib/python3.12/site-packages/airflow/example_dags/example_task_group.py
[2025-10-30T20:35:18.747+0000] {logging_mixin.py:188} INFO - [2025-10-30T20:35:18.747+0000] {dag.py:3096} INFO - Sync 1 DAGs
[2025-10-30T20:35:18.778+0000] {logging_mixin.py:188} INFO - [2025-10-30T20:35:18.778+0000] {dag.py:3954} INFO - Setting next_dagrun for example_task_group to 2025-10-29 00:00:00+00:00, run_after=2025-10-30 00:00:00+00:00
[2025-10-30T20:35:18.803+0000] {processor.py:183} INFO - Processing /home/airflow/.local/lib/python3.12/site-packages/airflow/example_dags/example_task_group.py took 0.106 seconds
[2025-10-30T20:35:49.441+0000] {processor.py:161} INFO - Started process (PID=782) to work on /home/airflow/.local/lib/python3.12/site-packages/airflow/example_dags/example_task_group.py
[2025-10-30T20:35:49.442+0000] {processor.py:830} INFO - Processing file /home/airflow/.local/lib/python3.12/site-packages/airflow/example_dags/example_task_group.py for tasks to queue
[2025-10-30T20:35:49.445+0000] {logging_mixin.py:188} INFO - [2025-10-30T20:35:49.445+0000] {dagbag.py:545} INFO - Filling up the DagBag from /home/airflow/.local/lib/python3.12/site-packages/airflow/example_dags/example_task_group.py
[2025-10-30T20:35:49.459+0000] {processor.py:840} INFO - DAG(s) 'example_task_group' retrieved from /home/airflow/.local/lib/python3.12/site-packages/airflow/example_dags/example_task_group.py
[2025-10-30T20:35:49.499+0000] {logging_mixin.py:188} INFO - [2025-10-30T20:35:49.498+0000] {dag.py:3096} INFO - Sync 1 DAGs
[2025-10-30T20:35:49.545+0000] {logging_mixin.py:188} INFO - [2025-10-30T20:35:49.544+0000] {dag.py:3954} INFO - Setting next_dagrun for example_task_group to 2025-10-29 00:00:00+00:00, run_after=2025-10-30 00:00:00+00:00
[2025-10-30T20:35:49.583+0000] {processor.py:183} INFO - Processing /home/airflow/.local/lib/python3.12/site-packages/airflow/example_dags/example_task_group.py took 0.153 seconds
[2025-10-30T20:36:19.967+0000] {processor.py:161} INFO - Started process (PID=840) to work on /home/airflow/.local/lib/python3.12/site-packages/airflow/example_dags/example_task_group.py
[2025-10-30T20:36:19.969+0000] {processor.py:830} INFO - Processing file /home/airflow/.local/lib/python3.12/site-packages/airflow/example_dags/example_task_group.py for tasks to queue
[2025-10-30T20:36:19.973+0000] {logging_mixin.py:188} INFO - [2025-10-30T20:36:19.972+0000] {dagbag.py:545} INFO - Filling up the DagBag from /home/airflow/.local/lib/python3.12/site-packages/airflow/example_dags/example_task_group.py
[2025-10-30T20:36:19.986+0000] {processor.py:840} INFO - DAG(s) 'example_task_group' retrieved from /home/airflow/.local/lib/python3.12/site-packages/airflow/example_dags/example_task_group.py
[2025-10-30T20:36:20.032+0000] {logging_mixin.py:188} INFO - [2025-10-30T20:36:20.031+0000] {dag.py:3096} INFO - Sync 1 DAGs
[2025-10-30T20:36:20.075+0000] {logging_mixin.py:188} INFO - [2025-10-30T20:36:20.074+0000] {dag.py:3954} INFO - Setting next_dagrun for example_task_group to 2025-10-29 00:00:00+00:00, run_after=2025-10-30 00:00:00+00:00
[2025-10-30T20:36:20.113+0000] {processor.py:183} INFO - Processing /home/airflow/.local/lib/python3.12/site-packages/airflow/example_dags/example_task_group.py took 0.157 seconds
[2025-10-30T20:36:50.262+0000] {processor.py:161} INFO - Started process (PID=898) to work on /home/airflow/.local/lib/python3.12/site-packages/airflow/example_dags/example_task_group.py
[2025-10-30T20:36:50.270+0000] {processor.py:830} INFO - Processing file /home/airflow/.local/lib/python3.12/site-packages/airflow/example_dags/example_task_group.py for tasks to queue
[2025-10-30T20:36:50.274+0000] {logging_mixin.py:188} INFO - [2025-10-30T20:36:50.273+0000] {dagbag.py:545} INFO - Filling up the DagBag from /home/airflow/.local/lib/python3.12/site-packages/airflow/example_dags/example_task_group.py
[2025-10-30T20:36:50.285+0000] {processor.py:840} INFO - DAG(s) 'example_task_group' retrieved from /home/airflow/.local/lib/python3.12/site-packages/airflow/example_dags/example_task_group.py
[2025-10-30T20:36:50.316+0000] {logging_mixin.py:188} INFO - [2025-10-30T20:36:50.315+0000] {dag.py:3096} INFO - Sync 1 DAGs
[2025-10-30T20:36:50.348+0000] {logging_mixin.py:188} INFO - [2025-10-30T20:36:50.347+0000] {dag.py:3954} INFO - Setting next_dagrun for example_task_group to 2025-10-29 00:00:00+00:00, run_after=2025-10-30 00:00:00+00:00
[2025-10-30T20:36:50.372+0000] {processor.py:183} INFO - Processing /home/airflow/.local/lib/python3.12/site-packages/airflow/example_dags/example_task_group.py took 0.119 seconds
[2025-10-30T20:37:20.630+0000] {processor.py:161} INFO - Started process (PID=956) to work on /home/airflow/.local/lib/python3.12/site-packages/airflow/example_dags/example_task_group.py
[2025-10-30T20:37:20.632+0000] {processor.py:830} INFO - Processing file /home/airflow/.local/lib/python3.12/site-packages/airflow/example_dags/example_task_group.py for tasks to queue
[2025-10-30T20:37:20.636+0000] {logging_mixin.py:188} INFO - [2025-10-30T20:37:20.635+0000] {dagbag.py:545} INFO - Filling up the DagBag from /home/airflow/.local/lib/python3.12/site-packages/airflow/example_dags/example_task_group.py
[2025-10-30T20:37:20.651+0000] {processor.py:840} INFO - DAG(s) 'example_task_group' retrieved from /home/airflow/.local/lib/python3.12/site-packages/airflow/example_dags/example_task_group.py
[2025-10-30T20:37:20.684+0000] {logging_mixin.py:188} INFO - [2025-10-30T20:37:20.683+0000] {dag.py:3096} INFO - Sync 1 DAGs
[2025-10-30T20:37:20.713+0000] {logging_mixin.py:188} INFO - [2025-10-30T20:37:20.713+0000] {dag.py:3954} INFO - Setting next_dagrun for example_task_group to 2025-10-29 00:00:00+00:00, run_after=2025-10-30 00:00:00+00:00
[2025-10-30T20:37:20.738+0000] {processor.py:183} INFO - Processing /home/airflow/.local/lib/python3.12/site-packages/airflow/example_dags/example_task_group.py took 0.117 seconds
[2025-10-30T20:37:50.874+0000] {processor.py:161} INFO - Started process (PID=1014) to work on /home/airflow/.local/lib/python3.12/site-packages/airflow/example_dags/example_task_group.py
[2025-10-30T20:37:50.875+0000] {processor.py:830} INFO - Processing file /home/airflow/.local/lib/python3.12/site-packages/airflow/example_dags/example_task_group.py for tasks to queue
[2025-10-30T20:37:50.879+0000] {logging_mixin.py:188} INFO - [2025-10-30T20:37:50.878+0000] {dagbag.py:545} INFO - Filling up the DagBag from /home/airflow/.local/lib/python3.12/site-packages/airflow/example_dags/example_task_group.py
[2025-10-30T20:37:50.890+0000] {processor.py:840} INFO - DAG(s) 'example_task_group' retrieved from /home/airflow/.local/lib/python3.12/site-packages/airflow/example_dags/example_task_group.py
[2025-10-30T20:37:50.923+0000] {logging_mixin.py:188} INFO - [2025-10-30T20:37:50.923+0000] {dag.py:3096} INFO - Sync 1 DAGs
[2025-10-30T20:37:50.954+0000] {logging_mixin.py:188} INFO - [2025-10-30T20:37:50.954+0000] {dag.py:3954} INFO - Setting next_dagrun for example_task_group to 2025-10-29 00:00:00+00:00, run_after=2025-10-30 00:00:00+00:00
[2025-10-30T20:37:50.980+0000] {processor.py:183} INFO - Processing /home/airflow/.local/lib/python3.12/site-packages/airflow/example_dags/example_task_group.py took 0.115 seconds
[2025-10-30T20:38:21.549+0000] {processor.py:161} INFO - Started process (PID=1072) to work on /home/airflow/.local/lib/python3.12/site-packages/airflow/example_dags/example_task_group.py
[2025-10-30T20:38:21.551+0000] {processor.py:830} INFO - Processing file /home/airflow/.local/lib/python3.12/site-packages/airflow/example_dags/example_task_group.py for tasks to queue
[2025-10-30T20:38:21.553+0000] {logging_mixin.py:188} INFO - [2025-10-30T20:38:21.553+0000] {dagbag.py:545} INFO - Filling up the DagBag from /home/airflow/.local/lib/python3.12/site-packages/airflow/example_dags/example_task_group.py
[2025-10-30T20:38:21.562+0000] {processor.py:840} INFO - DAG(s) 'example_task_group' retrieved from /home/airflow/.local/lib/python3.12/site-packages/airflow/example_dags/example_task_group.py
[2025-10-30T20:38:21.592+0000] {logging_mixin.py:188} INFO - [2025-10-30T20:38:21.591+0000] {dag.py:3096} INFO - Sync 1 DAGs
[2025-10-30T20:38:21.619+0000] {logging_mixin.py:188} INFO - [2025-10-30T20:38:21.618+0000] {dag.py:3954} INFO - Setting next_dagrun for example_task_group to 2025-10-29 00:00:00+00:00, run_after=2025-10-30 00:00:00+00:00
[2025-10-30T20:38:21.645+0000] {processor.py:183} INFO - Processing /home/airflow/.local/lib/python3.12/site-packages/airflow/example_dags/example_task_group.py took 0.103 seconds
[2025-10-30T20:38:51.818+0000] {processor.py:161} INFO - Started process (PID=1130) to work on /home/airflow/.local/lib/python3.12/site-packages/airflow/example_dags/example_task_group.py
[2025-10-30T20:38:51.820+0000] {processor.py:830} INFO - Processing file /home/airflow/.local/lib/python3.12/site-packages/airflow/example_dags/example_task_group.py for tasks to queue
[2025-10-30T20:38:51.822+0000] {logging_mixin.py:188} INFO - [2025-10-30T20:38:51.822+0000] {dagbag.py:545} INFO - Filling up the DagBag from /home/airflow/.local/lib/python3.12/site-packages/airflow/example_dags/example_task_group.py
[2025-10-30T20:38:51.832+0000] {processor.py:840} INFO - DAG(s) 'example_task_group' retrieved from /home/airflow/.local/lib/python3.12/site-packages/airflow/example_dags/example_task_group.py
[2025-10-30T20:38:51.860+0000] {logging_mixin.py:188} INFO - [2025-10-30T20:38:51.860+0000] {dag.py:3096} INFO - Sync 1 DAGs
[2025-10-30T20:38:51.887+0000] {logging_mixin.py:188} INFO - [2025-10-30T20:38:51.887+0000] {dag.py:3954} INFO - Setting next_dagrun for example_task_group to 2025-10-29 00:00:00+00:00, run_after=2025-10-30 00:00:00+00:00
[2025-10-30T20:38:51.909+0000] {processor.py:183} INFO - Processing /home/airflow/.local/lib/python3.12/site-packages/airflow/example_dags/example_task_group.py took 0.100 seconds
[2025-10-30T20:39:22.027+0000] {processor.py:161} INFO - Started process (PID=1189) to work on /home/airflow/.local/lib/python3.12/site-packages/airflow/example_dags/example_task_group.py
[2025-10-30T20:39:22.029+0000] {processor.py:830} INFO - Processing file /home/airflow/.local/lib/python3.12/site-packages/airflow/example_dags/example_task_group.py for tasks to queue
[2025-10-30T20:39:22.032+0000] {logging_mixin.py:188} INFO - [2025-10-30T20:39:22.032+0000] {dagbag.py:545} INFO - Filling up the DagBag from /home/airflow/.local/lib/python3.12/site-packages/airflow/example_dags/example_task_group.py
[2025-10-30T20:39:22.044+0000] {processor.py:840} INFO - DAG(s) 'example_task_group' retrieved from /home/airflow/.local/lib/python3.12/site-packages/airflow/example_dags/example_task_group.py
[2025-10-30T20:39:22.074+0000] {logging_mixin.py:188} INFO - [2025-10-30T20:39:22.074+0000] {dag.py:3096} INFO - Sync 1 DAGs
[2025-10-30T20:39:22.103+0000] {logging_mixin.py:188} INFO - [2025-10-30T20:39:22.103+0000] {dag.py:3954} INFO - Setting next_dagrun for example_task_group to 2025-10-29 00:00:00+00:00, run_after=2025-10-30 00:00:00+00:00
[2025-10-30T20:39:22.126+0000] {processor.py:183} INFO - Processing /home/airflow/.local/lib/python3.12/site-packages/airflow/example_dags/example_task_group.py took 0.108 seconds
[2025-10-30T20:39:53.273+0000] {processor.py:161} INFO - Started process (PID=1247) to work on /home/airflow/.local/lib/python3.12/site-packages/airflow/example_dags/example_task_group.py
[2025-10-30T20:39:53.277+0000] {processor.py:830} INFO - Processing file /home/airflow/.local/lib/python3.12/site-packages/airflow/example_dags/example_task_group.py for tasks to queue
[2025-10-30T20:39:53.281+0000] {logging_mixin.py:188} INFO - [2025-10-30T20:39:53.280+0000] {dagbag.py:545} INFO - Filling up the DagBag from /home/airflow/.local/lib/python3.12/site-packages/airflow/example_dags/example_task_group.py
[2025-10-30T20:39:53.297+0000] {processor.py:840} INFO - DAG(s) 'example_task_group' retrieved from /home/airflow/.local/lib/python3.12/site-packages/airflow/example_dags/example_task_group.py
[2025-10-30T20:39:53.348+0000] {logging_mixin.py:188} INFO - [2025-10-30T20:39:53.348+0000] {dag.py:3096} INFO - Sync 1 DAGs
[2025-10-30T20:39:53.393+0000] {logging_mixin.py:188} INFO - [2025-10-30T20:39:53.393+0000] {dag.py:3954} INFO - Setting next_dagrun for example_task_group to 2025-10-29 00:00:00+00:00, run_after=2025-10-30 00:00:00+00:00
[2025-10-30T20:39:53.432+0000] {processor.py:183} INFO - Processing /home/airflow/.local/lib/python3.12/site-packages/airflow/example_dags/example_task_group.py took 0.171 seconds
[2025-10-30T20:40:24.044+0000] {processor.py:161} INFO - Started process (PID=1305) to work on /home/airflow/.local/lib/python3.12/site-packages/airflow/example_dags/example_task_group.py
[2025-10-30T20:40:24.046+0000] {processor.py:830} INFO - Processing file /home/airflow/.local/lib/python3.12/site-packages/airflow/example_dags/example_task_group.py for tasks to queue
[2025-10-30T20:40:24.049+0000] {logging_mixin.py:188} INFO - [2025-10-30T20:40:24.048+0000] {dagbag.py:545} INFO - Filling up the DagBag from /home/airflow/.local/lib/python3.12/site-packages/airflow/example_dags/example_task_group.py
[2025-10-30T20:40:24.059+0000] {processor.py:840} INFO - DAG(s) 'example_task_group' retrieved from /home/airflow/.local/lib/python3.12/site-packages/airflow/example_dags/example_task_group.py
[2025-10-30T20:40:24.095+0000] {logging_mixin.py:188} INFO - [2025-10-30T20:40:24.094+0000] {dag.py:3096} INFO - Sync 1 DAGs
[2025-10-30T20:40:24.141+0000] {logging_mixin.py:188} INFO - [2025-10-30T20:40:24.141+0000] {dag.py:3954} INFO - Setting next_dagrun for example_task_group to 2025-10-29 00:00:00+00:00, run_after=2025-10-30 00:00:00+00:00
[2025-10-30T20:40:24.348+0000] {processor.py:183} INFO - Processing /home/airflow/.local/lib/python3.12/site-packages/airflow/example_dags/example_task_group.py took 0.312 seconds
[2025-10-30T20:40:54.776+0000] {processor.py:161} INFO - Started process (PID=1363) to work on /home/airflow/.local/lib/python3.12/site-packages/airflow/example_dags/example_task_group.py
[2025-10-30T20:40:54.778+0000] {processor.py:830} INFO - Processing file /home/airflow/.local/lib/python3.12/site-packages/airflow/example_dags/example_task_group.py for tasks to queue
[2025-10-30T20:40:54.781+0000] {logging_mixin.py:188} INFO - [2025-10-30T20:40:54.780+0000] {dagbag.py:545} INFO - Filling up the DagBag from /home/airflow/.local/lib/python3.12/site-packages/airflow/example_dags/example_task_group.py
[2025-10-30T20:40:54.795+0000] {processor.py:840} INFO - DAG(s) 'example_task_group' retrieved from /home/airflow/.local/lib/python3.12/site-packages/airflow/example_dags/example_task_group.py
[2025-10-30T20:40:54.843+0000] {logging_mixin.py:188} INFO - [2025-10-30T20:40:54.843+0000] {dag.py:3096} INFO - Sync 1 DAGs
[2025-10-30T20:40:54.892+0000] {logging_mixin.py:188} INFO - [2025-10-30T20:40:54.891+0000] {dag.py:3954} INFO - Setting next_dagrun for example_task_group to 2025-10-29 00:00:00+00:00, run_after=2025-10-30 00:00:00+00:00
[2025-10-30T20:40:55.192+0000] {processor.py:183} INFO - Processing /home/airflow/.local/lib/python3.12/site-packages/airflow/example_dags/example_task_group.py took 0.427 seconds
[2025-10-30T20:41:25.336+0000] {processor.py:161} INFO - Started process (PID=1421) to work on /home/airflow/.local/lib/python3.12/site-packages/airflow/example_dags/example_task_group.py
[2025-10-30T20:41:25.338+0000] {processor.py:830} INFO - Processing file /home/airflow/.local/lib/python3.12/site-packages/airflow/example_dags/example_task_group.py for tasks to queue
[2025-10-30T20:41:25.340+0000] {logging_mixin.py:188} INFO - [2025-10-30T20:41:25.340+0000] {dagbag.py:545} INFO - Filling up the DagBag from /home/airflow/.local/lib/python3.12/site-packages/airflow/example_dags/example_task_group.py
[2025-10-30T20:41:25.351+0000] {processor.py:840} INFO - DAG(s) 'example_task_group' retrieved from /home/airflow/.local/lib/python3.12/site-packages/airflow/example_dags/example_task_group.py
[2025-10-30T20:41:25.378+0000] {logging_mixin.py:188} INFO - [2025-10-30T20:41:25.378+0000] {dag.py:3096} INFO - Sync 1 DAGs
[2025-10-30T20:41:25.404+0000] {logging_mixin.py:188} INFO - [2025-10-30T20:41:25.404+0000] {dag.py:3954} INFO - Setting next_dagrun for example_task_group to 2025-10-29 00:00:00+00:00, run_after=2025-10-30 00:00:00+00:00
[2025-10-30T20:41:25.428+0000] {processor.py:183} INFO - Processing /home/airflow/.local/lib/python3.12/site-packages/airflow/example_dags/example_task_group.py took 0.099 seconds
[2025-10-30T20:41:56.079+0000] {processor.py:161} INFO - Started process (PID=1478) to work on /home/airflow/.local/lib/python3.12/site-packages/airflow/example_dags/example_task_group.py
[2025-10-30T20:41:56.089+0000] {processor.py:830} INFO - Processing file /home/airflow/.local/lib/python3.12/site-packages/airflow/example_dags/example_task_group.py for tasks to queue
[2025-10-30T20:41:56.096+0000] {logging_mixin.py:188} INFO - [2025-10-30T20:41:56.095+0000] {dagbag.py:545} INFO - Filling up the DagBag from /home/airflow/.local/lib/python3.12/site-packages/airflow/example_dags/example_task_group.py
[2025-10-30T20:41:56.117+0000] {processor.py:840} INFO - DAG(s) 'example_task_group' retrieved from /home/airflow/.local/lib/python3.12/site-packages/airflow/example_dags/example_task_group.py
[2025-10-30T20:41:56.161+0000] {logging_mixin.py:188} INFO - [2025-10-30T20:41:56.161+0000] {dag.py:3096} INFO - Sync 1 DAGs
[2025-10-30T20:41:56.202+0000] {logging_mixin.py:188} INFO - [2025-10-30T20:41:56.201+0000] {dag.py:3954} INFO - Setting next_dagrun for example_task_group to 2025-10-29 00:00:00+00:00, run_after=2025-10-30 00:00:00+00:00
[2025-10-30T20:41:56.246+0000] {processor.py:183} INFO - Processing /home/airflow/.local/lib/python3.12/site-packages/airflow/example_dags/example_task_group.py took 0.182 seconds
[2025-10-30T20:42:26.679+0000] {processor.py:161} INFO - Started process (PID=1536) to work on /home/airflow/.local/lib/python3.12/site-packages/airflow/example_dags/example_task_group.py
[2025-10-30T20:42:26.681+0000] {processor.py:830} INFO - Processing file /home/airflow/.local/lib/python3.12/site-packages/airflow/example_dags/example_task_group.py for tasks to queue
[2025-10-30T20:42:26.683+0000] {logging_mixin.py:188} INFO - [2025-10-30T20:42:26.683+0000] {dagbag.py:545} INFO - Filling up the DagBag from /home/airflow/.local/lib/python3.12/site-packages/airflow/example_dags/example_task_group.py
[2025-10-30T20:42:26.696+0000] {processor.py:840} INFO - DAG(s) 'example_task_group' retrieved from /home/airflow/.local/lib/python3.12/site-packages/airflow/example_dags/example_task_group.py
[2025-10-30T20:42:26.726+0000] {logging_mixin.py:188} INFO - [2025-10-30T20:42:26.725+0000] {dag.py:3096} INFO - Sync 1 DAGs
[2025-10-30T20:42:26.759+0000] {logging_mixin.py:188} INFO - [2025-10-30T20:42:26.759+0000] {dag.py:3954} INFO - Setting next_dagrun for example_task_group to 2025-10-29 00:00:00+00:00, run_after=2025-10-30 00:00:00+00:00
[2025-10-30T20:42:26.792+0000] {processor.py:183} INFO - Processing /home/airflow/.local/lib/python3.12/site-packages/airflow/example_dags/example_task_group.py took 0.122 seconds
[2025-10-30T21:06:21.200+0000] {processor.py:161} INFO - Started process (PID=86) to work on /home/airflow/.local/lib/python3.12/site-packages/airflow/example_dags/example_task_group.py
[2025-10-30T21:06:21.208+0000] {processor.py:830} INFO - Processing file /home/airflow/.local/lib/python3.12/site-packages/airflow/example_dags/example_task_group.py for tasks to queue
[2025-10-30T21:06:21.215+0000] {logging_mixin.py:188} INFO - [2025-10-30T21:06:21.214+0000] {dagbag.py:545} INFO - Filling up the DagBag from /home/airflow/.local/lib/python3.12/site-packages/airflow/example_dags/example_task_group.py
[2025-10-30T21:06:21.280+0000] {processor.py:840} INFO - DAG(s) 'example_task_group' retrieved from /home/airflow/.local/lib/python3.12/site-packages/airflow/example_dags/example_task_group.py
[2025-10-30T21:06:21.555+0000] {logging_mixin.py:188} INFO - [2025-10-30T21:06:21.555+0000] {dag.py:3096} INFO - Sync 1 DAGs
[2025-10-30T21:06:21.618+0000] {logging_mixin.py:188} INFO - [2025-10-30T21:06:21.617+0000] {dag.py:3954} INFO - Setting next_dagrun for example_task_group to 2025-10-29 00:00:00+00:00, run_after=2025-10-30 00:00:00+00:00
[2025-10-30T21:06:21.669+0000] {processor.py:183} INFO - Processing /home/airflow/.local/lib/python3.12/site-packages/airflow/example_dags/example_task_group.py took 0.504 seconds
[2025-10-30T21:06:52.082+0000] {processor.py:161} INFO - Started process (PID=145) to work on /home/airflow/.local/lib/python3.12/site-packages/airflow/example_dags/example_task_group.py
[2025-10-30T21:06:52.121+0000] {processor.py:830} INFO - Processing file /home/airflow/.local/lib/python3.12/site-packages/airflow/example_dags/example_task_group.py for tasks to queue
[2025-10-30T21:06:52.151+0000] {logging_mixin.py:188} INFO - [2025-10-30T21:06:52.149+0000] {dagbag.py:545} INFO - Filling up the DagBag from /home/airflow/.local/lib/python3.12/site-packages/airflow/example_dags/example_task_group.py
[2025-10-30T21:06:52.194+0000] {processor.py:840} INFO - DAG(s) 'example_task_group' retrieved from /home/airflow/.local/lib/python3.12/site-packages/airflow/example_dags/example_task_group.py
[2025-10-30T21:06:52.319+0000] {logging_mixin.py:188} INFO - [2025-10-30T21:06:52.318+0000] {dag.py:3096} INFO - Sync 1 DAGs
[2025-10-30T21:06:52.437+0000] {logging_mixin.py:188} INFO - [2025-10-30T21:06:52.436+0000] {dag.py:3954} INFO - Setting next_dagrun for example_task_group to 2025-10-29 00:00:00+00:00, run_after=2025-10-30 00:00:00+00:00
[2025-10-30T21:06:52.490+0000] {processor.py:183} INFO - Processing /home/airflow/.local/lib/python3.12/site-packages/airflow/example_dags/example_task_group.py took 0.418 seconds
[2025-10-30T21:07:22.841+0000] {processor.py:161} INFO - Started process (PID=207) to work on /home/airflow/.local/lib/python3.12/site-packages/airflow/example_dags/example_task_group.py
[2025-10-30T21:07:22.845+0000] {processor.py:830} INFO - Processing file /home/airflow/.local/lib/python3.12/site-packages/airflow/example_dags/example_task_group.py for tasks to queue
[2025-10-30T21:07:22.851+0000] {logging_mixin.py:188} INFO - [2025-10-30T21:07:22.850+0000] {dagbag.py:545} INFO - Filling up the DagBag from /home/airflow/.local/lib/python3.12/site-packages/airflow/example_dags/example_task_group.py
[2025-10-30T21:07:22.879+0000] {processor.py:840} INFO - DAG(s) 'example_task_group' retrieved from /home/airflow/.local/lib/python3.12/site-packages/airflow/example_dags/example_task_group.py
[2025-10-30T21:07:22.937+0000] {logging_mixin.py:188} INFO - [2025-10-30T21:07:22.936+0000] {dag.py:3096} INFO - Sync 1 DAGs
[2025-10-30T21:07:23.002+0000] {logging_mixin.py:188} INFO - [2025-10-30T21:07:23.002+0000] {dag.py:3954} INFO - Setting next_dagrun for example_task_group to 2025-10-29 00:00:00+00:00, run_after=2025-10-30 00:00:00+00:00
[2025-10-30T21:07:23.056+0000] {processor.py:183} INFO - Processing /home/airflow/.local/lib/python3.12/site-packages/airflow/example_dags/example_task_group.py took 0.226 seconds
[2025-10-30T21:07:53.119+0000] {processor.py:161} INFO - Started process (PID=266) to work on /home/airflow/.local/lib/python3.12/site-packages/airflow/example_dags/example_task_group.py
[2025-10-30T21:07:53.121+0000] {processor.py:830} INFO - Processing file /home/airflow/.local/lib/python3.12/site-packages/airflow/example_dags/example_task_group.py for tasks to queue
[2025-10-30T21:07:53.126+0000] {logging_mixin.py:188} INFO - [2025-10-30T21:07:53.125+0000] {dagbag.py:545} INFO - Filling up the DagBag from /home/airflow/.local/lib/python3.12/site-packages/airflow/example_dags/example_task_group.py
[2025-10-30T21:07:53.143+0000] {processor.py:840} INFO - DAG(s) 'example_task_group' retrieved from /home/airflow/.local/lib/python3.12/site-packages/airflow/example_dags/example_task_group.py
[2025-10-30T21:07:53.191+0000] {logging_mixin.py:188} INFO - [2025-10-30T21:07:53.191+0000] {dag.py:3096} INFO - Sync 1 DAGs
[2025-10-30T21:07:53.265+0000] {logging_mixin.py:188} INFO - [2025-10-30T21:07:53.264+0000] {dag.py:3954} INFO - Setting next_dagrun for example_task_group to 2025-10-29 00:00:00+00:00, run_after=2025-10-30 00:00:00+00:00
[2025-10-30T21:07:53.305+0000] {processor.py:183} INFO - Processing /home/airflow/.local/lib/python3.12/site-packages/airflow/example_dags/example_task_group.py took 0.198 seconds
[2025-10-30T21:08:23.435+0000] {processor.py:161} INFO - Started process (PID=324) to work on /home/airflow/.local/lib/python3.12/site-packages/airflow/example_dags/example_task_group.py
[2025-10-30T21:08:23.436+0000] {processor.py:830} INFO - Processing file /home/airflow/.local/lib/python3.12/site-packages/airflow/example_dags/example_task_group.py for tasks to queue
[2025-10-30T21:08:23.439+0000] {logging_mixin.py:188} INFO - [2025-10-30T21:08:23.439+0000] {dagbag.py:545} INFO - Filling up the DagBag from /home/airflow/.local/lib/python3.12/site-packages/airflow/example_dags/example_task_group.py
[2025-10-30T21:08:23.449+0000] {processor.py:840} INFO - DAG(s) 'example_task_group' retrieved from /home/airflow/.local/lib/python3.12/site-packages/airflow/example_dags/example_task_group.py
[2025-10-30T21:08:23.480+0000] {logging_mixin.py:188} INFO - [2025-10-30T21:08:23.480+0000] {dag.py:3096} INFO - Sync 1 DAGs
[2025-10-30T21:08:23.511+0000] {logging_mixin.py:188} INFO - [2025-10-30T21:08:23.510+0000] {dag.py:3954} INFO - Setting next_dagrun for example_task_group to 2025-10-29 00:00:00+00:00, run_after=2025-10-30 00:00:00+00:00
[2025-10-30T21:08:23.535+0000] {processor.py:183} INFO - Processing /home/airflow/.local/lib/python3.12/site-packages/airflow/example_dags/example_task_group.py took 0.108 seconds
[2025-10-30T21:09:07.903+0000] {processor.py:161} INFO - Started process (PID=385) to work on /home/airflow/.local/lib/python3.12/site-packages/airflow/example_dags/example_task_group.py
[2025-10-30T21:09:07.906+0000] {processor.py:830} INFO - Processing file /home/airflow/.local/lib/python3.12/site-packages/airflow/example_dags/example_task_group.py for tasks to queue
[2025-10-30T21:09:07.910+0000] {logging_mixin.py:188} INFO - [2025-10-30T21:09:07.910+0000] {dagbag.py:545} INFO - Filling up the DagBag from /home/airflow/.local/lib/python3.12/site-packages/airflow/example_dags/example_task_group.py
[2025-10-30T21:09:07.931+0000] {processor.py:840} INFO - DAG(s) 'example_task_group' retrieved from /home/airflow/.local/lib/python3.12/site-packages/airflow/example_dags/example_task_group.py
[2025-10-30T21:09:08.021+0000] {logging_mixin.py:188} INFO - [2025-10-30T21:09:08.019+0000] {dag.py:3096} INFO - Sync 1 DAGs
[2025-10-30T21:09:08.154+0000] {logging_mixin.py:188} INFO - [2025-10-30T21:09:08.152+0000] {dag.py:3954} INFO - Setting next_dagrun for example_task_group to 2025-10-29 00:00:00+00:00, run_after=2025-10-30 00:00:00+00:00
[2025-10-30T21:09:08.229+0000] {processor.py:183} INFO - Processing /home/airflow/.local/lib/python3.12/site-packages/airflow/example_dags/example_task_group.py took 0.344 seconds
[2025-10-30T21:09:45.803+0000] {processor.py:161} INFO - Started process (PID=451) to work on /home/airflow/.local/lib/python3.12/site-packages/airflow/example_dags/example_task_group.py
[2025-10-30T21:09:45.832+0000] {processor.py:830} INFO - Processing file /home/airflow/.local/lib/python3.12/site-packages/airflow/example_dags/example_task_group.py for tasks to queue
[2025-10-30T21:09:45.875+0000] {logging_mixin.py:188} INFO - [2025-10-30T21:09:45.870+0000] {dagbag.py:545} INFO - Filling up the DagBag from /home/airflow/.local/lib/python3.12/site-packages/airflow/example_dags/example_task_group.py
[2025-10-30T21:09:45.958+0000] {processor.py:840} INFO - DAG(s) 'example_task_group' retrieved from /home/airflow/.local/lib/python3.12/site-packages/airflow/example_dags/example_task_group.py
[2025-10-30T21:09:46.803+0000] {logging_mixin.py:188} INFO - [2025-10-30T21:09:46.789+0000] {dag.py:3096} INFO - Sync 1 DAGs
[2025-10-30T21:09:47.131+0000] {logging_mixin.py:188} INFO - [2025-10-30T21:09:47.118+0000] {dag.py:3954} INFO - Setting next_dagrun for example_task_group to 2025-10-29 00:00:00+00:00, run_after=2025-10-30 00:00:00+00:00
[2025-10-30T21:09:48.548+0000] {processor.py:183} INFO - Processing /home/airflow/.local/lib/python3.12/site-packages/airflow/example_dags/example_task_group.py took 2.780 seconds
