[2025-10-30T20:29:30.032+0000] {processor.py:161} INFO - Started process (PID=61) to work on /home/airflow/.local/lib/python3.12/site-packages/airflow/example_dags/example_task_group_decorator.py
[2025-10-30T20:29:30.118+0000] {processor.py:830} INFO - Processing file /home/airflow/.local/lib/python3.12/site-packages/airflow/example_dags/example_task_group_decorator.py for tasks to queue
[2025-10-30T20:29:30.166+0000] {logging_mixin.py:188} INFO - [2025-10-30T20:29:30.164+0000] {dagbag.py:545} INFO - Filling up the DagBag from /home/airflow/.local/lib/python3.12/site-packages/airflow/example_dags/example_task_group_decorator.py
[2025-10-30T20:29:30.360+0000] {processor.py:840} INFO - DAG(s) 'example_task_group_decorator' retrieved from /home/airflow/.local/lib/python3.12/site-packages/airflow/example_dags/example_task_group_decorator.py
[2025-10-30T20:29:31.638+0000] {logging_mixin.py:188} INFO - [2025-10-30T20:29:31.637+0000] {dag.py:3096} INFO - Sync 1 DAGs
[2025-10-30T20:29:31.919+0000] {logging_mixin.py:188} INFO - [2025-10-30T20:29:31.918+0000] {dag.py:3954} INFO - Setting next_dagrun for example_task_group_decorator to 2025-10-29 00:00:00+00:00, run_after=2025-10-30 00:00:00+00:00
[2025-10-30T20:29:31.984+0000] {processor.py:183} INFO - Processing /home/airflow/.local/lib/python3.12/site-packages/airflow/example_dags/example_task_group_decorator.py took 2.156 seconds
[2025-10-30T20:30:02.491+0000] {processor.py:161} INFO - Started process (PID=125) to work on /home/airflow/.local/lib/python3.12/site-packages/airflow/example_dags/example_task_group_decorator.py
[2025-10-30T20:30:02.492+0000] {processor.py:830} INFO - Processing file /home/airflow/.local/lib/python3.12/site-packages/airflow/example_dags/example_task_group_decorator.py for tasks to queue
[2025-10-30T20:30:02.496+0000] {logging_mixin.py:188} INFO - [2025-10-30T20:30:02.495+0000] {dagbag.py:545} INFO - Filling up the DagBag from /home/airflow/.local/lib/python3.12/site-packages/airflow/example_dags/example_task_group_decorator.py
[2025-10-30T20:30:02.533+0000] {processor.py:840} INFO - DAG(s) 'example_task_group_decorator' retrieved from /home/airflow/.local/lib/python3.12/site-packages/airflow/example_dags/example_task_group_decorator.py
[2025-10-30T20:30:02.585+0000] {logging_mixin.py:188} INFO - [2025-10-30T20:30:02.585+0000] {dag.py:3096} INFO - Sync 1 DAGs
[2025-10-30T20:30:02.625+0000] {logging_mixin.py:188} INFO - [2025-10-30T20:30:02.625+0000] {dag.py:3954} INFO - Setting next_dagrun for example_task_group_decorator to 2025-10-29 00:00:00+00:00, run_after=2025-10-30 00:00:00+00:00
[2025-10-30T20:30:02.649+0000] {processor.py:183} INFO - Processing /home/airflow/.local/lib/python3.12/site-packages/airflow/example_dags/example_task_group_decorator.py took 0.165 seconds
[2025-10-30T20:30:33.437+0000] {processor.py:161} INFO - Started process (PID=184) to work on /home/airflow/.local/lib/python3.12/site-packages/airflow/example_dags/example_task_group_decorator.py
[2025-10-30T20:30:33.438+0000] {processor.py:830} INFO - Processing file /home/airflow/.local/lib/python3.12/site-packages/airflow/example_dags/example_task_group_decorator.py for tasks to queue
[2025-10-30T20:30:33.443+0000] {logging_mixin.py:188} INFO - [2025-10-30T20:30:33.442+0000] {dagbag.py:545} INFO - Filling up the DagBag from /home/airflow/.local/lib/python3.12/site-packages/airflow/example_dags/example_task_group_decorator.py
[2025-10-30T20:30:33.464+0000] {processor.py:840} INFO - DAG(s) 'example_task_group_decorator' retrieved from /home/airflow/.local/lib/python3.12/site-packages/airflow/example_dags/example_task_group_decorator.py
[2025-10-30T20:30:33.502+0000] {logging_mixin.py:188} INFO - [2025-10-30T20:30:33.502+0000] {dag.py:3096} INFO - Sync 1 DAGs
[2025-10-30T20:30:33.531+0000] {logging_mixin.py:188} INFO - [2025-10-30T20:30:33.531+0000] {dag.py:3954} INFO - Setting next_dagrun for example_task_group_decorator to 2025-10-29 00:00:00+00:00, run_after=2025-10-30 00:00:00+00:00
[2025-10-30T20:30:33.553+0000] {processor.py:183} INFO - Processing /home/airflow/.local/lib/python3.12/site-packages/airflow/example_dags/example_task_group_decorator.py took 0.125 seconds
[2025-10-30T20:31:03.829+0000] {processor.py:161} INFO - Started process (PID=242) to work on /home/airflow/.local/lib/python3.12/site-packages/airflow/example_dags/example_task_group_decorator.py
[2025-10-30T20:31:03.832+0000] {processor.py:830} INFO - Processing file /home/airflow/.local/lib/python3.12/site-packages/airflow/example_dags/example_task_group_decorator.py for tasks to queue
[2025-10-30T20:31:03.837+0000] {logging_mixin.py:188} INFO - [2025-10-30T20:31:03.837+0000] {dagbag.py:545} INFO - Filling up the DagBag from /home/airflow/.local/lib/python3.12/site-packages/airflow/example_dags/example_task_group_decorator.py
[2025-10-30T20:31:03.884+0000] {processor.py:840} INFO - DAG(s) 'example_task_group_decorator' retrieved from /home/airflow/.local/lib/python3.12/site-packages/airflow/example_dags/example_task_group_decorator.py
[2025-10-30T20:31:03.980+0000] {logging_mixin.py:188} INFO - [2025-10-30T20:31:03.979+0000] {dag.py:3096} INFO - Sync 1 DAGs
[2025-10-30T20:31:04.033+0000] {logging_mixin.py:188} INFO - [2025-10-30T20:31:04.033+0000] {dag.py:3954} INFO - Setting next_dagrun for example_task_group_decorator to 2025-10-29 00:00:00+00:00, run_after=2025-10-30 00:00:00+00:00
[2025-10-30T20:31:04.297+0000] {processor.py:183} INFO - Processing /home/airflow/.local/lib/python3.12/site-packages/airflow/example_dags/example_task_group_decorator.py took 0.480 seconds
[2025-10-30T20:31:34.909+0000] {processor.py:161} INFO - Started process (PID=300) to work on /home/airflow/.local/lib/python3.12/site-packages/airflow/example_dags/example_task_group_decorator.py
[2025-10-30T20:31:34.912+0000] {processor.py:830} INFO - Processing file /home/airflow/.local/lib/python3.12/site-packages/airflow/example_dags/example_task_group_decorator.py for tasks to queue
[2025-10-30T20:31:34.917+0000] {logging_mixin.py:188} INFO - [2025-10-30T20:31:34.916+0000] {dagbag.py:545} INFO - Filling up the DagBag from /home/airflow/.local/lib/python3.12/site-packages/airflow/example_dags/example_task_group_decorator.py
[2025-10-30T20:31:34.942+0000] {processor.py:840} INFO - DAG(s) 'example_task_group_decorator' retrieved from /home/airflow/.local/lib/python3.12/site-packages/airflow/example_dags/example_task_group_decorator.py
[2025-10-30T20:31:34.992+0000] {logging_mixin.py:188} INFO - [2025-10-30T20:31:34.992+0000] {dag.py:3096} INFO - Sync 1 DAGs
[2025-10-30T20:31:35.037+0000] {logging_mixin.py:188} INFO - [2025-10-30T20:31:35.037+0000] {dag.py:3954} INFO - Setting next_dagrun for example_task_group_decorator to 2025-10-29 00:00:00+00:00, run_after=2025-10-30 00:00:00+00:00
[2025-10-30T20:31:35.068+0000] {processor.py:183} INFO - Processing /home/airflow/.local/lib/python3.12/site-packages/airflow/example_dags/example_task_group_decorator.py took 0.168 seconds
[2025-10-30T20:32:05.302+0000] {processor.py:161} INFO - Started process (PID=358) to work on /home/airflow/.local/lib/python3.12/site-packages/airflow/example_dags/example_task_group_decorator.py
[2025-10-30T20:32:05.304+0000] {processor.py:830} INFO - Processing file /home/airflow/.local/lib/python3.12/site-packages/airflow/example_dags/example_task_group_decorator.py for tasks to queue
[2025-10-30T20:32:05.312+0000] {logging_mixin.py:188} INFO - [2025-10-30T20:32:05.311+0000] {dagbag.py:545} INFO - Filling up the DagBag from /home/airflow/.local/lib/python3.12/site-packages/airflow/example_dags/example_task_group_decorator.py
[2025-10-30T20:32:05.348+0000] {processor.py:840} INFO - DAG(s) 'example_task_group_decorator' retrieved from /home/airflow/.local/lib/python3.12/site-packages/airflow/example_dags/example_task_group_decorator.py
[2025-10-30T20:32:05.409+0000] {logging_mixin.py:188} INFO - [2025-10-30T20:32:05.408+0000] {dag.py:3096} INFO - Sync 1 DAGs
[2025-10-30T20:32:05.450+0000] {logging_mixin.py:188} INFO - [2025-10-30T20:32:05.449+0000] {dag.py:3954} INFO - Setting next_dagrun for example_task_group_decorator to 2025-10-29 00:00:00+00:00, run_after=2025-10-30 00:00:00+00:00
[2025-10-30T20:32:05.481+0000] {processor.py:183} INFO - Processing /home/airflow/.local/lib/python3.12/site-packages/airflow/example_dags/example_task_group_decorator.py took 0.205 seconds
[2025-10-30T20:32:35.616+0000] {processor.py:161} INFO - Started process (PID=416) to work on /home/airflow/.local/lib/python3.12/site-packages/airflow/example_dags/example_task_group_decorator.py
[2025-10-30T20:32:35.617+0000] {processor.py:830} INFO - Processing file /home/airflow/.local/lib/python3.12/site-packages/airflow/example_dags/example_task_group_decorator.py for tasks to queue
[2025-10-30T20:32:35.621+0000] {logging_mixin.py:188} INFO - [2025-10-30T20:32:35.621+0000] {dagbag.py:545} INFO - Filling up the DagBag from /home/airflow/.local/lib/python3.12/site-packages/airflow/example_dags/example_task_group_decorator.py
[2025-10-30T20:32:35.642+0000] {processor.py:840} INFO - DAG(s) 'example_task_group_decorator' retrieved from /home/airflow/.local/lib/python3.12/site-packages/airflow/example_dags/example_task_group_decorator.py
[2025-10-30T20:32:35.683+0000] {logging_mixin.py:188} INFO - [2025-10-30T20:32:35.683+0000] {dag.py:3096} INFO - Sync 1 DAGs
[2025-10-30T20:32:35.711+0000] {logging_mixin.py:188} INFO - [2025-10-30T20:32:35.710+0000] {dag.py:3954} INFO - Setting next_dagrun for example_task_group_decorator to 2025-10-29 00:00:00+00:00, run_after=2025-10-30 00:00:00+00:00
[2025-10-30T20:32:35.733+0000] {processor.py:183} INFO - Processing /home/airflow/.local/lib/python3.12/site-packages/airflow/example_dags/example_task_group_decorator.py took 0.126 seconds
[2025-10-30T20:33:06.639+0000] {processor.py:161} INFO - Started process (PID=474) to work on /home/airflow/.local/lib/python3.12/site-packages/airflow/example_dags/example_task_group_decorator.py
[2025-10-30T20:33:06.642+0000] {processor.py:830} INFO - Processing file /home/airflow/.local/lib/python3.12/site-packages/airflow/example_dags/example_task_group_decorator.py for tasks to queue
[2025-10-30T20:33:06.646+0000] {logging_mixin.py:188} INFO - [2025-10-30T20:33:06.645+0000] {dagbag.py:545} INFO - Filling up the DagBag from /home/airflow/.local/lib/python3.12/site-packages/airflow/example_dags/example_task_group_decorator.py
[2025-10-30T20:33:06.666+0000] {processor.py:840} INFO - DAG(s) 'example_task_group_decorator' retrieved from /home/airflow/.local/lib/python3.12/site-packages/airflow/example_dags/example_task_group_decorator.py
[2025-10-30T20:33:06.698+0000] {logging_mixin.py:188} INFO - [2025-10-30T20:33:06.698+0000] {dag.py:3096} INFO - Sync 1 DAGs
[2025-10-30T20:33:06.724+0000] {logging_mixin.py:188} INFO - [2025-10-30T20:33:06.723+0000] {dag.py:3954} INFO - Setting next_dagrun for example_task_group_decorator to 2025-10-29 00:00:00+00:00, run_after=2025-10-30 00:00:00+00:00
[2025-10-30T20:33:06.749+0000] {processor.py:183} INFO - Processing /home/airflow/.local/lib/python3.12/site-packages/airflow/example_dags/example_task_group_decorator.py took 0.119 seconds
[2025-10-30T20:33:36.794+0000] {processor.py:161} INFO - Started process (PID=532) to work on /home/airflow/.local/lib/python3.12/site-packages/airflow/example_dags/example_task_group_decorator.py
[2025-10-30T20:33:36.796+0000] {processor.py:830} INFO - Processing file /home/airflow/.local/lib/python3.12/site-packages/airflow/example_dags/example_task_group_decorator.py for tasks to queue
[2025-10-30T20:33:36.800+0000] {logging_mixin.py:188} INFO - [2025-10-30T20:33:36.800+0000] {dagbag.py:545} INFO - Filling up the DagBag from /home/airflow/.local/lib/python3.12/site-packages/airflow/example_dags/example_task_group_decorator.py
[2025-10-30T20:33:36.819+0000] {processor.py:840} INFO - DAG(s) 'example_task_group_decorator' retrieved from /home/airflow/.local/lib/python3.12/site-packages/airflow/example_dags/example_task_group_decorator.py
[2025-10-30T20:33:36.853+0000] {logging_mixin.py:188} INFO - [2025-10-30T20:33:36.853+0000] {dag.py:3096} INFO - Sync 1 DAGs
[2025-10-30T20:33:36.880+0000] {logging_mixin.py:188} INFO - [2025-10-30T20:33:36.880+0000] {dag.py:3954} INFO - Setting next_dagrun for example_task_group_decorator to 2025-10-29 00:00:00+00:00, run_after=2025-10-30 00:00:00+00:00
[2025-10-30T20:33:36.905+0000] {processor.py:183} INFO - Processing /home/airflow/.local/lib/python3.12/site-packages/airflow/example_dags/example_task_group_decorator.py took 0.121 seconds
[2025-10-30T20:34:07.191+0000] {processor.py:161} INFO - Started process (PID=590) to work on /home/airflow/.local/lib/python3.12/site-packages/airflow/example_dags/example_task_group_decorator.py
[2025-10-30T20:34:07.192+0000] {processor.py:830} INFO - Processing file /home/airflow/.local/lib/python3.12/site-packages/airflow/example_dags/example_task_group_decorator.py for tasks to queue
[2025-10-30T20:34:07.194+0000] {logging_mixin.py:188} INFO - [2025-10-30T20:34:07.194+0000] {dagbag.py:545} INFO - Filling up the DagBag from /home/airflow/.local/lib/python3.12/site-packages/airflow/example_dags/example_task_group_decorator.py
[2025-10-30T20:34:07.214+0000] {processor.py:840} INFO - DAG(s) 'example_task_group_decorator' retrieved from /home/airflow/.local/lib/python3.12/site-packages/airflow/example_dags/example_task_group_decorator.py
[2025-10-30T20:34:07.246+0000] {logging_mixin.py:188} INFO - [2025-10-30T20:34:07.246+0000] {dag.py:3096} INFO - Sync 1 DAGs
[2025-10-30T20:34:07.273+0000] {logging_mixin.py:188} INFO - [2025-10-30T20:34:07.273+0000] {dag.py:3954} INFO - Setting next_dagrun for example_task_group_decorator to 2025-10-29 00:00:00+00:00, run_after=2025-10-30 00:00:00+00:00
[2025-10-30T20:34:07.297+0000] {processor.py:183} INFO - Processing /home/airflow/.local/lib/python3.12/site-packages/airflow/example_dags/example_task_group_decorator.py took 0.113 seconds
[2025-10-30T20:34:37.676+0000] {processor.py:161} INFO - Started process (PID=648) to work on /home/airflow/.local/lib/python3.12/site-packages/airflow/example_dags/example_task_group_decorator.py
[2025-10-30T20:34:37.677+0000] {processor.py:830} INFO - Processing file /home/airflow/.local/lib/python3.12/site-packages/airflow/example_dags/example_task_group_decorator.py for tasks to queue
[2025-10-30T20:34:37.680+0000] {logging_mixin.py:188} INFO - [2025-10-30T20:34:37.679+0000] {dagbag.py:545} INFO - Filling up the DagBag from /home/airflow/.local/lib/python3.12/site-packages/airflow/example_dags/example_task_group_decorator.py
[2025-10-30T20:34:37.700+0000] {processor.py:840} INFO - DAG(s) 'example_task_group_decorator' retrieved from /home/airflow/.local/lib/python3.12/site-packages/airflow/example_dags/example_task_group_decorator.py
[2025-10-30T20:34:37.735+0000] {logging_mixin.py:188} INFO - [2025-10-30T20:34:37.734+0000] {dag.py:3096} INFO - Sync 1 DAGs
[2025-10-30T20:34:37.765+0000] {logging_mixin.py:188} INFO - [2025-10-30T20:34:37.765+0000] {dag.py:3954} INFO - Setting next_dagrun for example_task_group_decorator to 2025-10-29 00:00:00+00:00, run_after=2025-10-30 00:00:00+00:00
[2025-10-30T20:34:37.790+0000] {processor.py:183} INFO - Processing /home/airflow/.local/lib/python3.12/site-packages/airflow/example_dags/example_task_group_decorator.py took 0.122 seconds
[2025-10-30T20:35:08.162+0000] {processor.py:161} INFO - Started process (PID=706) to work on /home/airflow/.local/lib/python3.12/site-packages/airflow/example_dags/example_task_group_decorator.py
[2025-10-30T20:35:08.164+0000] {processor.py:830} INFO - Processing file /home/airflow/.local/lib/python3.12/site-packages/airflow/example_dags/example_task_group_decorator.py for tasks to queue
[2025-10-30T20:35:08.166+0000] {logging_mixin.py:188} INFO - [2025-10-30T20:35:08.166+0000] {dagbag.py:545} INFO - Filling up the DagBag from /home/airflow/.local/lib/python3.12/site-packages/airflow/example_dags/example_task_group_decorator.py
[2025-10-30T20:35:08.188+0000] {processor.py:840} INFO - DAG(s) 'example_task_group_decorator' retrieved from /home/airflow/.local/lib/python3.12/site-packages/airflow/example_dags/example_task_group_decorator.py
[2025-10-30T20:35:08.220+0000] {logging_mixin.py:188} INFO - [2025-10-30T20:35:08.220+0000] {dag.py:3096} INFO - Sync 1 DAGs
[2025-10-30T20:35:08.249+0000] {logging_mixin.py:188} INFO - [2025-10-30T20:35:08.249+0000] {dag.py:3954} INFO - Setting next_dagrun for example_task_group_decorator to 2025-10-29 00:00:00+00:00, run_after=2025-10-30 00:00:00+00:00
[2025-10-30T20:35:08.273+0000] {processor.py:183} INFO - Processing /home/airflow/.local/lib/python3.12/site-packages/airflow/example_dags/example_task_group_decorator.py took 0.121 seconds
[2025-10-30T20:35:38.662+0000] {processor.py:161} INFO - Started process (PID=764) to work on /home/airflow/.local/lib/python3.12/site-packages/airflow/example_dags/example_task_group_decorator.py
[2025-10-30T20:35:38.663+0000] {processor.py:830} INFO - Processing file /home/airflow/.local/lib/python3.12/site-packages/airflow/example_dags/example_task_group_decorator.py for tasks to queue
[2025-10-30T20:35:38.666+0000] {logging_mixin.py:188} INFO - [2025-10-30T20:35:38.666+0000] {dagbag.py:545} INFO - Filling up the DagBag from /home/airflow/.local/lib/python3.12/site-packages/airflow/example_dags/example_task_group_decorator.py
[2025-10-30T20:35:38.685+0000] {processor.py:840} INFO - DAG(s) 'example_task_group_decorator' retrieved from /home/airflow/.local/lib/python3.12/site-packages/airflow/example_dags/example_task_group_decorator.py
[2025-10-30T20:35:38.716+0000] {logging_mixin.py:188} INFO - [2025-10-30T20:35:38.716+0000] {dag.py:3096} INFO - Sync 1 DAGs
[2025-10-30T20:35:38.745+0000] {logging_mixin.py:188} INFO - [2025-10-30T20:35:38.744+0000] {dag.py:3954} INFO - Setting next_dagrun for example_task_group_decorator to 2025-10-29 00:00:00+00:00, run_after=2025-10-30 00:00:00+00:00
[2025-10-30T20:35:38.767+0000] {processor.py:183} INFO - Processing /home/airflow/.local/lib/python3.12/site-packages/airflow/example_dags/example_task_group_decorator.py took 0.114 seconds
[2025-10-30T20:36:09.265+0000] {processor.py:161} INFO - Started process (PID=822) to work on /home/airflow/.local/lib/python3.12/site-packages/airflow/example_dags/example_task_group_decorator.py
[2025-10-30T20:36:09.268+0000] {processor.py:830} INFO - Processing file /home/airflow/.local/lib/python3.12/site-packages/airflow/example_dags/example_task_group_decorator.py for tasks to queue
[2025-10-30T20:36:09.275+0000] {logging_mixin.py:188} INFO - [2025-10-30T20:36:09.274+0000] {dagbag.py:545} INFO - Filling up the DagBag from /home/airflow/.local/lib/python3.12/site-packages/airflow/example_dags/example_task_group_decorator.py
[2025-10-30T20:36:09.302+0000] {processor.py:840} INFO - DAG(s) 'example_task_group_decorator' retrieved from /home/airflow/.local/lib/python3.12/site-packages/airflow/example_dags/example_task_group_decorator.py
[2025-10-30T20:36:09.349+0000] {logging_mixin.py:188} INFO - [2025-10-30T20:36:09.349+0000] {dag.py:3096} INFO - Sync 1 DAGs
[2025-10-30T20:36:09.382+0000] {logging_mixin.py:188} INFO - [2025-10-30T20:36:09.382+0000] {dag.py:3954} INFO - Setting next_dagrun for example_task_group_decorator to 2025-10-29 00:00:00+00:00, run_after=2025-10-30 00:00:00+00:00
[2025-10-30T20:36:09.412+0000] {processor.py:183} INFO - Processing /home/airflow/.local/lib/python3.12/site-packages/airflow/example_dags/example_task_group_decorator.py took 0.164 seconds
[2025-10-30T20:36:39.818+0000] {processor.py:161} INFO - Started process (PID=880) to work on /home/airflow/.local/lib/python3.12/site-packages/airflow/example_dags/example_task_group_decorator.py
[2025-10-30T20:36:39.819+0000] {processor.py:830} INFO - Processing file /home/airflow/.local/lib/python3.12/site-packages/airflow/example_dags/example_task_group_decorator.py for tasks to queue
[2025-10-30T20:36:39.822+0000] {logging_mixin.py:188} INFO - [2025-10-30T20:36:39.822+0000] {dagbag.py:545} INFO - Filling up the DagBag from /home/airflow/.local/lib/python3.12/site-packages/airflow/example_dags/example_task_group_decorator.py
[2025-10-30T20:36:39.843+0000] {processor.py:840} INFO - DAG(s) 'example_task_group_decorator' retrieved from /home/airflow/.local/lib/python3.12/site-packages/airflow/example_dags/example_task_group_decorator.py
[2025-10-30T20:36:39.876+0000] {logging_mixin.py:188} INFO - [2025-10-30T20:36:39.876+0000] {dag.py:3096} INFO - Sync 1 DAGs
[2025-10-30T20:36:39.904+0000] {logging_mixin.py:188} INFO - [2025-10-30T20:36:39.904+0000] {dag.py:3954} INFO - Setting next_dagrun for example_task_group_decorator to 2025-10-29 00:00:00+00:00, run_after=2025-10-30 00:00:00+00:00
[2025-10-30T20:36:39.928+0000] {processor.py:183} INFO - Processing /home/airflow/.local/lib/python3.12/site-packages/airflow/example_dags/example_task_group_decorator.py took 0.119 seconds
[2025-10-30T20:37:10.098+0000] {processor.py:161} INFO - Started process (PID=938) to work on /home/airflow/.local/lib/python3.12/site-packages/airflow/example_dags/example_task_group_decorator.py
[2025-10-30T20:37:10.099+0000] {processor.py:830} INFO - Processing file /home/airflow/.local/lib/python3.12/site-packages/airflow/example_dags/example_task_group_decorator.py for tasks to queue
[2025-10-30T20:37:10.102+0000] {logging_mixin.py:188} INFO - [2025-10-30T20:37:10.101+0000] {dagbag.py:545} INFO - Filling up the DagBag from /home/airflow/.local/lib/python3.12/site-packages/airflow/example_dags/example_task_group_decorator.py
[2025-10-30T20:37:10.118+0000] {processor.py:840} INFO - DAG(s) 'example_task_group_decorator' retrieved from /home/airflow/.local/lib/python3.12/site-packages/airflow/example_dags/example_task_group_decorator.py
[2025-10-30T20:37:10.152+0000] {logging_mixin.py:188} INFO - [2025-10-30T20:37:10.151+0000] {dag.py:3096} INFO - Sync 1 DAGs
[2025-10-30T20:37:10.178+0000] {logging_mixin.py:188} INFO - [2025-10-30T20:37:10.178+0000] {dag.py:3954} INFO - Setting next_dagrun for example_task_group_decorator to 2025-10-29 00:00:00+00:00, run_after=2025-10-30 00:00:00+00:00
[2025-10-30T20:37:10.200+0000] {processor.py:183} INFO - Processing /home/airflow/.local/lib/python3.12/site-packages/airflow/example_dags/example_task_group_decorator.py took 0.111 seconds
[2025-10-30T20:37:40.653+0000] {processor.py:161} INFO - Started process (PID=996) to work on /home/airflow/.local/lib/python3.12/site-packages/airflow/example_dags/example_task_group_decorator.py
[2025-10-30T20:37:40.655+0000] {processor.py:830} INFO - Processing file /home/airflow/.local/lib/python3.12/site-packages/airflow/example_dags/example_task_group_decorator.py for tasks to queue
[2025-10-30T20:37:40.658+0000] {logging_mixin.py:188} INFO - [2025-10-30T20:37:40.657+0000] {dagbag.py:545} INFO - Filling up the DagBag from /home/airflow/.local/lib/python3.12/site-packages/airflow/example_dags/example_task_group_decorator.py
[2025-10-30T20:37:40.676+0000] {processor.py:840} INFO - DAG(s) 'example_task_group_decorator' retrieved from /home/airflow/.local/lib/python3.12/site-packages/airflow/example_dags/example_task_group_decorator.py
[2025-10-30T20:37:40.711+0000] {logging_mixin.py:188} INFO - [2025-10-30T20:37:40.710+0000] {dag.py:3096} INFO - Sync 1 DAGs
[2025-10-30T20:37:40.739+0000] {logging_mixin.py:188} INFO - [2025-10-30T20:37:40.739+0000] {dag.py:3954} INFO - Setting next_dagrun for example_task_group_decorator to 2025-10-29 00:00:00+00:00, run_after=2025-10-30 00:00:00+00:00
[2025-10-30T20:37:40.764+0000] {processor.py:183} INFO - Processing /home/airflow/.local/lib/python3.12/site-packages/airflow/example_dags/example_task_group_decorator.py took 0.123 seconds
[2025-10-30T20:38:11.056+0000] {processor.py:161} INFO - Started process (PID=1054) to work on /home/airflow/.local/lib/python3.12/site-packages/airflow/example_dags/example_task_group_decorator.py
[2025-10-30T20:38:11.059+0000] {processor.py:830} INFO - Processing file /home/airflow/.local/lib/python3.12/site-packages/airflow/example_dags/example_task_group_decorator.py for tasks to queue
[2025-10-30T20:38:11.062+0000] {logging_mixin.py:188} INFO - [2025-10-30T20:38:11.061+0000] {dagbag.py:545} INFO - Filling up the DagBag from /home/airflow/.local/lib/python3.12/site-packages/airflow/example_dags/example_task_group_decorator.py
[2025-10-30T20:38:11.081+0000] {processor.py:840} INFO - DAG(s) 'example_task_group_decorator' retrieved from /home/airflow/.local/lib/python3.12/site-packages/airflow/example_dags/example_task_group_decorator.py
[2025-10-30T20:38:11.117+0000] {logging_mixin.py:188} INFO - [2025-10-30T20:38:11.116+0000] {dag.py:3096} INFO - Sync 1 DAGs
[2025-10-30T20:38:11.147+0000] {logging_mixin.py:188} INFO - [2025-10-30T20:38:11.147+0000] {dag.py:3954} INFO - Setting next_dagrun for example_task_group_decorator to 2025-10-29 00:00:00+00:00, run_after=2025-10-30 00:00:00+00:00
[2025-10-30T20:38:11.176+0000] {processor.py:183} INFO - Processing /home/airflow/.local/lib/python3.12/site-packages/airflow/example_dags/example_task_group_decorator.py took 0.129 seconds
[2025-10-30T20:38:41.269+0000] {processor.py:161} INFO - Started process (PID=1112) to work on /home/airflow/.local/lib/python3.12/site-packages/airflow/example_dags/example_task_group_decorator.py
[2025-10-30T20:38:41.270+0000] {processor.py:830} INFO - Processing file /home/airflow/.local/lib/python3.12/site-packages/airflow/example_dags/example_task_group_decorator.py for tasks to queue
[2025-10-30T20:38:41.273+0000] {logging_mixin.py:188} INFO - [2025-10-30T20:38:41.273+0000] {dagbag.py:545} INFO - Filling up the DagBag from /home/airflow/.local/lib/python3.12/site-packages/airflow/example_dags/example_task_group_decorator.py
[2025-10-30T20:38:41.292+0000] {processor.py:840} INFO - DAG(s) 'example_task_group_decorator' retrieved from /home/airflow/.local/lib/python3.12/site-packages/airflow/example_dags/example_task_group_decorator.py
[2025-10-30T20:38:41.324+0000] {logging_mixin.py:188} INFO - [2025-10-30T20:38:41.324+0000] {dag.py:3096} INFO - Sync 1 DAGs
[2025-10-30T20:38:41.352+0000] {logging_mixin.py:188} INFO - [2025-10-30T20:38:41.351+0000] {dag.py:3954} INFO - Setting next_dagrun for example_task_group_decorator to 2025-10-29 00:00:00+00:00, run_after=2025-10-30 00:00:00+00:00
[2025-10-30T20:38:41.375+0000] {processor.py:183} INFO - Processing /home/airflow/.local/lib/python3.12/site-packages/airflow/example_dags/example_task_group_decorator.py took 0.116 seconds
[2025-10-30T20:39:11.509+0000] {processor.py:161} INFO - Started process (PID=1171) to work on /home/airflow/.local/lib/python3.12/site-packages/airflow/example_dags/example_task_group_decorator.py
[2025-10-30T20:39:11.511+0000] {processor.py:830} INFO - Processing file /home/airflow/.local/lib/python3.12/site-packages/airflow/example_dags/example_task_group_decorator.py for tasks to queue
[2025-10-30T20:39:11.514+0000] {logging_mixin.py:188} INFO - [2025-10-30T20:39:11.514+0000] {dagbag.py:545} INFO - Filling up the DagBag from /home/airflow/.local/lib/python3.12/site-packages/airflow/example_dags/example_task_group_decorator.py
[2025-10-30T20:39:11.534+0000] {processor.py:840} INFO - DAG(s) 'example_task_group_decorator' retrieved from /home/airflow/.local/lib/python3.12/site-packages/airflow/example_dags/example_task_group_decorator.py
[2025-10-30T20:39:11.566+0000] {logging_mixin.py:188} INFO - [2025-10-30T20:39:11.566+0000] {dag.py:3096} INFO - Sync 1 DAGs
[2025-10-30T20:39:11.593+0000] {logging_mixin.py:188} INFO - [2025-10-30T20:39:11.592+0000] {dag.py:3954} INFO - Setting next_dagrun for example_task_group_decorator to 2025-10-29 00:00:00+00:00, run_after=2025-10-30 00:00:00+00:00
[2025-10-30T20:39:11.616+0000] {processor.py:183} INFO - Processing /home/airflow/.local/lib/python3.12/site-packages/airflow/example_dags/example_task_group_decorator.py took 0.114 seconds
[2025-10-30T20:39:42.288+0000] {processor.py:161} INFO - Started process (PID=1227) to work on /home/airflow/.local/lib/python3.12/site-packages/airflow/example_dags/example_task_group_decorator.py
[2025-10-30T20:39:42.291+0000] {processor.py:830} INFO - Processing file /home/airflow/.local/lib/python3.12/site-packages/airflow/example_dags/example_task_group_decorator.py for tasks to queue
[2025-10-30T20:39:42.295+0000] {logging_mixin.py:188} INFO - [2025-10-30T20:39:42.294+0000] {dagbag.py:545} INFO - Filling up the DagBag from /home/airflow/.local/lib/python3.12/site-packages/airflow/example_dags/example_task_group_decorator.py
[2025-10-30T20:39:42.327+0000] {processor.py:840} INFO - DAG(s) 'example_task_group_decorator' retrieved from /home/airflow/.local/lib/python3.12/site-packages/airflow/example_dags/example_task_group_decorator.py
[2025-10-30T20:39:42.456+0000] {logging_mixin.py:188} INFO - [2025-10-30T20:39:42.456+0000] {dag.py:3096} INFO - Sync 1 DAGs
[2025-10-30T20:39:42.544+0000] {logging_mixin.py:188} INFO - [2025-10-30T20:39:42.543+0000] {dag.py:3954} INFO - Setting next_dagrun for example_task_group_decorator to 2025-10-29 00:00:00+00:00, run_after=2025-10-30 00:00:00+00:00
[2025-10-30T20:39:42.594+0000] {processor.py:183} INFO - Processing /home/airflow/.local/lib/python3.12/site-packages/airflow/example_dags/example_task_group_decorator.py took 0.323 seconds
[2025-10-30T20:40:13.311+0000] {processor.py:161} INFO - Started process (PID=1285) to work on /home/airflow/.local/lib/python3.12/site-packages/airflow/example_dags/example_task_group_decorator.py
[2025-10-30T20:40:13.313+0000] {processor.py:830} INFO - Processing file /home/airflow/.local/lib/python3.12/site-packages/airflow/example_dags/example_task_group_decorator.py for tasks to queue
[2025-10-30T20:40:13.316+0000] {logging_mixin.py:188} INFO - [2025-10-30T20:40:13.315+0000] {dagbag.py:545} INFO - Filling up the DagBag from /home/airflow/.local/lib/python3.12/site-packages/airflow/example_dags/example_task_group_decorator.py
[2025-10-30T20:40:13.339+0000] {processor.py:840} INFO - DAG(s) 'example_task_group_decorator' retrieved from /home/airflow/.local/lib/python3.12/site-packages/airflow/example_dags/example_task_group_decorator.py
[2025-10-30T20:40:13.379+0000] {logging_mixin.py:188} INFO - [2025-10-30T20:40:13.379+0000] {dag.py:3096} INFO - Sync 1 DAGs
[2025-10-30T20:40:13.413+0000] {logging_mixin.py:188} INFO - [2025-10-30T20:40:13.412+0000] {dag.py:3954} INFO - Setting next_dagrun for example_task_group_decorator to 2025-10-29 00:00:00+00:00, run_after=2025-10-30 00:00:00+00:00
[2025-10-30T20:40:13.440+0000] {processor.py:183} INFO - Processing /home/airflow/.local/lib/python3.12/site-packages/airflow/example_dags/example_task_group_decorator.py took 0.140 seconds
[2025-10-30T20:40:43.531+0000] {processor.py:161} INFO - Started process (PID=1343) to work on /home/airflow/.local/lib/python3.12/site-packages/airflow/example_dags/example_task_group_decorator.py
[2025-10-30T20:40:43.533+0000] {processor.py:830} INFO - Processing file /home/airflow/.local/lib/python3.12/site-packages/airflow/example_dags/example_task_group_decorator.py for tasks to queue
[2025-10-30T20:40:43.535+0000] {logging_mixin.py:188} INFO - [2025-10-30T20:40:43.535+0000] {dagbag.py:545} INFO - Filling up the DagBag from /home/airflow/.local/lib/python3.12/site-packages/airflow/example_dags/example_task_group_decorator.py
[2025-10-30T20:40:43.554+0000] {processor.py:840} INFO - DAG(s) 'example_task_group_decorator' retrieved from /home/airflow/.local/lib/python3.12/site-packages/airflow/example_dags/example_task_group_decorator.py
[2025-10-30T20:40:43.587+0000] {logging_mixin.py:188} INFO - [2025-10-30T20:40:43.587+0000] {dag.py:3096} INFO - Sync 1 DAGs
[2025-10-30T20:40:43.616+0000] {logging_mixin.py:188} INFO - [2025-10-30T20:40:43.615+0000] {dag.py:3954} INFO - Setting next_dagrun for example_task_group_decorator to 2025-10-29 00:00:00+00:00, run_after=2025-10-30 00:00:00+00:00
[2025-10-30T20:40:43.639+0000] {processor.py:183} INFO - Processing /home/airflow/.local/lib/python3.12/site-packages/airflow/example_dags/example_task_group_decorator.py took 0.116 seconds
[2025-10-30T20:41:14.018+0000] {processor.py:161} INFO - Started process (PID=1401) to work on /home/airflow/.local/lib/python3.12/site-packages/airflow/example_dags/example_task_group_decorator.py
[2025-10-30T20:41:14.021+0000] {processor.py:830} INFO - Processing file /home/airflow/.local/lib/python3.12/site-packages/airflow/example_dags/example_task_group_decorator.py for tasks to queue
[2025-10-30T20:41:14.024+0000] {logging_mixin.py:188} INFO - [2025-10-30T20:41:14.024+0000] {dagbag.py:545} INFO - Filling up the DagBag from /home/airflow/.local/lib/python3.12/site-packages/airflow/example_dags/example_task_group_decorator.py
[2025-10-30T20:41:14.044+0000] {processor.py:840} INFO - DAG(s) 'example_task_group_decorator' retrieved from /home/airflow/.local/lib/python3.12/site-packages/airflow/example_dags/example_task_group_decorator.py
[2025-10-30T20:41:14.076+0000] {logging_mixin.py:188} INFO - [2025-10-30T20:41:14.076+0000] {dag.py:3096} INFO - Sync 1 DAGs
[2025-10-30T20:41:14.104+0000] {logging_mixin.py:188} INFO - [2025-10-30T20:41:14.103+0000] {dag.py:3954} INFO - Setting next_dagrun for example_task_group_decorator to 2025-10-29 00:00:00+00:00, run_after=2025-10-30 00:00:00+00:00
[2025-10-30T20:41:14.127+0000] {processor.py:183} INFO - Processing /home/airflow/.local/lib/python3.12/site-packages/airflow/example_dags/example_task_group_decorator.py took 0.118 seconds
[2025-10-30T20:41:44.226+0000] {processor.py:161} INFO - Started process (PID=1458) to work on /home/airflow/.local/lib/python3.12/site-packages/airflow/example_dags/example_task_group_decorator.py
[2025-10-30T20:41:44.229+0000] {processor.py:830} INFO - Processing file /home/airflow/.local/lib/python3.12/site-packages/airflow/example_dags/example_task_group_decorator.py for tasks to queue
[2025-10-30T20:41:44.232+0000] {logging_mixin.py:188} INFO - [2025-10-30T20:41:44.231+0000] {dagbag.py:545} INFO - Filling up the DagBag from /home/airflow/.local/lib/python3.12/site-packages/airflow/example_dags/example_task_group_decorator.py
[2025-10-30T20:41:44.253+0000] {processor.py:840} INFO - DAG(s) 'example_task_group_decorator' retrieved from /home/airflow/.local/lib/python3.12/site-packages/airflow/example_dags/example_task_group_decorator.py
[2025-10-30T20:41:44.291+0000] {logging_mixin.py:188} INFO - [2025-10-30T20:41:44.290+0000] {dag.py:3096} INFO - Sync 1 DAGs
[2025-10-30T20:41:44.317+0000] {logging_mixin.py:188} INFO - [2025-10-30T20:41:44.316+0000] {dag.py:3954} INFO - Setting next_dagrun for example_task_group_decorator to 2025-10-29 00:00:00+00:00, run_after=2025-10-30 00:00:00+00:00
[2025-10-30T20:41:44.341+0000] {processor.py:183} INFO - Processing /home/airflow/.local/lib/python3.12/site-packages/airflow/example_dags/example_task_group_decorator.py took 0.123 seconds
[2025-10-30T20:42:15.087+0000] {processor.py:161} INFO - Started process (PID=1516) to work on /home/airflow/.local/lib/python3.12/site-packages/airflow/example_dags/example_task_group_decorator.py
[2025-10-30T20:42:15.088+0000] {processor.py:830} INFO - Processing file /home/airflow/.local/lib/python3.12/site-packages/airflow/example_dags/example_task_group_decorator.py for tasks to queue
[2025-10-30T20:42:15.091+0000] {logging_mixin.py:188} INFO - [2025-10-30T20:42:15.090+0000] {dagbag.py:545} INFO - Filling up the DagBag from /home/airflow/.local/lib/python3.12/site-packages/airflow/example_dags/example_task_group_decorator.py
[2025-10-30T20:42:15.116+0000] {processor.py:840} INFO - DAG(s) 'example_task_group_decorator' retrieved from /home/airflow/.local/lib/python3.12/site-packages/airflow/example_dags/example_task_group_decorator.py
[2025-10-30T20:42:15.156+0000] {logging_mixin.py:188} INFO - [2025-10-30T20:42:15.156+0000] {dag.py:3096} INFO - Sync 1 DAGs
[2025-10-30T20:42:15.353+0000] {logging_mixin.py:188} INFO - [2025-10-30T20:42:15.353+0000] {dag.py:3954} INFO - Setting next_dagrun for example_task_group_decorator to 2025-10-29 00:00:00+00:00, run_after=2025-10-30 00:00:00+00:00
[2025-10-30T20:42:15.381+0000] {processor.py:183} INFO - Processing /home/airflow/.local/lib/python3.12/site-packages/airflow/example_dags/example_task_group_decorator.py took 0.307 seconds
[2025-10-30T21:06:11.165+0000] {processor.py:161} INFO - Started process (PID=68) to work on /home/airflow/.local/lib/python3.12/site-packages/airflow/example_dags/example_task_group_decorator.py
[2025-10-30T21:06:11.214+0000] {processor.py:830} INFO - Processing file /home/airflow/.local/lib/python3.12/site-packages/airflow/example_dags/example_task_group_decorator.py for tasks to queue
[2025-10-30T21:06:11.224+0000] {logging_mixin.py:188} INFO - [2025-10-30T21:06:11.222+0000] {dagbag.py:545} INFO - Filling up the DagBag from /home/airflow/.local/lib/python3.12/site-packages/airflow/example_dags/example_task_group_decorator.py
[2025-10-30T21:06:11.423+0000] {processor.py:840} INFO - DAG(s) 'example_task_group_decorator' retrieved from /home/airflow/.local/lib/python3.12/site-packages/airflow/example_dags/example_task_group_decorator.py
[2025-10-30T21:06:11.935+0000] {logging_mixin.py:188} INFO - [2025-10-30T21:06:11.934+0000] {dag.py:3096} INFO - Sync 1 DAGs
[2025-10-30T21:06:11.984+0000] {logging_mixin.py:188} INFO - [2025-10-30T21:06:11.984+0000] {dag.py:3954} INFO - Setting next_dagrun for example_task_group_decorator to 2025-10-29 00:00:00+00:00, run_after=2025-10-30 00:00:00+00:00
[2025-10-30T21:06:12.026+0000] {processor.py:183} INFO - Processing /home/airflow/.local/lib/python3.12/site-packages/airflow/example_dags/example_task_group_decorator.py took 1.000 seconds
[2025-10-30T21:06:42.438+0000] {processor.py:161} INFO - Started process (PID=127) to work on /home/airflow/.local/lib/python3.12/site-packages/airflow/example_dags/example_task_group_decorator.py
[2025-10-30T21:06:42.460+0000] {processor.py:830} INFO - Processing file /home/airflow/.local/lib/python3.12/site-packages/airflow/example_dags/example_task_group_decorator.py for tasks to queue
[2025-10-30T21:06:42.463+0000] {logging_mixin.py:188} INFO - [2025-10-30T21:06:42.462+0000] {dagbag.py:545} INFO - Filling up the DagBag from /home/airflow/.local/lib/python3.12/site-packages/airflow/example_dags/example_task_group_decorator.py
[2025-10-30T21:06:42.491+0000] {processor.py:840} INFO - DAG(s) 'example_task_group_decorator' retrieved from /home/airflow/.local/lib/python3.12/site-packages/airflow/example_dags/example_task_group_decorator.py
[2025-10-30T21:06:42.577+0000] {logging_mixin.py:188} INFO - [2025-10-30T21:06:42.577+0000] {dag.py:3096} INFO - Sync 1 DAGs
[2025-10-30T21:06:42.629+0000] {logging_mixin.py:188} INFO - [2025-10-30T21:06:42.629+0000] {dag.py:3954} INFO - Setting next_dagrun for example_task_group_decorator to 2025-10-29 00:00:00+00:00, run_after=2025-10-30 00:00:00+00:00
[2025-10-30T21:06:42.675+0000] {processor.py:183} INFO - Processing /home/airflow/.local/lib/python3.12/site-packages/airflow/example_dags/example_task_group_decorator.py took 0.258 seconds
[2025-10-30T21:07:12.743+0000] {processor.py:161} INFO - Started process (PID=185) to work on /home/airflow/.local/lib/python3.12/site-packages/airflow/example_dags/example_task_group_decorator.py
[2025-10-30T21:07:12.746+0000] {processor.py:830} INFO - Processing file /home/airflow/.local/lib/python3.12/site-packages/airflow/example_dags/example_task_group_decorator.py for tasks to queue
[2025-10-30T21:07:12.752+0000] {logging_mixin.py:188} INFO - [2025-10-30T21:07:12.751+0000] {dagbag.py:545} INFO - Filling up the DagBag from /home/airflow/.local/lib/python3.12/site-packages/airflow/example_dags/example_task_group_decorator.py
[2025-10-30T21:07:12.824+0000] {processor.py:840} INFO - DAG(s) 'example_task_group_decorator' retrieved from /home/airflow/.local/lib/python3.12/site-packages/airflow/example_dags/example_task_group_decorator.py
[2025-10-30T21:07:12.892+0000] {logging_mixin.py:188} INFO - [2025-10-30T21:07:12.892+0000] {dag.py:3096} INFO - Sync 1 DAGs
[2025-10-30T21:07:12.987+0000] {logging_mixin.py:188} INFO - [2025-10-30T21:07:12.986+0000] {dag.py:3954} INFO - Setting next_dagrun for example_task_group_decorator to 2025-10-29 00:00:00+00:00, run_after=2025-10-30 00:00:00+00:00
[2025-10-30T21:07:13.027+0000] {processor.py:183} INFO - Processing /home/airflow/.local/lib/python3.12/site-packages/airflow/example_dags/example_task_group_decorator.py took 0.295 seconds
[2025-10-30T21:07:43.795+0000] {processor.py:161} INFO - Started process (PID=248) to work on /home/airflow/.local/lib/python3.12/site-packages/airflow/example_dags/example_task_group_decorator.py
[2025-10-30T21:07:43.797+0000] {processor.py:830} INFO - Processing file /home/airflow/.local/lib/python3.12/site-packages/airflow/example_dags/example_task_group_decorator.py for tasks to queue
[2025-10-30T21:07:43.800+0000] {logging_mixin.py:188} INFO - [2025-10-30T21:07:43.799+0000] {dagbag.py:545} INFO - Filling up the DagBag from /home/airflow/.local/lib/python3.12/site-packages/airflow/example_dags/example_task_group_decorator.py
[2025-10-30T21:07:43.829+0000] {processor.py:840} INFO - DAG(s) 'example_task_group_decorator' retrieved from /home/airflow/.local/lib/python3.12/site-packages/airflow/example_dags/example_task_group_decorator.py
[2025-10-30T21:07:43.878+0000] {logging_mixin.py:188} INFO - [2025-10-30T21:07:43.878+0000] {dag.py:3096} INFO - Sync 1 DAGs
[2025-10-30T21:07:43.921+0000] {logging_mixin.py:188} INFO - [2025-10-30T21:07:43.921+0000] {dag.py:3954} INFO - Setting next_dagrun for example_task_group_decorator to 2025-10-29 00:00:00+00:00, run_after=2025-10-30 00:00:00+00:00
[2025-10-30T21:07:43.960+0000] {processor.py:183} INFO - Processing /home/airflow/.local/lib/python3.12/site-packages/airflow/example_dags/example_task_group_decorator.py took 0.174 seconds
[2025-10-30T21:08:14.037+0000] {processor.py:161} INFO - Started process (PID=305) to work on /home/airflow/.local/lib/python3.12/site-packages/airflow/example_dags/example_task_group_decorator.py
[2025-10-30T21:08:14.041+0000] {processor.py:830} INFO - Processing file /home/airflow/.local/lib/python3.12/site-packages/airflow/example_dags/example_task_group_decorator.py for tasks to queue
[2025-10-30T21:08:14.056+0000] {logging_mixin.py:188} INFO - [2025-10-30T21:08:14.048+0000] {dagbag.py:545} INFO - Filling up the DagBag from /home/airflow/.local/lib/python3.12/site-packages/airflow/example_dags/example_task_group_decorator.py
[2025-10-30T21:08:14.094+0000] {processor.py:840} INFO - DAG(s) 'example_task_group_decorator' retrieved from /home/airflow/.local/lib/python3.12/site-packages/airflow/example_dags/example_task_group_decorator.py
[2025-10-30T21:08:14.133+0000] {logging_mixin.py:188} INFO - [2025-10-30T21:08:14.132+0000] {dag.py:3096} INFO - Sync 1 DAGs
[2025-10-30T21:08:14.183+0000] {logging_mixin.py:188} INFO - [2025-10-30T21:08:14.183+0000] {dag.py:3954} INFO - Setting next_dagrun for example_task_group_decorator to 2025-10-29 00:00:00+00:00, run_after=2025-10-30 00:00:00+00:00
[2025-10-30T21:08:14.228+0000] {processor.py:183} INFO - Processing /home/airflow/.local/lib/python3.12/site-packages/airflow/example_dags/example_task_group_decorator.py took 0.235 seconds
[2025-10-30T21:08:44.764+0000] {processor.py:161} INFO - Started process (PID=364) to work on /home/airflow/.local/lib/python3.12/site-packages/airflow/example_dags/example_task_group_decorator.py
[2025-10-30T21:08:44.768+0000] {processor.py:830} INFO - Processing file /home/airflow/.local/lib/python3.12/site-packages/airflow/example_dags/example_task_group_decorator.py for tasks to queue
[2025-10-30T21:08:44.775+0000] {logging_mixin.py:188} INFO - [2025-10-30T21:08:44.773+0000] {dagbag.py:545} INFO - Filling up the DagBag from /home/airflow/.local/lib/python3.12/site-packages/airflow/example_dags/example_task_group_decorator.py
[2025-10-30T21:08:44.963+0000] {processor.py:840} INFO - DAG(s) 'example_task_group_decorator' retrieved from /home/airflow/.local/lib/python3.12/site-packages/airflow/example_dags/example_task_group_decorator.py
[2025-10-30T21:08:45.093+0000] {logging_mixin.py:188} INFO - [2025-10-30T21:08:45.092+0000] {dag.py:3096} INFO - Sync 1 DAGs
[2025-10-30T21:08:45.203+0000] {logging_mixin.py:188} INFO - [2025-10-30T21:08:45.202+0000] {dag.py:3954} INFO - Setting next_dagrun for example_task_group_decorator to 2025-10-29 00:00:00+00:00, run_after=2025-10-30 00:00:00+00:00
[2025-10-30T21:08:45.276+0000] {processor.py:183} INFO - Processing /home/airflow/.local/lib/python3.12/site-packages/airflow/example_dags/example_task_group_decorator.py took 0.534 seconds
[2025-10-30T21:09:18.967+0000] {processor.py:161} INFO - Started process (PID=411) to work on /home/airflow/.local/lib/python3.12/site-packages/airflow/example_dags/example_task_group_decorator.py
[2025-10-30T21:09:18.973+0000] {processor.py:830} INFO - Processing file /home/airflow/.local/lib/python3.12/site-packages/airflow/example_dags/example_task_group_decorator.py for tasks to queue
[2025-10-30T21:09:18.987+0000] {logging_mixin.py:188} INFO - [2025-10-30T21:09:18.986+0000] {dagbag.py:545} INFO - Filling up the DagBag from /home/airflow/.local/lib/python3.12/site-packages/airflow/example_dags/example_task_group_decorator.py
[2025-10-30T21:09:19.113+0000] {processor.py:840} INFO - DAG(s) 'example_task_group_decorator' retrieved from /home/airflow/.local/lib/python3.12/site-packages/airflow/example_dags/example_task_group_decorator.py
[2025-10-30T21:09:19.267+0000] {logging_mixin.py:188} INFO - [2025-10-30T21:09:19.264+0000] {dag.py:3096} INFO - Sync 1 DAGs
[2025-10-30T21:09:19.398+0000] {logging_mixin.py:188} INFO - [2025-10-30T21:09:19.397+0000] {dag.py:3954} INFO - Setting next_dagrun for example_task_group_decorator to 2025-10-29 00:00:00+00:00, run_after=2025-10-30 00:00:00+00:00
[2025-10-30T21:09:19.508+0000] {processor.py:183} INFO - Processing /home/airflow/.local/lib/python3.12/site-packages/airflow/example_dags/example_task_group_decorator.py took 0.559 seconds
[2025-10-30T21:09:53.071+0000] {processor.py:161} INFO - Started process (PID=471) to work on /home/airflow/.local/lib/python3.12/site-packages/airflow/example_dags/example_task_group_decorator.py
[2025-10-30T21:09:53.074+0000] {processor.py:830} INFO - Processing file /home/airflow/.local/lib/python3.12/site-packages/airflow/example_dags/example_task_group_decorator.py for tasks to queue
[2025-10-30T21:09:53.081+0000] {logging_mixin.py:188} INFO - [2025-10-30T21:09:53.080+0000] {dagbag.py:545} INFO - Filling up the DagBag from /home/airflow/.local/lib/python3.12/site-packages/airflow/example_dags/example_task_group_decorator.py
[2025-10-30T21:09:53.170+0000] {processor.py:840} INFO - DAG(s) 'example_task_group_decorator' retrieved from /home/airflow/.local/lib/python3.12/site-packages/airflow/example_dags/example_task_group_decorator.py
[2025-10-30T21:09:53.310+0000] {logging_mixin.py:188} INFO - [2025-10-30T21:09:53.305+0000] {dag.py:3096} INFO - Sync 1 DAGs
[2025-10-30T21:09:53.438+0000] {logging_mixin.py:188} INFO - [2025-10-30T21:09:53.433+0000] {dag.py:3954} INFO - Setting next_dagrun for example_task_group_decorator to 2025-10-29 00:00:00+00:00, run_after=2025-10-30 00:00:00+00:00
