[2025-10-30T20:29:34.405+0000] {processor.py:161} INFO - Started process (PID=71) to work on /home/airflow/.local/lib/python3.12/site-packages/airflow/example_dags/example_branch_operator.py
[2025-10-30T20:29:34.407+0000] {processor.py:830} INFO - Processing file /home/airflow/.local/lib/python3.12/site-packages/airflow/example_dags/example_branch_operator.py for tasks to queue
[2025-10-30T20:29:34.415+0000] {logging_mixin.py:188} INFO - [2025-10-30T20:29:34.414+0000] {dagbag.py:545} INFO - Filling up the DagBag from /home/airflow/.local/lib/python3.12/site-packages/airflow/example_dags/example_branch_operator.py
[2025-10-30T20:29:34.473+0000] {processor.py:840} INFO - DAG(s) 'example_branch_operator' retrieved from /home/airflow/.local/lib/python3.12/site-packages/airflow/example_dags/example_branch_operator.py
[2025-10-30T20:29:34.928+0000] {logging_mixin.py:188} INFO - [2025-10-30T20:29:34.928+0000] {dag.py:3096} INFO - Sync 1 DAGs
[2025-10-30T20:29:34.966+0000] {logging_mixin.py:188} INFO - [2025-10-30T20:29:34.966+0000] {dag.py:3954} INFO - Setting next_dagrun for example_branch_operator to 2025-10-29 00:00:00+00:00, run_after=2025-10-30 00:00:00+00:00
[2025-10-30T20:29:35.035+0000] {processor.py:183} INFO - Processing /home/airflow/.local/lib/python3.12/site-packages/airflow/example_dags/example_branch_operator.py took 0.645 seconds
[2025-10-30T20:30:05.194+0000] {processor.py:161} INFO - Started process (PID=129) to work on /home/airflow/.local/lib/python3.12/site-packages/airflow/example_dags/example_branch_operator.py
[2025-10-30T20:30:05.196+0000] {processor.py:830} INFO - Processing file /home/airflow/.local/lib/python3.12/site-packages/airflow/example_dags/example_branch_operator.py for tasks to queue
[2025-10-30T20:30:05.201+0000] {logging_mixin.py:188} INFO - [2025-10-30T20:30:05.200+0000] {dagbag.py:545} INFO - Filling up the DagBag from /home/airflow/.local/lib/python3.12/site-packages/airflow/example_dags/example_branch_operator.py
[2025-10-30T20:30:05.229+0000] {processor.py:840} INFO - DAG(s) 'example_branch_operator' retrieved from /home/airflow/.local/lib/python3.12/site-packages/airflow/example_dags/example_branch_operator.py
[2025-10-30T20:30:05.304+0000] {logging_mixin.py:188} INFO - [2025-10-30T20:30:05.303+0000] {dag.py:3096} INFO - Sync 1 DAGs
[2025-10-30T20:30:05.382+0000] {logging_mixin.py:188} INFO - [2025-10-30T20:30:05.382+0000] {dag.py:3954} INFO - Setting next_dagrun for example_branch_operator to 2025-10-29 00:00:00+00:00, run_after=2025-10-30 00:00:00+00:00
[2025-10-30T20:30:05.445+0000] {processor.py:183} INFO - Processing /home/airflow/.local/lib/python3.12/site-packages/airflow/example_dags/example_branch_operator.py took 0.259 seconds
[2025-10-30T20:30:35.932+0000] {processor.py:161} INFO - Started process (PID=188) to work on /home/airflow/.local/lib/python3.12/site-packages/airflow/example_dags/example_branch_operator.py
[2025-10-30T20:30:35.933+0000] {processor.py:830} INFO - Processing file /home/airflow/.local/lib/python3.12/site-packages/airflow/example_dags/example_branch_operator.py for tasks to queue
[2025-10-30T20:30:35.935+0000] {logging_mixin.py:188} INFO - [2025-10-30T20:30:35.935+0000] {dagbag.py:545} INFO - Filling up the DagBag from /home/airflow/.local/lib/python3.12/site-packages/airflow/example_dags/example_branch_operator.py
[2025-10-30T20:30:35.955+0000] {processor.py:840} INFO - DAG(s) 'example_branch_operator' retrieved from /home/airflow/.local/lib/python3.12/site-packages/airflow/example_dags/example_branch_operator.py
[2025-10-30T20:30:35.989+0000] {logging_mixin.py:188} INFO - [2025-10-30T20:30:35.989+0000] {dag.py:3096} INFO - Sync 1 DAGs
[2025-10-30T20:30:36.017+0000] {logging_mixin.py:188} INFO - [2025-10-30T20:30:36.017+0000] {dag.py:3954} INFO - Setting next_dagrun for example_branch_operator to 2025-10-29 00:00:00+00:00, run_after=2025-10-30 00:00:00+00:00
[2025-10-30T20:30:36.039+0000] {processor.py:183} INFO - Processing /home/airflow/.local/lib/python3.12/site-packages/airflow/example_dags/example_branch_operator.py took 0.113 seconds
[2025-10-30T20:31:06.184+0000] {processor.py:161} INFO - Started process (PID=246) to work on /home/airflow/.local/lib/python3.12/site-packages/airflow/example_dags/example_branch_operator.py
[2025-10-30T20:31:06.188+0000] {processor.py:830} INFO - Processing file /home/airflow/.local/lib/python3.12/site-packages/airflow/example_dags/example_branch_operator.py for tasks to queue
[2025-10-30T20:31:06.194+0000] {logging_mixin.py:188} INFO - [2025-10-30T20:31:06.193+0000] {dagbag.py:545} INFO - Filling up the DagBag from /home/airflow/.local/lib/python3.12/site-packages/airflow/example_dags/example_branch_operator.py
[2025-10-30T20:31:06.247+0000] {processor.py:840} INFO - DAG(s) 'example_branch_operator' retrieved from /home/airflow/.local/lib/python3.12/site-packages/airflow/example_dags/example_branch_operator.py
[2025-10-30T20:31:06.352+0000] {logging_mixin.py:188} INFO - [2025-10-30T20:31:06.352+0000] {dag.py:3096} INFO - Sync 1 DAGs
[2025-10-30T20:31:06.417+0000] {logging_mixin.py:188} INFO - [2025-10-30T20:31:06.417+0000] {dag.py:3954} INFO - Setting next_dagrun for example_branch_operator to 2025-10-29 00:00:00+00:00, run_after=2025-10-30 00:00:00+00:00
[2025-10-30T20:31:06.483+0000] {processor.py:183} INFO - Processing /home/airflow/.local/lib/python3.12/site-packages/airflow/example_dags/example_branch_operator.py took 0.312 seconds
[2025-10-30T20:31:37.229+0000] {processor.py:161} INFO - Started process (PID=304) to work on /home/airflow/.local/lib/python3.12/site-packages/airflow/example_dags/example_branch_operator.py
[2025-10-30T20:31:37.230+0000] {processor.py:830} INFO - Processing file /home/airflow/.local/lib/python3.12/site-packages/airflow/example_dags/example_branch_operator.py for tasks to queue
[2025-10-30T20:31:37.233+0000] {logging_mixin.py:188} INFO - [2025-10-30T20:31:37.232+0000] {dagbag.py:545} INFO - Filling up the DagBag from /home/airflow/.local/lib/python3.12/site-packages/airflow/example_dags/example_branch_operator.py
[2025-10-30T20:31:37.261+0000] {processor.py:840} INFO - DAG(s) 'example_branch_operator' retrieved from /home/airflow/.local/lib/python3.12/site-packages/airflow/example_dags/example_branch_operator.py
[2025-10-30T20:31:37.314+0000] {logging_mixin.py:188} INFO - [2025-10-30T20:31:37.313+0000] {dag.py:3096} INFO - Sync 1 DAGs
[2025-10-30T20:31:37.347+0000] {logging_mixin.py:188} INFO - [2025-10-30T20:31:37.345+0000] {dag.py:3954} INFO - Setting next_dagrun for example_branch_operator to 2025-10-29 00:00:00+00:00, run_after=2025-10-30 00:00:00+00:00
[2025-10-30T20:31:37.379+0000] {processor.py:183} INFO - Processing /home/airflow/.local/lib/python3.12/site-packages/airflow/example_dags/example_branch_operator.py took 0.158 seconds
[2025-10-30T20:32:07.694+0000] {processor.py:161} INFO - Started process (PID=362) to work on /home/airflow/.local/lib/python3.12/site-packages/airflow/example_dags/example_branch_operator.py
[2025-10-30T20:32:07.697+0000] {processor.py:830} INFO - Processing file /home/airflow/.local/lib/python3.12/site-packages/airflow/example_dags/example_branch_operator.py for tasks to queue
[2025-10-30T20:32:07.702+0000] {logging_mixin.py:188} INFO - [2025-10-30T20:32:07.701+0000] {dagbag.py:545} INFO - Filling up the DagBag from /home/airflow/.local/lib/python3.12/site-packages/airflow/example_dags/example_branch_operator.py
[2025-10-30T20:32:07.744+0000] {processor.py:840} INFO - DAG(s) 'example_branch_operator' retrieved from /home/airflow/.local/lib/python3.12/site-packages/airflow/example_dags/example_branch_operator.py
[2025-10-30T20:32:07.824+0000] {logging_mixin.py:188} INFO - [2025-10-30T20:32:07.823+0000] {dag.py:3096} INFO - Sync 1 DAGs
[2025-10-30T20:32:07.886+0000] {logging_mixin.py:188} INFO - [2025-10-30T20:32:07.886+0000] {dag.py:3954} INFO - Setting next_dagrun for example_branch_operator to 2025-10-29 00:00:00+00:00, run_after=2025-10-30 00:00:00+00:00
[2025-10-30T20:32:07.927+0000] {processor.py:183} INFO - Processing /home/airflow/.local/lib/python3.12/site-packages/airflow/example_dags/example_branch_operator.py took 0.248 seconds
[2025-10-30T20:32:38.817+0000] {processor.py:161} INFO - Started process (PID=420) to work on /home/airflow/.local/lib/python3.12/site-packages/airflow/example_dags/example_branch_operator.py
[2025-10-30T20:32:38.818+0000] {processor.py:830} INFO - Processing file /home/airflow/.local/lib/python3.12/site-packages/airflow/example_dags/example_branch_operator.py for tasks to queue
[2025-10-30T20:32:38.821+0000] {logging_mixin.py:188} INFO - [2025-10-30T20:32:38.821+0000] {dagbag.py:545} INFO - Filling up the DagBag from /home/airflow/.local/lib/python3.12/site-packages/airflow/example_dags/example_branch_operator.py
[2025-10-30T20:32:38.841+0000] {processor.py:840} INFO - DAG(s) 'example_branch_operator' retrieved from /home/airflow/.local/lib/python3.12/site-packages/airflow/example_dags/example_branch_operator.py
[2025-10-30T20:32:38.878+0000] {logging_mixin.py:188} INFO - [2025-10-30T20:32:38.878+0000] {dag.py:3096} INFO - Sync 1 DAGs
[2025-10-30T20:32:38.913+0000] {logging_mixin.py:188} INFO - [2025-10-30T20:32:38.913+0000] {dag.py:3954} INFO - Setting next_dagrun for example_branch_operator to 2025-10-29 00:00:00+00:00, run_after=2025-10-30 00:00:00+00:00
[2025-10-30T20:32:38.937+0000] {processor.py:183} INFO - Processing /home/airflow/.local/lib/python3.12/site-packages/airflow/example_dags/example_branch_operator.py took 0.128 seconds
[2025-10-30T20:33:09.944+0000] {processor.py:161} INFO - Started process (PID=478) to work on /home/airflow/.local/lib/python3.12/site-packages/airflow/example_dags/example_branch_operator.py
[2025-10-30T20:33:09.947+0000] {processor.py:830} INFO - Processing file /home/airflow/.local/lib/python3.12/site-packages/airflow/example_dags/example_branch_operator.py for tasks to queue
[2025-10-30T20:33:09.951+0000] {logging_mixin.py:188} INFO - [2025-10-30T20:33:09.950+0000] {dagbag.py:545} INFO - Filling up the DagBag from /home/airflow/.local/lib/python3.12/site-packages/airflow/example_dags/example_branch_operator.py
[2025-10-30T20:33:09.981+0000] {processor.py:840} INFO - DAG(s) 'example_branch_operator' retrieved from /home/airflow/.local/lib/python3.12/site-packages/airflow/example_dags/example_branch_operator.py
[2025-10-30T20:33:10.022+0000] {logging_mixin.py:188} INFO - [2025-10-30T20:33:10.022+0000] {dag.py:3096} INFO - Sync 1 DAGs
[2025-10-30T20:33:10.056+0000] {logging_mixin.py:188} INFO - [2025-10-30T20:33:10.055+0000] {dag.py:3954} INFO - Setting next_dagrun for example_branch_operator to 2025-10-29 00:00:00+00:00, run_after=2025-10-30 00:00:00+00:00
[2025-10-30T20:33:10.087+0000] {processor.py:183} INFO - Processing /home/airflow/.local/lib/python3.12/site-packages/airflow/example_dags/example_branch_operator.py took 0.154 seconds
[2025-10-30T20:33:41.104+0000] {processor.py:161} INFO - Started process (PID=536) to work on /home/airflow/.local/lib/python3.12/site-packages/airflow/example_dags/example_branch_operator.py
[2025-10-30T20:33:41.105+0000] {processor.py:830} INFO - Processing file /home/airflow/.local/lib/python3.12/site-packages/airflow/example_dags/example_branch_operator.py for tasks to queue
[2025-10-30T20:33:41.108+0000] {logging_mixin.py:188} INFO - [2025-10-30T20:33:41.108+0000] {dagbag.py:545} INFO - Filling up the DagBag from /home/airflow/.local/lib/python3.12/site-packages/airflow/example_dags/example_branch_operator.py
[2025-10-30T20:33:41.132+0000] {processor.py:840} INFO - DAG(s) 'example_branch_operator' retrieved from /home/airflow/.local/lib/python3.12/site-packages/airflow/example_dags/example_branch_operator.py
[2025-10-30T20:33:41.172+0000] {logging_mixin.py:188} INFO - [2025-10-30T20:33:41.172+0000] {dag.py:3096} INFO - Sync 1 DAGs
[2025-10-30T20:33:41.201+0000] {logging_mixin.py:188} INFO - [2025-10-30T20:33:41.201+0000] {dag.py:3954} INFO - Setting next_dagrun for example_branch_operator to 2025-10-29 00:00:00+00:00, run_after=2025-10-30 00:00:00+00:00
[2025-10-30T20:33:41.225+0000] {processor.py:183} INFO - Processing /home/airflow/.local/lib/python3.12/site-packages/airflow/example_dags/example_branch_operator.py took 0.130 seconds
[2025-10-30T20:34:11.358+0000] {processor.py:161} INFO - Started process (PID=593) to work on /home/airflow/.local/lib/python3.12/site-packages/airflow/example_dags/example_branch_operator.py
[2025-10-30T20:34:11.361+0000] {processor.py:830} INFO - Processing file /home/airflow/.local/lib/python3.12/site-packages/airflow/example_dags/example_branch_operator.py for tasks to queue
[2025-10-30T20:34:11.364+0000] {logging_mixin.py:188} INFO - [2025-10-30T20:34:11.363+0000] {dagbag.py:545} INFO - Filling up the DagBag from /home/airflow/.local/lib/python3.12/site-packages/airflow/example_dags/example_branch_operator.py
[2025-10-30T20:34:11.386+0000] {processor.py:840} INFO - DAG(s) 'example_branch_operator' retrieved from /home/airflow/.local/lib/python3.12/site-packages/airflow/example_dags/example_branch_operator.py
[2025-10-30T20:34:11.422+0000] {logging_mixin.py:188} INFO - [2025-10-30T20:34:11.421+0000] {dag.py:3096} INFO - Sync 1 DAGs
[2025-10-30T20:34:11.449+0000] {logging_mixin.py:188} INFO - [2025-10-30T20:34:11.449+0000] {dag.py:3954} INFO - Setting next_dagrun for example_branch_operator to 2025-10-29 00:00:00+00:00, run_after=2025-10-30 00:00:00+00:00
[2025-10-30T20:34:11.474+0000] {processor.py:183} INFO - Processing /home/airflow/.local/lib/python3.12/site-packages/airflow/example_dags/example_branch_operator.py took 0.124 seconds
[2025-10-30T20:34:41.937+0000] {processor.py:161} INFO - Started process (PID=652) to work on /home/airflow/.local/lib/python3.12/site-packages/airflow/example_dags/example_branch_operator.py
[2025-10-30T20:34:41.938+0000] {processor.py:830} INFO - Processing file /home/airflow/.local/lib/python3.12/site-packages/airflow/example_dags/example_branch_operator.py for tasks to queue
[2025-10-30T20:34:41.940+0000] {logging_mixin.py:188} INFO - [2025-10-30T20:34:41.940+0000] {dagbag.py:545} INFO - Filling up the DagBag from /home/airflow/.local/lib/python3.12/site-packages/airflow/example_dags/example_branch_operator.py
[2025-10-30T20:34:41.965+0000] {processor.py:840} INFO - DAG(s) 'example_branch_operator' retrieved from /home/airflow/.local/lib/python3.12/site-packages/airflow/example_dags/example_branch_operator.py
[2025-10-30T20:34:42.009+0000] {logging_mixin.py:188} INFO - [2025-10-30T20:34:42.009+0000] {dag.py:3096} INFO - Sync 1 DAGs
[2025-10-30T20:34:42.048+0000] {logging_mixin.py:188} INFO - [2025-10-30T20:34:42.048+0000] {dag.py:3954} INFO - Setting next_dagrun for example_branch_operator to 2025-10-29 00:00:00+00:00, run_after=2025-10-30 00:00:00+00:00
[2025-10-30T20:34:42.076+0000] {processor.py:183} INFO - Processing /home/airflow/.local/lib/python3.12/site-packages/airflow/example_dags/example_branch_operator.py took 0.146 seconds
[2025-10-30T20:35:12.424+0000] {processor.py:161} INFO - Started process (PID=709) to work on /home/airflow/.local/lib/python3.12/site-packages/airflow/example_dags/example_branch_operator.py
[2025-10-30T20:35:12.426+0000] {processor.py:830} INFO - Processing file /home/airflow/.local/lib/python3.12/site-packages/airflow/example_dags/example_branch_operator.py for tasks to queue
[2025-10-30T20:35:12.429+0000] {logging_mixin.py:188} INFO - [2025-10-30T20:35:12.428+0000] {dagbag.py:545} INFO - Filling up the DagBag from /home/airflow/.local/lib/python3.12/site-packages/airflow/example_dags/example_branch_operator.py
[2025-10-30T20:35:12.455+0000] {processor.py:840} INFO - DAG(s) 'example_branch_operator' retrieved from /home/airflow/.local/lib/python3.12/site-packages/airflow/example_dags/example_branch_operator.py
[2025-10-30T20:35:12.505+0000] {logging_mixin.py:188} INFO - [2025-10-30T20:35:12.504+0000] {dag.py:3096} INFO - Sync 1 DAGs
[2025-10-30T20:35:12.540+0000] {logging_mixin.py:188} INFO - [2025-10-30T20:35:12.540+0000] {dag.py:3954} INFO - Setting next_dagrun for example_branch_operator to 2025-10-29 00:00:00+00:00, run_after=2025-10-30 00:00:00+00:00
[2025-10-30T20:35:12.576+0000] {processor.py:183} INFO - Processing /home/airflow/.local/lib/python3.12/site-packages/airflow/example_dags/example_branch_operator.py took 0.162 seconds
[2025-10-30T20:35:42.829+0000] {processor.py:161} INFO - Started process (PID=767) to work on /home/airflow/.local/lib/python3.12/site-packages/airflow/example_dags/example_branch_operator.py
[2025-10-30T20:35:42.830+0000] {processor.py:830} INFO - Processing file /home/airflow/.local/lib/python3.12/site-packages/airflow/example_dags/example_branch_operator.py for tasks to queue
[2025-10-30T20:35:42.833+0000] {logging_mixin.py:188} INFO - [2025-10-30T20:35:42.833+0000] {dagbag.py:545} INFO - Filling up the DagBag from /home/airflow/.local/lib/python3.12/site-packages/airflow/example_dags/example_branch_operator.py
[2025-10-30T20:35:42.856+0000] {processor.py:840} INFO - DAG(s) 'example_branch_operator' retrieved from /home/airflow/.local/lib/python3.12/site-packages/airflow/example_dags/example_branch_operator.py
[2025-10-30T20:35:42.899+0000] {logging_mixin.py:188} INFO - [2025-10-30T20:35:42.898+0000] {dag.py:3096} INFO - Sync 1 DAGs
[2025-10-30T20:35:42.932+0000] {logging_mixin.py:188} INFO - [2025-10-30T20:35:42.931+0000] {dag.py:3954} INFO - Setting next_dagrun for example_branch_operator to 2025-10-29 00:00:00+00:00, run_after=2025-10-30 00:00:00+00:00
[2025-10-30T20:35:42.960+0000] {processor.py:183} INFO - Processing /home/airflow/.local/lib/python3.12/site-packages/airflow/example_dags/example_branch_operator.py took 0.139 seconds
[2025-10-30T20:36:13.496+0000] {processor.py:161} INFO - Started process (PID=826) to work on /home/airflow/.local/lib/python3.12/site-packages/airflow/example_dags/example_branch_operator.py
[2025-10-30T20:36:13.498+0000] {processor.py:830} INFO - Processing file /home/airflow/.local/lib/python3.12/site-packages/airflow/example_dags/example_branch_operator.py for tasks to queue
[2025-10-30T20:36:13.501+0000] {logging_mixin.py:188} INFO - [2025-10-30T20:36:13.501+0000] {dagbag.py:545} INFO - Filling up the DagBag from /home/airflow/.local/lib/python3.12/site-packages/airflow/example_dags/example_branch_operator.py
[2025-10-30T20:36:13.536+0000] {processor.py:840} INFO - DAG(s) 'example_branch_operator' retrieved from /home/airflow/.local/lib/python3.12/site-packages/airflow/example_dags/example_branch_operator.py
[2025-10-30T20:36:13.582+0000] {logging_mixin.py:188} INFO - [2025-10-30T20:36:13.582+0000] {dag.py:3096} INFO - Sync 1 DAGs
[2025-10-30T20:36:13.614+0000] {logging_mixin.py:188} INFO - [2025-10-30T20:36:13.613+0000] {dag.py:3954} INFO - Setting next_dagrun for example_branch_operator to 2025-10-29 00:00:00+00:00, run_after=2025-10-30 00:00:00+00:00
[2025-10-30T20:36:13.638+0000] {processor.py:183} INFO - Processing /home/airflow/.local/lib/python3.12/site-packages/airflow/example_dags/example_branch_operator.py took 0.153 seconds
[2025-10-30T20:36:44.091+0000] {processor.py:161} INFO - Started process (PID=884) to work on /home/airflow/.local/lib/python3.12/site-packages/airflow/example_dags/example_branch_operator.py
[2025-10-30T20:36:44.092+0000] {processor.py:830} INFO - Processing file /home/airflow/.local/lib/python3.12/site-packages/airflow/example_dags/example_branch_operator.py for tasks to queue
[2025-10-30T20:36:44.095+0000] {logging_mixin.py:188} INFO - [2025-10-30T20:36:44.095+0000] {dagbag.py:545} INFO - Filling up the DagBag from /home/airflow/.local/lib/python3.12/site-packages/airflow/example_dags/example_branch_operator.py
[2025-10-30T20:36:44.117+0000] {processor.py:840} INFO - DAG(s) 'example_branch_operator' retrieved from /home/airflow/.local/lib/python3.12/site-packages/airflow/example_dags/example_branch_operator.py
[2025-10-30T20:36:44.157+0000] {logging_mixin.py:188} INFO - [2025-10-30T20:36:44.157+0000] {dag.py:3096} INFO - Sync 1 DAGs
[2025-10-30T20:36:44.187+0000] {logging_mixin.py:188} INFO - [2025-10-30T20:36:44.187+0000] {dag.py:3954} INFO - Setting next_dagrun for example_branch_operator to 2025-10-29 00:00:00+00:00, run_after=2025-10-30 00:00:00+00:00
[2025-10-30T20:36:44.211+0000] {processor.py:183} INFO - Processing /home/airflow/.local/lib/python3.12/site-packages/airflow/example_dags/example_branch_operator.py took 0.129 seconds
[2025-10-30T20:37:14.276+0000] {processor.py:161} INFO - Started process (PID=941) to work on /home/airflow/.local/lib/python3.12/site-packages/airflow/example_dags/example_branch_operator.py
[2025-10-30T20:37:14.279+0000] {processor.py:830} INFO - Processing file /home/airflow/.local/lib/python3.12/site-packages/airflow/example_dags/example_branch_operator.py for tasks to queue
[2025-10-30T20:37:14.282+0000] {logging_mixin.py:188} INFO - [2025-10-30T20:37:14.281+0000] {dagbag.py:545} INFO - Filling up the DagBag from /home/airflow/.local/lib/python3.12/site-packages/airflow/example_dags/example_branch_operator.py
[2025-10-30T20:37:14.305+0000] {processor.py:840} INFO - DAG(s) 'example_branch_operator' retrieved from /home/airflow/.local/lib/python3.12/site-packages/airflow/example_dags/example_branch_operator.py
[2025-10-30T20:37:14.349+0000] {logging_mixin.py:188} INFO - [2025-10-30T20:37:14.348+0000] {dag.py:3096} INFO - Sync 1 DAGs
[2025-10-30T20:37:14.395+0000] {logging_mixin.py:188} INFO - [2025-10-30T20:37:14.395+0000] {dag.py:3954} INFO - Setting next_dagrun for example_branch_operator to 2025-10-29 00:00:00+00:00, run_after=2025-10-30 00:00:00+00:00
[2025-10-30T20:37:14.437+0000] {processor.py:183} INFO - Processing /home/airflow/.local/lib/python3.12/site-packages/airflow/example_dags/example_branch_operator.py took 0.171 seconds
[2025-10-30T20:37:44.930+0000] {processor.py:161} INFO - Started process (PID=999) to work on /home/airflow/.local/lib/python3.12/site-packages/airflow/example_dags/example_branch_operator.py
[2025-10-30T20:37:44.932+0000] {processor.py:830} INFO - Processing file /home/airflow/.local/lib/python3.12/site-packages/airflow/example_dags/example_branch_operator.py for tasks to queue
[2025-10-30T20:37:44.936+0000] {logging_mixin.py:188} INFO - [2025-10-30T20:37:44.935+0000] {dagbag.py:545} INFO - Filling up the DagBag from /home/airflow/.local/lib/python3.12/site-packages/airflow/example_dags/example_branch_operator.py
[2025-10-30T20:37:44.966+0000] {processor.py:840} INFO - DAG(s) 'example_branch_operator' retrieved from /home/airflow/.local/lib/python3.12/site-packages/airflow/example_dags/example_branch_operator.py
[2025-10-30T20:37:45.064+0000] {logging_mixin.py:188} INFO - [2025-10-30T20:37:45.064+0000] {dag.py:3096} INFO - Sync 1 DAGs
[2025-10-30T20:37:45.113+0000] {logging_mixin.py:188} INFO - [2025-10-30T20:37:45.113+0000] {dag.py:3954} INFO - Setting next_dagrun for example_branch_operator to 2025-10-29 00:00:00+00:00, run_after=2025-10-30 00:00:00+00:00
[2025-10-30T20:37:45.144+0000] {processor.py:183} INFO - Processing /home/airflow/.local/lib/python3.12/site-packages/airflow/example_dags/example_branch_operator.py took 0.227 seconds
[2025-10-30T20:38:15.357+0000] {processor.py:161} INFO - Started process (PID=1057) to work on /home/airflow/.local/lib/python3.12/site-packages/airflow/example_dags/example_branch_operator.py
[2025-10-30T20:38:15.359+0000] {processor.py:830} INFO - Processing file /home/airflow/.local/lib/python3.12/site-packages/airflow/example_dags/example_branch_operator.py for tasks to queue
[2025-10-30T20:38:15.362+0000] {logging_mixin.py:188} INFO - [2025-10-30T20:38:15.361+0000] {dagbag.py:545} INFO - Filling up the DagBag from /home/airflow/.local/lib/python3.12/site-packages/airflow/example_dags/example_branch_operator.py
[2025-10-30T20:38:15.389+0000] {processor.py:840} INFO - DAG(s) 'example_branch_operator' retrieved from /home/airflow/.local/lib/python3.12/site-packages/airflow/example_dags/example_branch_operator.py
[2025-10-30T20:38:15.434+0000] {logging_mixin.py:188} INFO - [2025-10-30T20:38:15.433+0000] {dag.py:3096} INFO - Sync 1 DAGs
[2025-10-30T20:38:15.468+0000] {logging_mixin.py:188} INFO - [2025-10-30T20:38:15.467+0000] {dag.py:3954} INFO - Setting next_dagrun for example_branch_operator to 2025-10-29 00:00:00+00:00, run_after=2025-10-30 00:00:00+00:00
[2025-10-30T20:38:15.497+0000] {processor.py:183} INFO - Processing /home/airflow/.local/lib/python3.12/site-packages/airflow/example_dags/example_branch_operator.py took 0.150 seconds
[2025-10-30T20:38:45.540+0000] {processor.py:161} INFO - Started process (PID=1116) to work on /home/airflow/.local/lib/python3.12/site-packages/airflow/example_dags/example_branch_operator.py
[2025-10-30T20:38:45.542+0000] {processor.py:830} INFO - Processing file /home/airflow/.local/lib/python3.12/site-packages/airflow/example_dags/example_branch_operator.py for tasks to queue
[2025-10-30T20:38:45.545+0000] {logging_mixin.py:188} INFO - [2025-10-30T20:38:45.544+0000] {dagbag.py:545} INFO - Filling up the DagBag from /home/airflow/.local/lib/python3.12/site-packages/airflow/example_dags/example_branch_operator.py
[2025-10-30T20:38:45.569+0000] {processor.py:840} INFO - DAG(s) 'example_branch_operator' retrieved from /home/airflow/.local/lib/python3.12/site-packages/airflow/example_dags/example_branch_operator.py
[2025-10-30T20:38:45.618+0000] {logging_mixin.py:188} INFO - [2025-10-30T20:38:45.617+0000] {dag.py:3096} INFO - Sync 1 DAGs
[2025-10-30T20:38:45.653+0000] {logging_mixin.py:188} INFO - [2025-10-30T20:38:45.653+0000] {dag.py:3954} INFO - Setting next_dagrun for example_branch_operator to 2025-10-29 00:00:00+00:00, run_after=2025-10-30 00:00:00+00:00
[2025-10-30T20:38:45.691+0000] {processor.py:183} INFO - Processing /home/airflow/.local/lib/python3.12/site-packages/airflow/example_dags/example_branch_operator.py took 0.159 seconds
[2025-10-30T20:39:15.816+0000] {processor.py:161} INFO - Started process (PID=1175) to work on /home/airflow/.local/lib/python3.12/site-packages/airflow/example_dags/example_branch_operator.py
[2025-10-30T20:39:15.818+0000] {processor.py:830} INFO - Processing file /home/airflow/.local/lib/python3.12/site-packages/airflow/example_dags/example_branch_operator.py for tasks to queue
[2025-10-30T20:39:15.821+0000] {logging_mixin.py:188} INFO - [2025-10-30T20:39:15.821+0000] {dagbag.py:545} INFO - Filling up the DagBag from /home/airflow/.local/lib/python3.12/site-packages/airflow/example_dags/example_branch_operator.py
[2025-10-30T20:39:15.843+0000] {processor.py:840} INFO - DAG(s) 'example_branch_operator' retrieved from /home/airflow/.local/lib/python3.12/site-packages/airflow/example_dags/example_branch_operator.py
[2025-10-30T20:39:15.879+0000] {logging_mixin.py:188} INFO - [2025-10-30T20:39:15.879+0000] {dag.py:3096} INFO - Sync 1 DAGs
[2025-10-30T20:39:15.911+0000] {logging_mixin.py:188} INFO - [2025-10-30T20:39:15.911+0000] {dag.py:3954} INFO - Setting next_dagrun for example_branch_operator to 2025-10-29 00:00:00+00:00, run_after=2025-10-30 00:00:00+00:00
[2025-10-30T20:39:15.945+0000] {processor.py:183} INFO - Processing /home/airflow/.local/lib/python3.12/site-packages/airflow/example_dags/example_branch_operator.py took 0.136 seconds
[2025-10-30T20:39:46.401+0000] {processor.py:161} INFO - Started process (PID=1232) to work on /home/airflow/.local/lib/python3.12/site-packages/airflow/example_dags/example_branch_operator.py
[2025-10-30T20:39:46.426+0000] {processor.py:830} INFO - Processing file /home/airflow/.local/lib/python3.12/site-packages/airflow/example_dags/example_branch_operator.py for tasks to queue
[2025-10-30T20:39:46.433+0000] {logging_mixin.py:188} INFO - [2025-10-30T20:39:46.433+0000] {dagbag.py:545} INFO - Filling up the DagBag from /home/airflow/.local/lib/python3.12/site-packages/airflow/example_dags/example_branch_operator.py
[2025-10-30T20:39:46.511+0000] {processor.py:840} INFO - DAG(s) 'example_branch_operator' retrieved from /home/airflow/.local/lib/python3.12/site-packages/airflow/example_dags/example_branch_operator.py
[2025-10-30T20:39:47.028+0000] {logging_mixin.py:188} INFO - [2025-10-30T20:39:47.028+0000] {dag.py:3096} INFO - Sync 1 DAGs
[2025-10-30T20:39:47.372+0000] {logging_mixin.py:188} INFO - [2025-10-30T20:39:47.371+0000] {dag.py:3954} INFO - Setting next_dagrun for example_branch_operator to 2025-10-29 00:00:00+00:00, run_after=2025-10-30 00:00:00+00:00
[2025-10-30T20:39:48.259+0000] {processor.py:183} INFO - Processing /home/airflow/.local/lib/python3.12/site-packages/airflow/example_dags/example_branch_operator.py took 1.873 seconds
[2025-10-30T20:40:18.323+0000] {processor.py:161} INFO - Started process (PID=1292) to work on /home/airflow/.local/lib/python3.12/site-packages/airflow/example_dags/example_branch_operator.py
[2025-10-30T20:40:18.325+0000] {processor.py:830} INFO - Processing file /home/airflow/.local/lib/python3.12/site-packages/airflow/example_dags/example_branch_operator.py for tasks to queue
[2025-10-30T20:40:18.328+0000] {logging_mixin.py:188} INFO - [2025-10-30T20:40:18.327+0000] {dagbag.py:545} INFO - Filling up the DagBag from /home/airflow/.local/lib/python3.12/site-packages/airflow/example_dags/example_branch_operator.py
[2025-10-30T20:40:18.358+0000] {processor.py:840} INFO - DAG(s) 'example_branch_operator' retrieved from /home/airflow/.local/lib/python3.12/site-packages/airflow/example_dags/example_branch_operator.py
[2025-10-30T20:40:18.403+0000] {logging_mixin.py:188} INFO - [2025-10-30T20:40:18.403+0000] {dag.py:3096} INFO - Sync 1 DAGs
[2025-10-30T20:40:18.436+0000] {logging_mixin.py:188} INFO - [2025-10-30T20:40:18.436+0000] {dag.py:3954} INFO - Setting next_dagrun for example_branch_operator to 2025-10-29 00:00:00+00:00, run_after=2025-10-30 00:00:00+00:00
[2025-10-30T20:40:18.616+0000] {processor.py:183} INFO - Processing /home/airflow/.local/lib/python3.12/site-packages/airflow/example_dags/example_branch_operator.py took 0.300 seconds
[2025-10-30T20:40:48.837+0000] {processor.py:161} INFO - Started process (PID=1351) to work on /home/airflow/.local/lib/python3.12/site-packages/airflow/example_dags/example_branch_operator.py
[2025-10-30T20:40:48.839+0000] {processor.py:830} INFO - Processing file /home/airflow/.local/lib/python3.12/site-packages/airflow/example_dags/example_branch_operator.py for tasks to queue
[2025-10-30T20:40:48.847+0000] {logging_mixin.py:188} INFO - [2025-10-30T20:40:48.846+0000] {dagbag.py:545} INFO - Filling up the DagBag from /home/airflow/.local/lib/python3.12/site-packages/airflow/example_dags/example_branch_operator.py
[2025-10-30T20:40:48.912+0000] {processor.py:840} INFO - DAG(s) 'example_branch_operator' retrieved from /home/airflow/.local/lib/python3.12/site-packages/airflow/example_dags/example_branch_operator.py
[2025-10-30T20:40:49.090+0000] {logging_mixin.py:188} INFO - [2025-10-30T20:40:49.089+0000] {dag.py:3096} INFO - Sync 1 DAGs
[2025-10-30T20:40:49.157+0000] {logging_mixin.py:188} INFO - [2025-10-30T20:40:49.156+0000] {dag.py:3954} INFO - Setting next_dagrun for example_branch_operator to 2025-10-29 00:00:00+00:00, run_after=2025-10-30 00:00:00+00:00
[2025-10-30T20:40:49.221+0000] {processor.py:183} INFO - Processing /home/airflow/.local/lib/python3.12/site-packages/airflow/example_dags/example_branch_operator.py took 0.396 seconds
[2025-10-30T20:41:20.037+0000] {processor.py:161} INFO - Started process (PID=1409) to work on /home/airflow/.local/lib/python3.12/site-packages/airflow/example_dags/example_branch_operator.py
[2025-10-30T20:41:20.040+0000] {processor.py:830} INFO - Processing file /home/airflow/.local/lib/python3.12/site-packages/airflow/example_dags/example_branch_operator.py for tasks to queue
[2025-10-30T20:41:20.043+0000] {logging_mixin.py:188} INFO - [2025-10-30T20:41:20.043+0000] {dagbag.py:545} INFO - Filling up the DagBag from /home/airflow/.local/lib/python3.12/site-packages/airflow/example_dags/example_branch_operator.py
[2025-10-30T20:41:20.066+0000] {processor.py:840} INFO - DAG(s) 'example_branch_operator' retrieved from /home/airflow/.local/lib/python3.12/site-packages/airflow/example_dags/example_branch_operator.py
[2025-10-30T20:41:20.118+0000] {logging_mixin.py:188} INFO - [2025-10-30T20:41:20.118+0000] {dag.py:3096} INFO - Sync 1 DAGs
[2025-10-30T20:41:20.148+0000] {logging_mixin.py:188} INFO - [2025-10-30T20:41:20.148+0000] {dag.py:3954} INFO - Setting next_dagrun for example_branch_operator to 2025-10-29 00:00:00+00:00, run_after=2025-10-30 00:00:00+00:00
[2025-10-30T20:41:20.172+0000] {processor.py:183} INFO - Processing /home/airflow/.local/lib/python3.12/site-packages/airflow/example_dags/example_branch_operator.py took 0.145 seconds
[2025-10-30T20:41:50.374+0000] {processor.py:161} INFO - Started process (PID=1466) to work on /home/airflow/.local/lib/python3.12/site-packages/airflow/example_dags/example_branch_operator.py
[2025-10-30T20:41:50.376+0000] {processor.py:830} INFO - Processing file /home/airflow/.local/lib/python3.12/site-packages/airflow/example_dags/example_branch_operator.py for tasks to queue
[2025-10-30T20:41:50.380+0000] {logging_mixin.py:188} INFO - [2025-10-30T20:41:50.379+0000] {dagbag.py:545} INFO - Filling up the DagBag from /home/airflow/.local/lib/python3.12/site-packages/airflow/example_dags/example_branch_operator.py
[2025-10-30T20:41:50.409+0000] {processor.py:840} INFO - DAG(s) 'example_branch_operator' retrieved from /home/airflow/.local/lib/python3.12/site-packages/airflow/example_dags/example_branch_operator.py
[2025-10-30T20:41:50.460+0000] {logging_mixin.py:188} INFO - [2025-10-30T20:41:50.459+0000] {dag.py:3096} INFO - Sync 1 DAGs
[2025-10-30T20:41:50.506+0000] {logging_mixin.py:188} INFO - [2025-10-30T20:41:50.506+0000] {dag.py:3954} INFO - Setting next_dagrun for example_branch_operator to 2025-10-29 00:00:00+00:00, run_after=2025-10-30 00:00:00+00:00
[2025-10-30T20:41:50.542+0000] {processor.py:183} INFO - Processing /home/airflow/.local/lib/python3.12/site-packages/airflow/example_dags/example_branch_operator.py took 0.178 seconds
[2025-10-30T20:42:21.089+0000] {processor.py:161} INFO - Started process (PID=1522) to work on /home/airflow/.local/lib/python3.12/site-packages/airflow/example_dags/example_branch_operator.py
[2025-10-30T20:42:21.090+0000] {processor.py:830} INFO - Processing file /home/airflow/.local/lib/python3.12/site-packages/airflow/example_dags/example_branch_operator.py for tasks to queue
[2025-10-30T20:42:21.093+0000] {logging_mixin.py:188} INFO - [2025-10-30T20:42:21.093+0000] {dagbag.py:545} INFO - Filling up the DagBag from /home/airflow/.local/lib/python3.12/site-packages/airflow/example_dags/example_branch_operator.py
[2025-10-30T20:42:21.116+0000] {processor.py:840} INFO - DAG(s) 'example_branch_operator' retrieved from /home/airflow/.local/lib/python3.12/site-packages/airflow/example_dags/example_branch_operator.py
[2025-10-30T20:42:21.161+0000] {logging_mixin.py:188} INFO - [2025-10-30T20:42:21.161+0000] {dag.py:3096} INFO - Sync 1 DAGs
[2025-10-30T20:42:21.188+0000] {logging_mixin.py:188} INFO - [2025-10-30T20:42:21.188+0000] {dag.py:3954} INFO - Setting next_dagrun for example_branch_operator to 2025-10-29 00:00:00+00:00, run_after=2025-10-30 00:00:00+00:00
[2025-10-30T20:42:21.242+0000] {processor.py:183} INFO - Processing /home/airflow/.local/lib/python3.12/site-packages/airflow/example_dags/example_branch_operator.py took 0.166 seconds
[2025-10-30T21:06:13.504+0000] {processor.py:161} INFO - Started process (PID=72) to work on /home/airflow/.local/lib/python3.12/site-packages/airflow/example_dags/example_branch_operator.py
[2025-10-30T21:06:13.508+0000] {processor.py:830} INFO - Processing file /home/airflow/.local/lib/python3.12/site-packages/airflow/example_dags/example_branch_operator.py for tasks to queue
[2025-10-30T21:06:13.514+0000] {logging_mixin.py:188} INFO - [2025-10-30T21:06:13.513+0000] {dagbag.py:545} INFO - Filling up the DagBag from /home/airflow/.local/lib/python3.12/site-packages/airflow/example_dags/example_branch_operator.py
[2025-10-30T21:06:13.572+0000] {processor.py:840} INFO - DAG(s) 'example_branch_operator' retrieved from /home/airflow/.local/lib/python3.12/site-packages/airflow/example_dags/example_branch_operator.py
[2025-10-30T21:06:14.100+0000] {logging_mixin.py:188} INFO - [2025-10-30T21:06:14.098+0000] {dag.py:3096} INFO - Sync 1 DAGs
[2025-10-30T21:06:14.277+0000] {logging_mixin.py:188} INFO - [2025-10-30T21:06:14.270+0000] {dag.py:3954} INFO - Setting next_dagrun for example_branch_operator to 2025-10-29 00:00:00+00:00, run_after=2025-10-30 00:00:00+00:00
[2025-10-30T21:06:14.495+0000] {processor.py:183} INFO - Processing /home/airflow/.local/lib/python3.12/site-packages/airflow/example_dags/example_branch_operator.py took 1.007 seconds
[2025-10-30T21:06:45.088+0000] {processor.py:161} INFO - Started process (PID=131) to work on /home/airflow/.local/lib/python3.12/site-packages/airflow/example_dags/example_branch_operator.py
[2025-10-30T21:06:45.099+0000] {processor.py:830} INFO - Processing file /home/airflow/.local/lib/python3.12/site-packages/airflow/example_dags/example_branch_operator.py for tasks to queue
[2025-10-30T21:06:45.107+0000] {logging_mixin.py:188} INFO - [2025-10-30T21:06:45.105+0000] {dagbag.py:545} INFO - Filling up the DagBag from /home/airflow/.local/lib/python3.12/site-packages/airflow/example_dags/example_branch_operator.py
[2025-10-30T21:06:45.149+0000] {processor.py:840} INFO - DAG(s) 'example_branch_operator' retrieved from /home/airflow/.local/lib/python3.12/site-packages/airflow/example_dags/example_branch_operator.py
[2025-10-30T21:06:45.285+0000] {logging_mixin.py:188} INFO - [2025-10-30T21:06:45.284+0000] {dag.py:3096} INFO - Sync 1 DAGs
[2025-10-30T21:06:45.342+0000] {logging_mixin.py:188} INFO - [2025-10-30T21:06:45.341+0000] {dag.py:3954} INFO - Setting next_dagrun for example_branch_operator to 2025-10-29 00:00:00+00:00, run_after=2025-10-30 00:00:00+00:00
[2025-10-30T21:06:45.382+0000] {processor.py:183} INFO - Processing /home/airflow/.local/lib/python3.12/site-packages/airflow/example_dags/example_branch_operator.py took 0.332 seconds
[2025-10-30T21:07:15.457+0000] {processor.py:161} INFO - Started process (PID=189) to work on /home/airflow/.local/lib/python3.12/site-packages/airflow/example_dags/example_branch_operator.py
[2025-10-30T21:07:15.461+0000] {processor.py:830} INFO - Processing file /home/airflow/.local/lib/python3.12/site-packages/airflow/example_dags/example_branch_operator.py for tasks to queue
[2025-10-30T21:07:15.472+0000] {logging_mixin.py:188} INFO - [2025-10-30T21:07:15.471+0000] {dagbag.py:545} INFO - Filling up the DagBag from /home/airflow/.local/lib/python3.12/site-packages/airflow/example_dags/example_branch_operator.py
[2025-10-30T21:07:15.861+0000] {processor.py:840} INFO - DAG(s) 'example_branch_operator' retrieved from /home/airflow/.local/lib/python3.12/site-packages/airflow/example_dags/example_branch_operator.py
[2025-10-30T21:07:15.978+0000] {logging_mixin.py:188} INFO - [2025-10-30T21:07:15.977+0000] {dag.py:3096} INFO - Sync 1 DAGs
[2025-10-30T21:07:16.066+0000] {logging_mixin.py:188} INFO - [2025-10-30T21:07:16.066+0000] {dag.py:3954} INFO - Setting next_dagrun for example_branch_operator to 2025-10-29 00:00:00+00:00, run_after=2025-10-30 00:00:00+00:00
[2025-10-30T21:07:16.118+0000] {processor.py:183} INFO - Processing /home/airflow/.local/lib/python3.12/site-packages/airflow/example_dags/example_branch_operator.py took 0.678 seconds
[2025-10-30T21:07:46.247+0000] {processor.py:161} INFO - Started process (PID=252) to work on /home/airflow/.local/lib/python3.12/site-packages/airflow/example_dags/example_branch_operator.py
[2025-10-30T21:07:46.249+0000] {processor.py:830} INFO - Processing file /home/airflow/.local/lib/python3.12/site-packages/airflow/example_dags/example_branch_operator.py for tasks to queue
[2025-10-30T21:07:46.253+0000] {logging_mixin.py:188} INFO - [2025-10-30T21:07:46.252+0000] {dagbag.py:545} INFO - Filling up the DagBag from /home/airflow/.local/lib/python3.12/site-packages/airflow/example_dags/example_branch_operator.py
[2025-10-30T21:07:46.295+0000] {processor.py:840} INFO - DAG(s) 'example_branch_operator' retrieved from /home/airflow/.local/lib/python3.12/site-packages/airflow/example_dags/example_branch_operator.py
[2025-10-30T21:07:46.341+0000] {logging_mixin.py:188} INFO - [2025-10-30T21:07:46.341+0000] {dag.py:3096} INFO - Sync 1 DAGs
[2025-10-30T21:07:46.378+0000] {logging_mixin.py:188} INFO - [2025-10-30T21:07:46.378+0000] {dag.py:3954} INFO - Setting next_dagrun for example_branch_operator to 2025-10-29 00:00:00+00:00, run_after=2025-10-30 00:00:00+00:00
[2025-10-30T21:07:46.408+0000] {processor.py:183} INFO - Processing /home/airflow/.local/lib/python3.12/site-packages/airflow/example_dags/example_branch_operator.py took 0.176 seconds
[2025-10-30T21:08:16.818+0000] {processor.py:161} INFO - Started process (PID=310) to work on /home/airflow/.local/lib/python3.12/site-packages/airflow/example_dags/example_branch_operator.py
[2025-10-30T21:08:16.822+0000] {processor.py:830} INFO - Processing file /home/airflow/.local/lib/python3.12/site-packages/airflow/example_dags/example_branch_operator.py for tasks to queue
[2025-10-30T21:08:16.827+0000] {logging_mixin.py:188} INFO - [2025-10-30T21:08:16.826+0000] {dagbag.py:545} INFO - Filling up the DagBag from /home/airflow/.local/lib/python3.12/site-packages/airflow/example_dags/example_branch_operator.py
[2025-10-30T21:08:16.899+0000] {processor.py:840} INFO - DAG(s) 'example_branch_operator' retrieved from /home/airflow/.local/lib/python3.12/site-packages/airflow/example_dags/example_branch_operator.py
[2025-10-30T21:08:16.967+0000] {logging_mixin.py:188} INFO - [2025-10-30T21:08:16.967+0000] {dag.py:3096} INFO - Sync 1 DAGs
[2025-10-30T21:08:17.031+0000] {logging_mixin.py:188} INFO - [2025-10-30T21:08:17.031+0000] {dag.py:3954} INFO - Setting next_dagrun for example_branch_operator to 2025-10-29 00:00:00+00:00, run_after=2025-10-30 00:00:00+00:00
[2025-10-30T21:08:17.056+0000] {processor.py:183} INFO - Processing /home/airflow/.local/lib/python3.12/site-packages/airflow/example_dags/example_branch_operator.py took 0.256 seconds
[2025-10-30T21:08:47.571+0000] {processor.py:161} INFO - Started process (PID=370) to work on /home/airflow/.local/lib/python3.12/site-packages/airflow/example_dags/example_branch_operator.py
[2025-10-30T21:08:47.577+0000] {processor.py:830} INFO - Processing file /home/airflow/.local/lib/python3.12/site-packages/airflow/example_dags/example_branch_operator.py for tasks to queue
[2025-10-30T21:08:47.583+0000] {logging_mixin.py:188} INFO - [2025-10-30T21:08:47.581+0000] {dagbag.py:545} INFO - Filling up the DagBag from /home/airflow/.local/lib/python3.12/site-packages/airflow/example_dags/example_branch_operator.py
[2025-10-30T21:08:47.781+0000] {processor.py:840} INFO - DAG(s) 'example_branch_operator' retrieved from /home/airflow/.local/lib/python3.12/site-packages/airflow/example_dags/example_branch_operator.py
[2025-10-30T21:08:48.525+0000] {logging_mixin.py:188} INFO - [2025-10-30T21:08:48.507+0000] {dag.py:3096} INFO - Sync 1 DAGs
[2025-10-30T21:08:48.752+0000] {logging_mixin.py:188} INFO - [2025-10-30T21:08:48.747+0000] {dag.py:3954} INFO - Setting next_dagrun for example_branch_operator to 2025-10-29 00:00:00+00:00, run_after=2025-10-30 00:00:00+00:00
[2025-10-30T21:08:49.087+0000] {processor.py:183} INFO - Processing /home/airflow/.local/lib/python3.12/site-packages/airflow/example_dags/example_branch_operator.py took 1.546 seconds
[2025-10-30T21:09:22.523+0000] {processor.py:161} INFO - Started process (PID=427) to work on /home/airflow/.local/lib/python3.12/site-packages/airflow/example_dags/example_branch_operator.py
[2025-10-30T21:09:22.557+0000] {processor.py:830} INFO - Processing file /home/airflow/.local/lib/python3.12/site-packages/airflow/example_dags/example_branch_operator.py for tasks to queue
[2025-10-30T21:09:22.575+0000] {logging_mixin.py:188} INFO - [2025-10-30T21:09:22.574+0000] {dagbag.py:545} INFO - Filling up the DagBag from /home/airflow/.local/lib/python3.12/site-packages/airflow/example_dags/example_branch_operator.py
[2025-10-30T21:09:22.708+0000] {processor.py:840} INFO - DAG(s) 'example_branch_operator' retrieved from /home/airflow/.local/lib/python3.12/site-packages/airflow/example_dags/example_branch_operator.py
[2025-10-30T21:09:22.826+0000] {logging_mixin.py:188} INFO - [2025-10-30T21:09:22.824+0000] {dag.py:3096} INFO - Sync 1 DAGs
[2025-10-30T21:09:23.008+0000] {logging_mixin.py:188} INFO - [2025-10-30T21:09:23.008+0000] {dag.py:3954} INFO - Setting next_dagrun for example_branch_operator to 2025-10-29 00:00:00+00:00, run_after=2025-10-30 00:00:00+00:00
[2025-10-30T21:09:23.089+0000] {processor.py:183} INFO - Processing /home/airflow/.local/lib/python3.12/site-packages/airflow/example_dags/example_branch_operator.py took 0.607 seconds
