[2025-10-30T20:29:32.118+0000] {processor.py:161} INFO - Started process (PID=63) to work on /home/airflow/.local/lib/python3.12/site-packages/airflow/example_dags/example_sensors.py
[2025-10-30T20:29:32.120+0000] {processor.py:830} INFO - Processing file /home/airflow/.local/lib/python3.12/site-packages/airflow/example_dags/example_sensors.py for tasks to queue
[2025-10-30T20:29:32.125+0000] {logging_mixin.py:188} INFO - [2025-10-30T20:29:32.124+0000] {dagbag.py:545} INFO - Filling up the DagBag from /home/airflow/.local/lib/python3.12/site-packages/airflow/example_dags/example_sensors.py
[2025-10-30T20:29:32.238+0000] {processor.py:840} INFO - DAG(s) 'example_sensors' retrieved from /home/airflow/.local/lib/python3.12/site-packages/airflow/example_dags/example_sensors.py
[2025-10-30T20:29:33.263+0000] {logging_mixin.py:188} INFO - [2025-10-30T20:29:33.258+0000] {dag.py:3096} INFO - Sync 1 DAGs
[2025-10-30T20:29:33.366+0000] {logging_mixin.py:188} INFO - [2025-10-30T20:29:33.366+0000] {dag.py:3954} INFO - Setting next_dagrun for example_sensors to None, run_after=None
[2025-10-30T20:29:33.481+0000] {processor.py:183} INFO - Processing /home/airflow/.local/lib/python3.12/site-packages/airflow/example_dags/example_sensors.py took 1.378 seconds
[2025-10-30T20:30:03.708+0000] {processor.py:161} INFO - Started process (PID=126) to work on /home/airflow/.local/lib/python3.12/site-packages/airflow/example_dags/example_sensors.py
[2025-10-30T20:30:03.710+0000] {processor.py:830} INFO - Processing file /home/airflow/.local/lib/python3.12/site-packages/airflow/example_dags/example_sensors.py for tasks to queue
[2025-10-30T20:30:03.712+0000] {logging_mixin.py:188} INFO - [2025-10-30T20:30:03.712+0000] {dagbag.py:545} INFO - Filling up the DagBag from /home/airflow/.local/lib/python3.12/site-packages/airflow/example_dags/example_sensors.py
[2025-10-30T20:30:03.727+0000] {processor.py:840} INFO - DAG(s) 'example_sensors' retrieved from /home/airflow/.local/lib/python3.12/site-packages/airflow/example_dags/example_sensors.py
[2025-10-30T20:30:03.762+0000] {logging_mixin.py:188} INFO - [2025-10-30T20:30:03.761+0000] {dag.py:3096} INFO - Sync 1 DAGs
[2025-10-30T20:30:03.783+0000] {logging_mixin.py:188} INFO - [2025-10-30T20:30:03.782+0000] {dag.py:3954} INFO - Setting next_dagrun for example_sensors to None, run_after=None
[2025-10-30T20:30:03.805+0000] {processor.py:183} INFO - Processing /home/airflow/.local/lib/python3.12/site-packages/airflow/example_dags/example_sensors.py took 0.106 seconds
[2025-10-30T20:30:34.575+0000] {processor.py:161} INFO - Started process (PID=185) to work on /home/airflow/.local/lib/python3.12/site-packages/airflow/example_dags/example_sensors.py
[2025-10-30T20:30:34.576+0000] {processor.py:830} INFO - Processing file /home/airflow/.local/lib/python3.12/site-packages/airflow/example_dags/example_sensors.py for tasks to queue
[2025-10-30T20:30:34.580+0000] {logging_mixin.py:188} INFO - [2025-10-30T20:30:34.579+0000] {dagbag.py:545} INFO - Filling up the DagBag from /home/airflow/.local/lib/python3.12/site-packages/airflow/example_dags/example_sensors.py
[2025-10-30T20:30:34.595+0000] {processor.py:840} INFO - DAG(s) 'example_sensors' retrieved from /home/airflow/.local/lib/python3.12/site-packages/airflow/example_dags/example_sensors.py
[2025-10-30T20:30:34.642+0000] {logging_mixin.py:188} INFO - [2025-10-30T20:30:34.642+0000] {dag.py:3096} INFO - Sync 1 DAGs
[2025-10-30T20:30:34.665+0000] {logging_mixin.py:188} INFO - [2025-10-30T20:30:34.664+0000] {dag.py:3954} INFO - Setting next_dagrun for example_sensors to None, run_after=None
[2025-10-30T20:30:34.692+0000] {processor.py:183} INFO - Processing /home/airflow/.local/lib/python3.12/site-packages/airflow/example_dags/example_sensors.py took 0.126 seconds
[2025-10-30T20:31:05.345+0000] {processor.py:161} INFO - Started process (PID=243) to work on /home/airflow/.local/lib/python3.12/site-packages/airflow/example_dags/example_sensors.py
[2025-10-30T20:31:05.348+0000] {processor.py:830} INFO - Processing file /home/airflow/.local/lib/python3.12/site-packages/airflow/example_dags/example_sensors.py for tasks to queue
[2025-10-30T20:31:05.358+0000] {logging_mixin.py:188} INFO - [2025-10-30T20:31:05.357+0000] {dagbag.py:545} INFO - Filling up the DagBag from /home/airflow/.local/lib/python3.12/site-packages/airflow/example_dags/example_sensors.py
[2025-10-30T20:31:05.494+0000] {processor.py:840} INFO - DAG(s) 'example_sensors' retrieved from /home/airflow/.local/lib/python3.12/site-packages/airflow/example_dags/example_sensors.py
[2025-10-30T20:31:05.622+0000] {logging_mixin.py:188} INFO - [2025-10-30T20:31:05.621+0000] {dag.py:3096} INFO - Sync 1 DAGs
[2025-10-30T20:31:05.684+0000] {logging_mixin.py:188} INFO - [2025-10-30T20:31:05.684+0000] {dag.py:3954} INFO - Setting next_dagrun for example_sensors to None, run_after=None
[2025-10-30T20:31:05.761+0000] {processor.py:183} INFO - Processing /home/airflow/.local/lib/python3.12/site-packages/airflow/example_dags/example_sensors.py took 0.431 seconds
[2025-10-30T20:31:36.069+0000] {processor.py:161} INFO - Started process (PID=301) to work on /home/airflow/.local/lib/python3.12/site-packages/airflow/example_dags/example_sensors.py
[2025-10-30T20:31:36.071+0000] {processor.py:830} INFO - Processing file /home/airflow/.local/lib/python3.12/site-packages/airflow/example_dags/example_sensors.py for tasks to queue
[2025-10-30T20:31:36.074+0000] {logging_mixin.py:188} INFO - [2025-10-30T20:31:36.073+0000] {dagbag.py:545} INFO - Filling up the DagBag from /home/airflow/.local/lib/python3.12/site-packages/airflow/example_dags/example_sensors.py
[2025-10-30T20:31:36.089+0000] {processor.py:840} INFO - DAG(s) 'example_sensors' retrieved from /home/airflow/.local/lib/python3.12/site-packages/airflow/example_dags/example_sensors.py
[2025-10-30T20:31:36.123+0000] {logging_mixin.py:188} INFO - [2025-10-30T20:31:36.123+0000] {dag.py:3096} INFO - Sync 1 DAGs
[2025-10-30T20:31:36.141+0000] {logging_mixin.py:188} INFO - [2025-10-30T20:31:36.140+0000] {dag.py:3954} INFO - Setting next_dagrun for example_sensors to None, run_after=None
[2025-10-30T20:31:36.168+0000] {processor.py:183} INFO - Processing /home/airflow/.local/lib/python3.12/site-packages/airflow/example_dags/example_sensors.py took 0.107 seconds
[2025-10-30T20:32:06.471+0000] {processor.py:161} INFO - Started process (PID=359) to work on /home/airflow/.local/lib/python3.12/site-packages/airflow/example_dags/example_sensors.py
[2025-10-30T20:32:06.473+0000] {processor.py:830} INFO - Processing file /home/airflow/.local/lib/python3.12/site-packages/airflow/example_dags/example_sensors.py for tasks to queue
[2025-10-30T20:32:06.477+0000] {logging_mixin.py:188} INFO - [2025-10-30T20:32:06.476+0000] {dagbag.py:545} INFO - Filling up the DagBag from /home/airflow/.local/lib/python3.12/site-packages/airflow/example_dags/example_sensors.py
[2025-10-30T20:32:06.496+0000] {processor.py:840} INFO - DAG(s) 'example_sensors' retrieved from /home/airflow/.local/lib/python3.12/site-packages/airflow/example_dags/example_sensors.py
[2025-10-30T20:32:06.557+0000] {logging_mixin.py:188} INFO - [2025-10-30T20:32:06.556+0000] {dag.py:3096} INFO - Sync 1 DAGs
[2025-10-30T20:32:06.586+0000] {logging_mixin.py:188} INFO - [2025-10-30T20:32:06.586+0000] {dag.py:3954} INFO - Setting next_dagrun for example_sensors to None, run_after=None
[2025-10-30T20:32:06.629+0000] {processor.py:183} INFO - Processing /home/airflow/.local/lib/python3.12/site-packages/airflow/example_dags/example_sensors.py took 0.169 seconds
[2025-10-30T20:32:36.778+0000] {processor.py:161} INFO - Started process (PID=417) to work on /home/airflow/.local/lib/python3.12/site-packages/airflow/example_dags/example_sensors.py
[2025-10-30T20:32:36.780+0000] {processor.py:830} INFO - Processing file /home/airflow/.local/lib/python3.12/site-packages/airflow/example_dags/example_sensors.py for tasks to queue
[2025-10-30T20:32:36.782+0000] {logging_mixin.py:188} INFO - [2025-10-30T20:32:36.782+0000] {dagbag.py:545} INFO - Filling up the DagBag from /home/airflow/.local/lib/python3.12/site-packages/airflow/example_dags/example_sensors.py
[2025-10-30T20:32:36.795+0000] {processor.py:840} INFO - DAG(s) 'example_sensors' retrieved from /home/airflow/.local/lib/python3.12/site-packages/airflow/example_dags/example_sensors.py
[2025-10-30T20:32:36.832+0000] {logging_mixin.py:188} INFO - [2025-10-30T20:32:36.832+0000] {dag.py:3096} INFO - Sync 1 DAGs
[2025-10-30T20:32:36.848+0000] {logging_mixin.py:188} INFO - [2025-10-30T20:32:36.848+0000] {dag.py:3954} INFO - Setting next_dagrun for example_sensors to None, run_after=None
[2025-10-30T20:32:36.873+0000] {processor.py:183} INFO - Processing /home/airflow/.local/lib/python3.12/site-packages/airflow/example_dags/example_sensors.py took 0.103 seconds
[2025-10-30T20:33:07.770+0000] {processor.py:161} INFO - Started process (PID=475) to work on /home/airflow/.local/lib/python3.12/site-packages/airflow/example_dags/example_sensors.py
[2025-10-30T20:33:07.772+0000] {processor.py:830} INFO - Processing file /home/airflow/.local/lib/python3.12/site-packages/airflow/example_dags/example_sensors.py for tasks to queue
[2025-10-30T20:33:07.776+0000] {logging_mixin.py:188} INFO - [2025-10-30T20:33:07.776+0000] {dagbag.py:545} INFO - Filling up the DagBag from /home/airflow/.local/lib/python3.12/site-packages/airflow/example_dags/example_sensors.py
[2025-10-30T20:33:07.791+0000] {processor.py:840} INFO - DAG(s) 'example_sensors' retrieved from /home/airflow/.local/lib/python3.12/site-packages/airflow/example_dags/example_sensors.py
[2025-10-30T20:33:07.830+0000] {logging_mixin.py:188} INFO - [2025-10-30T20:33:07.830+0000] {dag.py:3096} INFO - Sync 1 DAGs
[2025-10-30T20:33:07.846+0000] {logging_mixin.py:188} INFO - [2025-10-30T20:33:07.846+0000] {dag.py:3954} INFO - Setting next_dagrun for example_sensors to None, run_after=None
[2025-10-30T20:33:07.875+0000] {processor.py:183} INFO - Processing /home/airflow/.local/lib/python3.12/site-packages/airflow/example_dags/example_sensors.py took 0.115 seconds
[2025-10-30T20:33:37.935+0000] {processor.py:161} INFO - Started process (PID=533) to work on /home/airflow/.local/lib/python3.12/site-packages/airflow/example_dags/example_sensors.py
[2025-10-30T20:33:37.937+0000] {processor.py:830} INFO - Processing file /home/airflow/.local/lib/python3.12/site-packages/airflow/example_dags/example_sensors.py for tasks to queue
[2025-10-30T20:33:37.940+0000] {logging_mixin.py:188} INFO - [2025-10-30T20:33:37.939+0000] {dagbag.py:545} INFO - Filling up the DagBag from /home/airflow/.local/lib/python3.12/site-packages/airflow/example_dags/example_sensors.py
[2025-10-30T20:33:37.953+0000] {processor.py:840} INFO - DAG(s) 'example_sensors' retrieved from /home/airflow/.local/lib/python3.12/site-packages/airflow/example_dags/example_sensors.py
[2025-10-30T20:33:37.989+0000] {logging_mixin.py:188} INFO - [2025-10-30T20:33:37.989+0000] {dag.py:3096} INFO - Sync 1 DAGs
[2025-10-30T20:33:38.005+0000] {logging_mixin.py:188} INFO - [2025-10-30T20:33:38.004+0000] {dag.py:3954} INFO - Setting next_dagrun for example_sensors to None, run_after=None
[2025-10-30T20:33:38.028+0000] {processor.py:183} INFO - Processing /home/airflow/.local/lib/python3.12/site-packages/airflow/example_dags/example_sensors.py took 0.103 seconds
[2025-10-30T20:34:08.202+0000] {processor.py:161} INFO - Started process (PID=591) to work on /home/airflow/.local/lib/python3.12/site-packages/airflow/example_dags/example_sensors.py
[2025-10-30T20:34:08.203+0000] {processor.py:830} INFO - Processing file /home/airflow/.local/lib/python3.12/site-packages/airflow/example_dags/example_sensors.py for tasks to queue
[2025-10-30T20:34:08.205+0000] {logging_mixin.py:188} INFO - [2025-10-30T20:34:08.205+0000] {dagbag.py:545} INFO - Filling up the DagBag from /home/airflow/.local/lib/python3.12/site-packages/airflow/example_dags/example_sensors.py
[2025-10-30T20:34:08.218+0000] {processor.py:840} INFO - DAG(s) 'example_sensors' retrieved from /home/airflow/.local/lib/python3.12/site-packages/airflow/example_dags/example_sensors.py
[2025-10-30T20:34:08.257+0000] {logging_mixin.py:188} INFO - [2025-10-30T20:34:08.257+0000] {dag.py:3096} INFO - Sync 1 DAGs
[2025-10-30T20:34:08.275+0000] {logging_mixin.py:188} INFO - [2025-10-30T20:34:08.275+0000] {dag.py:3954} INFO - Setting next_dagrun for example_sensors to None, run_after=None
[2025-10-30T20:34:08.304+0000] {processor.py:183} INFO - Processing /home/airflow/.local/lib/python3.12/site-packages/airflow/example_dags/example_sensors.py took 0.109 seconds
[2025-10-30T20:34:38.787+0000] {processor.py:161} INFO - Started process (PID=649) to work on /home/airflow/.local/lib/python3.12/site-packages/airflow/example_dags/example_sensors.py
[2025-10-30T20:34:38.789+0000] {processor.py:830} INFO - Processing file /home/airflow/.local/lib/python3.12/site-packages/airflow/example_dags/example_sensors.py for tasks to queue
[2025-10-30T20:34:38.792+0000] {logging_mixin.py:188} INFO - [2025-10-30T20:34:38.791+0000] {dagbag.py:545} INFO - Filling up the DagBag from /home/airflow/.local/lib/python3.12/site-packages/airflow/example_dags/example_sensors.py
[2025-10-30T20:34:38.803+0000] {processor.py:840} INFO - DAG(s) 'example_sensors' retrieved from /home/airflow/.local/lib/python3.12/site-packages/airflow/example_dags/example_sensors.py
[2025-10-30T20:34:38.841+0000] {logging_mixin.py:188} INFO - [2025-10-30T20:34:38.841+0000] {dag.py:3096} INFO - Sync 1 DAGs
[2025-10-30T20:34:38.859+0000] {logging_mixin.py:188} INFO - [2025-10-30T20:34:38.859+0000] {dag.py:3954} INFO - Setting next_dagrun for example_sensors to None, run_after=None
[2025-10-30T20:34:38.886+0000] {processor.py:183} INFO - Processing /home/airflow/.local/lib/python3.12/site-packages/airflow/example_dags/example_sensors.py took 0.106 seconds
[2025-10-30T20:35:09.279+0000] {processor.py:161} INFO - Started process (PID=707) to work on /home/airflow/.local/lib/python3.12/site-packages/airflow/example_dags/example_sensors.py
[2025-10-30T20:35:09.280+0000] {processor.py:830} INFO - Processing file /home/airflow/.local/lib/python3.12/site-packages/airflow/example_dags/example_sensors.py for tasks to queue
[2025-10-30T20:35:09.283+0000] {logging_mixin.py:188} INFO - [2025-10-30T20:35:09.282+0000] {dagbag.py:545} INFO - Filling up the DagBag from /home/airflow/.local/lib/python3.12/site-packages/airflow/example_dags/example_sensors.py
[2025-10-30T20:35:09.298+0000] {processor.py:840} INFO - DAG(s) 'example_sensors' retrieved from /home/airflow/.local/lib/python3.12/site-packages/airflow/example_dags/example_sensors.py
[2025-10-30T20:35:09.334+0000] {logging_mixin.py:188} INFO - [2025-10-30T20:35:09.333+0000] {dag.py:3096} INFO - Sync 1 DAGs
[2025-10-30T20:35:09.350+0000] {logging_mixin.py:188} INFO - [2025-10-30T20:35:09.349+0000] {dag.py:3954} INFO - Setting next_dagrun for example_sensors to None, run_after=None
[2025-10-30T20:35:09.374+0000] {processor.py:183} INFO - Processing /home/airflow/.local/lib/python3.12/site-packages/airflow/example_dags/example_sensors.py took 0.105 seconds
[2025-10-30T20:35:39.769+0000] {processor.py:161} INFO - Started process (PID=765) to work on /home/airflow/.local/lib/python3.12/site-packages/airflow/example_dags/example_sensors.py
[2025-10-30T20:35:39.771+0000] {processor.py:830} INFO - Processing file /home/airflow/.local/lib/python3.12/site-packages/airflow/example_dags/example_sensors.py for tasks to queue
[2025-10-30T20:35:39.774+0000] {logging_mixin.py:188} INFO - [2025-10-30T20:35:39.773+0000] {dagbag.py:545} INFO - Filling up the DagBag from /home/airflow/.local/lib/python3.12/site-packages/airflow/example_dags/example_sensors.py
[2025-10-30T20:35:39.789+0000] {processor.py:840} INFO - DAG(s) 'example_sensors' retrieved from /home/airflow/.local/lib/python3.12/site-packages/airflow/example_dags/example_sensors.py
[2025-10-30T20:35:39.831+0000] {logging_mixin.py:188} INFO - [2025-10-30T20:35:39.831+0000] {dag.py:3096} INFO - Sync 1 DAGs
[2025-10-30T20:35:39.850+0000] {logging_mixin.py:188} INFO - [2025-10-30T20:35:39.850+0000] {dag.py:3954} INFO - Setting next_dagrun for example_sensors to None, run_after=None
[2025-10-30T20:35:39.878+0000] {processor.py:183} INFO - Processing /home/airflow/.local/lib/python3.12/site-packages/airflow/example_dags/example_sensors.py took 0.118 seconds
[2025-10-30T20:36:10.366+0000] {processor.py:161} INFO - Started process (PID=823) to work on /home/airflow/.local/lib/python3.12/site-packages/airflow/example_dags/example_sensors.py
[2025-10-30T20:36:10.367+0000] {processor.py:830} INFO - Processing file /home/airflow/.local/lib/python3.12/site-packages/airflow/example_dags/example_sensors.py for tasks to queue
[2025-10-30T20:36:10.370+0000] {logging_mixin.py:188} INFO - [2025-10-30T20:36:10.370+0000] {dagbag.py:545} INFO - Filling up the DagBag from /home/airflow/.local/lib/python3.12/site-packages/airflow/example_dags/example_sensors.py
[2025-10-30T20:36:10.383+0000] {processor.py:840} INFO - DAG(s) 'example_sensors' retrieved from /home/airflow/.local/lib/python3.12/site-packages/airflow/example_dags/example_sensors.py
[2025-10-30T20:36:10.422+0000] {logging_mixin.py:188} INFO - [2025-10-30T20:36:10.422+0000] {dag.py:3096} INFO - Sync 1 DAGs
[2025-10-30T20:36:10.440+0000] {logging_mixin.py:188} INFO - [2025-10-30T20:36:10.439+0000] {dag.py:3954} INFO - Setting next_dagrun for example_sensors to None, run_after=None
[2025-10-30T20:36:10.473+0000] {processor.py:183} INFO - Processing /home/airflow/.local/lib/python3.12/site-packages/airflow/example_dags/example_sensors.py took 0.116 seconds
[2025-10-30T20:36:40.932+0000] {processor.py:161} INFO - Started process (PID=881) to work on /home/airflow/.local/lib/python3.12/site-packages/airflow/example_dags/example_sensors.py
[2025-10-30T20:36:40.934+0000] {processor.py:830} INFO - Processing file /home/airflow/.local/lib/python3.12/site-packages/airflow/example_dags/example_sensors.py for tasks to queue
[2025-10-30T20:36:40.937+0000] {logging_mixin.py:188} INFO - [2025-10-30T20:36:40.936+0000] {dagbag.py:545} INFO - Filling up the DagBag from /home/airflow/.local/lib/python3.12/site-packages/airflow/example_dags/example_sensors.py
[2025-10-30T20:36:40.951+0000] {processor.py:840} INFO - DAG(s) 'example_sensors' retrieved from /home/airflow/.local/lib/python3.12/site-packages/airflow/example_dags/example_sensors.py
[2025-10-30T20:36:40.987+0000] {logging_mixin.py:188} INFO - [2025-10-30T20:36:40.987+0000] {dag.py:3096} INFO - Sync 1 DAGs
[2025-10-30T20:36:41.003+0000] {logging_mixin.py:188} INFO - [2025-10-30T20:36:41.003+0000] {dag.py:3954} INFO - Setting next_dagrun for example_sensors to None, run_after=None
[2025-10-30T20:36:41.028+0000] {processor.py:183} INFO - Processing /home/airflow/.local/lib/python3.12/site-packages/airflow/example_dags/example_sensors.py took 0.105 seconds
[2025-10-30T20:37:11.226+0000] {processor.py:161} INFO - Started process (PID=939) to work on /home/airflow/.local/lib/python3.12/site-packages/airflow/example_dags/example_sensors.py
[2025-10-30T20:37:11.228+0000] {processor.py:830} INFO - Processing file /home/airflow/.local/lib/python3.12/site-packages/airflow/example_dags/example_sensors.py for tasks to queue
[2025-10-30T20:37:11.232+0000] {logging_mixin.py:188} INFO - [2025-10-30T20:37:11.231+0000] {dagbag.py:545} INFO - Filling up the DagBag from /home/airflow/.local/lib/python3.12/site-packages/airflow/example_dags/example_sensors.py
[2025-10-30T20:37:11.249+0000] {processor.py:840} INFO - DAG(s) 'example_sensors' retrieved from /home/airflow/.local/lib/python3.12/site-packages/airflow/example_dags/example_sensors.py
[2025-10-30T20:37:11.284+0000] {logging_mixin.py:188} INFO - [2025-10-30T20:37:11.284+0000] {dag.py:3096} INFO - Sync 1 DAGs
[2025-10-30T20:37:11.304+0000] {logging_mixin.py:188} INFO - [2025-10-30T20:37:11.304+0000] {dag.py:3954} INFO - Setting next_dagrun for example_sensors to None, run_after=None
[2025-10-30T20:37:11.330+0000] {processor.py:183} INFO - Processing /home/airflow/.local/lib/python3.12/site-packages/airflow/example_dags/example_sensors.py took 0.116 seconds
[2025-10-30T20:37:41.774+0000] {processor.py:161} INFO - Started process (PID=997) to work on /home/airflow/.local/lib/python3.12/site-packages/airflow/example_dags/example_sensors.py
[2025-10-30T20:37:41.777+0000] {processor.py:830} INFO - Processing file /home/airflow/.local/lib/python3.12/site-packages/airflow/example_dags/example_sensors.py for tasks to queue
[2025-10-30T20:37:41.781+0000] {logging_mixin.py:188} INFO - [2025-10-30T20:37:41.780+0000] {dagbag.py:545} INFO - Filling up the DagBag from /home/airflow/.local/lib/python3.12/site-packages/airflow/example_dags/example_sensors.py
[2025-10-30T20:37:41.794+0000] {processor.py:840} INFO - DAG(s) 'example_sensors' retrieved from /home/airflow/.local/lib/python3.12/site-packages/airflow/example_dags/example_sensors.py
[2025-10-30T20:37:41.830+0000] {logging_mixin.py:188} INFO - [2025-10-30T20:37:41.829+0000] {dag.py:3096} INFO - Sync 1 DAGs
[2025-10-30T20:37:41.845+0000] {logging_mixin.py:188} INFO - [2025-10-30T20:37:41.845+0000] {dag.py:3954} INFO - Setting next_dagrun for example_sensors to None, run_after=None
[2025-10-30T20:37:41.870+0000] {processor.py:183} INFO - Processing /home/airflow/.local/lib/python3.12/site-packages/airflow/example_dags/example_sensors.py took 0.106 seconds
[2025-10-30T20:38:12.178+0000] {processor.py:161} INFO - Started process (PID=1055) to work on /home/airflow/.local/lib/python3.12/site-packages/airflow/example_dags/example_sensors.py
[2025-10-30T20:38:12.181+0000] {processor.py:830} INFO - Processing file /home/airflow/.local/lib/python3.12/site-packages/airflow/example_dags/example_sensors.py for tasks to queue
[2025-10-30T20:38:12.184+0000] {logging_mixin.py:188} INFO - [2025-10-30T20:38:12.183+0000] {dagbag.py:545} INFO - Filling up the DagBag from /home/airflow/.local/lib/python3.12/site-packages/airflow/example_dags/example_sensors.py
[2025-10-30T20:38:12.198+0000] {processor.py:840} INFO - DAG(s) 'example_sensors' retrieved from /home/airflow/.local/lib/python3.12/site-packages/airflow/example_dags/example_sensors.py
[2025-10-30T20:38:12.241+0000] {logging_mixin.py:188} INFO - [2025-10-30T20:38:12.241+0000] {dag.py:3096} INFO - Sync 1 DAGs
[2025-10-30T20:38:12.260+0000] {logging_mixin.py:188} INFO - [2025-10-30T20:38:12.260+0000] {dag.py:3954} INFO - Setting next_dagrun for example_sensors to None, run_after=None
[2025-10-30T20:38:12.294+0000] {processor.py:183} INFO - Processing /home/airflow/.local/lib/python3.12/site-packages/airflow/example_dags/example_sensors.py took 0.125 seconds
[2025-10-30T20:38:42.376+0000] {processor.py:161} INFO - Started process (PID=1113) to work on /home/airflow/.local/lib/python3.12/site-packages/airflow/example_dags/example_sensors.py
[2025-10-30T20:38:42.378+0000] {processor.py:830} INFO - Processing file /home/airflow/.local/lib/python3.12/site-packages/airflow/example_dags/example_sensors.py for tasks to queue
[2025-10-30T20:38:42.380+0000] {logging_mixin.py:188} INFO - [2025-10-30T20:38:42.380+0000] {dagbag.py:545} INFO - Filling up the DagBag from /home/airflow/.local/lib/python3.12/site-packages/airflow/example_dags/example_sensors.py
[2025-10-30T20:38:42.392+0000] {processor.py:840} INFO - DAG(s) 'example_sensors' retrieved from /home/airflow/.local/lib/python3.12/site-packages/airflow/example_dags/example_sensors.py
[2025-10-30T20:38:42.427+0000] {logging_mixin.py:188} INFO - [2025-10-30T20:38:42.426+0000] {dag.py:3096} INFO - Sync 1 DAGs
[2025-10-30T20:38:42.442+0000] {logging_mixin.py:188} INFO - [2025-10-30T20:38:42.442+0000] {dag.py:3954} INFO - Setting next_dagrun for example_sensors to None, run_after=None
[2025-10-30T20:38:42.467+0000] {processor.py:183} INFO - Processing /home/airflow/.local/lib/python3.12/site-packages/airflow/example_dags/example_sensors.py took 0.101 seconds
[2025-10-30T20:39:12.532+0000] {processor.py:161} INFO - Started process (PID=1172) to work on /home/airflow/.local/lib/python3.12/site-packages/airflow/example_dags/example_sensors.py
[2025-10-30T20:39:12.535+0000] {processor.py:830} INFO - Processing file /home/airflow/.local/lib/python3.12/site-packages/airflow/example_dags/example_sensors.py for tasks to queue
[2025-10-30T20:39:12.538+0000] {logging_mixin.py:188} INFO - [2025-10-30T20:39:12.538+0000] {dagbag.py:545} INFO - Filling up the DagBag from /home/airflow/.local/lib/python3.12/site-packages/airflow/example_dags/example_sensors.py
[2025-10-30T20:39:12.558+0000] {processor.py:840} INFO - DAG(s) 'example_sensors' retrieved from /home/airflow/.local/lib/python3.12/site-packages/airflow/example_dags/example_sensors.py
[2025-10-30T20:39:12.598+0000] {logging_mixin.py:188} INFO - [2025-10-30T20:39:12.598+0000] {dag.py:3096} INFO - Sync 1 DAGs
[2025-10-30T20:39:12.616+0000] {logging_mixin.py:188} INFO - [2025-10-30T20:39:12.615+0000] {dag.py:3954} INFO - Setting next_dagrun for example_sensors to None, run_after=None
[2025-10-30T20:39:12.644+0000] {processor.py:183} INFO - Processing /home/airflow/.local/lib/python3.12/site-packages/airflow/example_dags/example_sensors.py took 0.122 seconds
[2025-10-30T20:39:43.592+0000] {processor.py:161} INFO - Started process (PID=1230) to work on /home/airflow/.local/lib/python3.12/site-packages/airflow/example_dags/example_sensors.py
[2025-10-30T20:39:43.602+0000] {processor.py:830} INFO - Processing file /home/airflow/.local/lib/python3.12/site-packages/airflow/example_dags/example_sensors.py for tasks to queue
[2025-10-30T20:39:43.628+0000] {logging_mixin.py:188} INFO - [2025-10-30T20:39:43.622+0000] {dagbag.py:545} INFO - Filling up the DagBag from /home/airflow/.local/lib/python3.12/site-packages/airflow/example_dags/example_sensors.py
[2025-10-30T20:39:43.699+0000] {processor.py:840} INFO - DAG(s) 'example_sensors' retrieved from /home/airflow/.local/lib/python3.12/site-packages/airflow/example_dags/example_sensors.py
[2025-10-30T20:39:43.772+0000] {logging_mixin.py:188} INFO - [2025-10-30T20:39:43.772+0000] {dag.py:3096} INFO - Sync 1 DAGs
[2025-10-30T20:39:44.355+0000] {logging_mixin.py:188} INFO - [2025-10-30T20:39:44.354+0000] {dag.py:3954} INFO - Setting next_dagrun for example_sensors to None, run_after=None
[2025-10-30T20:39:44.421+0000] {processor.py:183} INFO - Processing /home/airflow/.local/lib/python3.12/site-packages/airflow/example_dags/example_sensors.py took 0.890 seconds
[2025-10-30T20:40:14.579+0000] {processor.py:161} INFO - Started process (PID=1286) to work on /home/airflow/.local/lib/python3.12/site-packages/airflow/example_dags/example_sensors.py
[2025-10-30T20:40:14.580+0000] {processor.py:830} INFO - Processing file /home/airflow/.local/lib/python3.12/site-packages/airflow/example_dags/example_sensors.py for tasks to queue
[2025-10-30T20:40:14.584+0000] {logging_mixin.py:188} INFO - [2025-10-30T20:40:14.583+0000] {dagbag.py:545} INFO - Filling up the DagBag from /home/airflow/.local/lib/python3.12/site-packages/airflow/example_dags/example_sensors.py
[2025-10-30T20:40:14.602+0000] {processor.py:840} INFO - DAG(s) 'example_sensors' retrieved from /home/airflow/.local/lib/python3.12/site-packages/airflow/example_dags/example_sensors.py
[2025-10-30T20:40:14.643+0000] {logging_mixin.py:188} INFO - [2025-10-30T20:40:14.643+0000] {dag.py:3096} INFO - Sync 1 DAGs
[2025-10-30T20:40:14.660+0000] {logging_mixin.py:188} INFO - [2025-10-30T20:40:14.660+0000] {dag.py:3954} INFO - Setting next_dagrun for example_sensors to None, run_after=None
[2025-10-30T20:40:14.692+0000] {processor.py:183} INFO - Processing /home/airflow/.local/lib/python3.12/site-packages/airflow/example_dags/example_sensors.py took 0.124 seconds
[2025-10-30T20:40:45.669+0000] {processor.py:161} INFO - Started process (PID=1344) to work on /home/airflow/.local/lib/python3.12/site-packages/airflow/example_dags/example_sensors.py
[2025-10-30T20:40:45.677+0000] {processor.py:830} INFO - Processing file /home/airflow/.local/lib/python3.12/site-packages/airflow/example_dags/example_sensors.py for tasks to queue
[2025-10-30T20:40:45.684+0000] {logging_mixin.py:188} INFO - [2025-10-30T20:40:45.681+0000] {dagbag.py:545} INFO - Filling up the DagBag from /home/airflow/.local/lib/python3.12/site-packages/airflow/example_dags/example_sensors.py
[2025-10-30T20:40:45.715+0000] {processor.py:840} INFO - DAG(s) 'example_sensors' retrieved from /home/airflow/.local/lib/python3.12/site-packages/airflow/example_dags/example_sensors.py
[2025-10-30T20:40:45.786+0000] {logging_mixin.py:188} INFO - [2025-10-30T20:40:45.786+0000] {dag.py:3096} INFO - Sync 1 DAGs
[2025-10-30T20:40:45.812+0000] {logging_mixin.py:188} INFO - [2025-10-30T20:40:45.812+0000] {dag.py:3954} INFO - Setting next_dagrun for example_sensors to None, run_after=None
[2025-10-30T20:40:45.850+0000] {processor.py:183} INFO - Processing /home/airflow/.local/lib/python3.12/site-packages/airflow/example_dags/example_sensors.py took 0.211 seconds
[2025-10-30T20:41:16.125+0000] {processor.py:161} INFO - Started process (PID=1402) to work on /home/airflow/.local/lib/python3.12/site-packages/airflow/example_dags/example_sensors.py
[2025-10-30T20:41:16.127+0000] {processor.py:830} INFO - Processing file /home/airflow/.local/lib/python3.12/site-packages/airflow/example_dags/example_sensors.py for tasks to queue
[2025-10-30T20:41:16.130+0000] {logging_mixin.py:188} INFO - [2025-10-30T20:41:16.129+0000] {dagbag.py:545} INFO - Filling up the DagBag from /home/airflow/.local/lib/python3.12/site-packages/airflow/example_dags/example_sensors.py
[2025-10-30T20:41:16.142+0000] {processor.py:840} INFO - DAG(s) 'example_sensors' retrieved from /home/airflow/.local/lib/python3.12/site-packages/airflow/example_dags/example_sensors.py
[2025-10-30T20:41:16.174+0000] {logging_mixin.py:188} INFO - [2025-10-30T20:41:16.174+0000] {dag.py:3096} INFO - Sync 1 DAGs
[2025-10-30T20:41:16.190+0000] {logging_mixin.py:188} INFO - [2025-10-30T20:41:16.190+0000] {dag.py:3954} INFO - Setting next_dagrun for example_sensors to None, run_after=None
[2025-10-30T20:41:16.214+0000] {processor.py:183} INFO - Processing /home/airflow/.local/lib/python3.12/site-packages/airflow/example_dags/example_sensors.py took 0.100 seconds
[2025-10-30T20:41:46.256+0000] {processor.py:161} INFO - Started process (PID=1459) to work on /home/airflow/.local/lib/python3.12/site-packages/airflow/example_dags/example_sensors.py
[2025-10-30T20:41:46.258+0000] {processor.py:830} INFO - Processing file /home/airflow/.local/lib/python3.12/site-packages/airflow/example_dags/example_sensors.py for tasks to queue
[2025-10-30T20:41:46.261+0000] {logging_mixin.py:188} INFO - [2025-10-30T20:41:46.260+0000] {dagbag.py:545} INFO - Filling up the DagBag from /home/airflow/.local/lib/python3.12/site-packages/airflow/example_dags/example_sensors.py
[2025-10-30T20:41:46.289+0000] {processor.py:840} INFO - DAG(s) 'example_sensors' retrieved from /home/airflow/.local/lib/python3.12/site-packages/airflow/example_dags/example_sensors.py
[2025-10-30T20:41:46.343+0000] {logging_mixin.py:188} INFO - [2025-10-30T20:41:46.343+0000] {dag.py:3096} INFO - Sync 1 DAGs
[2025-10-30T20:41:46.381+0000] {logging_mixin.py:188} INFO - [2025-10-30T20:41:46.380+0000] {dag.py:3954} INFO - Setting next_dagrun for example_sensors to None, run_after=None
[2025-10-30T20:41:46.406+0000] {processor.py:183} INFO - Processing /home/airflow/.local/lib/python3.12/site-packages/airflow/example_dags/example_sensors.py took 0.160 seconds
[2025-10-30T20:42:17.368+0000] {processor.py:161} INFO - Started process (PID=1517) to work on /home/airflow/.local/lib/python3.12/site-packages/airflow/example_dags/example_sensors.py
[2025-10-30T20:42:17.369+0000] {processor.py:830} INFO - Processing file /home/airflow/.local/lib/python3.12/site-packages/airflow/example_dags/example_sensors.py for tasks to queue
[2025-10-30T20:42:17.372+0000] {logging_mixin.py:188} INFO - [2025-10-30T20:42:17.371+0000] {dagbag.py:545} INFO - Filling up the DagBag from /home/airflow/.local/lib/python3.12/site-packages/airflow/example_dags/example_sensors.py
[2025-10-30T20:42:17.391+0000] {processor.py:840} INFO - DAG(s) 'example_sensors' retrieved from /home/airflow/.local/lib/python3.12/site-packages/airflow/example_dags/example_sensors.py
[2025-10-30T20:42:17.435+0000] {logging_mixin.py:188} INFO - [2025-10-30T20:42:17.435+0000] {dag.py:3096} INFO - Sync 1 DAGs
[2025-10-30T20:42:17.640+0000] {logging_mixin.py:188} INFO - [2025-10-30T20:42:17.639+0000] {dag.py:3954} INFO - Setting next_dagrun for example_sensors to None, run_after=None
[2025-10-30T20:42:17.664+0000] {processor.py:183} INFO - Processing /home/airflow/.local/lib/python3.12/site-packages/airflow/example_dags/example_sensors.py took 0.305 seconds
[2025-10-30T21:06:12.094+0000] {processor.py:161} INFO - Started process (PID=70) to work on /home/airflow/.local/lib/python3.12/site-packages/airflow/example_dags/example_sensors.py
[2025-10-30T21:06:12.098+0000] {processor.py:830} INFO - Processing file /home/airflow/.local/lib/python3.12/site-packages/airflow/example_dags/example_sensors.py for tasks to queue
[2025-10-30T21:06:12.102+0000] {logging_mixin.py:188} INFO - [2025-10-30T21:06:12.101+0000] {dagbag.py:545} INFO - Filling up the DagBag from /home/airflow/.local/lib/python3.12/site-packages/airflow/example_dags/example_sensors.py
[2025-10-30T21:06:12.128+0000] {processor.py:840} INFO - DAG(s) 'example_sensors' retrieved from /home/airflow/.local/lib/python3.12/site-packages/airflow/example_dags/example_sensors.py
[2025-10-30T21:06:12.940+0000] {logging_mixin.py:188} INFO - [2025-10-30T21:06:12.939+0000] {dag.py:3096} INFO - Sync 1 DAGs
[2025-10-30T21:06:12.973+0000] {logging_mixin.py:188} INFO - [2025-10-30T21:06:12.973+0000] {dag.py:3954} INFO - Setting next_dagrun for example_sensors to None, run_after=None
[2025-10-30T21:06:13.119+0000] {processor.py:183} INFO - Processing /home/airflow/.local/lib/python3.12/site-packages/airflow/example_dags/example_sensors.py took 1.037 seconds
[2025-10-30T21:06:43.521+0000] {processor.py:161} INFO - Started process (PID=129) to work on /home/airflow/.local/lib/python3.12/site-packages/airflow/example_dags/example_sensors.py
[2025-10-30T21:06:43.530+0000] {processor.py:830} INFO - Processing file /home/airflow/.local/lib/python3.12/site-packages/airflow/example_dags/example_sensors.py for tasks to queue
[2025-10-30T21:06:43.539+0000] {logging_mixin.py:188} INFO - [2025-10-30T21:06:43.538+0000] {dagbag.py:545} INFO - Filling up the DagBag from /home/airflow/.local/lib/python3.12/site-packages/airflow/example_dags/example_sensors.py
[2025-10-30T21:06:43.581+0000] {processor.py:840} INFO - DAG(s) 'example_sensors' retrieved from /home/airflow/.local/lib/python3.12/site-packages/airflow/example_dags/example_sensors.py
[2025-10-30T21:06:43.675+0000] {logging_mixin.py:188} INFO - [2025-10-30T21:06:43.674+0000] {dag.py:3096} INFO - Sync 1 DAGs
[2025-10-30T21:06:43.708+0000] {logging_mixin.py:188} INFO - [2025-10-30T21:06:43.708+0000] {dag.py:3954} INFO - Setting next_dagrun for example_sensors to None, run_after=None
[2025-10-30T21:06:43.762+0000] {processor.py:183} INFO - Processing /home/airflow/.local/lib/python3.12/site-packages/airflow/example_dags/example_sensors.py took 0.277 seconds
[2025-10-30T21:07:14.087+0000] {processor.py:161} INFO - Started process (PID=186) to work on /home/airflow/.local/lib/python3.12/site-packages/airflow/example_dags/example_sensors.py
[2025-10-30T21:07:14.092+0000] {processor.py:830} INFO - Processing file /home/airflow/.local/lib/python3.12/site-packages/airflow/example_dags/example_sensors.py for tasks to queue
[2025-10-30T21:07:14.096+0000] {logging_mixin.py:188} INFO - [2025-10-30T21:07:14.095+0000] {dagbag.py:545} INFO - Filling up the DagBag from /home/airflow/.local/lib/python3.12/site-packages/airflow/example_dags/example_sensors.py
[2025-10-30T21:07:14.125+0000] {processor.py:840} INFO - DAG(s) 'example_sensors' retrieved from /home/airflow/.local/lib/python3.12/site-packages/airflow/example_dags/example_sensors.py
[2025-10-30T21:07:14.242+0000] {logging_mixin.py:188} INFO - [2025-10-30T21:07:14.240+0000] {dag.py:3096} INFO - Sync 1 DAGs
[2025-10-30T21:07:14.299+0000] {logging_mixin.py:188} INFO - [2025-10-30T21:07:14.298+0000] {dag.py:3954} INFO - Setting next_dagrun for example_sensors to None, run_after=None
[2025-10-30T21:07:14.379+0000] {processor.py:183} INFO - Processing /home/airflow/.local/lib/python3.12/site-packages/airflow/example_dags/example_sensors.py took 0.304 seconds
[2025-10-30T21:07:45.014+0000] {processor.py:161} INFO - Started process (PID=249) to work on /home/airflow/.local/lib/python3.12/site-packages/airflow/example_dags/example_sensors.py
[2025-10-30T21:07:45.019+0000] {processor.py:830} INFO - Processing file /home/airflow/.local/lib/python3.12/site-packages/airflow/example_dags/example_sensors.py for tasks to queue
[2025-10-30T21:07:45.026+0000] {logging_mixin.py:188} INFO - [2025-10-30T21:07:45.025+0000] {dagbag.py:545} INFO - Filling up the DagBag from /home/airflow/.local/lib/python3.12/site-packages/airflow/example_dags/example_sensors.py
[2025-10-30T21:07:45.044+0000] {processor.py:840} INFO - DAG(s) 'example_sensors' retrieved from /home/airflow/.local/lib/python3.12/site-packages/airflow/example_dags/example_sensors.py
[2025-10-30T21:07:45.091+0000] {logging_mixin.py:188} INFO - [2025-10-30T21:07:45.091+0000] {dag.py:3096} INFO - Sync 1 DAGs
[2025-10-30T21:07:45.134+0000] {logging_mixin.py:188} INFO - [2025-10-30T21:07:45.133+0000] {dag.py:3954} INFO - Setting next_dagrun for example_sensors to None, run_after=None
[2025-10-30T21:07:45.180+0000] {processor.py:183} INFO - Processing /home/airflow/.local/lib/python3.12/site-packages/airflow/example_dags/example_sensors.py took 0.182 seconds
[2025-10-30T21:08:15.333+0000] {processor.py:161} INFO - Started process (PID=308) to work on /home/airflow/.local/lib/python3.12/site-packages/airflow/example_dags/example_sensors.py
[2025-10-30T21:08:15.340+0000] {processor.py:830} INFO - Processing file /home/airflow/.local/lib/python3.12/site-packages/airflow/example_dags/example_sensors.py for tasks to queue
[2025-10-30T21:08:15.345+0000] {logging_mixin.py:188} INFO - [2025-10-30T21:08:15.343+0000] {dagbag.py:545} INFO - Filling up the DagBag from /home/airflow/.local/lib/python3.12/site-packages/airflow/example_dags/example_sensors.py
[2025-10-30T21:08:15.375+0000] {processor.py:840} INFO - DAG(s) 'example_sensors' retrieved from /home/airflow/.local/lib/python3.12/site-packages/airflow/example_dags/example_sensors.py
[2025-10-30T21:08:15.528+0000] {logging_mixin.py:188} INFO - [2025-10-30T21:08:15.524+0000] {dag.py:3096} INFO - Sync 1 DAGs
[2025-10-30T21:08:15.590+0000] {logging_mixin.py:188} INFO - [2025-10-30T21:08:15.583+0000] {dag.py:3954} INFO - Setting next_dagrun for example_sensors to None, run_after=None
[2025-10-30T21:08:15.758+0000] {processor.py:183} INFO - Processing /home/airflow/.local/lib/python3.12/site-packages/airflow/example_dags/example_sensors.py took 0.449 seconds
[2025-10-30T21:08:46.037+0000] {processor.py:161} INFO - Started process (PID=366) to work on /home/airflow/.local/lib/python3.12/site-packages/airflow/example_dags/example_sensors.py
[2025-10-30T21:08:46.044+0000] {processor.py:830} INFO - Processing file /home/airflow/.local/lib/python3.12/site-packages/airflow/example_dags/example_sensors.py for tasks to queue
[2025-10-30T21:08:46.054+0000] {logging_mixin.py:188} INFO - [2025-10-30T21:08:46.051+0000] {dagbag.py:545} INFO - Filling up the DagBag from /home/airflow/.local/lib/python3.12/site-packages/airflow/example_dags/example_sensors.py
[2025-10-30T21:08:46.108+0000] {processor.py:840} INFO - DAG(s) 'example_sensors' retrieved from /home/airflow/.local/lib/python3.12/site-packages/airflow/example_dags/example_sensors.py
[2025-10-30T21:08:46.259+0000] {logging_mixin.py:188} INFO - [2025-10-30T21:08:46.257+0000] {dag.py:3096} INFO - Sync 1 DAGs
[2025-10-30T21:08:46.318+0000] {logging_mixin.py:188} INFO - [2025-10-30T21:08:46.317+0000] {dag.py:3954} INFO - Setting next_dagrun for example_sensors to None, run_after=None
[2025-10-30T21:08:46.410+0000] {processor.py:183} INFO - Processing /home/airflow/.local/lib/python3.12/site-packages/airflow/example_dags/example_sensors.py took 0.395 seconds
[2025-10-30T21:09:19.587+0000] {processor.py:161} INFO - Started process (PID=412) to work on /home/airflow/.local/lib/python3.12/site-packages/airflow/example_dags/example_sensors.py
[2025-10-30T21:09:19.591+0000] {processor.py:830} INFO - Processing file /home/airflow/.local/lib/python3.12/site-packages/airflow/example_dags/example_sensors.py for tasks to queue
[2025-10-30T21:09:19.596+0000] {logging_mixin.py:188} INFO - [2025-10-30T21:09:19.595+0000] {dagbag.py:545} INFO - Filling up the DagBag from /home/airflow/.local/lib/python3.12/site-packages/airflow/example_dags/example_sensors.py
[2025-10-30T21:09:19.640+0000] {processor.py:840} INFO - DAG(s) 'example_sensors' retrieved from /home/airflow/.local/lib/python3.12/site-packages/airflow/example_dags/example_sensors.py
[2025-10-30T21:09:19.761+0000] {logging_mixin.py:188} INFO - [2025-10-30T21:09:19.760+0000] {dag.py:3096} INFO - Sync 1 DAGs
[2025-10-30T21:09:19.808+0000] {logging_mixin.py:188} INFO - [2025-10-30T21:09:19.807+0000] {dag.py:3954} INFO - Setting next_dagrun for example_sensors to None, run_after=None
[2025-10-30T21:09:19.874+0000] {processor.py:183} INFO - Processing /home/airflow/.local/lib/python3.12/site-packages/airflow/example_dags/example_sensors.py took 0.303 seconds
