[2025-10-30T20:29:47.036+0000] {processor.py:161} INFO - Started process (PID=107) to work on /home/airflow/.local/lib/python3.12/site-packages/airflow/example_dags/example_sla_dag.py
[2025-10-30T20:29:47.048+0000] {processor.py:830} INFO - Processing file /home/airflow/.local/lib/python3.12/site-packages/airflow/example_dags/example_sla_dag.py for tasks to queue
[2025-10-30T20:29:47.057+0000] {logging_mixin.py:188} INFO - [2025-10-30T20:29:47.056+0000] {dagbag.py:545} INFO - Filling up the DagBag from /home/airflow/.local/lib/python3.12/site-packages/airflow/example_dags/example_sla_dag.py
[2025-10-30T20:29:47.175+0000] {processor.py:840} INFO - DAG(s) 'example_sla_dag' retrieved from /home/airflow/.local/lib/python3.12/site-packages/airflow/example_dags/example_sla_dag.py
[2025-10-30T20:29:47.348+0000] {logging_mixin.py:188} INFO - [2025-10-30T20:29:47.347+0000] {dag.py:3096} INFO - Sync 1 DAGs
[2025-10-30T20:29:47.379+0000] {logging_mixin.py:188} INFO - [2025-10-30T20:29:47.379+0000] {dag.py:3954} INFO - Setting next_dagrun for example_sla_dag to 2025-10-30 20:26:00+00:00, run_after=2025-10-30 20:28:00+00:00
[2025-10-30T20:29:47.426+0000] {processor.py:183} INFO - Processing /home/airflow/.local/lib/python3.12/site-packages/airflow/example_dags/example_sla_dag.py took 0.400 seconds
[2025-10-30T20:30:17.949+0000] {processor.py:161} INFO - Started process (PID=165) to work on /home/airflow/.local/lib/python3.12/site-packages/airflow/example_dags/example_sla_dag.py
[2025-10-30T20:30:17.950+0000] {processor.py:830} INFO - Processing file /home/airflow/.local/lib/python3.12/site-packages/airflow/example_dags/example_sla_dag.py for tasks to queue
[2025-10-30T20:30:17.952+0000] {logging_mixin.py:188} INFO - [2025-10-30T20:30:17.952+0000] {dagbag.py:545} INFO - Filling up the DagBag from /home/airflow/.local/lib/python3.12/site-packages/airflow/example_dags/example_sla_dag.py
[2025-10-30T20:30:17.963+0000] {processor.py:840} INFO - DAG(s) 'example_sla_dag' retrieved from /home/airflow/.local/lib/python3.12/site-packages/airflow/example_dags/example_sla_dag.py
[2025-10-30T20:30:17.989+0000] {logging_mixin.py:188} INFO - [2025-10-30T20:30:17.989+0000] {dag.py:3096} INFO - Sync 1 DAGs
[2025-10-30T20:30:18.018+0000] {logging_mixin.py:188} INFO - [2025-10-30T20:30:18.018+0000] {dag.py:3954} INFO - Setting next_dagrun for example_sla_dag to 2025-10-30 20:28:00+00:00, run_after=2025-10-30 20:30:00+00:00
[2025-10-30T20:30:18.044+0000] {processor.py:183} INFO - Processing /home/airflow/.local/lib/python3.12/site-packages/airflow/example_dags/example_sla_dag.py took 0.102 seconds
[2025-10-30T20:30:48.398+0000] {processor.py:161} INFO - Started process (PID=224) to work on /home/airflow/.local/lib/python3.12/site-packages/airflow/example_dags/example_sla_dag.py
[2025-10-30T20:30:48.400+0000] {processor.py:830} INFO - Processing file /home/airflow/.local/lib/python3.12/site-packages/airflow/example_dags/example_sla_dag.py for tasks to queue
[2025-10-30T20:30:48.402+0000] {logging_mixin.py:188} INFO - [2025-10-30T20:30:48.401+0000] {dagbag.py:545} INFO - Filling up the DagBag from /home/airflow/.local/lib/python3.12/site-packages/airflow/example_dags/example_sla_dag.py
[2025-10-30T20:30:48.416+0000] {processor.py:840} INFO - DAG(s) 'example_sla_dag' retrieved from /home/airflow/.local/lib/python3.12/site-packages/airflow/example_dags/example_sla_dag.py
[2025-10-30T20:30:48.442+0000] {logging_mixin.py:188} INFO - [2025-10-30T20:30:48.442+0000] {dag.py:3096} INFO - Sync 1 DAGs
[2025-10-30T20:30:48.481+0000] {logging_mixin.py:188} INFO - [2025-10-30T20:30:48.481+0000] {dag.py:3954} INFO - Setting next_dagrun for example_sla_dag to 2025-10-30 20:28:00+00:00, run_after=2025-10-30 20:30:00+00:00
[2025-10-30T20:30:48.512+0000] {processor.py:183} INFO - Processing /home/airflow/.local/lib/python3.12/site-packages/airflow/example_dags/example_sla_dag.py took 0.121 seconds
[2025-10-30T20:31:19.365+0000] {processor.py:161} INFO - Started process (PID=282) to work on /home/airflow/.local/lib/python3.12/site-packages/airflow/example_dags/example_sla_dag.py
[2025-10-30T20:31:19.367+0000] {processor.py:830} INFO - Processing file /home/airflow/.local/lib/python3.12/site-packages/airflow/example_dags/example_sla_dag.py for tasks to queue
[2025-10-30T20:31:19.370+0000] {logging_mixin.py:188} INFO - [2025-10-30T20:31:19.369+0000] {dagbag.py:545} INFO - Filling up the DagBag from /home/airflow/.local/lib/python3.12/site-packages/airflow/example_dags/example_sla_dag.py
[2025-10-30T20:31:19.384+0000] {processor.py:840} INFO - DAG(s) 'example_sla_dag' retrieved from /home/airflow/.local/lib/python3.12/site-packages/airflow/example_dags/example_sla_dag.py
[2025-10-30T20:31:19.426+0000] {logging_mixin.py:188} INFO - [2025-10-30T20:31:19.426+0000] {dag.py:3096} INFO - Sync 1 DAGs
[2025-10-30T20:31:19.478+0000] {logging_mixin.py:188} INFO - [2025-10-30T20:31:19.478+0000] {dag.py:3954} INFO - Setting next_dagrun for example_sla_dag to 2025-10-30 20:28:00+00:00, run_after=2025-10-30 20:30:00+00:00
[2025-10-30T20:31:19.515+0000] {processor.py:183} INFO - Processing /home/airflow/.local/lib/python3.12/site-packages/airflow/example_dags/example_sla_dag.py took 0.160 seconds
[2025-10-30T20:31:50.326+0000] {processor.py:161} INFO - Started process (PID=340) to work on /home/airflow/.local/lib/python3.12/site-packages/airflow/example_dags/example_sla_dag.py
[2025-10-30T20:31:50.328+0000] {processor.py:830} INFO - Processing file /home/airflow/.local/lib/python3.12/site-packages/airflow/example_dags/example_sla_dag.py for tasks to queue
[2025-10-30T20:31:50.331+0000] {logging_mixin.py:188} INFO - [2025-10-30T20:31:50.331+0000] {dagbag.py:545} INFO - Filling up the DagBag from /home/airflow/.local/lib/python3.12/site-packages/airflow/example_dags/example_sla_dag.py
[2025-10-30T20:31:50.352+0000] {processor.py:840} INFO - DAG(s) 'example_sla_dag' retrieved from /home/airflow/.local/lib/python3.12/site-packages/airflow/example_dags/example_sla_dag.py
[2025-10-30T20:31:50.403+0000] {logging_mixin.py:188} INFO - [2025-10-30T20:31:50.403+0000] {dag.py:3096} INFO - Sync 1 DAGs
[2025-10-30T20:31:50.466+0000] {logging_mixin.py:188} INFO - [2025-10-30T20:31:50.466+0000] {dag.py:3954} INFO - Setting next_dagrun for example_sla_dag to 2025-10-30 20:28:00+00:00, run_after=2025-10-30 20:30:00+00:00
[2025-10-30T20:31:50.511+0000] {processor.py:183} INFO - Processing /home/airflow/.local/lib/python3.12/site-packages/airflow/example_dags/example_sla_dag.py took 0.198 seconds
[2025-10-30T20:32:20.836+0000] {processor.py:161} INFO - Started process (PID=398) to work on /home/airflow/.local/lib/python3.12/site-packages/airflow/example_dags/example_sla_dag.py
[2025-10-30T20:32:20.838+0000] {processor.py:830} INFO - Processing file /home/airflow/.local/lib/python3.12/site-packages/airflow/example_dags/example_sla_dag.py for tasks to queue
[2025-10-30T20:32:20.840+0000] {logging_mixin.py:188} INFO - [2025-10-30T20:32:20.840+0000] {dagbag.py:545} INFO - Filling up the DagBag from /home/airflow/.local/lib/python3.12/site-packages/airflow/example_dags/example_sla_dag.py
[2025-10-30T20:32:20.853+0000] {processor.py:840} INFO - DAG(s) 'example_sla_dag' retrieved from /home/airflow/.local/lib/python3.12/site-packages/airflow/example_dags/example_sla_dag.py
[2025-10-30T20:32:20.880+0000] {logging_mixin.py:188} INFO - [2025-10-30T20:32:20.880+0000] {dag.py:3096} INFO - Sync 1 DAGs
[2025-10-30T20:32:20.911+0000] {logging_mixin.py:188} INFO - [2025-10-30T20:32:20.911+0000] {dag.py:3954} INFO - Setting next_dagrun for example_sla_dag to 2025-10-30 20:30:00+00:00, run_after=2025-10-30 20:32:00+00:00
[2025-10-30T20:32:20.938+0000] {processor.py:183} INFO - Processing /home/airflow/.local/lib/python3.12/site-packages/airflow/example_dags/example_sla_dag.py took 0.110 seconds
[2025-10-30T20:32:51.536+0000] {processor.py:161} INFO - Started process (PID=456) to work on /home/airflow/.local/lib/python3.12/site-packages/airflow/example_dags/example_sla_dag.py
[2025-10-30T20:32:51.538+0000] {processor.py:830} INFO - Processing file /home/airflow/.local/lib/python3.12/site-packages/airflow/example_dags/example_sla_dag.py for tasks to queue
[2025-10-30T20:32:51.540+0000] {logging_mixin.py:188} INFO - [2025-10-30T20:32:51.540+0000] {dagbag.py:545} INFO - Filling up the DagBag from /home/airflow/.local/lib/python3.12/site-packages/airflow/example_dags/example_sla_dag.py
[2025-10-30T20:32:51.551+0000] {processor.py:840} INFO - DAG(s) 'example_sla_dag' retrieved from /home/airflow/.local/lib/python3.12/site-packages/airflow/example_dags/example_sla_dag.py
[2025-10-30T20:32:51.576+0000] {logging_mixin.py:188} INFO - [2025-10-30T20:32:51.576+0000] {dag.py:3096} INFO - Sync 1 DAGs
[2025-10-30T20:32:51.606+0000] {logging_mixin.py:188} INFO - [2025-10-30T20:32:51.606+0000] {dag.py:3954} INFO - Setting next_dagrun for example_sla_dag to 2025-10-30 20:30:00+00:00, run_after=2025-10-30 20:32:00+00:00
[2025-10-30T20:32:51.629+0000] {processor.py:183} INFO - Processing /home/airflow/.local/lib/python3.12/site-packages/airflow/example_dags/example_sla_dag.py took 0.100 seconds
[2025-10-30T20:33:21.873+0000] {processor.py:161} INFO - Started process (PID=514) to work on /home/airflow/.local/lib/python3.12/site-packages/airflow/example_dags/example_sla_dag.py
[2025-10-30T20:33:21.875+0000] {processor.py:830} INFO - Processing file /home/airflow/.local/lib/python3.12/site-packages/airflow/example_dags/example_sla_dag.py for tasks to queue
[2025-10-30T20:33:21.878+0000] {logging_mixin.py:188} INFO - [2025-10-30T20:33:21.877+0000] {dagbag.py:545} INFO - Filling up the DagBag from /home/airflow/.local/lib/python3.12/site-packages/airflow/example_dags/example_sla_dag.py
[2025-10-30T20:33:21.889+0000] {processor.py:840} INFO - DAG(s) 'example_sla_dag' retrieved from /home/airflow/.local/lib/python3.12/site-packages/airflow/example_dags/example_sla_dag.py
[2025-10-30T20:33:21.914+0000] {logging_mixin.py:188} INFO - [2025-10-30T20:33:21.914+0000] {dag.py:3096} INFO - Sync 1 DAGs
[2025-10-30T20:33:21.947+0000] {logging_mixin.py:188} INFO - [2025-10-30T20:33:21.947+0000] {dag.py:3954} INFO - Setting next_dagrun for example_sla_dag to 2025-10-30 20:30:00+00:00, run_after=2025-10-30 20:32:00+00:00
[2025-10-30T20:33:21.974+0000] {processor.py:183} INFO - Processing /home/airflow/.local/lib/python3.12/site-packages/airflow/example_dags/example_sla_dag.py took 0.108 seconds
[2025-10-30T20:33:52.636+0000] {processor.py:161} INFO - Started process (PID=572) to work on /home/airflow/.local/lib/python3.12/site-packages/airflow/example_dags/example_sla_dag.py
[2025-10-30T20:33:52.637+0000] {processor.py:830} INFO - Processing file /home/airflow/.local/lib/python3.12/site-packages/airflow/example_dags/example_sla_dag.py for tasks to queue
[2025-10-30T20:33:52.640+0000] {logging_mixin.py:188} INFO - [2025-10-30T20:33:52.639+0000] {dagbag.py:545} INFO - Filling up the DagBag from /home/airflow/.local/lib/python3.12/site-packages/airflow/example_dags/example_sla_dag.py
[2025-10-30T20:33:52.650+0000] {processor.py:840} INFO - DAG(s) 'example_sla_dag' retrieved from /home/airflow/.local/lib/python3.12/site-packages/airflow/example_dags/example_sla_dag.py
[2025-10-30T20:33:52.674+0000] {logging_mixin.py:188} INFO - [2025-10-30T20:33:52.673+0000] {dag.py:3096} INFO - Sync 1 DAGs
[2025-10-30T20:33:52.707+0000] {logging_mixin.py:188} INFO - [2025-10-30T20:33:52.707+0000] {dag.py:3954} INFO - Setting next_dagrun for example_sla_dag to 2025-10-30 20:30:00+00:00, run_after=2025-10-30 20:32:00+00:00
[2025-10-30T20:33:52.731+0000] {processor.py:183} INFO - Processing /home/airflow/.local/lib/python3.12/site-packages/airflow/example_dags/example_sla_dag.py took 0.102 seconds
[2025-10-30T20:34:23.248+0000] {processor.py:161} INFO - Started process (PID=630) to work on /home/airflow/.local/lib/python3.12/site-packages/airflow/example_dags/example_sla_dag.py
[2025-10-30T20:34:23.251+0000] {processor.py:830} INFO - Processing file /home/airflow/.local/lib/python3.12/site-packages/airflow/example_dags/example_sla_dag.py for tasks to queue
[2025-10-30T20:34:23.254+0000] {logging_mixin.py:188} INFO - [2025-10-30T20:34:23.253+0000] {dagbag.py:545} INFO - Filling up the DagBag from /home/airflow/.local/lib/python3.12/site-packages/airflow/example_dags/example_sla_dag.py
[2025-10-30T20:34:23.265+0000] {processor.py:840} INFO - DAG(s) 'example_sla_dag' retrieved from /home/airflow/.local/lib/python3.12/site-packages/airflow/example_dags/example_sla_dag.py
[2025-10-30T20:34:23.293+0000] {logging_mixin.py:188} INFO - [2025-10-30T20:34:23.293+0000] {dag.py:3096} INFO - Sync 1 DAGs
[2025-10-30T20:34:23.329+0000] {logging_mixin.py:188} INFO - [2025-10-30T20:34:23.329+0000] {dag.py:3954} INFO - Setting next_dagrun for example_sla_dag to 2025-10-30 20:32:00+00:00, run_after=2025-10-30 20:34:00+00:00
[2025-10-30T20:34:23.355+0000] {processor.py:183} INFO - Processing /home/airflow/.local/lib/python3.12/site-packages/airflow/example_dags/example_sla_dag.py took 0.115 seconds
[2025-10-30T20:34:53.575+0000] {processor.py:161} INFO - Started process (PID=688) to work on /home/airflow/.local/lib/python3.12/site-packages/airflow/example_dags/example_sla_dag.py
[2025-10-30T20:34:53.576+0000] {processor.py:830} INFO - Processing file /home/airflow/.local/lib/python3.12/site-packages/airflow/example_dags/example_sla_dag.py for tasks to queue
[2025-10-30T20:34:53.578+0000] {logging_mixin.py:188} INFO - [2025-10-30T20:34:53.578+0000] {dagbag.py:545} INFO - Filling up the DagBag from /home/airflow/.local/lib/python3.12/site-packages/airflow/example_dags/example_sla_dag.py
[2025-10-30T20:34:53.589+0000] {processor.py:840} INFO - DAG(s) 'example_sla_dag' retrieved from /home/airflow/.local/lib/python3.12/site-packages/airflow/example_dags/example_sla_dag.py
[2025-10-30T20:34:53.620+0000] {logging_mixin.py:188} INFO - [2025-10-30T20:34:53.619+0000] {dag.py:3096} INFO - Sync 1 DAGs
[2025-10-30T20:34:53.649+0000] {logging_mixin.py:188} INFO - [2025-10-30T20:34:53.649+0000] {dag.py:3954} INFO - Setting next_dagrun for example_sla_dag to 2025-10-30 20:32:00+00:00, run_after=2025-10-30 20:34:00+00:00
[2025-10-30T20:34:53.671+0000] {processor.py:183} INFO - Processing /home/airflow/.local/lib/python3.12/site-packages/airflow/example_dags/example_sla_dag.py took 0.103 seconds
[2025-10-30T20:35:24.076+0000] {processor.py:161} INFO - Started process (PID=746) to work on /home/airflow/.local/lib/python3.12/site-packages/airflow/example_dags/example_sla_dag.py
[2025-10-30T20:35:24.077+0000] {processor.py:830} INFO - Processing file /home/airflow/.local/lib/python3.12/site-packages/airflow/example_dags/example_sla_dag.py for tasks to queue
[2025-10-30T20:35:24.080+0000] {logging_mixin.py:188} INFO - [2025-10-30T20:35:24.079+0000] {dagbag.py:545} INFO - Filling up the DagBag from /home/airflow/.local/lib/python3.12/site-packages/airflow/example_dags/example_sla_dag.py
[2025-10-30T20:35:24.090+0000] {processor.py:840} INFO - DAG(s) 'example_sla_dag' retrieved from /home/airflow/.local/lib/python3.12/site-packages/airflow/example_dags/example_sla_dag.py
[2025-10-30T20:35:24.114+0000] {logging_mixin.py:188} INFO - [2025-10-30T20:35:24.114+0000] {dag.py:3096} INFO - Sync 1 DAGs
[2025-10-30T20:35:24.144+0000] {logging_mixin.py:188} INFO - [2025-10-30T20:35:24.144+0000] {dag.py:3954} INFO - Setting next_dagrun for example_sla_dag to 2025-10-30 20:32:00+00:00, run_after=2025-10-30 20:34:00+00:00
[2025-10-30T20:35:24.167+0000] {processor.py:183} INFO - Processing /home/airflow/.local/lib/python3.12/site-packages/airflow/example_dags/example_sla_dag.py took 0.098 seconds
[2025-10-30T20:35:54.969+0000] {processor.py:161} INFO - Started process (PID=804) to work on /home/airflow/.local/lib/python3.12/site-packages/airflow/example_dags/example_sla_dag.py
[2025-10-30T20:35:54.970+0000] {processor.py:830} INFO - Processing file /home/airflow/.local/lib/python3.12/site-packages/airflow/example_dags/example_sla_dag.py for tasks to queue
[2025-10-30T20:35:54.972+0000] {logging_mixin.py:188} INFO - [2025-10-30T20:35:54.972+0000] {dagbag.py:545} INFO - Filling up the DagBag from /home/airflow/.local/lib/python3.12/site-packages/airflow/example_dags/example_sla_dag.py
[2025-10-30T20:35:54.983+0000] {processor.py:840} INFO - DAG(s) 'example_sla_dag' retrieved from /home/airflow/.local/lib/python3.12/site-packages/airflow/example_dags/example_sla_dag.py
[2025-10-30T20:35:55.008+0000] {logging_mixin.py:188} INFO - [2025-10-30T20:35:55.008+0000] {dag.py:3096} INFO - Sync 1 DAGs
[2025-10-30T20:35:55.037+0000] {logging_mixin.py:188} INFO - [2025-10-30T20:35:55.037+0000] {dag.py:3954} INFO - Setting next_dagrun for example_sla_dag to 2025-10-30 20:32:00+00:00, run_after=2025-10-30 20:34:00+00:00
[2025-10-30T20:35:55.062+0000] {processor.py:183} INFO - Processing /home/airflow/.local/lib/python3.12/site-packages/airflow/example_dags/example_sla_dag.py took 0.101 seconds
[2025-10-30T20:36:25.596+0000] {processor.py:161} INFO - Started process (PID=862) to work on /home/airflow/.local/lib/python3.12/site-packages/airflow/example_dags/example_sla_dag.py
[2025-10-30T20:36:25.598+0000] {processor.py:830} INFO - Processing file /home/airflow/.local/lib/python3.12/site-packages/airflow/example_dags/example_sla_dag.py for tasks to queue
[2025-10-30T20:36:25.603+0000] {logging_mixin.py:188} INFO - [2025-10-30T20:36:25.602+0000] {dagbag.py:545} INFO - Filling up the DagBag from /home/airflow/.local/lib/python3.12/site-packages/airflow/example_dags/example_sla_dag.py
[2025-10-30T20:36:25.615+0000] {processor.py:840} INFO - DAG(s) 'example_sla_dag' retrieved from /home/airflow/.local/lib/python3.12/site-packages/airflow/example_dags/example_sla_dag.py
[2025-10-30T20:36:25.642+0000] {logging_mixin.py:188} INFO - [2025-10-30T20:36:25.641+0000] {dag.py:3096} INFO - Sync 1 DAGs
[2025-10-30T20:36:25.671+0000] {logging_mixin.py:188} INFO - [2025-10-30T20:36:25.671+0000] {dag.py:3954} INFO - Setting next_dagrun for example_sla_dag to 2025-10-30 20:34:00+00:00, run_after=2025-10-30 20:36:00+00:00
[2025-10-30T20:36:25.697+0000] {processor.py:183} INFO - Processing /home/airflow/.local/lib/python3.12/site-packages/airflow/example_dags/example_sla_dag.py took 0.110 seconds
[2025-10-30T20:36:55.896+0000] {processor.py:161} INFO - Started process (PID=920) to work on /home/airflow/.local/lib/python3.12/site-packages/airflow/example_dags/example_sla_dag.py
[2025-10-30T20:36:55.897+0000] {processor.py:830} INFO - Processing file /home/airflow/.local/lib/python3.12/site-packages/airflow/example_dags/example_sla_dag.py for tasks to queue
[2025-10-30T20:36:55.900+0000] {logging_mixin.py:188} INFO - [2025-10-30T20:36:55.899+0000] {dagbag.py:545} INFO - Filling up the DagBag from /home/airflow/.local/lib/python3.12/site-packages/airflow/example_dags/example_sla_dag.py
[2025-10-30T20:36:55.912+0000] {processor.py:840} INFO - DAG(s) 'example_sla_dag' retrieved from /home/airflow/.local/lib/python3.12/site-packages/airflow/example_dags/example_sla_dag.py
[2025-10-30T20:36:55.939+0000] {logging_mixin.py:188} INFO - [2025-10-30T20:36:55.939+0000] {dag.py:3096} INFO - Sync 1 DAGs
[2025-10-30T20:36:55.975+0000] {logging_mixin.py:188} INFO - [2025-10-30T20:36:55.975+0000] {dag.py:3954} INFO - Setting next_dagrun for example_sla_dag to 2025-10-30 20:34:00+00:00, run_after=2025-10-30 20:36:00+00:00
[2025-10-30T20:36:56.000+0000] {processor.py:183} INFO - Processing /home/airflow/.local/lib/python3.12/site-packages/airflow/example_dags/example_sla_dag.py took 0.110 seconds
[2025-10-30T20:37:26.337+0000] {processor.py:161} INFO - Started process (PID=978) to work on /home/airflow/.local/lib/python3.12/site-packages/airflow/example_dags/example_sla_dag.py
[2025-10-30T20:37:26.339+0000] {processor.py:830} INFO - Processing file /home/airflow/.local/lib/python3.12/site-packages/airflow/example_dags/example_sla_dag.py for tasks to queue
[2025-10-30T20:37:26.342+0000] {logging_mixin.py:188} INFO - [2025-10-30T20:37:26.341+0000] {dagbag.py:545} INFO - Filling up the DagBag from /home/airflow/.local/lib/python3.12/site-packages/airflow/example_dags/example_sla_dag.py
[2025-10-30T20:37:26.357+0000] {processor.py:840} INFO - DAG(s) 'example_sla_dag' retrieved from /home/airflow/.local/lib/python3.12/site-packages/airflow/example_dags/example_sla_dag.py
[2025-10-30T20:37:26.388+0000] {logging_mixin.py:188} INFO - [2025-10-30T20:37:26.388+0000] {dag.py:3096} INFO - Sync 1 DAGs
[2025-10-30T20:37:26.432+0000] {logging_mixin.py:188} INFO - [2025-10-30T20:37:26.431+0000] {dag.py:3954} INFO - Setting next_dagrun for example_sla_dag to 2025-10-30 20:34:00+00:00, run_after=2025-10-30 20:36:00+00:00
[2025-10-30T20:37:26.461+0000] {processor.py:183} INFO - Processing /home/airflow/.local/lib/python3.12/site-packages/airflow/example_dags/example_sla_dag.py took 0.133 seconds
[2025-10-30T20:37:57.290+0000] {processor.py:161} INFO - Started process (PID=1036) to work on /home/airflow/.local/lib/python3.12/site-packages/airflow/example_dags/example_sla_dag.py
[2025-10-30T20:37:57.291+0000] {processor.py:830} INFO - Processing file /home/airflow/.local/lib/python3.12/site-packages/airflow/example_dags/example_sla_dag.py for tasks to queue
[2025-10-30T20:37:57.293+0000] {logging_mixin.py:188} INFO - [2025-10-30T20:37:57.293+0000] {dagbag.py:545} INFO - Filling up the DagBag from /home/airflow/.local/lib/python3.12/site-packages/airflow/example_dags/example_sla_dag.py
[2025-10-30T20:37:57.303+0000] {processor.py:840} INFO - DAG(s) 'example_sla_dag' retrieved from /home/airflow/.local/lib/python3.12/site-packages/airflow/example_dags/example_sla_dag.py
[2025-10-30T20:37:57.328+0000] {logging_mixin.py:188} INFO - [2025-10-30T20:37:57.327+0000] {dag.py:3096} INFO - Sync 1 DAGs
[2025-10-30T20:37:57.359+0000] {logging_mixin.py:188} INFO - [2025-10-30T20:37:57.359+0000] {dag.py:3954} INFO - Setting next_dagrun for example_sla_dag to 2025-10-30 20:34:00+00:00, run_after=2025-10-30 20:36:00+00:00
[2025-10-30T20:37:57.391+0000] {processor.py:183} INFO - Processing /home/airflow/.local/lib/python3.12/site-packages/airflow/example_dags/example_sla_dag.py took 0.108 seconds
[2025-10-30T20:38:28.053+0000] {processor.py:161} INFO - Started process (PID=1094) to work on /home/airflow/.local/lib/python3.12/site-packages/airflow/example_dags/example_sla_dag.py
[2025-10-30T20:38:28.054+0000] {processor.py:830} INFO - Processing file /home/airflow/.local/lib/python3.12/site-packages/airflow/example_dags/example_sla_dag.py for tasks to queue
[2025-10-30T20:38:28.056+0000] {logging_mixin.py:188} INFO - [2025-10-30T20:38:28.056+0000] {dagbag.py:545} INFO - Filling up the DagBag from /home/airflow/.local/lib/python3.12/site-packages/airflow/example_dags/example_sla_dag.py
[2025-10-30T20:38:28.067+0000] {processor.py:840} INFO - DAG(s) 'example_sla_dag' retrieved from /home/airflow/.local/lib/python3.12/site-packages/airflow/example_dags/example_sla_dag.py
[2025-10-30T20:38:28.094+0000] {logging_mixin.py:188} INFO - [2025-10-30T20:38:28.094+0000] {dag.py:3096} INFO - Sync 1 DAGs
[2025-10-30T20:38:28.134+0000] {logging_mixin.py:188} INFO - [2025-10-30T20:38:28.134+0000] {dag.py:3954} INFO - Setting next_dagrun for example_sla_dag to 2025-10-30 20:36:00+00:00, run_after=2025-10-30 20:38:00+00:00
[2025-10-30T20:38:28.162+0000] {processor.py:183} INFO - Processing /home/airflow/.local/lib/python3.12/site-packages/airflow/example_dags/example_sla_dag.py took 0.117 seconds
[2025-10-30T20:38:58.326+0000] {processor.py:161} INFO - Started process (PID=1152) to work on /home/airflow/.local/lib/python3.12/site-packages/airflow/example_dags/example_sla_dag.py
[2025-10-30T20:38:58.328+0000] {processor.py:830} INFO - Processing file /home/airflow/.local/lib/python3.12/site-packages/airflow/example_dags/example_sla_dag.py for tasks to queue
[2025-10-30T20:38:58.331+0000] {logging_mixin.py:188} INFO - [2025-10-30T20:38:58.330+0000] {dagbag.py:545} INFO - Filling up the DagBag from /home/airflow/.local/lib/python3.12/site-packages/airflow/example_dags/example_sla_dag.py
[2025-10-30T20:38:58.346+0000] {processor.py:840} INFO - DAG(s) 'example_sla_dag' retrieved from /home/airflow/.local/lib/python3.12/site-packages/airflow/example_dags/example_sla_dag.py
[2025-10-30T20:38:58.381+0000] {logging_mixin.py:188} INFO - [2025-10-30T20:38:58.380+0000] {dag.py:3096} INFO - Sync 1 DAGs
[2025-10-30T20:38:58.417+0000] {logging_mixin.py:188} INFO - [2025-10-30T20:38:58.417+0000] {dag.py:3954} INFO - Setting next_dagrun for example_sla_dag to 2025-10-30 20:36:00+00:00, run_after=2025-10-30 20:38:00+00:00
[2025-10-30T20:38:58.447+0000] {processor.py:183} INFO - Processing /home/airflow/.local/lib/python3.12/site-packages/airflow/example_dags/example_sla_dag.py took 0.130 seconds
[2025-10-30T20:39:28.613+0000] {processor.py:161} INFO - Started process (PID=1211) to work on /home/airflow/.local/lib/python3.12/site-packages/airflow/example_dags/example_sla_dag.py
[2025-10-30T20:39:28.614+0000] {processor.py:830} INFO - Processing file /home/airflow/.local/lib/python3.12/site-packages/airflow/example_dags/example_sla_dag.py for tasks to queue
[2025-10-30T20:39:28.617+0000] {logging_mixin.py:188} INFO - [2025-10-30T20:39:28.617+0000] {dagbag.py:545} INFO - Filling up the DagBag from /home/airflow/.local/lib/python3.12/site-packages/airflow/example_dags/example_sla_dag.py
[2025-10-30T20:39:28.630+0000] {processor.py:840} INFO - DAG(s) 'example_sla_dag' retrieved from /home/airflow/.local/lib/python3.12/site-packages/airflow/example_dags/example_sla_dag.py
[2025-10-30T20:39:28.657+0000] {logging_mixin.py:188} INFO - [2025-10-30T20:39:28.656+0000] {dag.py:3096} INFO - Sync 1 DAGs
[2025-10-30T20:39:28.691+0000] {logging_mixin.py:188} INFO - [2025-10-30T20:39:28.691+0000] {dag.py:3954} INFO - Setting next_dagrun for example_sla_dag to 2025-10-30 20:36:00+00:00, run_after=2025-10-30 20:38:00+00:00
[2025-10-30T20:39:28.717+0000] {processor.py:183} INFO - Processing /home/airflow/.local/lib/python3.12/site-packages/airflow/example_dags/example_sla_dag.py took 0.113 seconds
[2025-10-30T20:39:58.980+0000] {processor.py:161} INFO - Started process (PID=1269) to work on /home/airflow/.local/lib/python3.12/site-packages/airflow/example_dags/example_sla_dag.py
[2025-10-30T20:39:58.983+0000] {processor.py:830} INFO - Processing file /home/airflow/.local/lib/python3.12/site-packages/airflow/example_dags/example_sla_dag.py for tasks to queue
[2025-10-30T20:39:58.989+0000] {logging_mixin.py:188} INFO - [2025-10-30T20:39:58.988+0000] {dagbag.py:545} INFO - Filling up the DagBag from /home/airflow/.local/lib/python3.12/site-packages/airflow/example_dags/example_sla_dag.py
[2025-10-30T20:39:59.010+0000] {processor.py:840} INFO - DAG(s) 'example_sla_dag' retrieved from /home/airflow/.local/lib/python3.12/site-packages/airflow/example_dags/example_sla_dag.py
[2025-10-30T20:39:59.064+0000] {logging_mixin.py:188} INFO - [2025-10-30T20:39:59.063+0000] {dag.py:3096} INFO - Sync 1 DAGs
[2025-10-30T20:39:59.122+0000] {logging_mixin.py:188} INFO - [2025-10-30T20:39:59.121+0000] {dag.py:3954} INFO - Setting next_dagrun for example_sla_dag to 2025-10-30 20:36:00+00:00, run_after=2025-10-30 20:38:00+00:00
[2025-10-30T20:39:59.165+0000] {processor.py:183} INFO - Processing /home/airflow/.local/lib/python3.12/site-packages/airflow/example_dags/example_sla_dag.py took 0.199 seconds
[2025-10-30T20:40:29.843+0000] {processor.py:161} INFO - Started process (PID=1327) to work on /home/airflow/.local/lib/python3.12/site-packages/airflow/example_dags/example_sla_dag.py
[2025-10-30T20:40:29.845+0000] {processor.py:830} INFO - Processing file /home/airflow/.local/lib/python3.12/site-packages/airflow/example_dags/example_sla_dag.py for tasks to queue
[2025-10-30T20:40:29.848+0000] {logging_mixin.py:188} INFO - [2025-10-30T20:40:29.847+0000] {dagbag.py:545} INFO - Filling up the DagBag from /home/airflow/.local/lib/python3.12/site-packages/airflow/example_dags/example_sla_dag.py
[2025-10-30T20:40:29.861+0000] {processor.py:840} INFO - DAG(s) 'example_sla_dag' retrieved from /home/airflow/.local/lib/python3.12/site-packages/airflow/example_dags/example_sla_dag.py
[2025-10-30T20:40:29.895+0000] {logging_mixin.py:188} INFO - [2025-10-30T20:40:29.894+0000] {dag.py:3096} INFO - Sync 1 DAGs
[2025-10-30T20:40:29.928+0000] {logging_mixin.py:188} INFO - [2025-10-30T20:40:29.928+0000] {dag.py:3954} INFO - Setting next_dagrun for example_sla_dag to 2025-10-30 20:38:00+00:00, run_after=2025-10-30 20:40:00+00:00
[2025-10-30T20:40:29.966+0000] {processor.py:183} INFO - Processing /home/airflow/.local/lib/python3.12/site-packages/airflow/example_dags/example_sla_dag.py took 0.134 seconds
[2025-10-30T20:41:00.116+0000] {processor.py:161} INFO - Started process (PID=1385) to work on /home/airflow/.local/lib/python3.12/site-packages/airflow/example_dags/example_sla_dag.py
[2025-10-30T20:41:00.120+0000] {processor.py:830} INFO - Processing file /home/airflow/.local/lib/python3.12/site-packages/airflow/example_dags/example_sla_dag.py for tasks to queue
[2025-10-30T20:41:00.123+0000] {logging_mixin.py:188} INFO - [2025-10-30T20:41:00.123+0000] {dagbag.py:545} INFO - Filling up the DagBag from /home/airflow/.local/lib/python3.12/site-packages/airflow/example_dags/example_sla_dag.py
[2025-10-30T20:41:00.140+0000] {processor.py:840} INFO - DAG(s) 'example_sla_dag' retrieved from /home/airflow/.local/lib/python3.12/site-packages/airflow/example_dags/example_sla_dag.py
[2025-10-30T20:41:00.181+0000] {logging_mixin.py:188} INFO - [2025-10-30T20:41:00.180+0000] {dag.py:3096} INFO - Sync 1 DAGs
[2025-10-30T20:41:00.236+0000] {logging_mixin.py:188} INFO - [2025-10-30T20:41:00.236+0000] {dag.py:3954} INFO - Setting next_dagrun for example_sla_dag to 2025-10-30 20:38:00+00:00, run_after=2025-10-30 20:40:00+00:00
[2025-10-30T20:41:00.267+0000] {processor.py:183} INFO - Processing /home/airflow/.local/lib/python3.12/site-packages/airflow/example_dags/example_sla_dag.py took 0.163 seconds
[2025-10-30T20:41:32.155+0000] {processor.py:161} INFO - Started process (PID=1443) to work on /home/airflow/.local/lib/python3.12/site-packages/airflow/example_dags/example_sla_dag.py
[2025-10-30T20:41:32.156+0000] {processor.py:830} INFO - Processing file /home/airflow/.local/lib/python3.12/site-packages/airflow/example_dags/example_sla_dag.py for tasks to queue
[2025-10-30T20:41:32.160+0000] {logging_mixin.py:188} INFO - [2025-10-30T20:41:32.159+0000] {dagbag.py:545} INFO - Filling up the DagBag from /home/airflow/.local/lib/python3.12/site-packages/airflow/example_dags/example_sla_dag.py
[2025-10-30T20:41:32.176+0000] {processor.py:840} INFO - DAG(s) 'example_sla_dag' retrieved from /home/airflow/.local/lib/python3.12/site-packages/airflow/example_dags/example_sla_dag.py
[2025-10-30T20:41:32.215+0000] {logging_mixin.py:188} INFO - [2025-10-30T20:41:32.214+0000] {dag.py:3096} INFO - Sync 1 DAGs
[2025-10-30T20:41:32.264+0000] {logging_mixin.py:188} INFO - [2025-10-30T20:41:32.264+0000] {dag.py:3954} INFO - Setting next_dagrun for example_sla_dag to 2025-10-30 20:38:00+00:00, run_after=2025-10-30 20:40:00+00:00
[2025-10-30T20:41:32.300+0000] {processor.py:183} INFO - Processing /home/airflow/.local/lib/python3.12/site-packages/airflow/example_dags/example_sla_dag.py took 0.156 seconds
[2025-10-30T20:42:02.795+0000] {processor.py:161} INFO - Started process (PID=1500) to work on /home/airflow/.local/lib/python3.12/site-packages/airflow/example_dags/example_sla_dag.py
[2025-10-30T20:42:02.797+0000] {processor.py:830} INFO - Processing file /home/airflow/.local/lib/python3.12/site-packages/airflow/example_dags/example_sla_dag.py for tasks to queue
[2025-10-30T20:42:02.800+0000] {logging_mixin.py:188} INFO - [2025-10-30T20:42:02.799+0000] {dagbag.py:545} INFO - Filling up the DagBag from /home/airflow/.local/lib/python3.12/site-packages/airflow/example_dags/example_sla_dag.py
[2025-10-30T20:42:02.810+0000] {processor.py:840} INFO - DAG(s) 'example_sla_dag' retrieved from /home/airflow/.local/lib/python3.12/site-packages/airflow/example_dags/example_sla_dag.py
[2025-10-30T20:42:02.839+0000] {logging_mixin.py:188} INFO - [2025-10-30T20:42:02.838+0000] {dag.py:3096} INFO - Sync 1 DAGs
[2025-10-30T20:42:02.874+0000] {logging_mixin.py:188} INFO - [2025-10-30T20:42:02.873+0000] {dag.py:3954} INFO - Setting next_dagrun for example_sla_dag to 2025-10-30 20:40:00+00:00, run_after=2025-10-30 20:42:00+00:00
[2025-10-30T20:42:03.109+0000] {processor.py:183} INFO - Processing /home/airflow/.local/lib/python3.12/site-packages/airflow/example_dags/example_sla_dag.py took 0.322 seconds
[2025-10-30T20:42:33.591+0000] {processor.py:161} INFO - Started process (PID=1558) to work on /home/airflow/.local/lib/python3.12/site-packages/airflow/example_dags/example_sla_dag.py
[2025-10-30T20:42:33.593+0000] {processor.py:830} INFO - Processing file /home/airflow/.local/lib/python3.12/site-packages/airflow/example_dags/example_sla_dag.py for tasks to queue
[2025-10-30T20:42:33.597+0000] {logging_mixin.py:188} INFO - [2025-10-30T20:42:33.597+0000] {dagbag.py:545} INFO - Filling up the DagBag from /home/airflow/.local/lib/python3.12/site-packages/airflow/example_dags/example_sla_dag.py
[2025-10-30T20:42:33.608+0000] {processor.py:840} INFO - DAG(s) 'example_sla_dag' retrieved from /home/airflow/.local/lib/python3.12/site-packages/airflow/example_dags/example_sla_dag.py
[2025-10-30T20:42:33.646+0000] {logging_mixin.py:188} INFO - [2025-10-30T20:42:33.646+0000] {dag.py:3096} INFO - Sync 1 DAGs
[2025-10-30T20:42:33.695+0000] {logging_mixin.py:188} INFO - [2025-10-30T20:42:33.695+0000] {dag.py:3954} INFO - Setting next_dagrun for example_sla_dag to 2025-10-30 20:40:00+00:00, run_after=2025-10-30 20:42:00+00:00
[2025-10-30T20:42:33.723+0000] {processor.py:183} INFO - Processing /home/airflow/.local/lib/python3.12/site-packages/airflow/example_dags/example_sla_dag.py took 0.140 seconds
[2025-10-30T21:06:28.496+0000] {processor.py:161} INFO - Started process (PID=108) to work on /home/airflow/.local/lib/python3.12/site-packages/airflow/example_dags/example_sla_dag.py
[2025-10-30T21:06:28.498+0000] {processor.py:830} INFO - Processing file /home/airflow/.local/lib/python3.12/site-packages/airflow/example_dags/example_sla_dag.py for tasks to queue
[2025-10-30T21:06:28.502+0000] {logging_mixin.py:188} INFO - [2025-10-30T21:06:28.501+0000] {dagbag.py:545} INFO - Filling up the DagBag from /home/airflow/.local/lib/python3.12/site-packages/airflow/example_dags/example_sla_dag.py
[2025-10-30T21:06:28.519+0000] {processor.py:840} INFO - DAG(s) 'example_sla_dag' retrieved from /home/airflow/.local/lib/python3.12/site-packages/airflow/example_dags/example_sla_dag.py
[2025-10-30T21:06:28.708+0000] {logging_mixin.py:188} INFO - [2025-10-30T21:06:28.707+0000] {dag.py:3096} INFO - Sync 1 DAGs
[2025-10-30T21:06:28.752+0000] {logging_mixin.py:188} INFO - [2025-10-30T21:06:28.751+0000] {dag.py:3954} INFO - Setting next_dagrun for example_sla_dag to 2025-10-30 21:04:00+00:00, run_after=2025-10-30 21:06:00+00:00
[2025-10-30T21:06:28.793+0000] {processor.py:183} INFO - Processing /home/airflow/.local/lib/python3.12/site-packages/airflow/example_dags/example_sla_dag.py took 0.309 seconds
[2025-10-30T21:06:59.045+0000] {processor.py:161} INFO - Started process (PID=167) to work on /home/airflow/.local/lib/python3.12/site-packages/airflow/example_dags/example_sla_dag.py
[2025-10-30T21:06:59.048+0000] {processor.py:830} INFO - Processing file /home/airflow/.local/lib/python3.12/site-packages/airflow/example_dags/example_sla_dag.py for tasks to queue
[2025-10-30T21:06:59.053+0000] {logging_mixin.py:188} INFO - [2025-10-30T21:06:59.052+0000] {dagbag.py:545} INFO - Filling up the DagBag from /home/airflow/.local/lib/python3.12/site-packages/airflow/example_dags/example_sla_dag.py
[2025-10-30T21:06:59.072+0000] {processor.py:840} INFO - DAG(s) 'example_sla_dag' retrieved from /home/airflow/.local/lib/python3.12/site-packages/airflow/example_dags/example_sla_dag.py
[2025-10-30T21:06:59.121+0000] {logging_mixin.py:188} INFO - [2025-10-30T21:06:59.120+0000] {dag.py:3096} INFO - Sync 1 DAGs
[2025-10-30T21:06:59.184+0000] {logging_mixin.py:188} INFO - [2025-10-30T21:06:59.184+0000] {dag.py:3954} INFO - Setting next_dagrun for example_sla_dag to 2025-10-30 21:04:00+00:00, run_after=2025-10-30 21:06:00+00:00
[2025-10-30T21:06:59.226+0000] {processor.py:183} INFO - Processing /home/airflow/.local/lib/python3.12/site-packages/airflow/example_dags/example_sla_dag.py took 0.205 seconds
[2025-10-30T21:07:29.462+0000] {processor.py:161} INFO - Started process (PID=229) to work on /home/airflow/.local/lib/python3.12/site-packages/airflow/example_dags/example_sla_dag.py
[2025-10-30T21:07:29.465+0000] {processor.py:830} INFO - Processing file /home/airflow/.local/lib/python3.12/site-packages/airflow/example_dags/example_sla_dag.py for tasks to queue
[2025-10-30T21:07:29.468+0000] {logging_mixin.py:188} INFO - [2025-10-30T21:07:29.467+0000] {dagbag.py:545} INFO - Filling up the DagBag from /home/airflow/.local/lib/python3.12/site-packages/airflow/example_dags/example_sla_dag.py
[2025-10-30T21:07:29.482+0000] {processor.py:840} INFO - DAG(s) 'example_sla_dag' retrieved from /home/airflow/.local/lib/python3.12/site-packages/airflow/example_dags/example_sla_dag.py
[2025-10-30T21:07:29.526+0000] {logging_mixin.py:188} INFO - [2025-10-30T21:07:29.526+0000] {dag.py:3096} INFO - Sync 1 DAGs
[2025-10-30T21:07:29.579+0000] {logging_mixin.py:188} INFO - [2025-10-30T21:07:29.578+0000] {dag.py:3954} INFO - Setting next_dagrun for example_sla_dag to 2025-10-30 21:04:00+00:00, run_after=2025-10-30 21:06:00+00:00
[2025-10-30T21:07:29.622+0000] {processor.py:183} INFO - Processing /home/airflow/.local/lib/python3.12/site-packages/airflow/example_dags/example_sla_dag.py took 0.172 seconds
[2025-10-30T21:07:59.724+0000] {processor.py:161} INFO - Started process (PID=288) to work on /home/airflow/.local/lib/python3.12/site-packages/airflow/example_dags/example_sla_dag.py
[2025-10-30T21:07:59.726+0000] {processor.py:830} INFO - Processing file /home/airflow/.local/lib/python3.12/site-packages/airflow/example_dags/example_sla_dag.py for tasks to queue
[2025-10-30T21:07:59.732+0000] {logging_mixin.py:188} INFO - [2025-10-30T21:07:59.731+0000] {dagbag.py:545} INFO - Filling up the DagBag from /home/airflow/.local/lib/python3.12/site-packages/airflow/example_dags/example_sla_dag.py
[2025-10-30T21:07:59.756+0000] {processor.py:840} INFO - DAG(s) 'example_sla_dag' retrieved from /home/airflow/.local/lib/python3.12/site-packages/airflow/example_dags/example_sla_dag.py
[2025-10-30T21:07:59.795+0000] {logging_mixin.py:188} INFO - [2025-10-30T21:07:59.795+0000] {dag.py:3096} INFO - Sync 1 DAGs
[2025-10-30T21:07:59.859+0000] {logging_mixin.py:188} INFO - [2025-10-30T21:07:59.858+0000] {dag.py:3954} INFO - Setting next_dagrun for example_sla_dag to 2025-10-30 21:04:00+00:00, run_after=2025-10-30 21:06:00+00:00
[2025-10-30T21:07:59.905+0000] {processor.py:183} INFO - Processing /home/airflow/.local/lib/python3.12/site-packages/airflow/example_dags/example_sla_dag.py took 0.195 seconds
[2025-10-30T21:08:30.729+0000] {processor.py:161} INFO - Started process (PID=347) to work on /home/airflow/.local/lib/python3.12/site-packages/airflow/example_dags/example_sla_dag.py
[2025-10-30T21:08:30.731+0000] {processor.py:830} INFO - Processing file /home/airflow/.local/lib/python3.12/site-packages/airflow/example_dags/example_sla_dag.py for tasks to queue
[2025-10-30T21:08:30.736+0000] {logging_mixin.py:188} INFO - [2025-10-30T21:08:30.735+0000] {dagbag.py:545} INFO - Filling up the DagBag from /home/airflow/.local/lib/python3.12/site-packages/airflow/example_dags/example_sla_dag.py
[2025-10-30T21:08:30.751+0000] {processor.py:840} INFO - DAG(s) 'example_sla_dag' retrieved from /home/airflow/.local/lib/python3.12/site-packages/airflow/example_dags/example_sla_dag.py
[2025-10-30T21:08:30.835+0000] {logging_mixin.py:188} INFO - [2025-10-30T21:08:30.832+0000] {dag.py:3096} INFO - Sync 1 DAGs
[2025-10-30T21:08:31.003+0000] {logging_mixin.py:188} INFO - [2025-10-30T21:08:30.999+0000] {dag.py:3954} INFO - Setting next_dagrun for example_sla_dag to 2025-10-30 21:06:00+00:00, run_after=2025-10-30 21:08:00+00:00
[2025-10-30T21:08:31.070+0000] {processor.py:183} INFO - Processing /home/airflow/.local/lib/python3.12/site-packages/airflow/example_dags/example_sla_dag.py took 0.351 seconds
[2025-10-30T21:09:20.892+0000] {processor.py:161} INFO - Started process (PID=418) to work on /home/airflow/.local/lib/python3.12/site-packages/airflow/example_dags/example_sla_dag.py
[2025-10-30T21:09:20.902+0000] {processor.py:830} INFO - Processing file /home/airflow/.local/lib/python3.12/site-packages/airflow/example_dags/example_sla_dag.py for tasks to queue
[2025-10-30T21:09:20.912+0000] {logging_mixin.py:188} INFO - [2025-10-30T21:09:20.911+0000] {dagbag.py:545} INFO - Filling up the DagBag from /home/airflow/.local/lib/python3.12/site-packages/airflow/example_dags/example_sla_dag.py
[2025-10-30T21:09:20.945+0000] {processor.py:840} INFO - DAG(s) 'example_sla_dag' retrieved from /home/airflow/.local/lib/python3.12/site-packages/airflow/example_dags/example_sla_dag.py
[2025-10-30T21:09:21.131+0000] {logging_mixin.py:188} INFO - [2025-10-30T21:09:21.130+0000] {dag.py:3096} INFO - Sync 1 DAGs
[2025-10-30T21:09:21.289+0000] {logging_mixin.py:188} INFO - [2025-10-30T21:09:21.288+0000] {dag.py:3954} INFO - Setting next_dagrun for example_sla_dag to 2025-10-30 21:06:00+00:00, run_after=2025-10-30 21:08:00+00:00
[2025-10-30T21:09:21.351+0000] {processor.py:183} INFO - Processing /home/airflow/.local/lib/python3.12/site-packages/airflow/example_dags/example_sla_dag.py took 0.497 seconds
