[2025-10-30T20:29:47.417+0000] {processor.py:161} INFO - Started process (PID=108) to work on /home/airflow/.local/lib/python3.12/site-packages/airflow/example_dags/example_python_decorator.py
[2025-10-30T20:29:47.419+0000] {processor.py:830} INFO - Processing file /home/airflow/.local/lib/python3.12/site-packages/airflow/example_dags/example_python_decorator.py for tasks to queue
[2025-10-30T20:29:47.424+0000] {logging_mixin.py:188} INFO - [2025-10-30T20:29:47.423+0000] {dagbag.py:545} INFO - Filling up the DagBag from /home/airflow/.local/lib/python3.12/site-packages/airflow/example_dags/example_python_decorator.py
[2025-10-30T20:29:47.482+0000] {processor.py:840} INFO - DAG(s) 'example_python_decorator' retrieved from /home/airflow/.local/lib/python3.12/site-packages/airflow/example_dags/example_python_decorator.py
[2025-10-30T20:29:47.709+0000] {logging_mixin.py:188} INFO - [2025-10-30T20:29:47.709+0000] {dag.py:3096} INFO - Sync 1 DAGs
[2025-10-30T20:29:47.723+0000] {logging_mixin.py:188} INFO - [2025-10-30T20:29:47.723+0000] {dag.py:3954} INFO - Setting next_dagrun for example_python_decorator to None, run_after=None
[2025-10-30T20:29:47.759+0000] {processor.py:183} INFO - Processing /home/airflow/.local/lib/python3.12/site-packages/airflow/example_dags/example_python_decorator.py took 0.360 seconds
[2025-10-30T20:30:17.951+0000] {processor.py:161} INFO - Started process (PID=166) to work on /home/airflow/.local/lib/python3.12/site-packages/airflow/example_dags/example_python_decorator.py
[2025-10-30T20:30:17.953+0000] {processor.py:830} INFO - Processing file /home/airflow/.local/lib/python3.12/site-packages/airflow/example_dags/example_python_decorator.py for tasks to queue
[2025-10-30T20:30:17.955+0000] {logging_mixin.py:188} INFO - [2025-10-30T20:30:17.955+0000] {dagbag.py:545} INFO - Filling up the DagBag from /home/airflow/.local/lib/python3.12/site-packages/airflow/example_dags/example_python_decorator.py
[2025-10-30T20:30:17.971+0000] {processor.py:840} INFO - DAG(s) 'example_python_decorator' retrieved from /home/airflow/.local/lib/python3.12/site-packages/airflow/example_dags/example_python_decorator.py
[2025-10-30T20:30:18.001+0000] {logging_mixin.py:188} INFO - [2025-10-30T20:30:18.001+0000] {dag.py:3096} INFO - Sync 1 DAGs
[2025-10-30T20:30:18.017+0000] {logging_mixin.py:188} INFO - [2025-10-30T20:30:18.017+0000] {dag.py:3954} INFO - Setting next_dagrun for example_python_decorator to None, run_after=None
[2025-10-30T20:30:18.040+0000] {processor.py:183} INFO - Processing /home/airflow/.local/lib/python3.12/site-packages/airflow/example_dags/example_python_decorator.py took 0.096 seconds
[2025-10-30T20:30:48.408+0000] {processor.py:161} INFO - Started process (PID=225) to work on /home/airflow/.local/lib/python3.12/site-packages/airflow/example_dags/example_python_decorator.py
[2025-10-30T20:30:48.409+0000] {processor.py:830} INFO - Processing file /home/airflow/.local/lib/python3.12/site-packages/airflow/example_dags/example_python_decorator.py for tasks to queue
[2025-10-30T20:30:48.412+0000] {logging_mixin.py:188} INFO - [2025-10-30T20:30:48.411+0000] {dagbag.py:545} INFO - Filling up the DagBag from /home/airflow/.local/lib/python3.12/site-packages/airflow/example_dags/example_python_decorator.py
[2025-10-30T20:30:48.433+0000] {processor.py:840} INFO - DAG(s) 'example_python_decorator' retrieved from /home/airflow/.local/lib/python3.12/site-packages/airflow/example_dags/example_python_decorator.py
[2025-10-30T20:30:48.469+0000] {logging_mixin.py:188} INFO - [2025-10-30T20:30:48.468+0000] {dag.py:3096} INFO - Sync 1 DAGs
[2025-10-30T20:30:48.489+0000] {logging_mixin.py:188} INFO - [2025-10-30T20:30:48.489+0000] {dag.py:3954} INFO - Setting next_dagrun for example_python_decorator to None, run_after=None
[2025-10-30T20:30:48.519+0000] {processor.py:183} INFO - Processing /home/airflow/.local/lib/python3.12/site-packages/airflow/example_dags/example_python_decorator.py took 0.118 seconds
[2025-10-30T20:31:19.379+0000] {processor.py:161} INFO - Started process (PID=283) to work on /home/airflow/.local/lib/python3.12/site-packages/airflow/example_dags/example_python_decorator.py
[2025-10-30T20:31:19.382+0000] {processor.py:830} INFO - Processing file /home/airflow/.local/lib/python3.12/site-packages/airflow/example_dags/example_python_decorator.py for tasks to queue
[2025-10-30T20:31:19.384+0000] {logging_mixin.py:188} INFO - [2025-10-30T20:31:19.384+0000] {dagbag.py:545} INFO - Filling up the DagBag from /home/airflow/.local/lib/python3.12/site-packages/airflow/example_dags/example_python_decorator.py
[2025-10-30T20:31:19.414+0000] {processor.py:840} INFO - DAG(s) 'example_python_decorator' retrieved from /home/airflow/.local/lib/python3.12/site-packages/airflow/example_dags/example_python_decorator.py
[2025-10-30T20:31:19.462+0000] {logging_mixin.py:188} INFO - [2025-10-30T20:31:19.462+0000] {dag.py:3096} INFO - Sync 1 DAGs
[2025-10-30T20:31:19.484+0000] {logging_mixin.py:188} INFO - [2025-10-30T20:31:19.484+0000] {dag.py:3954} INFO - Setting next_dagrun for example_python_decorator to None, run_after=None
[2025-10-30T20:31:19.527+0000] {processor.py:183} INFO - Processing /home/airflow/.local/lib/python3.12/site-packages/airflow/example_dags/example_python_decorator.py took 0.157 seconds
[2025-10-30T20:31:50.434+0000] {processor.py:161} INFO - Started process (PID=341) to work on /home/airflow/.local/lib/python3.12/site-packages/airflow/example_dags/example_python_decorator.py
[2025-10-30T20:31:50.438+0000] {processor.py:830} INFO - Processing file /home/airflow/.local/lib/python3.12/site-packages/airflow/example_dags/example_python_decorator.py for tasks to queue
[2025-10-30T20:31:50.446+0000] {logging_mixin.py:188} INFO - [2025-10-30T20:31:50.445+0000] {dagbag.py:545} INFO - Filling up the DagBag from /home/airflow/.local/lib/python3.12/site-packages/airflow/example_dags/example_python_decorator.py
[2025-10-30T20:31:50.478+0000] {processor.py:840} INFO - DAG(s) 'example_python_decorator' retrieved from /home/airflow/.local/lib/python3.12/site-packages/airflow/example_dags/example_python_decorator.py
[2025-10-30T20:31:50.537+0000] {logging_mixin.py:188} INFO - [2025-10-30T20:31:50.536+0000] {dag.py:3096} INFO - Sync 1 DAGs
[2025-10-30T20:31:50.577+0000] {logging_mixin.py:188} INFO - [2025-10-30T20:31:50.576+0000] {dag.py:3954} INFO - Setting next_dagrun for example_python_decorator to None, run_after=None
[2025-10-30T20:31:50.620+0000] {processor.py:183} INFO - Processing /home/airflow/.local/lib/python3.12/site-packages/airflow/example_dags/example_python_decorator.py took 0.198 seconds
[2025-10-30T20:32:20.897+0000] {processor.py:161} INFO - Started process (PID=399) to work on /home/airflow/.local/lib/python3.12/site-packages/airflow/example_dags/example_python_decorator.py
[2025-10-30T20:32:20.899+0000] {processor.py:830} INFO - Processing file /home/airflow/.local/lib/python3.12/site-packages/airflow/example_dags/example_python_decorator.py for tasks to queue
[2025-10-30T20:32:20.901+0000] {logging_mixin.py:188} INFO - [2025-10-30T20:32:20.901+0000] {dagbag.py:545} INFO - Filling up the DagBag from /home/airflow/.local/lib/python3.12/site-packages/airflow/example_dags/example_python_decorator.py
[2025-10-30T20:32:20.917+0000] {processor.py:840} INFO - DAG(s) 'example_python_decorator' retrieved from /home/airflow/.local/lib/python3.12/site-packages/airflow/example_dags/example_python_decorator.py
[2025-10-30T20:32:20.948+0000] {logging_mixin.py:188} INFO - [2025-10-30T20:32:20.947+0000] {dag.py:3096} INFO - Sync 1 DAGs
[2025-10-30T20:32:20.964+0000] {logging_mixin.py:188} INFO - [2025-10-30T20:32:20.964+0000] {dag.py:3954} INFO - Setting next_dagrun for example_python_decorator to None, run_after=None
[2025-10-30T20:32:20.987+0000] {processor.py:183} INFO - Processing /home/airflow/.local/lib/python3.12/site-packages/airflow/example_dags/example_python_decorator.py took 0.098 seconds
[2025-10-30T20:32:51.660+0000] {processor.py:161} INFO - Started process (PID=457) to work on /home/airflow/.local/lib/python3.12/site-packages/airflow/example_dags/example_python_decorator.py
[2025-10-30T20:32:51.662+0000] {processor.py:830} INFO - Processing file /home/airflow/.local/lib/python3.12/site-packages/airflow/example_dags/example_python_decorator.py for tasks to queue
[2025-10-30T20:32:51.666+0000] {logging_mixin.py:188} INFO - [2025-10-30T20:32:51.665+0000] {dagbag.py:545} INFO - Filling up the DagBag from /home/airflow/.local/lib/python3.12/site-packages/airflow/example_dags/example_python_decorator.py
[2025-10-30T20:32:51.683+0000] {processor.py:840} INFO - DAG(s) 'example_python_decorator' retrieved from /home/airflow/.local/lib/python3.12/site-packages/airflow/example_dags/example_python_decorator.py
[2025-10-30T20:32:51.717+0000] {logging_mixin.py:188} INFO - [2025-10-30T20:32:51.716+0000] {dag.py:3096} INFO - Sync 1 DAGs
[2025-10-30T20:32:51.733+0000] {logging_mixin.py:188} INFO - [2025-10-30T20:32:51.733+0000] {dag.py:3954} INFO - Setting next_dagrun for example_python_decorator to None, run_after=None
[2025-10-30T20:32:51.755+0000] {processor.py:183} INFO - Processing /home/airflow/.local/lib/python3.12/site-packages/airflow/example_dags/example_python_decorator.py took 0.101 seconds
[2025-10-30T20:33:21.881+0000] {processor.py:161} INFO - Started process (PID=515) to work on /home/airflow/.local/lib/python3.12/site-packages/airflow/example_dags/example_python_decorator.py
[2025-10-30T20:33:21.883+0000] {processor.py:830} INFO - Processing file /home/airflow/.local/lib/python3.12/site-packages/airflow/example_dags/example_python_decorator.py for tasks to queue
[2025-10-30T20:33:21.885+0000] {logging_mixin.py:188} INFO - [2025-10-30T20:33:21.885+0000] {dagbag.py:545} INFO - Filling up the DagBag from /home/airflow/.local/lib/python3.12/site-packages/airflow/example_dags/example_python_decorator.py
[2025-10-30T20:33:21.902+0000] {processor.py:840} INFO - DAG(s) 'example_python_decorator' retrieved from /home/airflow/.local/lib/python3.12/site-packages/airflow/example_dags/example_python_decorator.py
[2025-10-30T20:33:21.932+0000] {logging_mixin.py:188} INFO - [2025-10-30T20:33:21.932+0000] {dag.py:3096} INFO - Sync 1 DAGs
[2025-10-30T20:33:21.950+0000] {logging_mixin.py:188} INFO - [2025-10-30T20:33:21.950+0000] {dag.py:3954} INFO - Setting next_dagrun for example_python_decorator to None, run_after=None
[2025-10-30T20:33:21.975+0000] {processor.py:183} INFO - Processing /home/airflow/.local/lib/python3.12/site-packages/airflow/example_dags/example_python_decorator.py took 0.102 seconds
[2025-10-30T20:33:52.694+0000] {processor.py:161} INFO - Started process (PID=573) to work on /home/airflow/.local/lib/python3.12/site-packages/airflow/example_dags/example_python_decorator.py
[2025-10-30T20:33:52.696+0000] {processor.py:830} INFO - Processing file /home/airflow/.local/lib/python3.12/site-packages/airflow/example_dags/example_python_decorator.py for tasks to queue
[2025-10-30T20:33:52.698+0000] {logging_mixin.py:188} INFO - [2025-10-30T20:33:52.698+0000] {dagbag.py:545} INFO - Filling up the DagBag from /home/airflow/.local/lib/python3.12/site-packages/airflow/example_dags/example_python_decorator.py
[2025-10-30T20:33:52.715+0000] {processor.py:840} INFO - DAG(s) 'example_python_decorator' retrieved from /home/airflow/.local/lib/python3.12/site-packages/airflow/example_dags/example_python_decorator.py
[2025-10-30T20:33:52.744+0000] {logging_mixin.py:188} INFO - [2025-10-30T20:33:52.743+0000] {dag.py:3096} INFO - Sync 1 DAGs
[2025-10-30T20:33:52.763+0000] {logging_mixin.py:188} INFO - [2025-10-30T20:33:52.763+0000] {dag.py:3954} INFO - Setting next_dagrun for example_python_decorator to None, run_after=None
[2025-10-30T20:33:52.789+0000] {processor.py:183} INFO - Processing /home/airflow/.local/lib/python3.12/site-packages/airflow/example_dags/example_python_decorator.py took 0.102 seconds
[2025-10-30T20:34:23.258+0000] {processor.py:161} INFO - Started process (PID=631) to work on /home/airflow/.local/lib/python3.12/site-packages/airflow/example_dags/example_python_decorator.py
[2025-10-30T20:34:23.260+0000] {processor.py:830} INFO - Processing file /home/airflow/.local/lib/python3.12/site-packages/airflow/example_dags/example_python_decorator.py for tasks to queue
[2025-10-30T20:34:23.265+0000] {logging_mixin.py:188} INFO - [2025-10-30T20:34:23.264+0000] {dagbag.py:545} INFO - Filling up the DagBag from /home/airflow/.local/lib/python3.12/site-packages/airflow/example_dags/example_python_decorator.py
[2025-10-30T20:34:23.282+0000] {processor.py:840} INFO - DAG(s) 'example_python_decorator' retrieved from /home/airflow/.local/lib/python3.12/site-packages/airflow/example_dags/example_python_decorator.py
[2025-10-30T20:34:23.317+0000] {logging_mixin.py:188} INFO - [2025-10-30T20:34:23.317+0000] {dag.py:3096} INFO - Sync 1 DAGs
[2025-10-30T20:34:23.335+0000] {logging_mixin.py:188} INFO - [2025-10-30T20:34:23.334+0000] {dag.py:3954} INFO - Setting next_dagrun for example_python_decorator to None, run_after=None
[2025-10-30T20:34:23.366+0000] {processor.py:183} INFO - Processing /home/airflow/.local/lib/python3.12/site-packages/airflow/example_dags/example_python_decorator.py took 0.118 seconds
[2025-10-30T20:34:53.626+0000] {processor.py:161} INFO - Started process (PID=689) to work on /home/airflow/.local/lib/python3.12/site-packages/airflow/example_dags/example_python_decorator.py
[2025-10-30T20:34:53.627+0000] {processor.py:830} INFO - Processing file /home/airflow/.local/lib/python3.12/site-packages/airflow/example_dags/example_python_decorator.py for tasks to queue
[2025-10-30T20:34:53.629+0000] {logging_mixin.py:188} INFO - [2025-10-30T20:34:53.629+0000] {dagbag.py:545} INFO - Filling up the DagBag from /home/airflow/.local/lib/python3.12/site-packages/airflow/example_dags/example_python_decorator.py
[2025-10-30T20:34:53.645+0000] {processor.py:840} INFO - DAG(s) 'example_python_decorator' retrieved from /home/airflow/.local/lib/python3.12/site-packages/airflow/example_dags/example_python_decorator.py
[2025-10-30T20:34:53.673+0000] {logging_mixin.py:188} INFO - [2025-10-30T20:34:53.672+0000] {dag.py:3096} INFO - Sync 1 DAGs
[2025-10-30T20:34:53.689+0000] {logging_mixin.py:188} INFO - [2025-10-30T20:34:53.689+0000] {dag.py:3954} INFO - Setting next_dagrun for example_python_decorator to None, run_after=None
[2025-10-30T20:34:53.711+0000] {processor.py:183} INFO - Processing /home/airflow/.local/lib/python3.12/site-packages/airflow/example_dags/example_python_decorator.py took 0.092 seconds
[2025-10-30T20:35:24.120+0000] {processor.py:161} INFO - Started process (PID=747) to work on /home/airflow/.local/lib/python3.12/site-packages/airflow/example_dags/example_python_decorator.py
[2025-10-30T20:35:24.121+0000] {processor.py:830} INFO - Processing file /home/airflow/.local/lib/python3.12/site-packages/airflow/example_dags/example_python_decorator.py for tasks to queue
[2025-10-30T20:35:24.123+0000] {logging_mixin.py:188} INFO - [2025-10-30T20:35:24.123+0000] {dagbag.py:545} INFO - Filling up the DagBag from /home/airflow/.local/lib/python3.12/site-packages/airflow/example_dags/example_python_decorator.py
[2025-10-30T20:35:24.139+0000] {processor.py:840} INFO - DAG(s) 'example_python_decorator' retrieved from /home/airflow/.local/lib/python3.12/site-packages/airflow/example_dags/example_python_decorator.py
[2025-10-30T20:35:24.168+0000] {logging_mixin.py:188} INFO - [2025-10-30T20:35:24.168+0000] {dag.py:3096} INFO - Sync 1 DAGs
[2025-10-30T20:35:24.185+0000] {logging_mixin.py:188} INFO - [2025-10-30T20:35:24.184+0000] {dag.py:3954} INFO - Setting next_dagrun for example_python_decorator to None, run_after=None
[2025-10-30T20:35:24.208+0000] {processor.py:183} INFO - Processing /home/airflow/.local/lib/python3.12/site-packages/airflow/example_dags/example_python_decorator.py took 0.095 seconds
[2025-10-30T20:35:55.088+0000] {processor.py:161} INFO - Started process (PID=805) to work on /home/airflow/.local/lib/python3.12/site-packages/airflow/example_dags/example_python_decorator.py
[2025-10-30T20:35:55.089+0000] {processor.py:830} INFO - Processing file /home/airflow/.local/lib/python3.12/site-packages/airflow/example_dags/example_python_decorator.py for tasks to queue
[2025-10-30T20:35:55.091+0000] {logging_mixin.py:188} INFO - [2025-10-30T20:35:55.091+0000] {dagbag.py:545} INFO - Filling up the DagBag from /home/airflow/.local/lib/python3.12/site-packages/airflow/example_dags/example_python_decorator.py
[2025-10-30T20:35:55.107+0000] {processor.py:840} INFO - DAG(s) 'example_python_decorator' retrieved from /home/airflow/.local/lib/python3.12/site-packages/airflow/example_dags/example_python_decorator.py
[2025-10-30T20:35:55.135+0000] {logging_mixin.py:188} INFO - [2025-10-30T20:35:55.134+0000] {dag.py:3096} INFO - Sync 1 DAGs
[2025-10-30T20:35:55.151+0000] {logging_mixin.py:188} INFO - [2025-10-30T20:35:55.151+0000] {dag.py:3954} INFO - Setting next_dagrun for example_python_decorator to None, run_after=None
[2025-10-30T20:35:55.173+0000] {processor.py:183} INFO - Processing /home/airflow/.local/lib/python3.12/site-packages/airflow/example_dags/example_python_decorator.py took 0.093 seconds
[2025-10-30T20:36:25.605+0000] {processor.py:161} INFO - Started process (PID=863) to work on /home/airflow/.local/lib/python3.12/site-packages/airflow/example_dags/example_python_decorator.py
[2025-10-30T20:36:25.607+0000] {processor.py:830} INFO - Processing file /home/airflow/.local/lib/python3.12/site-packages/airflow/example_dags/example_python_decorator.py for tasks to queue
[2025-10-30T20:36:25.609+0000] {logging_mixin.py:188} INFO - [2025-10-30T20:36:25.609+0000] {dagbag.py:545} INFO - Filling up the DagBag from /home/airflow/.local/lib/python3.12/site-packages/airflow/example_dags/example_python_decorator.py
[2025-10-30T20:36:25.629+0000] {processor.py:840} INFO - DAG(s) 'example_python_decorator' retrieved from /home/airflow/.local/lib/python3.12/site-packages/airflow/example_dags/example_python_decorator.py
[2025-10-30T20:36:25.658+0000] {logging_mixin.py:188} INFO - [2025-10-30T20:36:25.657+0000] {dag.py:3096} INFO - Sync 1 DAGs
[2025-10-30T20:36:25.673+0000] {logging_mixin.py:188} INFO - [2025-10-30T20:36:25.673+0000] {dag.py:3954} INFO - Setting next_dagrun for example_python_decorator to None, run_after=None
[2025-10-30T20:36:25.698+0000] {processor.py:183} INFO - Processing /home/airflow/.local/lib/python3.12/site-packages/airflow/example_dags/example_python_decorator.py took 0.103 seconds
[2025-10-30T20:36:55.904+0000] {processor.py:161} INFO - Started process (PID=921) to work on /home/airflow/.local/lib/python3.12/site-packages/airflow/example_dags/example_python_decorator.py
[2025-10-30T20:36:55.905+0000] {processor.py:830} INFO - Processing file /home/airflow/.local/lib/python3.12/site-packages/airflow/example_dags/example_python_decorator.py for tasks to queue
[2025-10-30T20:36:55.908+0000] {logging_mixin.py:188} INFO - [2025-10-30T20:36:55.907+0000] {dagbag.py:545} INFO - Filling up the DagBag from /home/airflow/.local/lib/python3.12/site-packages/airflow/example_dags/example_python_decorator.py
[2025-10-30T20:36:55.928+0000] {processor.py:840} INFO - DAG(s) 'example_python_decorator' retrieved from /home/airflow/.local/lib/python3.12/site-packages/airflow/example_dags/example_python_decorator.py
[2025-10-30T20:36:55.962+0000] {logging_mixin.py:188} INFO - [2025-10-30T20:36:55.962+0000] {dag.py:3096} INFO - Sync 1 DAGs
[2025-10-30T20:36:55.982+0000] {logging_mixin.py:188} INFO - [2025-10-30T20:36:55.981+0000] {dag.py:3954} INFO - Setting next_dagrun for example_python_decorator to None, run_after=None
[2025-10-30T20:36:56.009+0000] {processor.py:183} INFO - Processing /home/airflow/.local/lib/python3.12/site-packages/airflow/example_dags/example_python_decorator.py took 0.113 seconds
[2025-10-30T20:37:26.347+0000] {processor.py:161} INFO - Started process (PID=979) to work on /home/airflow/.local/lib/python3.12/site-packages/airflow/example_dags/example_python_decorator.py
[2025-10-30T20:37:26.350+0000] {processor.py:830} INFO - Processing file /home/airflow/.local/lib/python3.12/site-packages/airflow/example_dags/example_python_decorator.py for tasks to queue
[2025-10-30T20:37:26.353+0000] {logging_mixin.py:188} INFO - [2025-10-30T20:37:26.352+0000] {dagbag.py:545} INFO - Filling up the DagBag from /home/airflow/.local/lib/python3.12/site-packages/airflow/example_dags/example_python_decorator.py
[2025-10-30T20:37:26.377+0000] {processor.py:840} INFO - DAG(s) 'example_python_decorator' retrieved from /home/airflow/.local/lib/python3.12/site-packages/airflow/example_dags/example_python_decorator.py
[2025-10-30T20:37:26.417+0000] {logging_mixin.py:188} INFO - [2025-10-30T20:37:26.416+0000] {dag.py:3096} INFO - Sync 1 DAGs
[2025-10-30T20:37:26.440+0000] {logging_mixin.py:188} INFO - [2025-10-30T20:37:26.440+0000] {dag.py:3954} INFO - Setting next_dagrun for example_python_decorator to None, run_after=None
[2025-10-30T20:37:26.468+0000] {processor.py:183} INFO - Processing /home/airflow/.local/lib/python3.12/site-packages/airflow/example_dags/example_python_decorator.py took 0.130 seconds
[2025-10-30T20:37:57.297+0000] {processor.py:161} INFO - Started process (PID=1037) to work on /home/airflow/.local/lib/python3.12/site-packages/airflow/example_dags/example_python_decorator.py
[2025-10-30T20:37:57.298+0000] {processor.py:830} INFO - Processing file /home/airflow/.local/lib/python3.12/site-packages/airflow/example_dags/example_python_decorator.py for tasks to queue
[2025-10-30T20:37:57.301+0000] {logging_mixin.py:188} INFO - [2025-10-30T20:37:57.300+0000] {dagbag.py:545} INFO - Filling up the DagBag from /home/airflow/.local/lib/python3.12/site-packages/airflow/example_dags/example_python_decorator.py
[2025-10-30T20:37:57.316+0000] {processor.py:840} INFO - DAG(s) 'example_python_decorator' retrieved from /home/airflow/.local/lib/python3.12/site-packages/airflow/example_dags/example_python_decorator.py
[2025-10-30T20:37:57.345+0000] {logging_mixin.py:188} INFO - [2025-10-30T20:37:57.345+0000] {dag.py:3096} INFO - Sync 1 DAGs
[2025-10-30T20:37:57.364+0000] {logging_mixin.py:188} INFO - [2025-10-30T20:37:57.363+0000] {dag.py:3954} INFO - Setting next_dagrun for example_python_decorator to None, run_after=None
[2025-10-30T20:37:57.398+0000] {processor.py:183} INFO - Processing /home/airflow/.local/lib/python3.12/site-packages/airflow/example_dags/example_python_decorator.py took 0.108 seconds
[2025-10-30T20:38:28.059+0000] {processor.py:161} INFO - Started process (PID=1095) to work on /home/airflow/.local/lib/python3.12/site-packages/airflow/example_dags/example_python_decorator.py
[2025-10-30T20:38:28.061+0000] {processor.py:830} INFO - Processing file /home/airflow/.local/lib/python3.12/site-packages/airflow/example_dags/example_python_decorator.py for tasks to queue
[2025-10-30T20:38:28.064+0000] {logging_mixin.py:188} INFO - [2025-10-30T20:38:28.064+0000] {dagbag.py:545} INFO - Filling up the DagBag from /home/airflow/.local/lib/python3.12/site-packages/airflow/example_dags/example_python_decorator.py
[2025-10-30T20:38:28.081+0000] {processor.py:840} INFO - DAG(s) 'example_python_decorator' retrieved from /home/airflow/.local/lib/python3.12/site-packages/airflow/example_dags/example_python_decorator.py
[2025-10-30T20:38:28.118+0000] {logging_mixin.py:188} INFO - [2025-10-30T20:38:28.118+0000] {dag.py:3096} INFO - Sync 1 DAGs
[2025-10-30T20:38:28.139+0000] {logging_mixin.py:188} INFO - [2025-10-30T20:38:28.138+0000] {dag.py:3954} INFO - Setting next_dagrun for example_python_decorator to None, run_after=None
[2025-10-30T20:38:28.168+0000] {processor.py:183} INFO - Processing /home/airflow/.local/lib/python3.12/site-packages/airflow/example_dags/example_python_decorator.py took 0.115 seconds
[2025-10-30T20:38:58.336+0000] {processor.py:161} INFO - Started process (PID=1153) to work on /home/airflow/.local/lib/python3.12/site-packages/airflow/example_dags/example_python_decorator.py
[2025-10-30T20:38:58.337+0000] {processor.py:830} INFO - Processing file /home/airflow/.local/lib/python3.12/site-packages/airflow/example_dags/example_python_decorator.py for tasks to queue
[2025-10-30T20:38:58.340+0000] {logging_mixin.py:188} INFO - [2025-10-30T20:38:58.340+0000] {dagbag.py:545} INFO - Filling up the DagBag from /home/airflow/.local/lib/python3.12/site-packages/airflow/example_dags/example_python_decorator.py
[2025-10-30T20:38:58.363+0000] {processor.py:840} INFO - DAG(s) 'example_python_decorator' retrieved from /home/airflow/.local/lib/python3.12/site-packages/airflow/example_dags/example_python_decorator.py
[2025-10-30T20:38:58.397+0000] {logging_mixin.py:188} INFO - [2025-10-30T20:38:58.397+0000] {dag.py:3096} INFO - Sync 1 DAGs
[2025-10-30T20:38:58.417+0000] {logging_mixin.py:188} INFO - [2025-10-30T20:38:58.417+0000] {dag.py:3954} INFO - Setting next_dagrun for example_python_decorator to None, run_after=None
[2025-10-30T20:38:58.446+0000] {processor.py:183} INFO - Processing /home/airflow/.local/lib/python3.12/site-packages/airflow/example_dags/example_python_decorator.py took 0.120 seconds
[2025-10-30T20:39:28.621+0000] {processor.py:161} INFO - Started process (PID=1212) to work on /home/airflow/.local/lib/python3.12/site-packages/airflow/example_dags/example_python_decorator.py
[2025-10-30T20:39:28.623+0000] {processor.py:830} INFO - Processing file /home/airflow/.local/lib/python3.12/site-packages/airflow/example_dags/example_python_decorator.py for tasks to queue
[2025-10-30T20:39:28.626+0000] {logging_mixin.py:188} INFO - [2025-10-30T20:39:28.625+0000] {dagbag.py:545} INFO - Filling up the DagBag from /home/airflow/.local/lib/python3.12/site-packages/airflow/example_dags/example_python_decorator.py
[2025-10-30T20:39:28.645+0000] {processor.py:840} INFO - DAG(s) 'example_python_decorator' retrieved from /home/airflow/.local/lib/python3.12/site-packages/airflow/example_dags/example_python_decorator.py
[2025-10-30T20:39:28.678+0000] {logging_mixin.py:188} INFO - [2025-10-30T20:39:28.677+0000] {dag.py:3096} INFO - Sync 1 DAGs
[2025-10-30T20:39:28.694+0000] {logging_mixin.py:188} INFO - [2025-10-30T20:39:28.694+0000] {dag.py:3954} INFO - Setting next_dagrun for example_python_decorator to None, run_after=None
[2025-10-30T20:39:28.725+0000] {processor.py:183} INFO - Processing /home/airflow/.local/lib/python3.12/site-packages/airflow/example_dags/example_python_decorator.py took 0.113 seconds
[2025-10-30T20:39:59.259+0000] {processor.py:161} INFO - Started process (PID=1270) to work on /home/airflow/.local/lib/python3.12/site-packages/airflow/example_dags/example_python_decorator.py
[2025-10-30T20:39:59.263+0000] {processor.py:830} INFO - Processing file /home/airflow/.local/lib/python3.12/site-packages/airflow/example_dags/example_python_decorator.py for tasks to queue
[2025-10-30T20:39:59.268+0000] {logging_mixin.py:188} INFO - [2025-10-30T20:39:59.267+0000] {dagbag.py:545} INFO - Filling up the DagBag from /home/airflow/.local/lib/python3.12/site-packages/airflow/example_dags/example_python_decorator.py
[2025-10-30T20:39:59.313+0000] {processor.py:840} INFO - DAG(s) 'example_python_decorator' retrieved from /home/airflow/.local/lib/python3.12/site-packages/airflow/example_dags/example_python_decorator.py
[2025-10-30T20:39:59.369+0000] {logging_mixin.py:188} INFO - [2025-10-30T20:39:59.369+0000] {dag.py:3096} INFO - Sync 1 DAGs
[2025-10-30T20:39:59.402+0000] {logging_mixin.py:188} INFO - [2025-10-30T20:39:59.401+0000] {dag.py:3954} INFO - Setting next_dagrun for example_python_decorator to None, run_after=None
[2025-10-30T20:39:59.460+0000] {processor.py:183} INFO - Processing /home/airflow/.local/lib/python3.12/site-packages/airflow/example_dags/example_python_decorator.py took 0.256 seconds
[2025-10-30T20:40:29.898+0000] {processor.py:161} INFO - Started process (PID=1328) to work on /home/airflow/.local/lib/python3.12/site-packages/airflow/example_dags/example_python_decorator.py
[2025-10-30T20:40:29.899+0000] {processor.py:830} INFO - Processing file /home/airflow/.local/lib/python3.12/site-packages/airflow/example_dags/example_python_decorator.py for tasks to queue
[2025-10-30T20:40:29.902+0000] {logging_mixin.py:188} INFO - [2025-10-30T20:40:29.901+0000] {dagbag.py:545} INFO - Filling up the DagBag from /home/airflow/.local/lib/python3.12/site-packages/airflow/example_dags/example_python_decorator.py
[2025-10-30T20:40:29.919+0000] {processor.py:840} INFO - DAG(s) 'example_python_decorator' retrieved from /home/airflow/.local/lib/python3.12/site-packages/airflow/example_dags/example_python_decorator.py
[2025-10-30T20:40:29.976+0000] {logging_mixin.py:188} INFO - [2025-10-30T20:40:29.975+0000] {dag.py:3096} INFO - Sync 1 DAGs
[2025-10-30T20:40:30.002+0000] {logging_mixin.py:188} INFO - [2025-10-30T20:40:30.002+0000] {dag.py:3954} INFO - Setting next_dagrun for example_python_decorator to None, run_after=None
[2025-10-30T20:40:30.036+0000] {processor.py:183} INFO - Processing /home/airflow/.local/lib/python3.12/site-packages/airflow/example_dags/example_python_decorator.py took 0.148 seconds
[2025-10-30T20:41:00.197+0000] {processor.py:161} INFO - Started process (PID=1386) to work on /home/airflow/.local/lib/python3.12/site-packages/airflow/example_dags/example_python_decorator.py
[2025-10-30T20:41:00.199+0000] {processor.py:830} INFO - Processing file /home/airflow/.local/lib/python3.12/site-packages/airflow/example_dags/example_python_decorator.py for tasks to queue
[2025-10-30T20:41:00.202+0000] {logging_mixin.py:188} INFO - [2025-10-30T20:41:00.202+0000] {dagbag.py:545} INFO - Filling up the DagBag from /home/airflow/.local/lib/python3.12/site-packages/airflow/example_dags/example_python_decorator.py
[2025-10-30T20:41:00.232+0000] {processor.py:840} INFO - DAG(s) 'example_python_decorator' retrieved from /home/airflow/.local/lib/python3.12/site-packages/airflow/example_dags/example_python_decorator.py
[2025-10-30T20:41:00.274+0000] {logging_mixin.py:188} INFO - [2025-10-30T20:41:00.274+0000] {dag.py:3096} INFO - Sync 1 DAGs
[2025-10-30T20:41:00.300+0000] {logging_mixin.py:188} INFO - [2025-10-30T20:41:00.299+0000] {dag.py:3954} INFO - Setting next_dagrun for example_python_decorator to None, run_after=None
[2025-10-30T20:41:00.341+0000] {processor.py:183} INFO - Processing /home/airflow/.local/lib/python3.12/site-packages/airflow/example_dags/example_python_decorator.py took 0.153 seconds
[2025-10-30T20:41:32.248+0000] {processor.py:161} INFO - Started process (PID=1444) to work on /home/airflow/.local/lib/python3.12/site-packages/airflow/example_dags/example_python_decorator.py
[2025-10-30T20:41:32.249+0000] {processor.py:830} INFO - Processing file /home/airflow/.local/lib/python3.12/site-packages/airflow/example_dags/example_python_decorator.py for tasks to queue
[2025-10-30T20:41:32.253+0000] {logging_mixin.py:188} INFO - [2025-10-30T20:41:32.252+0000] {dagbag.py:545} INFO - Filling up the DagBag from /home/airflow/.local/lib/python3.12/site-packages/airflow/example_dags/example_python_decorator.py
[2025-10-30T20:41:32.280+0000] {processor.py:840} INFO - DAG(s) 'example_python_decorator' retrieved from /home/airflow/.local/lib/python3.12/site-packages/airflow/example_dags/example_python_decorator.py
[2025-10-30T20:41:32.326+0000] {logging_mixin.py:188} INFO - [2025-10-30T20:41:32.326+0000] {dag.py:3096} INFO - Sync 1 DAGs
[2025-10-30T20:41:32.353+0000] {logging_mixin.py:188} INFO - [2025-10-30T20:41:32.353+0000] {dag.py:3954} INFO - Setting next_dagrun for example_python_decorator to None, run_after=None
[2025-10-30T20:41:32.387+0000] {processor.py:183} INFO - Processing /home/airflow/.local/lib/python3.12/site-packages/airflow/example_dags/example_python_decorator.py took 0.150 seconds
[2025-10-30T20:42:03.011+0000] {processor.py:161} INFO - Started process (PID=1501) to work on /home/airflow/.local/lib/python3.12/site-packages/airflow/example_dags/example_python_decorator.py
[2025-10-30T20:42:03.013+0000] {processor.py:830} INFO - Processing file /home/airflow/.local/lib/python3.12/site-packages/airflow/example_dags/example_python_decorator.py for tasks to queue
[2025-10-30T20:42:03.016+0000] {logging_mixin.py:188} INFO - [2025-10-30T20:42:03.016+0000] {dagbag.py:545} INFO - Filling up the DagBag from /home/airflow/.local/lib/python3.12/site-packages/airflow/example_dags/example_python_decorator.py
[2025-10-30T20:42:03.039+0000] {processor.py:840} INFO - DAG(s) 'example_python_decorator' retrieved from /home/airflow/.local/lib/python3.12/site-packages/airflow/example_dags/example_python_decorator.py
[2025-10-30T20:42:03.100+0000] {logging_mixin.py:188} INFO - [2025-10-30T20:42:03.100+0000] {dag.py:3096} INFO - Sync 1 DAGs
[2025-10-30T20:42:03.133+0000] {logging_mixin.py:188} INFO - [2025-10-30T20:42:03.132+0000] {dag.py:3954} INFO - Setting next_dagrun for example_python_decorator to None, run_after=None
[2025-10-30T20:42:03.425+0000] {processor.py:183} INFO - Processing /home/airflow/.local/lib/python3.12/site-packages/airflow/example_dags/example_python_decorator.py took 0.424 seconds
[2025-10-30T20:42:33.757+0000] {processor.py:161} INFO - Started process (PID=1559) to work on /home/airflow/.local/lib/python3.12/site-packages/airflow/example_dags/example_python_decorator.py
[2025-10-30T20:42:33.758+0000] {processor.py:830} INFO - Processing file /home/airflow/.local/lib/python3.12/site-packages/airflow/example_dags/example_python_decorator.py for tasks to queue
[2025-10-30T20:42:33.761+0000] {logging_mixin.py:188} INFO - [2025-10-30T20:42:33.760+0000] {dagbag.py:545} INFO - Filling up the DagBag from /home/airflow/.local/lib/python3.12/site-packages/airflow/example_dags/example_python_decorator.py
[2025-10-30T20:42:33.780+0000] {processor.py:840} INFO - DAG(s) 'example_python_decorator' retrieved from /home/airflow/.local/lib/python3.12/site-packages/airflow/example_dags/example_python_decorator.py
[2025-10-30T20:42:33.809+0000] {logging_mixin.py:188} INFO - [2025-10-30T20:42:33.809+0000] {dag.py:3096} INFO - Sync 1 DAGs
[2025-10-30T20:42:33.825+0000] {logging_mixin.py:188} INFO - [2025-10-30T20:42:33.825+0000] {dag.py:3954} INFO - Setting next_dagrun for example_python_decorator to None, run_after=None
[2025-10-30T20:42:33.852+0000] {processor.py:183} INFO - Processing /home/airflow/.local/lib/python3.12/site-packages/airflow/example_dags/example_python_decorator.py took 0.104 seconds
[2025-10-30T21:06:28.614+0000] {processor.py:161} INFO - Started process (PID=109) to work on /home/airflow/.local/lib/python3.12/site-packages/airflow/example_dags/example_python_decorator.py
[2025-10-30T21:06:28.616+0000] {processor.py:830} INFO - Processing file /home/airflow/.local/lib/python3.12/site-packages/airflow/example_dags/example_python_decorator.py for tasks to queue
[2025-10-30T21:06:28.619+0000] {logging_mixin.py:188} INFO - [2025-10-30T21:06:28.619+0000] {dagbag.py:545} INFO - Filling up the DagBag from /home/airflow/.local/lib/python3.12/site-packages/airflow/example_dags/example_python_decorator.py
[2025-10-30T21:06:28.643+0000] {processor.py:840} INFO - DAG(s) 'example_python_decorator' retrieved from /home/airflow/.local/lib/python3.12/site-packages/airflow/example_dags/example_python_decorator.py
[2025-10-30T21:06:28.877+0000] {logging_mixin.py:188} INFO - [2025-10-30T21:06:28.876+0000] {dag.py:3096} INFO - Sync 1 DAGs
[2025-10-30T21:06:28.898+0000] {logging_mixin.py:188} INFO - [2025-10-30T21:06:28.897+0000] {dag.py:3954} INFO - Setting next_dagrun for example_python_decorator to None, run_after=None
[2025-10-30T21:06:28.948+0000] {processor.py:183} INFO - Processing /home/airflow/.local/lib/python3.12/site-packages/airflow/example_dags/example_python_decorator.py took 0.343 seconds
[2025-10-30T21:06:59.064+0000] {processor.py:161} INFO - Started process (PID=168) to work on /home/airflow/.local/lib/python3.12/site-packages/airflow/example_dags/example_python_decorator.py
[2025-10-30T21:06:59.067+0000] {processor.py:830} INFO - Processing file /home/airflow/.local/lib/python3.12/site-packages/airflow/example_dags/example_python_decorator.py for tasks to queue
[2025-10-30T21:06:59.073+0000] {logging_mixin.py:188} INFO - [2025-10-30T21:06:59.072+0000] {dagbag.py:545} INFO - Filling up the DagBag from /home/airflow/.local/lib/python3.12/site-packages/airflow/example_dags/example_python_decorator.py
[2025-10-30T21:06:59.109+0000] {processor.py:840} INFO - DAG(s) 'example_python_decorator' retrieved from /home/airflow/.local/lib/python3.12/site-packages/airflow/example_dags/example_python_decorator.py
[2025-10-30T21:06:59.174+0000] {logging_mixin.py:188} INFO - [2025-10-30T21:06:59.174+0000] {dag.py:3096} INFO - Sync 1 DAGs
[2025-10-30T21:06:59.204+0000] {logging_mixin.py:188} INFO - [2025-10-30T21:06:59.203+0000] {dag.py:3954} INFO - Setting next_dagrun for example_python_decorator to None, run_after=None
[2025-10-30T21:06:59.244+0000] {processor.py:183} INFO - Processing /home/airflow/.local/lib/python3.12/site-packages/airflow/example_dags/example_python_decorator.py took 0.197 seconds
[2025-10-30T21:07:29.474+0000] {processor.py:161} INFO - Started process (PID=230) to work on /home/airflow/.local/lib/python3.12/site-packages/airflow/example_dags/example_python_decorator.py
[2025-10-30T21:07:29.477+0000] {processor.py:830} INFO - Processing file /home/airflow/.local/lib/python3.12/site-packages/airflow/example_dags/example_python_decorator.py for tasks to queue
[2025-10-30T21:07:29.482+0000] {logging_mixin.py:188} INFO - [2025-10-30T21:07:29.481+0000] {dagbag.py:545} INFO - Filling up the DagBag from /home/airflow/.local/lib/python3.12/site-packages/airflow/example_dags/example_python_decorator.py
[2025-10-30T21:07:29.511+0000] {processor.py:840} INFO - DAG(s) 'example_python_decorator' retrieved from /home/airflow/.local/lib/python3.12/site-packages/airflow/example_dags/example_python_decorator.py
[2025-10-30T21:07:29.559+0000] {logging_mixin.py:188} INFO - [2025-10-30T21:07:29.558+0000] {dag.py:3096} INFO - Sync 1 DAGs
[2025-10-30T21:07:29.582+0000] {logging_mixin.py:188} INFO - [2025-10-30T21:07:29.582+0000] {dag.py:3954} INFO - Setting next_dagrun for example_python_decorator to None, run_after=None
[2025-10-30T21:07:29.631+0000] {processor.py:183} INFO - Processing /home/airflow/.local/lib/python3.12/site-packages/airflow/example_dags/example_python_decorator.py took 0.170 seconds
[2025-10-30T21:07:59.870+0000] {processor.py:161} INFO - Started process (PID=289) to work on /home/airflow/.local/lib/python3.12/site-packages/airflow/example_dags/example_python_decorator.py
[2025-10-30T21:07:59.876+0000] {processor.py:830} INFO - Processing file /home/airflow/.local/lib/python3.12/site-packages/airflow/example_dags/example_python_decorator.py for tasks to queue
[2025-10-30T21:07:59.881+0000] {logging_mixin.py:188} INFO - [2025-10-30T21:07:59.880+0000] {dagbag.py:545} INFO - Filling up the DagBag from /home/airflow/.local/lib/python3.12/site-packages/airflow/example_dags/example_python_decorator.py
[2025-10-30T21:07:59.916+0000] {processor.py:840} INFO - DAG(s) 'example_python_decorator' retrieved from /home/airflow/.local/lib/python3.12/site-packages/airflow/example_dags/example_python_decorator.py
[2025-10-30T21:07:59.988+0000] {logging_mixin.py:188} INFO - [2025-10-30T21:07:59.987+0000] {dag.py:3096} INFO - Sync 1 DAGs
[2025-10-30T21:08:00.042+0000] {logging_mixin.py:188} INFO - [2025-10-30T21:08:00.041+0000] {dag.py:3954} INFO - Setting next_dagrun for example_python_decorator to None, run_after=None
[2025-10-30T21:08:00.116+0000] {processor.py:183} INFO - Processing /home/airflow/.local/lib/python3.12/site-packages/airflow/example_dags/example_python_decorator.py took 0.260 seconds
[2025-10-30T21:08:31.145+0000] {processor.py:161} INFO - Started process (PID=348) to work on /home/airflow/.local/lib/python3.12/site-packages/airflow/example_dags/example_python_decorator.py
[2025-10-30T21:08:31.149+0000] {processor.py:830} INFO - Processing file /home/airflow/.local/lib/python3.12/site-packages/airflow/example_dags/example_python_decorator.py for tasks to queue
[2025-10-30T21:08:31.156+0000] {logging_mixin.py:188} INFO - [2025-10-30T21:08:31.155+0000] {dagbag.py:545} INFO - Filling up the DagBag from /home/airflow/.local/lib/python3.12/site-packages/airflow/example_dags/example_python_decorator.py
[2025-10-30T21:08:31.234+0000] {processor.py:840} INFO - DAG(s) 'example_python_decorator' retrieved from /home/airflow/.local/lib/python3.12/site-packages/airflow/example_dags/example_python_decorator.py
[2025-10-30T21:08:31.319+0000] {logging_mixin.py:188} INFO - [2025-10-30T21:08:31.318+0000] {dag.py:3096} INFO - Sync 1 DAGs
[2025-10-30T21:08:31.372+0000] {logging_mixin.py:188} INFO - [2025-10-30T21:08:31.372+0000] {dag.py:3954} INFO - Setting next_dagrun for example_python_decorator to None, run_after=None
[2025-10-30T21:08:31.429+0000] {processor.py:183} INFO - Processing /home/airflow/.local/lib/python3.12/site-packages/airflow/example_dags/example_python_decorator.py took 0.304 seconds
[2025-10-30T21:09:21.296+0000] {processor.py:161} INFO - Started process (PID=419) to work on /home/airflow/.local/lib/python3.12/site-packages/airflow/example_dags/example_python_decorator.py
[2025-10-30T21:09:21.300+0000] {processor.py:830} INFO - Processing file /home/airflow/.local/lib/python3.12/site-packages/airflow/example_dags/example_python_decorator.py for tasks to queue
[2025-10-30T21:09:21.307+0000] {logging_mixin.py:188} INFO - [2025-10-30T21:09:21.306+0000] {dagbag.py:545} INFO - Filling up the DagBag from /home/airflow/.local/lib/python3.12/site-packages/airflow/example_dags/example_python_decorator.py
[2025-10-30T21:09:21.391+0000] {processor.py:840} INFO - DAG(s) 'example_python_decorator' retrieved from /home/airflow/.local/lib/python3.12/site-packages/airflow/example_dags/example_python_decorator.py
[2025-10-30T21:09:21.496+0000] {logging_mixin.py:188} INFO - [2025-10-30T21:09:21.496+0000] {dag.py:3096} INFO - Sync 1 DAGs
[2025-10-30T21:09:21.542+0000] {logging_mixin.py:188} INFO - [2025-10-30T21:09:21.541+0000] {dag.py:3954} INFO - Setting next_dagrun for example_python_decorator to None, run_after=None
[2025-10-30T21:09:21.616+0000] {processor.py:183} INFO - Processing /home/airflow/.local/lib/python3.12/site-packages/airflow/example_dags/example_python_decorator.py took 0.350 seconds
