[2025-10-30T20:29:42.104+0000] {processor.py:161} INFO - Started process (PID=88) to work on /home/airflow/.local/lib/python3.12/site-packages/airflow/example_dags/example_bash_operator.py
[2025-10-30T20:29:42.106+0000] {processor.py:830} INFO - Processing file /home/airflow/.local/lib/python3.12/site-packages/airflow/example_dags/example_bash_operator.py for tasks to queue
[2025-10-30T20:29:42.110+0000] {logging_mixin.py:188} INFO - [2025-10-30T20:29:42.110+0000] {dagbag.py:545} INFO - Filling up the DagBag from /home/airflow/.local/lib/python3.12/site-packages/airflow/example_dags/example_bash_operator.py
[2025-10-30T20:29:42.180+0000] {processor.py:840} INFO - DAG(s) 'example_bash_operator' retrieved from /home/airflow/.local/lib/python3.12/site-packages/airflow/example_dags/example_bash_operator.py
[2025-10-30T20:29:42.793+0000] {logging_mixin.py:188} INFO - [2025-10-30T20:29:42.791+0000] {dag.py:3096} INFO - Sync 1 DAGs
[2025-10-30T20:29:42.939+0000] {logging_mixin.py:188} INFO - [2025-10-30T20:29:42.939+0000] {dag.py:3954} INFO - Setting next_dagrun for example_bash_operator to 2025-10-29 00:00:00+00:00, run_after=2025-10-30 00:00:00+00:00
[2025-10-30T20:29:43.007+0000] {processor.py:183} INFO - Processing /home/airflow/.local/lib/python3.12/site-packages/airflow/example_dags/example_bash_operator.py took 0.918 seconds
[2025-10-30T20:30:13.571+0000] {processor.py:161} INFO - Started process (PID=146) to work on /home/airflow/.local/lib/python3.12/site-packages/airflow/example_dags/example_bash_operator.py
[2025-10-30T20:30:13.573+0000] {processor.py:830} INFO - Processing file /home/airflow/.local/lib/python3.12/site-packages/airflow/example_dags/example_bash_operator.py for tasks to queue
[2025-10-30T20:30:13.576+0000] {logging_mixin.py:188} INFO - [2025-10-30T20:30:13.576+0000] {dagbag.py:545} INFO - Filling up the DagBag from /home/airflow/.local/lib/python3.12/site-packages/airflow/example_dags/example_bash_operator.py
[2025-10-30T20:30:13.595+0000] {processor.py:840} INFO - DAG(s) 'example_bash_operator' retrieved from /home/airflow/.local/lib/python3.12/site-packages/airflow/example_dags/example_bash_operator.py
[2025-10-30T20:30:13.631+0000] {logging_mixin.py:188} INFO - [2025-10-30T20:30:13.631+0000] {dag.py:3096} INFO - Sync 1 DAGs
[2025-10-30T20:30:13.660+0000] {logging_mixin.py:188} INFO - [2025-10-30T20:30:13.660+0000] {dag.py:3954} INFO - Setting next_dagrun for example_bash_operator to 2025-10-29 00:00:00+00:00, run_after=2025-10-30 00:00:00+00:00
[2025-10-30T20:30:13.682+0000] {processor.py:183} INFO - Processing /home/airflow/.local/lib/python3.12/site-packages/airflow/example_dags/example_bash_operator.py took 0.120 seconds
[2025-10-30T20:30:43.781+0000] {processor.py:161} INFO - Started process (PID=205) to work on /home/airflow/.local/lib/python3.12/site-packages/airflow/example_dags/example_bash_operator.py
[2025-10-30T20:30:43.787+0000] {processor.py:830} INFO - Processing file /home/airflow/.local/lib/python3.12/site-packages/airflow/example_dags/example_bash_operator.py for tasks to queue
[2025-10-30T20:30:43.789+0000] {logging_mixin.py:188} INFO - [2025-10-30T20:30:43.789+0000] {dagbag.py:545} INFO - Filling up the DagBag from /home/airflow/.local/lib/python3.12/site-packages/airflow/example_dags/example_bash_operator.py
[2025-10-30T20:30:43.808+0000] {processor.py:840} INFO - DAG(s) 'example_bash_operator' retrieved from /home/airflow/.local/lib/python3.12/site-packages/airflow/example_dags/example_bash_operator.py
[2025-10-30T20:30:43.854+0000] {logging_mixin.py:188} INFO - [2025-10-30T20:30:43.853+0000] {dag.py:3096} INFO - Sync 1 DAGs
[2025-10-30T20:30:43.884+0000] {logging_mixin.py:188} INFO - [2025-10-30T20:30:43.884+0000] {dag.py:3954} INFO - Setting next_dagrun for example_bash_operator to 2025-10-29 00:00:00+00:00, run_after=2025-10-30 00:00:00+00:00
[2025-10-30T20:30:43.908+0000] {processor.py:183} INFO - Processing /home/airflow/.local/lib/python3.12/site-packages/airflow/example_dags/example_bash_operator.py took 0.136 seconds
[2025-10-30T20:31:14.687+0000] {processor.py:161} INFO - Started process (PID=263) to work on /home/airflow/.local/lib/python3.12/site-packages/airflow/example_dags/example_bash_operator.py
[2025-10-30T20:31:14.692+0000] {processor.py:830} INFO - Processing file /home/airflow/.local/lib/python3.12/site-packages/airflow/example_dags/example_bash_operator.py for tasks to queue
[2025-10-30T20:31:14.701+0000] {logging_mixin.py:188} INFO - [2025-10-30T20:31:14.698+0000] {dagbag.py:545} INFO - Filling up the DagBag from /home/airflow/.local/lib/python3.12/site-packages/airflow/example_dags/example_bash_operator.py
[2025-10-30T20:31:14.805+0000] {processor.py:840} INFO - DAG(s) 'example_bash_operator' retrieved from /home/airflow/.local/lib/python3.12/site-packages/airflow/example_dags/example_bash_operator.py
[2025-10-30T20:31:14.910+0000] {logging_mixin.py:188} INFO - [2025-10-30T20:31:14.910+0000] {dag.py:3096} INFO - Sync 1 DAGs
[2025-10-30T20:31:15.106+0000] {logging_mixin.py:188} INFO - [2025-10-30T20:31:15.106+0000] {dag.py:3954} INFO - Setting next_dagrun for example_bash_operator to 2025-10-29 00:00:00+00:00, run_after=2025-10-30 00:00:00+00:00
[2025-10-30T20:31:15.310+0000] {processor.py:183} INFO - Processing /home/airflow/.local/lib/python3.12/site-packages/airflow/example_dags/example_bash_operator.py took 0.639 seconds
[2025-10-30T20:31:45.777+0000] {processor.py:161} INFO - Started process (PID=321) to work on /home/airflow/.local/lib/python3.12/site-packages/airflow/example_dags/example_bash_operator.py
[2025-10-30T20:31:45.779+0000] {processor.py:830} INFO - Processing file /home/airflow/.local/lib/python3.12/site-packages/airflow/example_dags/example_bash_operator.py for tasks to queue
[2025-10-30T20:31:45.784+0000] {logging_mixin.py:188} INFO - [2025-10-30T20:31:45.783+0000] {dagbag.py:545} INFO - Filling up the DagBag from /home/airflow/.local/lib/python3.12/site-packages/airflow/example_dags/example_bash_operator.py
[2025-10-30T20:31:45.813+0000] {processor.py:840} INFO - DAG(s) 'example_bash_operator' retrieved from /home/airflow/.local/lib/python3.12/site-packages/airflow/example_dags/example_bash_operator.py
[2025-10-30T20:31:45.882+0000] {logging_mixin.py:188} INFO - [2025-10-30T20:31:45.882+0000] {dag.py:3096} INFO - Sync 1 DAGs
[2025-10-30T20:31:45.989+0000] {logging_mixin.py:188} INFO - [2025-10-30T20:31:45.988+0000] {dag.py:3954} INFO - Setting next_dagrun for example_bash_operator to 2025-10-29 00:00:00+00:00, run_after=2025-10-30 00:00:00+00:00
[2025-10-30T20:31:46.040+0000] {processor.py:183} INFO - Processing /home/airflow/.local/lib/python3.12/site-packages/airflow/example_dags/example_bash_operator.py took 0.274 seconds
[2025-10-30T20:32:16.394+0000] {processor.py:161} INFO - Started process (PID=379) to work on /home/airflow/.local/lib/python3.12/site-packages/airflow/example_dags/example_bash_operator.py
[2025-10-30T20:32:16.395+0000] {processor.py:830} INFO - Processing file /home/airflow/.local/lib/python3.12/site-packages/airflow/example_dags/example_bash_operator.py for tasks to queue
[2025-10-30T20:32:16.398+0000] {logging_mixin.py:188} INFO - [2025-10-30T20:32:16.397+0000] {dagbag.py:545} INFO - Filling up the DagBag from /home/airflow/.local/lib/python3.12/site-packages/airflow/example_dags/example_bash_operator.py
[2025-10-30T20:32:16.413+0000] {processor.py:840} INFO - DAG(s) 'example_bash_operator' retrieved from /home/airflow/.local/lib/python3.12/site-packages/airflow/example_dags/example_bash_operator.py
[2025-10-30T20:32:16.452+0000] {logging_mixin.py:188} INFO - [2025-10-30T20:32:16.451+0000] {dag.py:3096} INFO - Sync 1 DAGs
[2025-10-30T20:32:16.482+0000] {logging_mixin.py:188} INFO - [2025-10-30T20:32:16.482+0000] {dag.py:3954} INFO - Setting next_dagrun for example_bash_operator to 2025-10-29 00:00:00+00:00, run_after=2025-10-30 00:00:00+00:00
[2025-10-30T20:32:16.509+0000] {processor.py:183} INFO - Processing /home/airflow/.local/lib/python3.12/site-packages/airflow/example_dags/example_bash_operator.py took 0.124 seconds
[2025-10-30T20:32:47.131+0000] {processor.py:161} INFO - Started process (PID=437) to work on /home/airflow/.local/lib/python3.12/site-packages/airflow/example_dags/example_bash_operator.py
[2025-10-30T20:32:47.133+0000] {processor.py:830} INFO - Processing file /home/airflow/.local/lib/python3.12/site-packages/airflow/example_dags/example_bash_operator.py for tasks to queue
[2025-10-30T20:32:47.136+0000] {logging_mixin.py:188} INFO - [2025-10-30T20:32:47.135+0000] {dagbag.py:545} INFO - Filling up the DagBag from /home/airflow/.local/lib/python3.12/site-packages/airflow/example_dags/example_bash_operator.py
[2025-10-30T20:32:47.151+0000] {processor.py:840} INFO - DAG(s) 'example_bash_operator' retrieved from /home/airflow/.local/lib/python3.12/site-packages/airflow/example_dags/example_bash_operator.py
[2025-10-30T20:32:47.188+0000] {logging_mixin.py:188} INFO - [2025-10-30T20:32:47.187+0000] {dag.py:3096} INFO - Sync 1 DAGs
[2025-10-30T20:32:47.219+0000] {logging_mixin.py:188} INFO - [2025-10-30T20:32:47.218+0000] {dag.py:3954} INFO - Setting next_dagrun for example_bash_operator to 2025-10-29 00:00:00+00:00, run_after=2025-10-30 00:00:00+00:00
[2025-10-30T20:32:47.248+0000] {processor.py:183} INFO - Processing /home/airflow/.local/lib/python3.12/site-packages/airflow/example_dags/example_bash_operator.py took 0.124 seconds
[2025-10-30T20:33:17.439+0000] {processor.py:161} INFO - Started process (PID=495) to work on /home/airflow/.local/lib/python3.12/site-packages/airflow/example_dags/example_bash_operator.py
[2025-10-30T20:33:17.445+0000] {processor.py:830} INFO - Processing file /home/airflow/.local/lib/python3.12/site-packages/airflow/example_dags/example_bash_operator.py for tasks to queue
[2025-10-30T20:33:17.449+0000] {logging_mixin.py:188} INFO - [2025-10-30T20:33:17.448+0000] {dagbag.py:545} INFO - Filling up the DagBag from /home/airflow/.local/lib/python3.12/site-packages/airflow/example_dags/example_bash_operator.py
[2025-10-30T20:33:17.471+0000] {processor.py:840} INFO - DAG(s) 'example_bash_operator' retrieved from /home/airflow/.local/lib/python3.12/site-packages/airflow/example_dags/example_bash_operator.py
[2025-10-30T20:33:17.535+0000] {logging_mixin.py:188} INFO - [2025-10-30T20:33:17.534+0000] {dag.py:3096} INFO - Sync 1 DAGs
[2025-10-30T20:33:17.566+0000] {logging_mixin.py:188} INFO - [2025-10-30T20:33:17.566+0000] {dag.py:3954} INFO - Setting next_dagrun for example_bash_operator to 2025-10-29 00:00:00+00:00, run_after=2025-10-30 00:00:00+00:00
[2025-10-30T20:33:17.596+0000] {processor.py:183} INFO - Processing /home/airflow/.local/lib/python3.12/site-packages/airflow/example_dags/example_bash_operator.py took 0.169 seconds
[2025-10-30T20:33:48.361+0000] {processor.py:161} INFO - Started process (PID=553) to work on /home/airflow/.local/lib/python3.12/site-packages/airflow/example_dags/example_bash_operator.py
[2025-10-30T20:33:48.363+0000] {processor.py:830} INFO - Processing file /home/airflow/.local/lib/python3.12/site-packages/airflow/example_dags/example_bash_operator.py for tasks to queue
[2025-10-30T20:33:48.366+0000] {logging_mixin.py:188} INFO - [2025-10-30T20:33:48.365+0000] {dagbag.py:545} INFO - Filling up the DagBag from /home/airflow/.local/lib/python3.12/site-packages/airflow/example_dags/example_bash_operator.py
[2025-10-30T20:33:48.382+0000] {processor.py:840} INFO - DAG(s) 'example_bash_operator' retrieved from /home/airflow/.local/lib/python3.12/site-packages/airflow/example_dags/example_bash_operator.py
[2025-10-30T20:33:48.431+0000] {logging_mixin.py:188} INFO - [2025-10-30T20:33:48.431+0000] {dag.py:3096} INFO - Sync 1 DAGs
[2025-10-30T20:33:48.484+0000] {logging_mixin.py:188} INFO - [2025-10-30T20:33:48.483+0000] {dag.py:3954} INFO - Setting next_dagrun for example_bash_operator to 2025-10-29 00:00:00+00:00, run_after=2025-10-30 00:00:00+00:00
[2025-10-30T20:33:48.511+0000] {processor.py:183} INFO - Processing /home/airflow/.local/lib/python3.12/site-packages/airflow/example_dags/example_bash_operator.py took 0.161 seconds
[2025-10-30T20:34:18.750+0000] {processor.py:161} INFO - Started process (PID=611) to work on /home/airflow/.local/lib/python3.12/site-packages/airflow/example_dags/example_bash_operator.py
[2025-10-30T20:34:18.758+0000] {processor.py:830} INFO - Processing file /home/airflow/.local/lib/python3.12/site-packages/airflow/example_dags/example_bash_operator.py for tasks to queue
[2025-10-30T20:34:18.761+0000] {logging_mixin.py:188} INFO - [2025-10-30T20:34:18.761+0000] {dagbag.py:545} INFO - Filling up the DagBag from /home/airflow/.local/lib/python3.12/site-packages/airflow/example_dags/example_bash_operator.py
[2025-10-30T20:34:18.784+0000] {processor.py:840} INFO - DAG(s) 'example_bash_operator' retrieved from /home/airflow/.local/lib/python3.12/site-packages/airflow/example_dags/example_bash_operator.py
[2025-10-30T20:34:18.825+0000] {logging_mixin.py:188} INFO - [2025-10-30T20:34:18.825+0000] {dag.py:3096} INFO - Sync 1 DAGs
[2025-10-30T20:34:18.857+0000] {logging_mixin.py:188} INFO - [2025-10-30T20:34:18.856+0000] {dag.py:3954} INFO - Setting next_dagrun for example_bash_operator to 2025-10-29 00:00:00+00:00, run_after=2025-10-30 00:00:00+00:00
[2025-10-30T20:34:18.885+0000] {processor.py:183} INFO - Processing /home/airflow/.local/lib/python3.12/site-packages/airflow/example_dags/example_bash_operator.py took 0.144 seconds
[2025-10-30T20:34:49.379+0000] {processor.py:161} INFO - Started process (PID=669) to work on /home/airflow/.local/lib/python3.12/site-packages/airflow/example_dags/example_bash_operator.py
[2025-10-30T20:34:49.380+0000] {processor.py:830} INFO - Processing file /home/airflow/.local/lib/python3.12/site-packages/airflow/example_dags/example_bash_operator.py for tasks to queue
[2025-10-30T20:34:49.384+0000] {logging_mixin.py:188} INFO - [2025-10-30T20:34:49.383+0000] {dagbag.py:545} INFO - Filling up the DagBag from /home/airflow/.local/lib/python3.12/site-packages/airflow/example_dags/example_bash_operator.py
[2025-10-30T20:34:49.403+0000] {processor.py:840} INFO - DAG(s) 'example_bash_operator' retrieved from /home/airflow/.local/lib/python3.12/site-packages/airflow/example_dags/example_bash_operator.py
[2025-10-30T20:34:49.444+0000] {logging_mixin.py:188} INFO - [2025-10-30T20:34:49.443+0000] {dag.py:3096} INFO - Sync 1 DAGs
[2025-10-30T20:34:49.473+0000] {logging_mixin.py:188} INFO - [2025-10-30T20:34:49.473+0000] {dag.py:3954} INFO - Setting next_dagrun for example_bash_operator to 2025-10-29 00:00:00+00:00, run_after=2025-10-30 00:00:00+00:00
[2025-10-30T20:34:49.502+0000] {processor.py:183} INFO - Processing /home/airflow/.local/lib/python3.12/site-packages/airflow/example_dags/example_bash_operator.py took 0.132 seconds
[2025-10-30T20:35:19.863+0000] {processor.py:161} INFO - Started process (PID=727) to work on /home/airflow/.local/lib/python3.12/site-packages/airflow/example_dags/example_bash_operator.py
[2025-10-30T20:35:19.864+0000] {processor.py:830} INFO - Processing file /home/airflow/.local/lib/python3.12/site-packages/airflow/example_dags/example_bash_operator.py for tasks to queue
[2025-10-30T20:35:19.867+0000] {logging_mixin.py:188} INFO - [2025-10-30T20:35:19.867+0000] {dagbag.py:545} INFO - Filling up the DagBag from /home/airflow/.local/lib/python3.12/site-packages/airflow/example_dags/example_bash_operator.py
[2025-10-30T20:35:19.883+0000] {processor.py:840} INFO - DAG(s) 'example_bash_operator' retrieved from /home/airflow/.local/lib/python3.12/site-packages/airflow/example_dags/example_bash_operator.py
[2025-10-30T20:35:19.919+0000] {logging_mixin.py:188} INFO - [2025-10-30T20:35:19.919+0000] {dag.py:3096} INFO - Sync 1 DAGs
[2025-10-30T20:35:19.946+0000] {logging_mixin.py:188} INFO - [2025-10-30T20:35:19.946+0000] {dag.py:3954} INFO - Setting next_dagrun for example_bash_operator to 2025-10-29 00:00:00+00:00, run_after=2025-10-30 00:00:00+00:00
[2025-10-30T20:35:19.973+0000] {processor.py:183} INFO - Processing /home/airflow/.local/lib/python3.12/site-packages/airflow/example_dags/example_bash_operator.py took 0.119 seconds
[2025-10-30T20:35:50.632+0000] {processor.py:161} INFO - Started process (PID=785) to work on /home/airflow/.local/lib/python3.12/site-packages/airflow/example_dags/example_bash_operator.py
[2025-10-30T20:35:50.633+0000] {processor.py:830} INFO - Processing file /home/airflow/.local/lib/python3.12/site-packages/airflow/example_dags/example_bash_operator.py for tasks to queue
[2025-10-30T20:35:50.638+0000] {logging_mixin.py:188} INFO - [2025-10-30T20:35:50.637+0000] {dagbag.py:545} INFO - Filling up the DagBag from /home/airflow/.local/lib/python3.12/site-packages/airflow/example_dags/example_bash_operator.py
[2025-10-30T20:35:50.655+0000] {processor.py:840} INFO - DAG(s) 'example_bash_operator' retrieved from /home/airflow/.local/lib/python3.12/site-packages/airflow/example_dags/example_bash_operator.py
[2025-10-30T20:35:50.697+0000] {logging_mixin.py:188} INFO - [2025-10-30T20:35:50.697+0000] {dag.py:3096} INFO - Sync 1 DAGs
[2025-10-30T20:35:50.728+0000] {logging_mixin.py:188} INFO - [2025-10-30T20:35:50.728+0000] {dag.py:3954} INFO - Setting next_dagrun for example_bash_operator to 2025-10-29 00:00:00+00:00, run_after=2025-10-30 00:00:00+00:00
[2025-10-30T20:35:50.755+0000] {processor.py:183} INFO - Processing /home/airflow/.local/lib/python3.12/site-packages/airflow/example_dags/example_bash_operator.py took 0.130 seconds
[2025-10-30T20:36:21.161+0000] {processor.py:161} INFO - Started process (PID=843) to work on /home/airflow/.local/lib/python3.12/site-packages/airflow/example_dags/example_bash_operator.py
[2025-10-30T20:36:21.164+0000] {processor.py:830} INFO - Processing file /home/airflow/.local/lib/python3.12/site-packages/airflow/example_dags/example_bash_operator.py for tasks to queue
[2025-10-30T20:36:21.167+0000] {logging_mixin.py:188} INFO - [2025-10-30T20:36:21.167+0000] {dagbag.py:545} INFO - Filling up the DagBag from /home/airflow/.local/lib/python3.12/site-packages/airflow/example_dags/example_bash_operator.py
[2025-10-30T20:36:21.183+0000] {processor.py:840} INFO - DAG(s) 'example_bash_operator' retrieved from /home/airflow/.local/lib/python3.12/site-packages/airflow/example_dags/example_bash_operator.py
[2025-10-30T20:36:21.218+0000] {logging_mixin.py:188} INFO - [2025-10-30T20:36:21.218+0000] {dag.py:3096} INFO - Sync 1 DAGs
[2025-10-30T20:36:21.251+0000] {logging_mixin.py:188} INFO - [2025-10-30T20:36:21.251+0000] {dag.py:3954} INFO - Setting next_dagrun for example_bash_operator to 2025-10-29 00:00:00+00:00, run_after=2025-10-30 00:00:00+00:00
[2025-10-30T20:36:21.279+0000] {processor.py:183} INFO - Processing /home/airflow/.local/lib/python3.12/site-packages/airflow/example_dags/example_bash_operator.py took 0.125 seconds
[2025-10-30T20:36:51.413+0000] {processor.py:161} INFO - Started process (PID=901) to work on /home/airflow/.local/lib/python3.12/site-packages/airflow/example_dags/example_bash_operator.py
[2025-10-30T20:36:51.415+0000] {processor.py:830} INFO - Processing file /home/airflow/.local/lib/python3.12/site-packages/airflow/example_dags/example_bash_operator.py for tasks to queue
[2025-10-30T20:36:51.419+0000] {logging_mixin.py:188} INFO - [2025-10-30T20:36:51.418+0000] {dagbag.py:545} INFO - Filling up the DagBag from /home/airflow/.local/lib/python3.12/site-packages/airflow/example_dags/example_bash_operator.py
[2025-10-30T20:36:51.433+0000] {processor.py:840} INFO - DAG(s) 'example_bash_operator' retrieved from /home/airflow/.local/lib/python3.12/site-packages/airflow/example_dags/example_bash_operator.py
[2025-10-30T20:36:51.477+0000] {logging_mixin.py:188} INFO - [2025-10-30T20:36:51.477+0000] {dag.py:3096} INFO - Sync 1 DAGs
[2025-10-30T20:36:51.509+0000] {logging_mixin.py:188} INFO - [2025-10-30T20:36:51.509+0000] {dag.py:3954} INFO - Setting next_dagrun for example_bash_operator to 2025-10-29 00:00:00+00:00, run_after=2025-10-30 00:00:00+00:00
[2025-10-30T20:36:51.535+0000] {processor.py:183} INFO - Processing /home/airflow/.local/lib/python3.12/site-packages/airflow/example_dags/example_bash_operator.py took 0.130 seconds
[2025-10-30T20:37:21.784+0000] {processor.py:161} INFO - Started process (PID=959) to work on /home/airflow/.local/lib/python3.12/site-packages/airflow/example_dags/example_bash_operator.py
[2025-10-30T20:37:21.787+0000] {processor.py:830} INFO - Processing file /home/airflow/.local/lib/python3.12/site-packages/airflow/example_dags/example_bash_operator.py for tasks to queue
[2025-10-30T20:37:21.790+0000] {logging_mixin.py:188} INFO - [2025-10-30T20:37:21.789+0000] {dagbag.py:545} INFO - Filling up the DagBag from /home/airflow/.local/lib/python3.12/site-packages/airflow/example_dags/example_bash_operator.py
[2025-10-30T20:37:21.805+0000] {processor.py:840} INFO - DAG(s) 'example_bash_operator' retrieved from /home/airflow/.local/lib/python3.12/site-packages/airflow/example_dags/example_bash_operator.py
[2025-10-30T20:37:21.847+0000] {logging_mixin.py:188} INFO - [2025-10-30T20:37:21.846+0000] {dag.py:3096} INFO - Sync 1 DAGs
[2025-10-30T20:37:21.889+0000] {logging_mixin.py:188} INFO - [2025-10-30T20:37:21.889+0000] {dag.py:3954} INFO - Setting next_dagrun for example_bash_operator to 2025-10-29 00:00:00+00:00, run_after=2025-10-30 00:00:00+00:00
[2025-10-30T20:37:21.924+0000] {processor.py:183} INFO - Processing /home/airflow/.local/lib/python3.12/site-packages/airflow/example_dags/example_bash_operator.py took 0.147 seconds
[2025-10-30T20:37:52.058+0000] {processor.py:161} INFO - Started process (PID=1017) to work on /home/airflow/.local/lib/python3.12/site-packages/airflow/example_dags/example_bash_operator.py
[2025-10-30T20:37:52.059+0000] {processor.py:830} INFO - Processing file /home/airflow/.local/lib/python3.12/site-packages/airflow/example_dags/example_bash_operator.py for tasks to queue
[2025-10-30T20:37:52.065+0000] {logging_mixin.py:188} INFO - [2025-10-30T20:37:52.065+0000] {dagbag.py:545} INFO - Filling up the DagBag from /home/airflow/.local/lib/python3.12/site-packages/airflow/example_dags/example_bash_operator.py
[2025-10-30T20:37:52.081+0000] {processor.py:840} INFO - DAG(s) 'example_bash_operator' retrieved from /home/airflow/.local/lib/python3.12/site-packages/airflow/example_dags/example_bash_operator.py
[2025-10-30T20:37:52.114+0000] {logging_mixin.py:188} INFO - [2025-10-30T20:37:52.114+0000] {dag.py:3096} INFO - Sync 1 DAGs
[2025-10-30T20:37:52.142+0000] {logging_mixin.py:188} INFO - [2025-10-30T20:37:52.142+0000] {dag.py:3954} INFO - Setting next_dagrun for example_bash_operator to 2025-10-29 00:00:00+00:00, run_after=2025-10-30 00:00:00+00:00
[2025-10-30T20:37:52.168+0000] {processor.py:183} INFO - Processing /home/airflow/.local/lib/python3.12/site-packages/airflow/example_dags/example_bash_operator.py took 0.119 seconds
[2025-10-30T20:38:22.691+0000] {processor.py:161} INFO - Started process (PID=1075) to work on /home/airflow/.local/lib/python3.12/site-packages/airflow/example_dags/example_bash_operator.py
[2025-10-30T20:38:22.693+0000] {processor.py:830} INFO - Processing file /home/airflow/.local/lib/python3.12/site-packages/airflow/example_dags/example_bash_operator.py for tasks to queue
[2025-10-30T20:38:22.695+0000] {logging_mixin.py:188} INFO - [2025-10-30T20:38:22.694+0000] {dagbag.py:545} INFO - Filling up the DagBag from /home/airflow/.local/lib/python3.12/site-packages/airflow/example_dags/example_bash_operator.py
[2025-10-30T20:38:22.710+0000] {processor.py:840} INFO - DAG(s) 'example_bash_operator' retrieved from /home/airflow/.local/lib/python3.12/site-packages/airflow/example_dags/example_bash_operator.py
[2025-10-30T20:38:22.751+0000] {logging_mixin.py:188} INFO - [2025-10-30T20:38:22.751+0000] {dag.py:3096} INFO - Sync 1 DAGs
[2025-10-30T20:38:22.781+0000] {logging_mixin.py:188} INFO - [2025-10-30T20:38:22.781+0000] {dag.py:3954} INFO - Setting next_dagrun for example_bash_operator to 2025-10-29 00:00:00+00:00, run_after=2025-10-30 00:00:00+00:00
[2025-10-30T20:38:22.809+0000] {processor.py:183} INFO - Processing /home/airflow/.local/lib/python3.12/site-packages/airflow/example_dags/example_bash_operator.py took 0.127 seconds
[2025-10-30T20:38:52.961+0000] {processor.py:161} INFO - Started process (PID=1133) to work on /home/airflow/.local/lib/python3.12/site-packages/airflow/example_dags/example_bash_operator.py
[2025-10-30T20:38:52.964+0000] {processor.py:830} INFO - Processing file /home/airflow/.local/lib/python3.12/site-packages/airflow/example_dags/example_bash_operator.py for tasks to queue
[2025-10-30T20:38:52.969+0000] {logging_mixin.py:188} INFO - [2025-10-30T20:38:52.968+0000] {dagbag.py:545} INFO - Filling up the DagBag from /home/airflow/.local/lib/python3.12/site-packages/airflow/example_dags/example_bash_operator.py
[2025-10-30T20:38:52.983+0000] {processor.py:840} INFO - DAG(s) 'example_bash_operator' retrieved from /home/airflow/.local/lib/python3.12/site-packages/airflow/example_dags/example_bash_operator.py
[2025-10-30T20:38:53.016+0000] {logging_mixin.py:188} INFO - [2025-10-30T20:38:53.015+0000] {dag.py:3096} INFO - Sync 1 DAGs
[2025-10-30T20:38:53.045+0000] {logging_mixin.py:188} INFO - [2025-10-30T20:38:53.044+0000] {dag.py:3954} INFO - Setting next_dagrun for example_bash_operator to 2025-10-29 00:00:00+00:00, run_after=2025-10-30 00:00:00+00:00
[2025-10-30T20:38:53.070+0000] {processor.py:183} INFO - Processing /home/airflow/.local/lib/python3.12/site-packages/airflow/example_dags/example_bash_operator.py took 0.117 seconds
[2025-10-30T20:39:23.169+0000] {processor.py:161} INFO - Started process (PID=1192) to work on /home/airflow/.local/lib/python3.12/site-packages/airflow/example_dags/example_bash_operator.py
[2025-10-30T20:39:23.171+0000] {processor.py:830} INFO - Processing file /home/airflow/.local/lib/python3.12/site-packages/airflow/example_dags/example_bash_operator.py for tasks to queue
[2025-10-30T20:39:23.176+0000] {logging_mixin.py:188} INFO - [2025-10-30T20:39:23.176+0000] {dagbag.py:545} INFO - Filling up the DagBag from /home/airflow/.local/lib/python3.12/site-packages/airflow/example_dags/example_bash_operator.py
[2025-10-30T20:39:23.192+0000] {processor.py:840} INFO - DAG(s) 'example_bash_operator' retrieved from /home/airflow/.local/lib/python3.12/site-packages/airflow/example_dags/example_bash_operator.py
[2025-10-30T20:39:23.231+0000] {logging_mixin.py:188} INFO - [2025-10-30T20:39:23.230+0000] {dag.py:3096} INFO - Sync 1 DAGs
[2025-10-30T20:39:23.263+0000] {logging_mixin.py:188} INFO - [2025-10-30T20:39:23.263+0000] {dag.py:3954} INFO - Setting next_dagrun for example_bash_operator to 2025-10-29 00:00:00+00:00, run_after=2025-10-30 00:00:00+00:00
[2025-10-30T20:39:23.295+0000] {processor.py:183} INFO - Processing /home/airflow/.local/lib/python3.12/site-packages/airflow/example_dags/example_bash_operator.py took 0.133 seconds
[2025-10-30T20:39:53.587+0000] {processor.py:161} INFO - Started process (PID=1250) to work on /home/airflow/.local/lib/python3.12/site-packages/airflow/example_dags/example_bash_operator.py
[2025-10-30T20:39:53.589+0000] {processor.py:830} INFO - Processing file /home/airflow/.local/lib/python3.12/site-packages/airflow/example_dags/example_bash_operator.py for tasks to queue
[2025-10-30T20:39:53.593+0000] {logging_mixin.py:188} INFO - [2025-10-30T20:39:53.592+0000] {dagbag.py:545} INFO - Filling up the DagBag from /home/airflow/.local/lib/python3.12/site-packages/airflow/example_dags/example_bash_operator.py
[2025-10-30T20:39:53.614+0000] {processor.py:840} INFO - DAG(s) 'example_bash_operator' retrieved from /home/airflow/.local/lib/python3.12/site-packages/airflow/example_dags/example_bash_operator.py
[2025-10-30T20:39:53.676+0000] {logging_mixin.py:188} INFO - [2025-10-30T20:39:53.675+0000] {dag.py:3096} INFO - Sync 1 DAGs
[2025-10-30T20:39:53.728+0000] {logging_mixin.py:188} INFO - [2025-10-30T20:39:53.728+0000] {dag.py:3954} INFO - Setting next_dagrun for example_bash_operator to 2025-10-29 00:00:00+00:00, run_after=2025-10-30 00:00:00+00:00
[2025-10-30T20:39:53.774+0000] {processor.py:183} INFO - Processing /home/airflow/.local/lib/python3.12/site-packages/airflow/example_dags/example_bash_operator.py took 0.196 seconds
[2025-10-30T20:40:24.463+0000] {processor.py:161} INFO - Started process (PID=1308) to work on /home/airflow/.local/lib/python3.12/site-packages/airflow/example_dags/example_bash_operator.py
[2025-10-30T20:40:24.466+0000] {processor.py:830} INFO - Processing file /home/airflow/.local/lib/python3.12/site-packages/airflow/example_dags/example_bash_operator.py for tasks to queue
[2025-10-30T20:40:24.469+0000] {logging_mixin.py:188} INFO - [2025-10-30T20:40:24.468+0000] {dagbag.py:545} INFO - Filling up the DagBag from /home/airflow/.local/lib/python3.12/site-packages/airflow/example_dags/example_bash_operator.py
[2025-10-30T20:40:24.487+0000] {processor.py:840} INFO - DAG(s) 'example_bash_operator' retrieved from /home/airflow/.local/lib/python3.12/site-packages/airflow/example_dags/example_bash_operator.py
[2025-10-30T20:40:24.524+0000] {logging_mixin.py:188} INFO - [2025-10-30T20:40:24.524+0000] {dag.py:3096} INFO - Sync 1 DAGs
[2025-10-30T20:40:24.554+0000] {logging_mixin.py:188} INFO - [2025-10-30T20:40:24.554+0000] {dag.py:3954} INFO - Setting next_dagrun for example_bash_operator to 2025-10-29 00:00:00+00:00, run_after=2025-10-30 00:00:00+00:00
[2025-10-30T20:40:24.576+0000] {processor.py:183} INFO - Processing /home/airflow/.local/lib/python3.12/site-packages/airflow/example_dags/example_bash_operator.py took 0.122 seconds
[2025-10-30T20:40:55.458+0000] {processor.py:161} INFO - Started process (PID=1366) to work on /home/airflow/.local/lib/python3.12/site-packages/airflow/example_dags/example_bash_operator.py
[2025-10-30T20:40:55.459+0000] {processor.py:830} INFO - Processing file /home/airflow/.local/lib/python3.12/site-packages/airflow/example_dags/example_bash_operator.py for tasks to queue
[2025-10-30T20:40:55.462+0000] {logging_mixin.py:188} INFO - [2025-10-30T20:40:55.462+0000] {dagbag.py:545} INFO - Filling up the DagBag from /home/airflow/.local/lib/python3.12/site-packages/airflow/example_dags/example_bash_operator.py
[2025-10-30T20:40:55.484+0000] {processor.py:840} INFO - DAG(s) 'example_bash_operator' retrieved from /home/airflow/.local/lib/python3.12/site-packages/airflow/example_dags/example_bash_operator.py
[2025-10-30T20:40:55.537+0000] {logging_mixin.py:188} INFO - [2025-10-30T20:40:55.536+0000] {dag.py:3096} INFO - Sync 1 DAGs
[2025-10-30T20:40:55.804+0000] {logging_mixin.py:188} INFO - [2025-10-30T20:40:55.804+0000] {dag.py:3954} INFO - Setting next_dagrun for example_bash_operator to 2025-10-29 00:00:00+00:00, run_after=2025-10-30 00:00:00+00:00
[2025-10-30T20:40:55.838+0000] {processor.py:183} INFO - Processing /home/airflow/.local/lib/python3.12/site-packages/airflow/example_dags/example_bash_operator.py took 0.390 seconds
[2025-10-30T20:41:26.504+0000] {processor.py:161} INFO - Started process (PID=1424) to work on /home/airflow/.local/lib/python3.12/site-packages/airflow/example_dags/example_bash_operator.py
[2025-10-30T20:41:26.506+0000] {processor.py:830} INFO - Processing file /home/airflow/.local/lib/python3.12/site-packages/airflow/example_dags/example_bash_operator.py for tasks to queue
[2025-10-30T20:41:26.509+0000] {logging_mixin.py:188} INFO - [2025-10-30T20:41:26.508+0000] {dagbag.py:545} INFO - Filling up the DagBag from /home/airflow/.local/lib/python3.12/site-packages/airflow/example_dags/example_bash_operator.py
[2025-10-30T20:41:26.525+0000] {processor.py:840} INFO - DAG(s) 'example_bash_operator' retrieved from /home/airflow/.local/lib/python3.12/site-packages/airflow/example_dags/example_bash_operator.py
[2025-10-30T20:41:26.568+0000] {logging_mixin.py:188} INFO - [2025-10-30T20:41:26.568+0000] {dag.py:3096} INFO - Sync 1 DAGs
[2025-10-30T20:41:26.607+0000] {logging_mixin.py:188} INFO - [2025-10-30T20:41:26.606+0000] {dag.py:3954} INFO - Setting next_dagrun for example_bash_operator to 2025-10-29 00:00:00+00:00, run_after=2025-10-30 00:00:00+00:00
[2025-10-30T20:41:26.834+0000] {processor.py:183} INFO - Processing /home/airflow/.local/lib/python3.12/site-packages/airflow/example_dags/example_bash_operator.py took 0.340 seconds
[2025-10-30T20:41:57.457+0000] {processor.py:161} INFO - Started process (PID=1481) to work on /home/airflow/.local/lib/python3.12/site-packages/airflow/example_dags/example_bash_operator.py
[2025-10-30T20:41:57.460+0000] {processor.py:830} INFO - Processing file /home/airflow/.local/lib/python3.12/site-packages/airflow/example_dags/example_bash_operator.py for tasks to queue
[2025-10-30T20:41:57.464+0000] {logging_mixin.py:188} INFO - [2025-10-30T20:41:57.463+0000] {dagbag.py:545} INFO - Filling up the DagBag from /home/airflow/.local/lib/python3.12/site-packages/airflow/example_dags/example_bash_operator.py
[2025-10-30T20:41:57.486+0000] {processor.py:840} INFO - DAG(s) 'example_bash_operator' retrieved from /home/airflow/.local/lib/python3.12/site-packages/airflow/example_dags/example_bash_operator.py
[2025-10-30T20:41:57.545+0000] {logging_mixin.py:188} INFO - [2025-10-30T20:41:57.544+0000] {dag.py:3096} INFO - Sync 1 DAGs
[2025-10-30T20:41:57.604+0000] {logging_mixin.py:188} INFO - [2025-10-30T20:41:57.604+0000] {dag.py:3954} INFO - Setting next_dagrun for example_bash_operator to 2025-10-29 00:00:00+00:00, run_after=2025-10-30 00:00:00+00:00
[2025-10-30T20:41:57.654+0000] {processor.py:183} INFO - Processing /home/airflow/.local/lib/python3.12/site-packages/airflow/example_dags/example_bash_operator.py took 0.208 seconds
[2025-10-30T20:42:27.978+0000] {processor.py:161} INFO - Started process (PID=1539) to work on /home/airflow/.local/lib/python3.12/site-packages/airflow/example_dags/example_bash_operator.py
[2025-10-30T20:42:27.980+0000] {processor.py:830} INFO - Processing file /home/airflow/.local/lib/python3.12/site-packages/airflow/example_dags/example_bash_operator.py for tasks to queue
[2025-10-30T20:42:27.983+0000] {logging_mixin.py:188} INFO - [2025-10-30T20:42:27.982+0000] {dagbag.py:545} INFO - Filling up the DagBag from /home/airflow/.local/lib/python3.12/site-packages/airflow/example_dags/example_bash_operator.py
[2025-10-30T20:42:28.012+0000] {processor.py:840} INFO - DAG(s) 'example_bash_operator' retrieved from /home/airflow/.local/lib/python3.12/site-packages/airflow/example_dags/example_bash_operator.py
[2025-10-30T20:42:28.057+0000] {logging_mixin.py:188} INFO - [2025-10-30T20:42:28.057+0000] {dag.py:3096} INFO - Sync 1 DAGs
[2025-10-30T20:42:28.084+0000] {logging_mixin.py:188} INFO - [2025-10-30T20:42:28.084+0000] {dag.py:3954} INFO - Setting next_dagrun for example_bash_operator to 2025-10-29 00:00:00+00:00, run_after=2025-10-30 00:00:00+00:00
[2025-10-30T20:42:28.105+0000] {processor.py:183} INFO - Processing /home/airflow/.local/lib/python3.12/site-packages/airflow/example_dags/example_bash_operator.py took 0.138 seconds
[2025-10-30T21:06:22.545+0000] {processor.py:161} INFO - Started process (PID=89) to work on /home/airflow/.local/lib/python3.12/site-packages/airflow/example_dags/example_bash_operator.py
[2025-10-30T21:06:22.556+0000] {processor.py:830} INFO - Processing file /home/airflow/.local/lib/python3.12/site-packages/airflow/example_dags/example_bash_operator.py for tasks to queue
[2025-10-30T21:06:22.561+0000] {logging_mixin.py:188} INFO - [2025-10-30T21:06:22.560+0000] {dagbag.py:545} INFO - Filling up the DagBag from /home/airflow/.local/lib/python3.12/site-packages/airflow/example_dags/example_bash_operator.py
[2025-10-30T21:06:22.595+0000] {processor.py:840} INFO - DAG(s) 'example_bash_operator' retrieved from /home/airflow/.local/lib/python3.12/site-packages/airflow/example_dags/example_bash_operator.py
[2025-10-30T21:06:23.182+0000] {logging_mixin.py:188} INFO - [2025-10-30T21:06:23.182+0000] {dag.py:3096} INFO - Sync 1 DAGs
[2025-10-30T21:06:23.259+0000] {logging_mixin.py:188} INFO - [2025-10-30T21:06:23.258+0000] {dag.py:3954} INFO - Setting next_dagrun for example_bash_operator to 2025-10-29 00:00:00+00:00, run_after=2025-10-30 00:00:00+00:00
[2025-10-30T21:06:23.605+0000] {processor.py:183} INFO - Processing /home/airflow/.local/lib/python3.12/site-packages/airflow/example_dags/example_bash_operator.py took 1.107 seconds
[2025-10-30T21:06:53.886+0000] {processor.py:161} INFO - Started process (PID=148) to work on /home/airflow/.local/lib/python3.12/site-packages/airflow/example_dags/example_bash_operator.py
[2025-10-30T21:06:53.889+0000] {processor.py:830} INFO - Processing file /home/airflow/.local/lib/python3.12/site-packages/airflow/example_dags/example_bash_operator.py for tasks to queue
[2025-10-30T21:06:53.892+0000] {logging_mixin.py:188} INFO - [2025-10-30T21:06:53.891+0000] {dagbag.py:545} INFO - Filling up the DagBag from /home/airflow/.local/lib/python3.12/site-packages/airflow/example_dags/example_bash_operator.py
[2025-10-30T21:06:53.918+0000] {processor.py:840} INFO - DAG(s) 'example_bash_operator' retrieved from /home/airflow/.local/lib/python3.12/site-packages/airflow/example_dags/example_bash_operator.py
[2025-10-30T21:06:53.980+0000] {logging_mixin.py:188} INFO - [2025-10-30T21:06:53.979+0000] {dag.py:3096} INFO - Sync 1 DAGs
[2025-10-30T21:06:54.073+0000] {logging_mixin.py:188} INFO - [2025-10-30T21:06:54.072+0000] {dag.py:3954} INFO - Setting next_dagrun for example_bash_operator to 2025-10-29 00:00:00+00:00, run_after=2025-10-30 00:00:00+00:00
[2025-10-30T21:06:54.214+0000] {processor.py:183} INFO - Processing /home/airflow/.local/lib/python3.12/site-packages/airflow/example_dags/example_bash_operator.py took 0.338 seconds
[2025-10-30T21:07:24.422+0000] {processor.py:161} INFO - Started process (PID=210) to work on /home/airflow/.local/lib/python3.12/site-packages/airflow/example_dags/example_bash_operator.py
[2025-10-30T21:07:24.433+0000] {processor.py:830} INFO - Processing file /home/airflow/.local/lib/python3.12/site-packages/airflow/example_dags/example_bash_operator.py for tasks to queue
[2025-10-30T21:07:24.438+0000] {logging_mixin.py:188} INFO - [2025-10-30T21:07:24.437+0000] {dagbag.py:545} INFO - Filling up the DagBag from /home/airflow/.local/lib/python3.12/site-packages/airflow/example_dags/example_bash_operator.py
[2025-10-30T21:07:24.469+0000] {processor.py:840} INFO - DAG(s) 'example_bash_operator' retrieved from /home/airflow/.local/lib/python3.12/site-packages/airflow/example_dags/example_bash_operator.py
[2025-10-30T21:07:24.544+0000] {logging_mixin.py:188} INFO - [2025-10-30T21:07:24.544+0000] {dag.py:3096} INFO - Sync 1 DAGs
[2025-10-30T21:07:24.616+0000] {logging_mixin.py:188} INFO - [2025-10-30T21:07:24.616+0000] {dag.py:3954} INFO - Setting next_dagrun for example_bash_operator to 2025-10-29 00:00:00+00:00, run_after=2025-10-30 00:00:00+00:00
[2025-10-30T21:07:24.662+0000] {processor.py:183} INFO - Processing /home/airflow/.local/lib/python3.12/site-packages/airflow/example_dags/example_bash_operator.py took 0.257 seconds
[2025-10-30T21:07:55.605+0000] {processor.py:161} INFO - Started process (PID=269) to work on /home/airflow/.local/lib/python3.12/site-packages/airflow/example_dags/example_bash_operator.py
[2025-10-30T21:07:55.608+0000] {processor.py:830} INFO - Processing file /home/airflow/.local/lib/python3.12/site-packages/airflow/example_dags/example_bash_operator.py for tasks to queue
[2025-10-30T21:07:55.612+0000] {logging_mixin.py:188} INFO - [2025-10-30T21:07:55.611+0000] {dagbag.py:545} INFO - Filling up the DagBag from /home/airflow/.local/lib/python3.12/site-packages/airflow/example_dags/example_bash_operator.py
[2025-10-30T21:07:55.649+0000] {processor.py:840} INFO - DAG(s) 'example_bash_operator' retrieved from /home/airflow/.local/lib/python3.12/site-packages/airflow/example_dags/example_bash_operator.py
[2025-10-30T21:07:55.721+0000] {logging_mixin.py:188} INFO - [2025-10-30T21:07:55.720+0000] {dag.py:3096} INFO - Sync 1 DAGs
[2025-10-30T21:07:55.770+0000] {logging_mixin.py:188} INFO - [2025-10-30T21:07:55.769+0000] {dag.py:3954} INFO - Setting next_dagrun for example_bash_operator to 2025-10-29 00:00:00+00:00, run_after=2025-10-30 00:00:00+00:00
[2025-10-30T21:07:55.803+0000] {processor.py:183} INFO - Processing /home/airflow/.local/lib/python3.12/site-packages/airflow/example_dags/example_bash_operator.py took 0.215 seconds
[2025-10-30T21:08:25.912+0000] {processor.py:161} INFO - Started process (PID=328) to work on /home/airflow/.local/lib/python3.12/site-packages/airflow/example_dags/example_bash_operator.py
[2025-10-30T21:08:25.913+0000] {processor.py:830} INFO - Processing file /home/airflow/.local/lib/python3.12/site-packages/airflow/example_dags/example_bash_operator.py for tasks to queue
[2025-10-30T21:08:25.917+0000] {logging_mixin.py:188} INFO - [2025-10-30T21:08:25.915+0000] {dagbag.py:545} INFO - Filling up the DagBag from /home/airflow/.local/lib/python3.12/site-packages/airflow/example_dags/example_bash_operator.py
[2025-10-30T21:08:25.941+0000] {processor.py:840} INFO - DAG(s) 'example_bash_operator' retrieved from /home/airflow/.local/lib/python3.12/site-packages/airflow/example_dags/example_bash_operator.py
[2025-10-30T21:08:26.007+0000] {logging_mixin.py:188} INFO - [2025-10-30T21:08:26.006+0000] {dag.py:3096} INFO - Sync 1 DAGs
[2025-10-30T21:08:26.048+0000] {logging_mixin.py:188} INFO - [2025-10-30T21:08:26.047+0000] {dag.py:3954} INFO - Setting next_dagrun for example_bash_operator to 2025-10-29 00:00:00+00:00, run_after=2025-10-30 00:00:00+00:00
[2025-10-30T21:08:26.106+0000] {processor.py:183} INFO - Processing /home/airflow/.local/lib/python3.12/site-packages/airflow/example_dags/example_bash_operator.py took 0.204 seconds
[2025-10-30T21:09:08.399+0000] {processor.py:161} INFO - Started process (PID=388) to work on /home/airflow/.local/lib/python3.12/site-packages/airflow/example_dags/example_bash_operator.py
[2025-10-30T21:09:08.407+0000] {processor.py:830} INFO - Processing file /home/airflow/.local/lib/python3.12/site-packages/airflow/example_dags/example_bash_operator.py for tasks to queue
[2025-10-30T21:09:08.415+0000] {logging_mixin.py:188} INFO - [2025-10-30T21:09:08.413+0000] {dagbag.py:545} INFO - Filling up the DagBag from /home/airflow/.local/lib/python3.12/site-packages/airflow/example_dags/example_bash_operator.py
[2025-10-30T21:09:08.471+0000] {processor.py:840} INFO - DAG(s) 'example_bash_operator' retrieved from /home/airflow/.local/lib/python3.12/site-packages/airflow/example_dags/example_bash_operator.py
[2025-10-30T21:09:08.577+0000] {logging_mixin.py:188} INFO - [2025-10-30T21:09:08.574+0000] {dag.py:3096} INFO - Sync 1 DAGs
[2025-10-30T21:09:08.699+0000] {logging_mixin.py:188} INFO - [2025-10-30T21:09:08.699+0000] {dag.py:3954} INFO - Setting next_dagrun for example_bash_operator to 2025-10-29 00:00:00+00:00, run_after=2025-10-30 00:00:00+00:00
[2025-10-30T21:09:08.772+0000] {processor.py:183} INFO - Processing /home/airflow/.local/lib/python3.12/site-packages/airflow/example_dags/example_bash_operator.py took 0.406 seconds
[2025-10-30T21:09:49.093+0000] {processor.py:161} INFO - Started process (PID=454) to work on /home/airflow/.local/lib/python3.12/site-packages/airflow/example_dags/example_bash_operator.py
[2025-10-30T21:09:49.101+0000] {processor.py:830} INFO - Processing file /home/airflow/.local/lib/python3.12/site-packages/airflow/example_dags/example_bash_operator.py for tasks to queue
[2025-10-30T21:09:49.111+0000] {logging_mixin.py:188} INFO - [2025-10-30T21:09:49.107+0000] {dagbag.py:545} INFO - Filling up the DagBag from /home/airflow/.local/lib/python3.12/site-packages/airflow/example_dags/example_bash_operator.py
[2025-10-30T21:09:49.186+0000] {processor.py:840} INFO - DAG(s) 'example_bash_operator' retrieved from /home/airflow/.local/lib/python3.12/site-packages/airflow/example_dags/example_bash_operator.py
[2025-10-30T21:09:49.288+0000] {logging_mixin.py:188} INFO - [2025-10-30T21:09:49.287+0000] {dag.py:3096} INFO - Sync 1 DAGs
[2025-10-30T21:09:49.392+0000] {logging_mixin.py:188} INFO - [2025-10-30T21:09:49.391+0000] {dag.py:3954} INFO - Setting next_dagrun for example_bash_operator to 2025-10-29 00:00:00+00:00, run_after=2025-10-30 00:00:00+00:00
[2025-10-30T21:09:49.467+0000] {processor.py:183} INFO - Processing /home/airflow/.local/lib/python3.12/site-packages/airflow/example_dags/example_bash_operator.py took 0.399 seconds
