[2025-10-30T20:29:46.278+0000] {processor.py:161} INFO - Started process (PID=102) to work on /home/airflow/.local/lib/python3.12/site-packages/airflow/example_dags/example_short_circuit_decorator.py
[2025-10-30T20:29:46.279+0000] {processor.py:830} INFO - Processing file /home/airflow/.local/lib/python3.12/site-packages/airflow/example_dags/example_short_circuit_decorator.py for tasks to queue
[2025-10-30T20:29:46.282+0000] {logging_mixin.py:188} INFO - [2025-10-30T20:29:46.281+0000] {dagbag.py:545} INFO - Filling up the DagBag from /home/airflow/.local/lib/python3.12/site-packages/airflow/example_dags/example_short_circuit_decorator.py
[2025-10-30T20:29:46.295+0000] {processor.py:840} INFO - DAG(s) 'example_short_circuit_decorator' retrieved from /home/airflow/.local/lib/python3.12/site-packages/airflow/example_dags/example_short_circuit_decorator.py
[2025-10-30T20:29:46.482+0000] {logging_mixin.py:188} INFO - [2025-10-30T20:29:46.481+0000] {dag.py:3096} INFO - Sync 1 DAGs
[2025-10-30T20:29:46.517+0000] {logging_mixin.py:188} INFO - [2025-10-30T20:29:46.517+0000] {dag.py:3954} INFO - Setting next_dagrun for example_short_circuit_decorator to 2025-10-29 00:00:00+00:00, run_after=2025-10-30 00:00:00+00:00
[2025-10-30T20:29:46.550+0000] {processor.py:183} INFO - Processing /home/airflow/.local/lib/python3.12/site-packages/airflow/example_dags/example_short_circuit_decorator.py took 0.281 seconds
[2025-10-30T20:30:17.454+0000] {processor.py:161} INFO - Started process (PID=160) to work on /home/airflow/.local/lib/python3.12/site-packages/airflow/example_dags/example_short_circuit_decorator.py
[2025-10-30T20:30:17.456+0000] {processor.py:830} INFO - Processing file /home/airflow/.local/lib/python3.12/site-packages/airflow/example_dags/example_short_circuit_decorator.py for tasks to queue
[2025-10-30T20:30:17.459+0000] {logging_mixin.py:188} INFO - [2025-10-30T20:30:17.458+0000] {dagbag.py:545} INFO - Filling up the DagBag from /home/airflow/.local/lib/python3.12/site-packages/airflow/example_dags/example_short_circuit_decorator.py
[2025-10-30T20:30:17.473+0000] {processor.py:840} INFO - DAG(s) 'example_short_circuit_decorator' retrieved from /home/airflow/.local/lib/python3.12/site-packages/airflow/example_dags/example_short_circuit_decorator.py
[2025-10-30T20:30:17.504+0000] {logging_mixin.py:188} INFO - [2025-10-30T20:30:17.503+0000] {dag.py:3096} INFO - Sync 1 DAGs
[2025-10-30T20:30:17.530+0000] {logging_mixin.py:188} INFO - [2025-10-30T20:30:17.530+0000] {dag.py:3954} INFO - Setting next_dagrun for example_short_circuit_decorator to 2025-10-29 00:00:00+00:00, run_after=2025-10-30 00:00:00+00:00
[2025-10-30T20:30:17.553+0000] {processor.py:183} INFO - Processing /home/airflow/.local/lib/python3.12/site-packages/airflow/example_dags/example_short_circuit_decorator.py took 0.107 seconds
[2025-10-30T20:30:47.803+0000] {processor.py:161} INFO - Started process (PID=219) to work on /home/airflow/.local/lib/python3.12/site-packages/airflow/example_dags/example_short_circuit_decorator.py
[2025-10-30T20:30:47.806+0000] {processor.py:830} INFO - Processing file /home/airflow/.local/lib/python3.12/site-packages/airflow/example_dags/example_short_circuit_decorator.py for tasks to queue
[2025-10-30T20:30:47.810+0000] {logging_mixin.py:188} INFO - [2025-10-30T20:30:47.809+0000] {dagbag.py:545} INFO - Filling up the DagBag from /home/airflow/.local/lib/python3.12/site-packages/airflow/example_dags/example_short_circuit_decorator.py
[2025-10-30T20:30:47.829+0000] {processor.py:840} INFO - DAG(s) 'example_short_circuit_decorator' retrieved from /home/airflow/.local/lib/python3.12/site-packages/airflow/example_dags/example_short_circuit_decorator.py
[2025-10-30T20:30:47.881+0000] {logging_mixin.py:188} INFO - [2025-10-30T20:30:47.881+0000] {dag.py:3096} INFO - Sync 1 DAGs
[2025-10-30T20:30:47.934+0000] {logging_mixin.py:188} INFO - [2025-10-30T20:30:47.934+0000] {dag.py:3954} INFO - Setting next_dagrun for example_short_circuit_decorator to 2025-10-29 00:00:00+00:00, run_after=2025-10-30 00:00:00+00:00
[2025-10-30T20:30:47.986+0000] {processor.py:183} INFO - Processing /home/airflow/.local/lib/python3.12/site-packages/airflow/example_dags/example_short_circuit_decorator.py took 0.200 seconds
[2025-10-30T20:31:18.457+0000] {processor.py:161} INFO - Started process (PID=277) to work on /home/airflow/.local/lib/python3.12/site-packages/airflow/example_dags/example_short_circuit_decorator.py
[2025-10-30T20:31:18.462+0000] {processor.py:830} INFO - Processing file /home/airflow/.local/lib/python3.12/site-packages/airflow/example_dags/example_short_circuit_decorator.py for tasks to queue
[2025-10-30T20:31:18.470+0000] {logging_mixin.py:188} INFO - [2025-10-30T20:31:18.469+0000] {dagbag.py:545} INFO - Filling up the DagBag from /home/airflow/.local/lib/python3.12/site-packages/airflow/example_dags/example_short_circuit_decorator.py
[2025-10-30T20:31:18.517+0000] {processor.py:840} INFO - DAG(s) 'example_short_circuit_decorator' retrieved from /home/airflow/.local/lib/python3.12/site-packages/airflow/example_dags/example_short_circuit_decorator.py
[2025-10-30T20:31:18.607+0000] {logging_mixin.py:188} INFO - [2025-10-30T20:31:18.606+0000] {dag.py:3096} INFO - Sync 1 DAGs
[2025-10-30T20:31:18.670+0000] {logging_mixin.py:188} INFO - [2025-10-30T20:31:18.670+0000] {dag.py:3954} INFO - Setting next_dagrun for example_short_circuit_decorator to 2025-10-29 00:00:00+00:00, run_after=2025-10-30 00:00:00+00:00
[2025-10-30T20:31:18.730+0000] {processor.py:183} INFO - Processing /home/airflow/.local/lib/python3.12/site-packages/airflow/example_dags/example_short_circuit_decorator.py took 0.296 seconds
[2025-10-30T20:31:49.598+0000] {processor.py:161} INFO - Started process (PID=335) to work on /home/airflow/.local/lib/python3.12/site-packages/airflow/example_dags/example_short_circuit_decorator.py
[2025-10-30T20:31:49.602+0000] {processor.py:830} INFO - Processing file /home/airflow/.local/lib/python3.12/site-packages/airflow/example_dags/example_short_circuit_decorator.py for tasks to queue
[2025-10-30T20:31:49.607+0000] {logging_mixin.py:188} INFO - [2025-10-30T20:31:49.606+0000] {dagbag.py:545} INFO - Filling up the DagBag from /home/airflow/.local/lib/python3.12/site-packages/airflow/example_dags/example_short_circuit_decorator.py
[2025-10-30T20:31:49.631+0000] {processor.py:840} INFO - DAG(s) 'example_short_circuit_decorator' retrieved from /home/airflow/.local/lib/python3.12/site-packages/airflow/example_dags/example_short_circuit_decorator.py
[2025-10-30T20:31:49.695+0000] {logging_mixin.py:188} INFO - [2025-10-30T20:31:49.695+0000] {dag.py:3096} INFO - Sync 1 DAGs
[2025-10-30T20:31:49.749+0000] {logging_mixin.py:188} INFO - [2025-10-30T20:31:49.749+0000] {dag.py:3954} INFO - Setting next_dagrun for example_short_circuit_decorator to 2025-10-29 00:00:00+00:00, run_after=2025-10-30 00:00:00+00:00
[2025-10-30T20:31:49.799+0000] {processor.py:183} INFO - Processing /home/airflow/.local/lib/python3.12/site-packages/airflow/example_dags/example_short_circuit_decorator.py took 0.215 seconds
[2025-10-30T20:32:20.462+0000] {processor.py:161} INFO - Started process (PID=393) to work on /home/airflow/.local/lib/python3.12/site-packages/airflow/example_dags/example_short_circuit_decorator.py
[2025-10-30T20:32:20.465+0000] {processor.py:830} INFO - Processing file /home/airflow/.local/lib/python3.12/site-packages/airflow/example_dags/example_short_circuit_decorator.py for tasks to queue
[2025-10-30T20:32:20.468+0000] {logging_mixin.py:188} INFO - [2025-10-30T20:32:20.467+0000] {dagbag.py:545} INFO - Filling up the DagBag from /home/airflow/.local/lib/python3.12/site-packages/airflow/example_dags/example_short_circuit_decorator.py
[2025-10-30T20:32:20.482+0000] {processor.py:840} INFO - DAG(s) 'example_short_circuit_decorator' retrieved from /home/airflow/.local/lib/python3.12/site-packages/airflow/example_dags/example_short_circuit_decorator.py
[2025-10-30T20:32:20.523+0000] {logging_mixin.py:188} INFO - [2025-10-30T20:32:20.522+0000] {dag.py:3096} INFO - Sync 1 DAGs
[2025-10-30T20:32:20.554+0000] {logging_mixin.py:188} INFO - [2025-10-30T20:32:20.553+0000] {dag.py:3954} INFO - Setting next_dagrun for example_short_circuit_decorator to 2025-10-29 00:00:00+00:00, run_after=2025-10-30 00:00:00+00:00
[2025-10-30T20:32:20.581+0000] {processor.py:183} INFO - Processing /home/airflow/.local/lib/python3.12/site-packages/airflow/example_dags/example_short_circuit_decorator.py took 0.128 seconds
[2025-10-30T20:32:51.020+0000] {processor.py:161} INFO - Started process (PID=451) to work on /home/airflow/.local/lib/python3.12/site-packages/airflow/example_dags/example_short_circuit_decorator.py
[2025-10-30T20:32:51.022+0000] {processor.py:830} INFO - Processing file /home/airflow/.local/lib/python3.12/site-packages/airflow/example_dags/example_short_circuit_decorator.py for tasks to queue
[2025-10-30T20:32:51.024+0000] {logging_mixin.py:188} INFO - [2025-10-30T20:32:51.024+0000] {dagbag.py:545} INFO - Filling up the DagBag from /home/airflow/.local/lib/python3.12/site-packages/airflow/example_dags/example_short_circuit_decorator.py
[2025-10-30T20:32:51.036+0000] {processor.py:840} INFO - DAG(s) 'example_short_circuit_decorator' retrieved from /home/airflow/.local/lib/python3.12/site-packages/airflow/example_dags/example_short_circuit_decorator.py
[2025-10-30T20:32:51.069+0000] {logging_mixin.py:188} INFO - [2025-10-30T20:32:51.069+0000] {dag.py:3096} INFO - Sync 1 DAGs
[2025-10-30T20:32:51.096+0000] {logging_mixin.py:188} INFO - [2025-10-30T20:32:51.096+0000] {dag.py:3954} INFO - Setting next_dagrun for example_short_circuit_decorator to 2025-10-29 00:00:00+00:00, run_after=2025-10-30 00:00:00+00:00
[2025-10-30T20:32:51.123+0000] {processor.py:183} INFO - Processing /home/airflow/.local/lib/python3.12/site-packages/airflow/example_dags/example_short_circuit_decorator.py took 0.112 seconds
[2025-10-30T20:33:21.377+0000] {processor.py:161} INFO - Started process (PID=509) to work on /home/airflow/.local/lib/python3.12/site-packages/airflow/example_dags/example_short_circuit_decorator.py
[2025-10-30T20:33:21.379+0000] {processor.py:830} INFO - Processing file /home/airflow/.local/lib/python3.12/site-packages/airflow/example_dags/example_short_circuit_decorator.py for tasks to queue
[2025-10-30T20:33:21.382+0000] {logging_mixin.py:188} INFO - [2025-10-30T20:33:21.381+0000] {dagbag.py:545} INFO - Filling up the DagBag from /home/airflow/.local/lib/python3.12/site-packages/airflow/example_dags/example_short_circuit_decorator.py
[2025-10-30T20:33:21.395+0000] {processor.py:840} INFO - DAG(s) 'example_short_circuit_decorator' retrieved from /home/airflow/.local/lib/python3.12/site-packages/airflow/example_dags/example_short_circuit_decorator.py
[2025-10-30T20:33:21.430+0000] {logging_mixin.py:188} INFO - [2025-10-30T20:33:21.430+0000] {dag.py:3096} INFO - Sync 1 DAGs
[2025-10-30T20:33:21.456+0000] {logging_mixin.py:188} INFO - [2025-10-30T20:33:21.456+0000] {dag.py:3954} INFO - Setting next_dagrun for example_short_circuit_decorator to 2025-10-29 00:00:00+00:00, run_after=2025-10-30 00:00:00+00:00
[2025-10-30T20:33:21.482+0000] {processor.py:183} INFO - Processing /home/airflow/.local/lib/python3.12/site-packages/airflow/example_dags/example_short_circuit_decorator.py took 0.114 seconds
[2025-10-30T20:33:52.253+0000] {processor.py:161} INFO - Started process (PID=567) to work on /home/airflow/.local/lib/python3.12/site-packages/airflow/example_dags/example_short_circuit_decorator.py
[2025-10-30T20:33:52.255+0000] {processor.py:830} INFO - Processing file /home/airflow/.local/lib/python3.12/site-packages/airflow/example_dags/example_short_circuit_decorator.py for tasks to queue
[2025-10-30T20:33:52.258+0000] {logging_mixin.py:188} INFO - [2025-10-30T20:33:52.257+0000] {dagbag.py:545} INFO - Filling up the DagBag from /home/airflow/.local/lib/python3.12/site-packages/airflow/example_dags/example_short_circuit_decorator.py
[2025-10-30T20:33:52.270+0000] {processor.py:840} INFO - DAG(s) 'example_short_circuit_decorator' retrieved from /home/airflow/.local/lib/python3.12/site-packages/airflow/example_dags/example_short_circuit_decorator.py
[2025-10-30T20:33:52.302+0000] {logging_mixin.py:188} INFO - [2025-10-30T20:33:52.302+0000] {dag.py:3096} INFO - Sync 1 DAGs
[2025-10-30T20:33:52.330+0000] {logging_mixin.py:188} INFO - [2025-10-30T20:33:52.329+0000] {dag.py:3954} INFO - Setting next_dagrun for example_short_circuit_decorator to 2025-10-29 00:00:00+00:00, run_after=2025-10-30 00:00:00+00:00
[2025-10-30T20:33:52.358+0000] {processor.py:183} INFO - Processing /home/airflow/.local/lib/python3.12/site-packages/airflow/example_dags/example_short_circuit_decorator.py took 0.112 seconds
[2025-10-30T20:34:22.652+0000] {processor.py:161} INFO - Started process (PID=625) to work on /home/airflow/.local/lib/python3.12/site-packages/airflow/example_dags/example_short_circuit_decorator.py
[2025-10-30T20:34:22.654+0000] {processor.py:830} INFO - Processing file /home/airflow/.local/lib/python3.12/site-packages/airflow/example_dags/example_short_circuit_decorator.py for tasks to queue
[2025-10-30T20:34:22.656+0000] {logging_mixin.py:188} INFO - [2025-10-30T20:34:22.656+0000] {dagbag.py:545} INFO - Filling up the DagBag from /home/airflow/.local/lib/python3.12/site-packages/airflow/example_dags/example_short_circuit_decorator.py
[2025-10-30T20:34:22.671+0000] {processor.py:840} INFO - DAG(s) 'example_short_circuit_decorator' retrieved from /home/airflow/.local/lib/python3.12/site-packages/airflow/example_dags/example_short_circuit_decorator.py
[2025-10-30T20:34:22.704+0000] {logging_mixin.py:188} INFO - [2025-10-30T20:34:22.704+0000] {dag.py:3096} INFO - Sync 1 DAGs
[2025-10-30T20:34:22.735+0000] {logging_mixin.py:188} INFO - [2025-10-30T20:34:22.734+0000] {dag.py:3954} INFO - Setting next_dagrun for example_short_circuit_decorator to 2025-10-29 00:00:00+00:00, run_after=2025-10-30 00:00:00+00:00
[2025-10-30T20:34:22.769+0000] {processor.py:183} INFO - Processing /home/airflow/.local/lib/python3.12/site-packages/airflow/example_dags/example_short_circuit_decorator.py took 0.126 seconds
[2025-10-30T20:34:53.204+0000] {processor.py:161} INFO - Started process (PID=683) to work on /home/airflow/.local/lib/python3.12/site-packages/airflow/example_dags/example_short_circuit_decorator.py
[2025-10-30T20:34:53.205+0000] {processor.py:830} INFO - Processing file /home/airflow/.local/lib/python3.12/site-packages/airflow/example_dags/example_short_circuit_decorator.py for tasks to queue
[2025-10-30T20:34:53.212+0000] {logging_mixin.py:188} INFO - [2025-10-30T20:34:53.211+0000] {dagbag.py:545} INFO - Filling up the DagBag from /home/airflow/.local/lib/python3.12/site-packages/airflow/example_dags/example_short_circuit_decorator.py
[2025-10-30T20:34:53.226+0000] {processor.py:840} INFO - DAG(s) 'example_short_circuit_decorator' retrieved from /home/airflow/.local/lib/python3.12/site-packages/airflow/example_dags/example_short_circuit_decorator.py
[2025-10-30T20:34:53.257+0000] {logging_mixin.py:188} INFO - [2025-10-30T20:34:53.256+0000] {dag.py:3096} INFO - Sync 1 DAGs
[2025-10-30T20:34:53.282+0000] {logging_mixin.py:188} INFO - [2025-10-30T20:34:53.282+0000] {dag.py:3954} INFO - Setting next_dagrun for example_short_circuit_decorator to 2025-10-29 00:00:00+00:00, run_after=2025-10-30 00:00:00+00:00
[2025-10-30T20:34:53.306+0000] {processor.py:183} INFO - Processing /home/airflow/.local/lib/python3.12/site-packages/airflow/example_dags/example_short_circuit_decorator.py took 0.111 seconds
[2025-10-30T20:35:23.716+0000] {processor.py:161} INFO - Started process (PID=741) to work on /home/airflow/.local/lib/python3.12/site-packages/airflow/example_dags/example_short_circuit_decorator.py
[2025-10-30T20:35:23.717+0000] {processor.py:830} INFO - Processing file /home/airflow/.local/lib/python3.12/site-packages/airflow/example_dags/example_short_circuit_decorator.py for tasks to queue
[2025-10-30T20:35:23.720+0000] {logging_mixin.py:188} INFO - [2025-10-30T20:35:23.720+0000] {dagbag.py:545} INFO - Filling up the DagBag from /home/airflow/.local/lib/python3.12/site-packages/airflow/example_dags/example_short_circuit_decorator.py
[2025-10-30T20:35:23.733+0000] {processor.py:840} INFO - DAG(s) 'example_short_circuit_decorator' retrieved from /home/airflow/.local/lib/python3.12/site-packages/airflow/example_dags/example_short_circuit_decorator.py
[2025-10-30T20:35:23.765+0000] {logging_mixin.py:188} INFO - [2025-10-30T20:35:23.764+0000] {dag.py:3096} INFO - Sync 1 DAGs
[2025-10-30T20:35:23.792+0000] {logging_mixin.py:188} INFO - [2025-10-30T20:35:23.792+0000] {dag.py:3954} INFO - Setting next_dagrun for example_short_circuit_decorator to 2025-10-29 00:00:00+00:00, run_after=2025-10-30 00:00:00+00:00
[2025-10-30T20:35:23.821+0000] {processor.py:183} INFO - Processing /home/airflow/.local/lib/python3.12/site-packages/airflow/example_dags/example_short_circuit_decorator.py took 0.112 seconds
[2025-10-30T20:35:54.580+0000] {processor.py:161} INFO - Started process (PID=799) to work on /home/airflow/.local/lib/python3.12/site-packages/airflow/example_dags/example_short_circuit_decorator.py
[2025-10-30T20:35:54.581+0000] {processor.py:830} INFO - Processing file /home/airflow/.local/lib/python3.12/site-packages/airflow/example_dags/example_short_circuit_decorator.py for tasks to queue
[2025-10-30T20:35:54.584+0000] {logging_mixin.py:188} INFO - [2025-10-30T20:35:54.583+0000] {dagbag.py:545} INFO - Filling up the DagBag from /home/airflow/.local/lib/python3.12/site-packages/airflow/example_dags/example_short_circuit_decorator.py
[2025-10-30T20:35:54.596+0000] {processor.py:840} INFO - DAG(s) 'example_short_circuit_decorator' retrieved from /home/airflow/.local/lib/python3.12/site-packages/airflow/example_dags/example_short_circuit_decorator.py
[2025-10-30T20:35:54.625+0000] {logging_mixin.py:188} INFO - [2025-10-30T20:35:54.625+0000] {dag.py:3096} INFO - Sync 1 DAGs
[2025-10-30T20:35:54.653+0000] {logging_mixin.py:188} INFO - [2025-10-30T20:35:54.653+0000] {dag.py:3954} INFO - Setting next_dagrun for example_short_circuit_decorator to 2025-10-29 00:00:00+00:00, run_after=2025-10-30 00:00:00+00:00
[2025-10-30T20:35:54.682+0000] {processor.py:183} INFO - Processing /home/airflow/.local/lib/python3.12/site-packages/airflow/example_dags/example_short_circuit_decorator.py took 0.111 seconds
[2025-10-30T20:36:25.063+0000] {processor.py:161} INFO - Started process (PID=857) to work on /home/airflow/.local/lib/python3.12/site-packages/airflow/example_dags/example_short_circuit_decorator.py
[2025-10-30T20:36:25.064+0000] {processor.py:830} INFO - Processing file /home/airflow/.local/lib/python3.12/site-packages/airflow/example_dags/example_short_circuit_decorator.py for tasks to queue
[2025-10-30T20:36:25.067+0000] {logging_mixin.py:188} INFO - [2025-10-30T20:36:25.066+0000] {dagbag.py:545} INFO - Filling up the DagBag from /home/airflow/.local/lib/python3.12/site-packages/airflow/example_dags/example_short_circuit_decorator.py
[2025-10-30T20:36:25.079+0000] {processor.py:840} INFO - DAG(s) 'example_short_circuit_decorator' retrieved from /home/airflow/.local/lib/python3.12/site-packages/airflow/example_dags/example_short_circuit_decorator.py
[2025-10-30T20:36:25.110+0000] {logging_mixin.py:188} INFO - [2025-10-30T20:36:25.109+0000] {dag.py:3096} INFO - Sync 1 DAGs
[2025-10-30T20:36:25.137+0000] {logging_mixin.py:188} INFO - [2025-10-30T20:36:25.137+0000] {dag.py:3954} INFO - Setting next_dagrun for example_short_circuit_decorator to 2025-10-29 00:00:00+00:00, run_after=2025-10-30 00:00:00+00:00
[2025-10-30T20:36:25.166+0000] {processor.py:183} INFO - Processing /home/airflow/.local/lib/python3.12/site-packages/airflow/example_dags/example_short_circuit_decorator.py took 0.111 seconds
[2025-10-30T20:36:55.328+0000] {processor.py:161} INFO - Started process (PID=915) to work on /home/airflow/.local/lib/python3.12/site-packages/airflow/example_dags/example_short_circuit_decorator.py
[2025-10-30T20:36:55.329+0000] {processor.py:830} INFO - Processing file /home/airflow/.local/lib/python3.12/site-packages/airflow/example_dags/example_short_circuit_decorator.py for tasks to queue
[2025-10-30T20:36:55.331+0000] {logging_mixin.py:188} INFO - [2025-10-30T20:36:55.331+0000] {dagbag.py:545} INFO - Filling up the DagBag from /home/airflow/.local/lib/python3.12/site-packages/airflow/example_dags/example_short_circuit_decorator.py
[2025-10-30T20:36:55.342+0000] {processor.py:840} INFO - DAG(s) 'example_short_circuit_decorator' retrieved from /home/airflow/.local/lib/python3.12/site-packages/airflow/example_dags/example_short_circuit_decorator.py
[2025-10-30T20:36:55.379+0000] {logging_mixin.py:188} INFO - [2025-10-30T20:36:55.379+0000] {dag.py:3096} INFO - Sync 1 DAGs
[2025-10-30T20:36:55.408+0000] {logging_mixin.py:188} INFO - [2025-10-30T20:36:55.407+0000] {dag.py:3954} INFO - Setting next_dagrun for example_short_circuit_decorator to 2025-10-29 00:00:00+00:00, run_after=2025-10-30 00:00:00+00:00
[2025-10-30T20:36:55.439+0000] {processor.py:183} INFO - Processing /home/airflow/.local/lib/python3.12/site-packages/airflow/example_dags/example_short_circuit_decorator.py took 0.118 seconds
[2025-10-30T20:37:25.707+0000] {processor.py:161} INFO - Started process (PID=973) to work on /home/airflow/.local/lib/python3.12/site-packages/airflow/example_dags/example_short_circuit_decorator.py
[2025-10-30T20:37:25.709+0000] {processor.py:830} INFO - Processing file /home/airflow/.local/lib/python3.12/site-packages/airflow/example_dags/example_short_circuit_decorator.py for tasks to queue
[2025-10-30T20:37:25.712+0000] {logging_mixin.py:188} INFO - [2025-10-30T20:37:25.711+0000] {dagbag.py:545} INFO - Filling up the DagBag from /home/airflow/.local/lib/python3.12/site-packages/airflow/example_dags/example_short_circuit_decorator.py
[2025-10-30T20:37:25.723+0000] {processor.py:840} INFO - DAG(s) 'example_short_circuit_decorator' retrieved from /home/airflow/.local/lib/python3.12/site-packages/airflow/example_dags/example_short_circuit_decorator.py
[2025-10-30T20:37:25.758+0000] {logging_mixin.py:188} INFO - [2025-10-30T20:37:25.758+0000] {dag.py:3096} INFO - Sync 1 DAGs
[2025-10-30T20:37:25.787+0000] {logging_mixin.py:188} INFO - [2025-10-30T20:37:25.786+0000] {dag.py:3954} INFO - Setting next_dagrun for example_short_circuit_decorator to 2025-10-29 00:00:00+00:00, run_after=2025-10-30 00:00:00+00:00
[2025-10-30T20:37:25.812+0000] {processor.py:183} INFO - Processing /home/airflow/.local/lib/python3.12/site-packages/airflow/example_dags/example_short_circuit_decorator.py took 0.116 seconds
[2025-10-30T20:37:55.906+0000] {processor.py:161} INFO - Started process (PID=1031) to work on /home/airflow/.local/lib/python3.12/site-packages/airflow/example_dags/example_short_circuit_decorator.py
[2025-10-30T20:37:55.907+0000] {processor.py:830} INFO - Processing file /home/airflow/.local/lib/python3.12/site-packages/airflow/example_dags/example_short_circuit_decorator.py for tasks to queue
[2025-10-30T20:37:55.911+0000] {logging_mixin.py:188} INFO - [2025-10-30T20:37:55.910+0000] {dagbag.py:545} INFO - Filling up the DagBag from /home/airflow/.local/lib/python3.12/site-packages/airflow/example_dags/example_short_circuit_decorator.py
[2025-10-30T20:37:55.926+0000] {processor.py:840} INFO - DAG(s) 'example_short_circuit_decorator' retrieved from /home/airflow/.local/lib/python3.12/site-packages/airflow/example_dags/example_short_circuit_decorator.py
[2025-10-30T20:37:55.958+0000] {logging_mixin.py:188} INFO - [2025-10-30T20:37:55.958+0000] {dag.py:3096} INFO - Sync 1 DAGs
[2025-10-30T20:37:55.986+0000] {logging_mixin.py:188} INFO - [2025-10-30T20:37:55.986+0000] {dag.py:3954} INFO - Setting next_dagrun for example_short_circuit_decorator to 2025-10-29 00:00:00+00:00, run_after=2025-10-30 00:00:00+00:00
[2025-10-30T20:37:56.013+0000] {processor.py:183} INFO - Processing /home/airflow/.local/lib/python3.12/site-packages/airflow/example_dags/example_short_circuit_decorator.py took 0.115 seconds
[2025-10-30T20:38:26.640+0000] {processor.py:161} INFO - Started process (PID=1089) to work on /home/airflow/.local/lib/python3.12/site-packages/airflow/example_dags/example_short_circuit_decorator.py
[2025-10-30T20:38:26.641+0000] {processor.py:830} INFO - Processing file /home/airflow/.local/lib/python3.12/site-packages/airflow/example_dags/example_short_circuit_decorator.py for tasks to queue
[2025-10-30T20:38:26.644+0000] {logging_mixin.py:188} INFO - [2025-10-30T20:38:26.644+0000] {dagbag.py:545} INFO - Filling up the DagBag from /home/airflow/.local/lib/python3.12/site-packages/airflow/example_dags/example_short_circuit_decorator.py
[2025-10-30T20:38:26.657+0000] {processor.py:840} INFO - DAG(s) 'example_short_circuit_decorator' retrieved from /home/airflow/.local/lib/python3.12/site-packages/airflow/example_dags/example_short_circuit_decorator.py
[2025-10-30T20:38:26.685+0000] {logging_mixin.py:188} INFO - [2025-10-30T20:38:26.685+0000] {dag.py:3096} INFO - Sync 1 DAGs
[2025-10-30T20:38:26.714+0000] {logging_mixin.py:188} INFO - [2025-10-30T20:38:26.714+0000] {dag.py:3954} INFO - Setting next_dagrun for example_short_circuit_decorator to 2025-10-29 00:00:00+00:00, run_after=2025-10-30 00:00:00+00:00
[2025-10-30T20:38:26.740+0000] {processor.py:183} INFO - Processing /home/airflow/.local/lib/python3.12/site-packages/airflow/example_dags/example_short_circuit_decorator.py took 0.108 seconds
[2025-10-30T20:38:56.865+0000] {processor.py:161} INFO - Started process (PID=1147) to work on /home/airflow/.local/lib/python3.12/site-packages/airflow/example_dags/example_short_circuit_decorator.py
[2025-10-30T20:38:56.866+0000] {processor.py:830} INFO - Processing file /home/airflow/.local/lib/python3.12/site-packages/airflow/example_dags/example_short_circuit_decorator.py for tasks to queue
[2025-10-30T20:38:56.870+0000] {logging_mixin.py:188} INFO - [2025-10-30T20:38:56.869+0000] {dagbag.py:545} INFO - Filling up the DagBag from /home/airflow/.local/lib/python3.12/site-packages/airflow/example_dags/example_short_circuit_decorator.py
[2025-10-30T20:38:56.889+0000] {processor.py:840} INFO - DAG(s) 'example_short_circuit_decorator' retrieved from /home/airflow/.local/lib/python3.12/site-packages/airflow/example_dags/example_short_circuit_decorator.py
[2025-10-30T20:38:56.934+0000] {logging_mixin.py:188} INFO - [2025-10-30T20:38:56.934+0000] {dag.py:3096} INFO - Sync 1 DAGs
[2025-10-30T20:38:56.982+0000] {logging_mixin.py:188} INFO - [2025-10-30T20:38:56.982+0000] {dag.py:3954} INFO - Setting next_dagrun for example_short_circuit_decorator to 2025-10-29 00:00:00+00:00, run_after=2025-10-30 00:00:00+00:00
[2025-10-30T20:38:57.030+0000] {processor.py:183} INFO - Processing /home/airflow/.local/lib/python3.12/site-packages/airflow/example_dags/example_short_circuit_decorator.py took 0.178 seconds
[2025-10-30T20:39:27.168+0000] {processor.py:161} INFO - Started process (PID=1206) to work on /home/airflow/.local/lib/python3.12/site-packages/airflow/example_dags/example_short_circuit_decorator.py
[2025-10-30T20:39:27.170+0000] {processor.py:830} INFO - Processing file /home/airflow/.local/lib/python3.12/site-packages/airflow/example_dags/example_short_circuit_decorator.py for tasks to queue
[2025-10-30T20:39:27.172+0000] {logging_mixin.py:188} INFO - [2025-10-30T20:39:27.172+0000] {dagbag.py:545} INFO - Filling up the DagBag from /home/airflow/.local/lib/python3.12/site-packages/airflow/example_dags/example_short_circuit_decorator.py
[2025-10-30T20:39:27.185+0000] {processor.py:840} INFO - DAG(s) 'example_short_circuit_decorator' retrieved from /home/airflow/.local/lib/python3.12/site-packages/airflow/example_dags/example_short_circuit_decorator.py
[2025-10-30T20:39:27.223+0000] {logging_mixin.py:188} INFO - [2025-10-30T20:39:27.222+0000] {dag.py:3096} INFO - Sync 1 DAGs
[2025-10-30T20:39:27.263+0000] {logging_mixin.py:188} INFO - [2025-10-30T20:39:27.262+0000] {dag.py:3954} INFO - Setting next_dagrun for example_short_circuit_decorator to 2025-10-29 00:00:00+00:00, run_after=2025-10-30 00:00:00+00:00
[2025-10-30T20:39:27.307+0000] {processor.py:183} INFO - Processing /home/airflow/.local/lib/python3.12/site-packages/airflow/example_dags/example_short_circuit_decorator.py took 0.147 seconds
[2025-10-30T20:39:58.193+0000] {processor.py:161} INFO - Started process (PID=1264) to work on /home/airflow/.local/lib/python3.12/site-packages/airflow/example_dags/example_short_circuit_decorator.py
[2025-10-30T20:39:58.195+0000] {processor.py:830} INFO - Processing file /home/airflow/.local/lib/python3.12/site-packages/airflow/example_dags/example_short_circuit_decorator.py for tasks to queue
[2025-10-30T20:39:58.198+0000] {logging_mixin.py:188} INFO - [2025-10-30T20:39:58.198+0000] {dagbag.py:545} INFO - Filling up the DagBag from /home/airflow/.local/lib/python3.12/site-packages/airflow/example_dags/example_short_circuit_decorator.py
[2025-10-30T20:39:58.212+0000] {processor.py:840} INFO - DAG(s) 'example_short_circuit_decorator' retrieved from /home/airflow/.local/lib/python3.12/site-packages/airflow/example_dags/example_short_circuit_decorator.py
[2025-10-30T20:39:58.257+0000] {logging_mixin.py:188} INFO - [2025-10-30T20:39:58.256+0000] {dag.py:3096} INFO - Sync 1 DAGs
[2025-10-30T20:39:58.302+0000] {logging_mixin.py:188} INFO - [2025-10-30T20:39:58.302+0000] {dag.py:3954} INFO - Setting next_dagrun for example_short_circuit_decorator to 2025-10-29 00:00:00+00:00, run_after=2025-10-30 00:00:00+00:00
[2025-10-30T20:39:58.340+0000] {processor.py:183} INFO - Processing /home/airflow/.local/lib/python3.12/site-packages/airflow/example_dags/example_short_circuit_decorator.py took 0.159 seconds
[2025-10-30T20:40:28.401+0000] {processor.py:161} INFO - Started process (PID=1322) to work on /home/airflow/.local/lib/python3.12/site-packages/airflow/example_dags/example_short_circuit_decorator.py
[2025-10-30T20:40:28.403+0000] {processor.py:830} INFO - Processing file /home/airflow/.local/lib/python3.12/site-packages/airflow/example_dags/example_short_circuit_decorator.py for tasks to queue
[2025-10-30T20:40:28.405+0000] {logging_mixin.py:188} INFO - [2025-10-30T20:40:28.405+0000] {dagbag.py:545} INFO - Filling up the DagBag from /home/airflow/.local/lib/python3.12/site-packages/airflow/example_dags/example_short_circuit_decorator.py
[2025-10-30T20:40:28.418+0000] {processor.py:840} INFO - DAG(s) 'example_short_circuit_decorator' retrieved from /home/airflow/.local/lib/python3.12/site-packages/airflow/example_dags/example_short_circuit_decorator.py
[2025-10-30T20:40:28.469+0000] {logging_mixin.py:188} INFO - [2025-10-30T20:40:28.469+0000] {dag.py:3096} INFO - Sync 1 DAGs
[2025-10-30T20:40:28.509+0000] {logging_mixin.py:188} INFO - [2025-10-30T20:40:28.509+0000] {dag.py:3954} INFO - Setting next_dagrun for example_short_circuit_decorator to 2025-10-29 00:00:00+00:00, run_after=2025-10-30 00:00:00+00:00
[2025-10-30T20:40:28.535+0000] {processor.py:183} INFO - Processing /home/airflow/.local/lib/python3.12/site-packages/airflow/example_dags/example_short_circuit_decorator.py took 0.142 seconds
[2025-10-30T20:40:59.523+0000] {processor.py:161} INFO - Started process (PID=1380) to work on /home/airflow/.local/lib/python3.12/site-packages/airflow/example_dags/example_short_circuit_decorator.py
[2025-10-30T20:40:59.525+0000] {processor.py:830} INFO - Processing file /home/airflow/.local/lib/python3.12/site-packages/airflow/example_dags/example_short_circuit_decorator.py for tasks to queue
[2025-10-30T20:40:59.529+0000] {logging_mixin.py:188} INFO - [2025-10-30T20:40:59.528+0000] {dagbag.py:545} INFO - Filling up the DagBag from /home/airflow/.local/lib/python3.12/site-packages/airflow/example_dags/example_short_circuit_decorator.py
[2025-10-30T20:40:59.546+0000] {processor.py:840} INFO - DAG(s) 'example_short_circuit_decorator' retrieved from /home/airflow/.local/lib/python3.12/site-packages/airflow/example_dags/example_short_circuit_decorator.py
[2025-10-30T20:40:59.595+0000] {logging_mixin.py:188} INFO - [2025-10-30T20:40:59.595+0000] {dag.py:3096} INFO - Sync 1 DAGs
[2025-10-30T20:40:59.645+0000] {logging_mixin.py:188} INFO - [2025-10-30T20:40:59.645+0000] {dag.py:3954} INFO - Setting next_dagrun for example_short_circuit_decorator to 2025-10-29 00:00:00+00:00, run_after=2025-10-30 00:00:00+00:00
[2025-10-30T20:40:59.687+0000] {processor.py:183} INFO - Processing /home/airflow/.local/lib/python3.12/site-packages/airflow/example_dags/example_short_circuit_decorator.py took 0.175 seconds
[2025-10-30T20:41:31.154+0000] {processor.py:161} INFO - Started process (PID=1438) to work on /home/airflow/.local/lib/python3.12/site-packages/airflow/example_dags/example_short_circuit_decorator.py
[2025-10-30T20:41:31.157+0000] {processor.py:830} INFO - Processing file /home/airflow/.local/lib/python3.12/site-packages/airflow/example_dags/example_short_circuit_decorator.py for tasks to queue
[2025-10-30T20:41:31.160+0000] {logging_mixin.py:188} INFO - [2025-10-30T20:41:31.159+0000] {dagbag.py:545} INFO - Filling up the DagBag from /home/airflow/.local/lib/python3.12/site-packages/airflow/example_dags/example_short_circuit_decorator.py
[2025-10-30T20:41:31.180+0000] {processor.py:840} INFO - DAG(s) 'example_short_circuit_decorator' retrieved from /home/airflow/.local/lib/python3.12/site-packages/airflow/example_dags/example_short_circuit_decorator.py
[2025-10-30T20:41:31.227+0000] {logging_mixin.py:188} INFO - [2025-10-30T20:41:31.226+0000] {dag.py:3096} INFO - Sync 1 DAGs
[2025-10-30T20:41:31.537+0000] {logging_mixin.py:188} INFO - [2025-10-30T20:41:31.537+0000] {dag.py:3954} INFO - Setting next_dagrun for example_short_circuit_decorator to 2025-10-29 00:00:00+00:00, run_after=2025-10-30 00:00:00+00:00
[2025-10-30T20:41:31.584+0000] {processor.py:183} INFO - Processing /home/airflow/.local/lib/python3.12/site-packages/airflow/example_dags/example_short_circuit_decorator.py took 0.439 seconds
[2025-10-30T20:42:02.150+0000] {processor.py:161} INFO - Started process (PID=1495) to work on /home/airflow/.local/lib/python3.12/site-packages/airflow/example_dags/example_short_circuit_decorator.py
[2025-10-30T20:42:02.152+0000] {processor.py:830} INFO - Processing file /home/airflow/.local/lib/python3.12/site-packages/airflow/example_dags/example_short_circuit_decorator.py for tasks to queue
[2025-10-30T20:42:02.155+0000] {logging_mixin.py:188} INFO - [2025-10-30T20:42:02.154+0000] {dagbag.py:545} INFO - Filling up the DagBag from /home/airflow/.local/lib/python3.12/site-packages/airflow/example_dags/example_short_circuit_decorator.py
[2025-10-30T20:42:02.171+0000] {processor.py:840} INFO - DAG(s) 'example_short_circuit_decorator' retrieved from /home/airflow/.local/lib/python3.12/site-packages/airflow/example_dags/example_short_circuit_decorator.py
[2025-10-30T20:42:02.200+0000] {logging_mixin.py:188} INFO - [2025-10-30T20:42:02.200+0000] {dag.py:3096} INFO - Sync 1 DAGs
[2025-10-30T20:42:02.234+0000] {logging_mixin.py:188} INFO - [2025-10-30T20:42:02.234+0000] {dag.py:3954} INFO - Setting next_dagrun for example_short_circuit_decorator to 2025-10-29 00:00:00+00:00, run_after=2025-10-30 00:00:00+00:00
[2025-10-30T20:42:02.427+0000] {processor.py:183} INFO - Processing /home/airflow/.local/lib/python3.12/site-packages/airflow/example_dags/example_short_circuit_decorator.py took 0.285 seconds
[2025-10-30T20:42:33.151+0000] {processor.py:161} INFO - Started process (PID=1553) to work on /home/airflow/.local/lib/python3.12/site-packages/airflow/example_dags/example_short_circuit_decorator.py
[2025-10-30T20:42:33.153+0000] {processor.py:830} INFO - Processing file /home/airflow/.local/lib/python3.12/site-packages/airflow/example_dags/example_short_circuit_decorator.py for tasks to queue
[2025-10-30T20:42:33.155+0000] {logging_mixin.py:188} INFO - [2025-10-30T20:42:33.155+0000] {dagbag.py:545} INFO - Filling up the DagBag from /home/airflow/.local/lib/python3.12/site-packages/airflow/example_dags/example_short_circuit_decorator.py
[2025-10-30T20:42:33.169+0000] {processor.py:840} INFO - DAG(s) 'example_short_circuit_decorator' retrieved from /home/airflow/.local/lib/python3.12/site-packages/airflow/example_dags/example_short_circuit_decorator.py
[2025-10-30T20:42:33.198+0000] {logging_mixin.py:188} INFO - [2025-10-30T20:42:33.197+0000] {dag.py:3096} INFO - Sync 1 DAGs
[2025-10-30T20:42:33.225+0000] {logging_mixin.py:188} INFO - [2025-10-30T20:42:33.224+0000] {dag.py:3954} INFO - Setting next_dagrun for example_short_circuit_decorator to 2025-10-29 00:00:00+00:00, run_after=2025-10-30 00:00:00+00:00
[2025-10-30T20:42:33.248+0000] {processor.py:183} INFO - Processing /home/airflow/.local/lib/python3.12/site-packages/airflow/example_dags/example_short_circuit_decorator.py took 0.107 seconds
[2025-10-30T21:06:27.435+0000] {processor.py:161} INFO - Started process (PID=103) to work on /home/airflow/.local/lib/python3.12/site-packages/airflow/example_dags/example_short_circuit_decorator.py
[2025-10-30T21:06:27.442+0000] {processor.py:830} INFO - Processing file /home/airflow/.local/lib/python3.12/site-packages/airflow/example_dags/example_short_circuit_decorator.py for tasks to queue
[2025-10-30T21:06:27.445+0000] {logging_mixin.py:188} INFO - [2025-10-30T21:06:27.445+0000] {dagbag.py:545} INFO - Filling up the DagBag from /home/airflow/.local/lib/python3.12/site-packages/airflow/example_dags/example_short_circuit_decorator.py
[2025-10-30T21:06:27.462+0000] {processor.py:840} INFO - DAG(s) 'example_short_circuit_decorator' retrieved from /home/airflow/.local/lib/python3.12/site-packages/airflow/example_dags/example_short_circuit_decorator.py
[2025-10-30T21:06:27.702+0000] {logging_mixin.py:188} INFO - [2025-10-30T21:06:27.702+0000] {dag.py:3096} INFO - Sync 1 DAGs
[2025-10-30T21:06:27.759+0000] {logging_mixin.py:188} INFO - [2025-10-30T21:06:27.759+0000] {dag.py:3954} INFO - Setting next_dagrun for example_short_circuit_decorator to 2025-10-29 00:00:00+00:00, run_after=2025-10-30 00:00:00+00:00
[2025-10-30T21:06:27.798+0000] {processor.py:183} INFO - Processing /home/airflow/.local/lib/python3.12/site-packages/airflow/example_dags/example_short_circuit_decorator.py took 0.374 seconds
[2025-10-30T21:06:58.056+0000] {processor.py:161} INFO - Started process (PID=162) to work on /home/airflow/.local/lib/python3.12/site-packages/airflow/example_dags/example_short_circuit_decorator.py
[2025-10-30T21:06:58.061+0000] {processor.py:830} INFO - Processing file /home/airflow/.local/lib/python3.12/site-packages/airflow/example_dags/example_short_circuit_decorator.py for tasks to queue
[2025-10-30T21:06:58.066+0000] {logging_mixin.py:188} INFO - [2025-10-30T21:06:58.065+0000] {dagbag.py:545} INFO - Filling up the DagBag from /home/airflow/.local/lib/python3.12/site-packages/airflow/example_dags/example_short_circuit_decorator.py
[2025-10-30T21:06:58.085+0000] {processor.py:840} INFO - DAG(s) 'example_short_circuit_decorator' retrieved from /home/airflow/.local/lib/python3.12/site-packages/airflow/example_dags/example_short_circuit_decorator.py
[2025-10-30T21:06:58.145+0000] {logging_mixin.py:188} INFO - [2025-10-30T21:06:58.145+0000] {dag.py:3096} INFO - Sync 1 DAGs
[2025-10-30T21:06:58.198+0000] {logging_mixin.py:188} INFO - [2025-10-30T21:06:58.198+0000] {dag.py:3954} INFO - Setting next_dagrun for example_short_circuit_decorator to 2025-10-29 00:00:00+00:00, run_after=2025-10-30 00:00:00+00:00
[2025-10-30T21:06:58.237+0000] {processor.py:183} INFO - Processing /home/airflow/.local/lib/python3.12/site-packages/airflow/example_dags/example_short_circuit_decorator.py took 0.195 seconds
[2025-10-30T21:07:28.574+0000] {processor.py:161} INFO - Started process (PID=224) to work on /home/airflow/.local/lib/python3.12/site-packages/airflow/example_dags/example_short_circuit_decorator.py
[2025-10-30T21:07:28.577+0000] {processor.py:830} INFO - Processing file /home/airflow/.local/lib/python3.12/site-packages/airflow/example_dags/example_short_circuit_decorator.py for tasks to queue
[2025-10-30T21:07:28.580+0000] {logging_mixin.py:188} INFO - [2025-10-30T21:07:28.579+0000] {dagbag.py:545} INFO - Filling up the DagBag from /home/airflow/.local/lib/python3.12/site-packages/airflow/example_dags/example_short_circuit_decorator.py
[2025-10-30T21:07:28.598+0000] {processor.py:840} INFO - DAG(s) 'example_short_circuit_decorator' retrieved from /home/airflow/.local/lib/python3.12/site-packages/airflow/example_dags/example_short_circuit_decorator.py
[2025-10-30T21:07:28.682+0000] {logging_mixin.py:188} INFO - [2025-10-30T21:07:28.681+0000] {dag.py:3096} INFO - Sync 1 DAGs
[2025-10-30T21:07:28.741+0000] {logging_mixin.py:188} INFO - [2025-10-30T21:07:28.740+0000] {dag.py:3954} INFO - Setting next_dagrun for example_short_circuit_decorator to 2025-10-29 00:00:00+00:00, run_after=2025-10-30 00:00:00+00:00
[2025-10-30T21:07:28.798+0000] {processor.py:183} INFO - Processing /home/airflow/.local/lib/python3.12/site-packages/airflow/example_dags/example_short_circuit_decorator.py took 0.238 seconds
[2025-10-30T21:07:59.142+0000] {processor.py:161} INFO - Started process (PID=283) to work on /home/airflow/.local/lib/python3.12/site-packages/airflow/example_dags/example_short_circuit_decorator.py
[2025-10-30T21:07:59.144+0000] {processor.py:830} INFO - Processing file /home/airflow/.local/lib/python3.12/site-packages/airflow/example_dags/example_short_circuit_decorator.py for tasks to queue
[2025-10-30T21:07:59.148+0000] {logging_mixin.py:188} INFO - [2025-10-30T21:07:59.147+0000] {dagbag.py:545} INFO - Filling up the DagBag from /home/airflow/.local/lib/python3.12/site-packages/airflow/example_dags/example_short_circuit_decorator.py
[2025-10-30T21:07:59.168+0000] {processor.py:840} INFO - DAG(s) 'example_short_circuit_decorator' retrieved from /home/airflow/.local/lib/python3.12/site-packages/airflow/example_dags/example_short_circuit_decorator.py
[2025-10-30T21:07:59.227+0000] {logging_mixin.py:188} INFO - [2025-10-30T21:07:59.226+0000] {dag.py:3096} INFO - Sync 1 DAGs
[2025-10-30T21:07:59.274+0000] {logging_mixin.py:188} INFO - [2025-10-30T21:07:59.272+0000] {dag.py:3954} INFO - Setting next_dagrun for example_short_circuit_decorator to 2025-10-29 00:00:00+00:00, run_after=2025-10-30 00:00:00+00:00
[2025-10-30T21:07:59.312+0000] {processor.py:183} INFO - Processing /home/airflow/.local/lib/python3.12/site-packages/airflow/example_dags/example_short_circuit_decorator.py took 0.181 seconds
[2025-10-30T21:08:30.001+0000] {processor.py:161} INFO - Started process (PID=342) to work on /home/airflow/.local/lib/python3.12/site-packages/airflow/example_dags/example_short_circuit_decorator.py
[2025-10-30T21:08:30.004+0000] {processor.py:830} INFO - Processing file /home/airflow/.local/lib/python3.12/site-packages/airflow/example_dags/example_short_circuit_decorator.py for tasks to queue
[2025-10-30T21:08:30.009+0000] {logging_mixin.py:188} INFO - [2025-10-30T21:08:30.007+0000] {dagbag.py:545} INFO - Filling up the DagBag from /home/airflow/.local/lib/python3.12/site-packages/airflow/example_dags/example_short_circuit_decorator.py
[2025-10-30T21:08:30.033+0000] {processor.py:840} INFO - DAG(s) 'example_short_circuit_decorator' retrieved from /home/airflow/.local/lib/python3.12/site-packages/airflow/example_dags/example_short_circuit_decorator.py
[2025-10-30T21:08:30.091+0000] {logging_mixin.py:188} INFO - [2025-10-30T21:08:30.088+0000] {dag.py:3096} INFO - Sync 1 DAGs
[2025-10-30T21:08:30.148+0000] {logging_mixin.py:188} INFO - [2025-10-30T21:08:30.147+0000] {dag.py:3954} INFO - Setting next_dagrun for example_short_circuit_decorator to 2025-10-29 00:00:00+00:00, run_after=2025-10-30 00:00:00+00:00
[2025-10-30T21:08:30.204+0000] {processor.py:183} INFO - Processing /home/airflow/.local/lib/python3.12/site-packages/airflow/example_dags/example_short_circuit_decorator.py took 0.213 seconds
[2025-10-30T21:09:18.031+0000] {processor.py:161} INFO - Started process (PID=408) to work on /home/airflow/.local/lib/python3.12/site-packages/airflow/example_dags/example_short_circuit_decorator.py
[2025-10-30T21:09:18.087+0000] {processor.py:830} INFO - Processing file /home/airflow/.local/lib/python3.12/site-packages/airflow/example_dags/example_short_circuit_decorator.py for tasks to queue
[2025-10-30T21:09:18.117+0000] {logging_mixin.py:188} INFO - [2025-10-30T21:09:18.116+0000] {dagbag.py:545} INFO - Filling up the DagBag from /home/airflow/.local/lib/python3.12/site-packages/airflow/example_dags/example_short_circuit_decorator.py
[2025-10-30T21:09:18.181+0000] {processor.py:840} INFO - DAG(s) 'example_short_circuit_decorator' retrieved from /home/airflow/.local/lib/python3.12/site-packages/airflow/example_dags/example_short_circuit_decorator.py
[2025-10-30T21:09:18.359+0000] {logging_mixin.py:188} INFO - [2025-10-30T21:09:18.316+0000] {dag.py:3096} INFO - Sync 1 DAGs
[2025-10-30T21:09:18.457+0000] {logging_mixin.py:188} INFO - [2025-10-30T21:09:18.457+0000] {dag.py:3954} INFO - Setting next_dagrun for example_short_circuit_decorator to 2025-10-29 00:00:00+00:00, run_after=2025-10-30 00:00:00+00:00
[2025-10-30T21:09:18.505+0000] {processor.py:183} INFO - Processing /home/airflow/.local/lib/python3.12/site-packages/airflow/example_dags/example_short_circuit_decorator.py took 0.521 seconds
[2025-10-30T21:09:52.347+0000] {processor.py:161} INFO - Started process (PID=469) to work on /home/airflow/.local/lib/python3.12/site-packages/airflow/example_dags/example_short_circuit_decorator.py
[2025-10-30T21:09:52.353+0000] {processor.py:830} INFO - Processing file /home/airflow/.local/lib/python3.12/site-packages/airflow/example_dags/example_short_circuit_decorator.py for tasks to queue
[2025-10-30T21:09:52.363+0000] {logging_mixin.py:188} INFO - [2025-10-30T21:09:52.361+0000] {dagbag.py:545} INFO - Filling up the DagBag from /home/airflow/.local/lib/python3.12/site-packages/airflow/example_dags/example_short_circuit_decorator.py
[2025-10-30T21:09:52.436+0000] {processor.py:840} INFO - DAG(s) 'example_short_circuit_decorator' retrieved from /home/airflow/.local/lib/python3.12/site-packages/airflow/example_dags/example_short_circuit_decorator.py
[2025-10-30T21:09:52.794+0000] {logging_mixin.py:188} INFO - [2025-10-30T21:09:52.769+0000] {dag.py:3096} INFO - Sync 1 DAGs
[2025-10-30T21:09:52.869+0000] {logging_mixin.py:188} INFO - [2025-10-30T21:09:52.868+0000] {dag.py:3954} INFO - Setting next_dagrun for example_short_circuit_decorator to 2025-10-29 00:00:00+00:00, run_after=2025-10-30 00:00:00+00:00
[2025-10-30T21:09:52.925+0000] {processor.py:183} INFO - Processing /home/airflow/.local/lib/python3.12/site-packages/airflow/example_dags/example_short_circuit_decorator.py took 0.595 seconds
