[2025-10-30T20:29:46.581+0000] {processor.py:161} INFO - Started process (PID=104) to work on /home/airflow/.local/lib/python3.12/site-packages/airflow/example_dags/example_nested_branch_dag.py
[2025-10-30T20:29:46.582+0000] {processor.py:830} INFO - Processing file /home/airflow/.local/lib/python3.12/site-packages/airflow/example_dags/example_nested_branch_dag.py for tasks to queue
[2025-10-30T20:29:46.585+0000] {logging_mixin.py:188} INFO - [2025-10-30T20:29:46.584+0000] {dagbag.py:545} INFO - Filling up the DagBag from /home/airflow/.local/lib/python3.12/site-packages/airflow/example_dags/example_nested_branch_dag.py
[2025-10-30T20:29:46.599+0000] {processor.py:840} INFO - DAG(s) 'example_nested_branch_dag' retrieved from /home/airflow/.local/lib/python3.12/site-packages/airflow/example_dags/example_nested_branch_dag.py
[2025-10-30T20:29:46.743+0000] {logging_mixin.py:188} INFO - [2025-10-30T20:29:46.743+0000] {dag.py:3096} INFO - Sync 1 DAGs
[2025-10-30T20:29:46.793+0000] {logging_mixin.py:188} INFO - [2025-10-30T20:29:46.793+0000] {dag.py:3954} INFO - Setting next_dagrun for example_nested_branch_dag to 2025-10-29 00:00:00+00:00, run_after=2025-10-30 00:00:00+00:00
[2025-10-30T20:29:46.821+0000] {processor.py:183} INFO - Processing /home/airflow/.local/lib/python3.12/site-packages/airflow/example_dags/example_nested_branch_dag.py took 0.248 seconds
[2025-10-30T20:30:17.684+0000] {processor.py:161} INFO - Started process (PID=162) to work on /home/airflow/.local/lib/python3.12/site-packages/airflow/example_dags/example_nested_branch_dag.py
[2025-10-30T20:30:17.686+0000] {processor.py:830} INFO - Processing file /home/airflow/.local/lib/python3.12/site-packages/airflow/example_dags/example_nested_branch_dag.py for tasks to queue
[2025-10-30T20:30:17.688+0000] {logging_mixin.py:188} INFO - [2025-10-30T20:30:17.687+0000] {dagbag.py:545} INFO - Filling up the DagBag from /home/airflow/.local/lib/python3.12/site-packages/airflow/example_dags/example_nested_branch_dag.py
[2025-10-30T20:30:17.704+0000] {processor.py:840} INFO - DAG(s) 'example_nested_branch_dag' retrieved from /home/airflow/.local/lib/python3.12/site-packages/airflow/example_dags/example_nested_branch_dag.py
[2025-10-30T20:30:17.735+0000] {logging_mixin.py:188} INFO - [2025-10-30T20:30:17.735+0000] {dag.py:3096} INFO - Sync 1 DAGs
[2025-10-30T20:30:17.767+0000] {logging_mixin.py:188} INFO - [2025-10-30T20:30:17.767+0000] {dag.py:3954} INFO - Setting next_dagrun for example_nested_branch_dag to 2025-10-29 00:00:00+00:00, run_after=2025-10-30 00:00:00+00:00
[2025-10-30T20:30:17.795+0000] {processor.py:183} INFO - Processing /home/airflow/.local/lib/python3.12/site-packages/airflow/example_dags/example_nested_branch_dag.py took 0.117 seconds
[2025-10-30T20:30:48.127+0000] {processor.py:161} INFO - Started process (PID=221) to work on /home/airflow/.local/lib/python3.12/site-packages/airflow/example_dags/example_nested_branch_dag.py
[2025-10-30T20:30:48.128+0000] {processor.py:830} INFO - Processing file /home/airflow/.local/lib/python3.12/site-packages/airflow/example_dags/example_nested_branch_dag.py for tasks to queue
[2025-10-30T20:30:48.131+0000] {logging_mixin.py:188} INFO - [2025-10-30T20:30:48.131+0000] {dagbag.py:545} INFO - Filling up the DagBag from /home/airflow/.local/lib/python3.12/site-packages/airflow/example_dags/example_nested_branch_dag.py
[2025-10-30T20:30:48.145+0000] {processor.py:840} INFO - DAG(s) 'example_nested_branch_dag' retrieved from /home/airflow/.local/lib/python3.12/site-packages/airflow/example_dags/example_nested_branch_dag.py
[2025-10-30T20:30:48.175+0000] {logging_mixin.py:188} INFO - [2025-10-30T20:30:48.175+0000] {dag.py:3096} INFO - Sync 1 DAGs
[2025-10-30T20:30:48.207+0000] {logging_mixin.py:188} INFO - [2025-10-30T20:30:48.207+0000] {dag.py:3954} INFO - Setting next_dagrun for example_nested_branch_dag to 2025-10-29 00:00:00+00:00, run_after=2025-10-30 00:00:00+00:00
[2025-10-30T20:30:48.234+0000] {processor.py:183} INFO - Processing /home/airflow/.local/lib/python3.12/site-packages/airflow/example_dags/example_nested_branch_dag.py took 0.116 seconds
[2025-10-30T20:31:18.986+0000] {processor.py:161} INFO - Started process (PID=279) to work on /home/airflow/.local/lib/python3.12/site-packages/airflow/example_dags/example_nested_branch_dag.py
[2025-10-30T20:31:18.989+0000] {processor.py:830} INFO - Processing file /home/airflow/.local/lib/python3.12/site-packages/airflow/example_dags/example_nested_branch_dag.py for tasks to queue
[2025-10-30T20:31:18.992+0000] {logging_mixin.py:188} INFO - [2025-10-30T20:31:18.991+0000] {dagbag.py:545} INFO - Filling up the DagBag from /home/airflow/.local/lib/python3.12/site-packages/airflow/example_dags/example_nested_branch_dag.py
[2025-10-30T20:31:19.016+0000] {processor.py:840} INFO - DAG(s) 'example_nested_branch_dag' retrieved from /home/airflow/.local/lib/python3.12/site-packages/airflow/example_dags/example_nested_branch_dag.py
[2025-10-30T20:31:19.067+0000] {logging_mixin.py:188} INFO - [2025-10-30T20:31:19.067+0000] {dag.py:3096} INFO - Sync 1 DAGs
[2025-10-30T20:31:19.106+0000] {logging_mixin.py:188} INFO - [2025-10-30T20:31:19.105+0000] {dag.py:3954} INFO - Setting next_dagrun for example_nested_branch_dag to 2025-10-29 00:00:00+00:00, run_after=2025-10-30 00:00:00+00:00
[2025-10-30T20:31:19.141+0000] {processor.py:183} INFO - Processing /home/airflow/.local/lib/python3.12/site-packages/airflow/example_dags/example_nested_branch_dag.py took 0.163 seconds
[2025-10-30T20:31:49.863+0000] {processor.py:161} INFO - Started process (PID=337) to work on /home/airflow/.local/lib/python3.12/site-packages/airflow/example_dags/example_nested_branch_dag.py
[2025-10-30T20:31:49.866+0000] {processor.py:830} INFO - Processing file /home/airflow/.local/lib/python3.12/site-packages/airflow/example_dags/example_nested_branch_dag.py for tasks to queue
[2025-10-30T20:31:49.870+0000] {logging_mixin.py:188} INFO - [2025-10-30T20:31:49.869+0000] {dagbag.py:545} INFO - Filling up the DagBag from /home/airflow/.local/lib/python3.12/site-packages/airflow/example_dags/example_nested_branch_dag.py
[2025-10-30T20:31:49.896+0000] {processor.py:840} INFO - DAG(s) 'example_nested_branch_dag' retrieved from /home/airflow/.local/lib/python3.12/site-packages/airflow/example_dags/example_nested_branch_dag.py
[2025-10-30T20:31:49.961+0000] {logging_mixin.py:188} INFO - [2025-10-30T20:31:49.961+0000] {dag.py:3096} INFO - Sync 1 DAGs
[2025-10-30T20:31:50.053+0000] {logging_mixin.py:188} INFO - [2025-10-30T20:31:50.052+0000] {dag.py:3954} INFO - Setting next_dagrun for example_nested_branch_dag to 2025-10-29 00:00:00+00:00, run_after=2025-10-30 00:00:00+00:00
[2025-10-30T20:31:50.103+0000] {processor.py:183} INFO - Processing /home/airflow/.local/lib/python3.12/site-packages/airflow/example_dags/example_nested_branch_dag.py took 0.254 seconds
[2025-10-30T20:32:20.610+0000] {processor.py:161} INFO - Started process (PID=395) to work on /home/airflow/.local/lib/python3.12/site-packages/airflow/example_dags/example_nested_branch_dag.py
[2025-10-30T20:32:20.612+0000] {processor.py:830} INFO - Processing file /home/airflow/.local/lib/python3.12/site-packages/airflow/example_dags/example_nested_branch_dag.py for tasks to queue
[2025-10-30T20:32:20.615+0000] {logging_mixin.py:188} INFO - [2025-10-30T20:32:20.614+0000] {dagbag.py:545} INFO - Filling up the DagBag from /home/airflow/.local/lib/python3.12/site-packages/airflow/example_dags/example_nested_branch_dag.py
[2025-10-30T20:32:20.628+0000] {processor.py:840} INFO - DAG(s) 'example_nested_branch_dag' retrieved from /home/airflow/.local/lib/python3.12/site-packages/airflow/example_dags/example_nested_branch_dag.py
[2025-10-30T20:32:20.659+0000] {logging_mixin.py:188} INFO - [2025-10-30T20:32:20.659+0000] {dag.py:3096} INFO - Sync 1 DAGs
[2025-10-30T20:32:20.688+0000] {logging_mixin.py:188} INFO - [2025-10-30T20:32:20.688+0000] {dag.py:3954} INFO - Setting next_dagrun for example_nested_branch_dag to 2025-10-29 00:00:00+00:00, run_after=2025-10-30 00:00:00+00:00
[2025-10-30T20:32:20.715+0000] {processor.py:183} INFO - Processing /home/airflow/.local/lib/python3.12/site-packages/airflow/example_dags/example_nested_branch_dag.py took 0.112 seconds
[2025-10-30T20:32:51.256+0000] {processor.py:161} INFO - Started process (PID=453) to work on /home/airflow/.local/lib/python3.12/site-packages/airflow/example_dags/example_nested_branch_dag.py
[2025-10-30T20:32:51.258+0000] {processor.py:830} INFO - Processing file /home/airflow/.local/lib/python3.12/site-packages/airflow/example_dags/example_nested_branch_dag.py for tasks to queue
[2025-10-30T20:32:51.260+0000] {logging_mixin.py:188} INFO - [2025-10-30T20:32:51.259+0000] {dagbag.py:545} INFO - Filling up the DagBag from /home/airflow/.local/lib/python3.12/site-packages/airflow/example_dags/example_nested_branch_dag.py
[2025-10-30T20:32:51.272+0000] {processor.py:840} INFO - DAG(s) 'example_nested_branch_dag' retrieved from /home/airflow/.local/lib/python3.12/site-packages/airflow/example_dags/example_nested_branch_dag.py
[2025-10-30T20:32:51.301+0000] {logging_mixin.py:188} INFO - [2025-10-30T20:32:51.301+0000] {dag.py:3096} INFO - Sync 1 DAGs
[2025-10-30T20:32:51.343+0000] {logging_mixin.py:188} INFO - [2025-10-30T20:32:51.343+0000] {dag.py:3954} INFO - Setting next_dagrun for example_nested_branch_dag to 2025-10-29 00:00:00+00:00, run_after=2025-10-30 00:00:00+00:00
[2025-10-30T20:32:51.378+0000] {processor.py:183} INFO - Processing /home/airflow/.local/lib/python3.12/site-packages/airflow/example_dags/example_nested_branch_dag.py took 0.129 seconds
[2025-10-30T20:33:21.610+0000] {processor.py:161} INFO - Started process (PID=511) to work on /home/airflow/.local/lib/python3.12/site-packages/airflow/example_dags/example_nested_branch_dag.py
[2025-10-30T20:33:21.612+0000] {processor.py:830} INFO - Processing file /home/airflow/.local/lib/python3.12/site-packages/airflow/example_dags/example_nested_branch_dag.py for tasks to queue
[2025-10-30T20:33:21.614+0000] {logging_mixin.py:188} INFO - [2025-10-30T20:33:21.614+0000] {dagbag.py:545} INFO - Filling up the DagBag from /home/airflow/.local/lib/python3.12/site-packages/airflow/example_dags/example_nested_branch_dag.py
[2025-10-30T20:33:21.626+0000] {processor.py:840} INFO - DAG(s) 'example_nested_branch_dag' retrieved from /home/airflow/.local/lib/python3.12/site-packages/airflow/example_dags/example_nested_branch_dag.py
[2025-10-30T20:33:21.658+0000] {logging_mixin.py:188} INFO - [2025-10-30T20:33:21.658+0000] {dag.py:3096} INFO - Sync 1 DAGs
[2025-10-30T20:33:21.688+0000] {logging_mixin.py:188} INFO - [2025-10-30T20:33:21.688+0000] {dag.py:3954} INFO - Setting next_dagrun for example_nested_branch_dag to 2025-10-29 00:00:00+00:00, run_after=2025-10-30 00:00:00+00:00
[2025-10-30T20:33:21.715+0000] {processor.py:183} INFO - Processing /home/airflow/.local/lib/python3.12/site-packages/airflow/example_dags/example_nested_branch_dag.py took 0.114 seconds
[2025-10-30T20:33:52.392+0000] {processor.py:161} INFO - Started process (PID=569) to work on /home/airflow/.local/lib/python3.12/site-packages/airflow/example_dags/example_nested_branch_dag.py
[2025-10-30T20:33:52.393+0000] {processor.py:830} INFO - Processing file /home/airflow/.local/lib/python3.12/site-packages/airflow/example_dags/example_nested_branch_dag.py for tasks to queue
[2025-10-30T20:33:52.397+0000] {logging_mixin.py:188} INFO - [2025-10-30T20:33:52.396+0000] {dagbag.py:545} INFO - Filling up the DagBag from /home/airflow/.local/lib/python3.12/site-packages/airflow/example_dags/example_nested_branch_dag.py
[2025-10-30T20:33:52.413+0000] {processor.py:840} INFO - DAG(s) 'example_nested_branch_dag' retrieved from /home/airflow/.local/lib/python3.12/site-packages/airflow/example_dags/example_nested_branch_dag.py
[2025-10-30T20:33:52.447+0000] {logging_mixin.py:188} INFO - [2025-10-30T20:33:52.447+0000] {dag.py:3096} INFO - Sync 1 DAGs
[2025-10-30T20:33:52.478+0000] {logging_mixin.py:188} INFO - [2025-10-30T20:33:52.478+0000] {dag.py:3954} INFO - Setting next_dagrun for example_nested_branch_dag to 2025-10-29 00:00:00+00:00, run_after=2025-10-30 00:00:00+00:00
[2025-10-30T20:33:52.510+0000] {processor.py:183} INFO - Processing /home/airflow/.local/lib/python3.12/site-packages/airflow/example_dags/example_nested_branch_dag.py took 0.127 seconds
[2025-10-30T20:34:22.905+0000] {processor.py:161} INFO - Started process (PID=627) to work on /home/airflow/.local/lib/python3.12/site-packages/airflow/example_dags/example_nested_branch_dag.py
[2025-10-30T20:34:22.907+0000] {processor.py:830} INFO - Processing file /home/airflow/.local/lib/python3.12/site-packages/airflow/example_dags/example_nested_branch_dag.py for tasks to queue
[2025-10-30T20:34:22.910+0000] {logging_mixin.py:188} INFO - [2025-10-30T20:34:22.909+0000] {dagbag.py:545} INFO - Filling up the DagBag from /home/airflow/.local/lib/python3.12/site-packages/airflow/example_dags/example_nested_branch_dag.py
[2025-10-30T20:34:22.926+0000] {processor.py:840} INFO - DAG(s) 'example_nested_branch_dag' retrieved from /home/airflow/.local/lib/python3.12/site-packages/airflow/example_dags/example_nested_branch_dag.py
[2025-10-30T20:34:22.962+0000] {logging_mixin.py:188} INFO - [2025-10-30T20:34:22.962+0000] {dag.py:3096} INFO - Sync 1 DAGs
[2025-10-30T20:34:22.991+0000] {logging_mixin.py:188} INFO - [2025-10-30T20:34:22.991+0000] {dag.py:3954} INFO - Setting next_dagrun for example_nested_branch_dag to 2025-10-29 00:00:00+00:00, run_after=2025-10-30 00:00:00+00:00
[2025-10-30T20:34:23.021+0000] {processor.py:183} INFO - Processing /home/airflow/.local/lib/python3.12/site-packages/airflow/example_dags/example_nested_branch_dag.py took 0.124 seconds
[2025-10-30T20:34:53.339+0000] {processor.py:161} INFO - Started process (PID=685) to work on /home/airflow/.local/lib/python3.12/site-packages/airflow/example_dags/example_nested_branch_dag.py
[2025-10-30T20:34:53.340+0000] {processor.py:830} INFO - Processing file /home/airflow/.local/lib/python3.12/site-packages/airflow/example_dags/example_nested_branch_dag.py for tasks to queue
[2025-10-30T20:34:53.342+0000] {logging_mixin.py:188} INFO - [2025-10-30T20:34:53.342+0000] {dagbag.py:545} INFO - Filling up the DagBag from /home/airflow/.local/lib/python3.12/site-packages/airflow/example_dags/example_nested_branch_dag.py
[2025-10-30T20:34:53.354+0000] {processor.py:840} INFO - DAG(s) 'example_nested_branch_dag' retrieved from /home/airflow/.local/lib/python3.12/site-packages/airflow/example_dags/example_nested_branch_dag.py
[2025-10-30T20:34:53.382+0000] {logging_mixin.py:188} INFO - [2025-10-30T20:34:53.382+0000] {dag.py:3096} INFO - Sync 1 DAGs
[2025-10-30T20:34:53.414+0000] {logging_mixin.py:188} INFO - [2025-10-30T20:34:53.414+0000] {dag.py:3954} INFO - Setting next_dagrun for example_nested_branch_dag to 2025-10-29 00:00:00+00:00, run_after=2025-10-30 00:00:00+00:00
[2025-10-30T20:34:53.445+0000] {processor.py:183} INFO - Processing /home/airflow/.local/lib/python3.12/site-packages/airflow/example_dags/example_nested_branch_dag.py took 0.114 seconds
[2025-10-30T20:35:23.852+0000] {processor.py:161} INFO - Started process (PID=743) to work on /home/airflow/.local/lib/python3.12/site-packages/airflow/example_dags/example_nested_branch_dag.py
[2025-10-30T20:35:23.853+0000] {processor.py:830} INFO - Processing file /home/airflow/.local/lib/python3.12/site-packages/airflow/example_dags/example_nested_branch_dag.py for tasks to queue
[2025-10-30T20:35:23.856+0000] {logging_mixin.py:188} INFO - [2025-10-30T20:35:23.856+0000] {dagbag.py:545} INFO - Filling up the DagBag from /home/airflow/.local/lib/python3.12/site-packages/airflow/example_dags/example_nested_branch_dag.py
[2025-10-30T20:35:23.869+0000] {processor.py:840} INFO - DAG(s) 'example_nested_branch_dag' retrieved from /home/airflow/.local/lib/python3.12/site-packages/airflow/example_dags/example_nested_branch_dag.py
[2025-10-30T20:35:23.899+0000] {logging_mixin.py:188} INFO - [2025-10-30T20:35:23.899+0000] {dag.py:3096} INFO - Sync 1 DAGs
[2025-10-30T20:35:23.929+0000] {logging_mixin.py:188} INFO - [2025-10-30T20:35:23.929+0000] {dag.py:3954} INFO - Setting next_dagrun for example_nested_branch_dag to 2025-10-29 00:00:00+00:00, run_after=2025-10-30 00:00:00+00:00
[2025-10-30T20:35:23.954+0000] {processor.py:183} INFO - Processing /home/airflow/.local/lib/python3.12/site-packages/airflow/example_dags/example_nested_branch_dag.py took 0.109 seconds
[2025-10-30T20:35:54.816+0000] {processor.py:161} INFO - Started process (PID=801) to work on /home/airflow/.local/lib/python3.12/site-packages/airflow/example_dags/example_nested_branch_dag.py
[2025-10-30T20:35:54.819+0000] {processor.py:830} INFO - Processing file /home/airflow/.local/lib/python3.12/site-packages/airflow/example_dags/example_nested_branch_dag.py for tasks to queue
[2025-10-30T20:35:54.822+0000] {logging_mixin.py:188} INFO - [2025-10-30T20:35:54.821+0000] {dagbag.py:545} INFO - Filling up the DagBag from /home/airflow/.local/lib/python3.12/site-packages/airflow/example_dags/example_nested_branch_dag.py
[2025-10-30T20:35:54.836+0000] {processor.py:840} INFO - DAG(s) 'example_nested_branch_dag' retrieved from /home/airflow/.local/lib/python3.12/site-packages/airflow/example_dags/example_nested_branch_dag.py
[2025-10-30T20:35:54.869+0000] {logging_mixin.py:188} INFO - [2025-10-30T20:35:54.868+0000] {dag.py:3096} INFO - Sync 1 DAGs
[2025-10-30T20:35:54.900+0000] {logging_mixin.py:188} INFO - [2025-10-30T20:35:54.899+0000] {dag.py:3954} INFO - Setting next_dagrun for example_nested_branch_dag to 2025-10-29 00:00:00+00:00, run_after=2025-10-30 00:00:00+00:00
[2025-10-30T20:35:54.932+0000] {processor.py:183} INFO - Processing /home/airflow/.local/lib/python3.12/site-packages/airflow/example_dags/example_nested_branch_dag.py took 0.126 seconds
[2025-10-30T20:36:25.322+0000] {processor.py:161} INFO - Started process (PID=859) to work on /home/airflow/.local/lib/python3.12/site-packages/airflow/example_dags/example_nested_branch_dag.py
[2025-10-30T20:36:25.323+0000] {processor.py:830} INFO - Processing file /home/airflow/.local/lib/python3.12/site-packages/airflow/example_dags/example_nested_branch_dag.py for tasks to queue
[2025-10-30T20:36:25.325+0000] {logging_mixin.py:188} INFO - [2025-10-30T20:36:25.325+0000] {dagbag.py:545} INFO - Filling up the DagBag from /home/airflow/.local/lib/python3.12/site-packages/airflow/example_dags/example_nested_branch_dag.py
[2025-10-30T20:36:25.337+0000] {processor.py:840} INFO - DAG(s) 'example_nested_branch_dag' retrieved from /home/airflow/.local/lib/python3.12/site-packages/airflow/example_dags/example_nested_branch_dag.py
[2025-10-30T20:36:25.365+0000] {logging_mixin.py:188} INFO - [2025-10-30T20:36:25.365+0000] {dag.py:3096} INFO - Sync 1 DAGs
[2025-10-30T20:36:25.392+0000] {logging_mixin.py:188} INFO - [2025-10-30T20:36:25.391+0000] {dag.py:3954} INFO - Setting next_dagrun for example_nested_branch_dag to 2025-10-29 00:00:00+00:00, run_after=2025-10-30 00:00:00+00:00
[2025-10-30T20:36:25.419+0000] {processor.py:183} INFO - Processing /home/airflow/.local/lib/python3.12/site-packages/airflow/example_dags/example_nested_branch_dag.py took 0.104 seconds
[2025-10-30T20:36:55.600+0000] {processor.py:161} INFO - Started process (PID=917) to work on /home/airflow/.local/lib/python3.12/site-packages/airflow/example_dags/example_nested_branch_dag.py
[2025-10-30T20:36:55.602+0000] {processor.py:830} INFO - Processing file /home/airflow/.local/lib/python3.12/site-packages/airflow/example_dags/example_nested_branch_dag.py for tasks to queue
[2025-10-30T20:36:55.606+0000] {logging_mixin.py:188} INFO - [2025-10-30T20:36:55.606+0000] {dagbag.py:545} INFO - Filling up the DagBag from /home/airflow/.local/lib/python3.12/site-packages/airflow/example_dags/example_nested_branch_dag.py
[2025-10-30T20:36:55.627+0000] {processor.py:840} INFO - DAG(s) 'example_nested_branch_dag' retrieved from /home/airflow/.local/lib/python3.12/site-packages/airflow/example_dags/example_nested_branch_dag.py
[2025-10-30T20:36:55.668+0000] {logging_mixin.py:188} INFO - [2025-10-30T20:36:55.668+0000] {dag.py:3096} INFO - Sync 1 DAGs
[2025-10-30T20:36:55.705+0000] {logging_mixin.py:188} INFO - [2025-10-30T20:36:55.705+0000] {dag.py:3954} INFO - Setting next_dagrun for example_nested_branch_dag to 2025-10-29 00:00:00+00:00, run_after=2025-10-30 00:00:00+00:00
[2025-10-30T20:36:55.730+0000] {processor.py:183} INFO - Processing /home/airflow/.local/lib/python3.12/site-packages/airflow/example_dags/example_nested_branch_dag.py took 0.142 seconds
[2025-10-30T20:37:25.977+0000] {processor.py:161} INFO - Started process (PID=975) to work on /home/airflow/.local/lib/python3.12/site-packages/airflow/example_dags/example_nested_branch_dag.py
[2025-10-30T20:37:25.979+0000] {processor.py:830} INFO - Processing file /home/airflow/.local/lib/python3.12/site-packages/airflow/example_dags/example_nested_branch_dag.py for tasks to queue
[2025-10-30T20:37:25.983+0000] {logging_mixin.py:188} INFO - [2025-10-30T20:37:25.982+0000] {dagbag.py:545} INFO - Filling up the DagBag from /home/airflow/.local/lib/python3.12/site-packages/airflow/example_dags/example_nested_branch_dag.py
[2025-10-30T20:37:26.002+0000] {processor.py:840} INFO - DAG(s) 'example_nested_branch_dag' retrieved from /home/airflow/.local/lib/python3.12/site-packages/airflow/example_dags/example_nested_branch_dag.py
[2025-10-30T20:37:26.039+0000] {logging_mixin.py:188} INFO - [2025-10-30T20:37:26.039+0000] {dag.py:3096} INFO - Sync 1 DAGs
[2025-10-30T20:37:26.076+0000] {logging_mixin.py:188} INFO - [2025-10-30T20:37:26.076+0000] {dag.py:3954} INFO - Setting next_dagrun for example_nested_branch_dag to 2025-10-29 00:00:00+00:00, run_after=2025-10-30 00:00:00+00:00
[2025-10-30T20:37:26.123+0000] {processor.py:183} INFO - Processing /home/airflow/.local/lib/python3.12/site-packages/airflow/example_dags/example_nested_branch_dag.py took 0.157 seconds
[2025-10-30T20:37:57.043+0000] {processor.py:161} INFO - Started process (PID=1033) to work on /home/airflow/.local/lib/python3.12/site-packages/airflow/example_dags/example_nested_branch_dag.py
[2025-10-30T20:37:57.044+0000] {processor.py:830} INFO - Processing file /home/airflow/.local/lib/python3.12/site-packages/airflow/example_dags/example_nested_branch_dag.py for tasks to queue
[2025-10-30T20:37:57.048+0000] {logging_mixin.py:188} INFO - [2025-10-30T20:37:57.048+0000] {dagbag.py:545} INFO - Filling up the DagBag from /home/airflow/.local/lib/python3.12/site-packages/airflow/example_dags/example_nested_branch_dag.py
[2025-10-30T20:37:57.061+0000] {processor.py:840} INFO - DAG(s) 'example_nested_branch_dag' retrieved from /home/airflow/.local/lib/python3.12/site-packages/airflow/example_dags/example_nested_branch_dag.py
[2025-10-30T20:37:57.090+0000] {logging_mixin.py:188} INFO - [2025-10-30T20:37:57.089+0000] {dag.py:3096} INFO - Sync 1 DAGs
[2025-10-30T20:37:57.116+0000] {logging_mixin.py:188} INFO - [2025-10-30T20:37:57.116+0000] {dag.py:3954} INFO - Setting next_dagrun for example_nested_branch_dag to 2025-10-29 00:00:00+00:00, run_after=2025-10-30 00:00:00+00:00
[2025-10-30T20:37:57.140+0000] {processor.py:183} INFO - Processing /home/airflow/.local/lib/python3.12/site-packages/airflow/example_dags/example_nested_branch_dag.py took 0.105 seconds
[2025-10-30T20:38:27.778+0000] {processor.py:161} INFO - Started process (PID=1091) to work on /home/airflow/.local/lib/python3.12/site-packages/airflow/example_dags/example_nested_branch_dag.py
[2025-10-30T20:38:27.780+0000] {processor.py:830} INFO - Processing file /home/airflow/.local/lib/python3.12/site-packages/airflow/example_dags/example_nested_branch_dag.py for tasks to queue
[2025-10-30T20:38:27.782+0000] {logging_mixin.py:188} INFO - [2025-10-30T20:38:27.782+0000] {dagbag.py:545} INFO - Filling up the DagBag from /home/airflow/.local/lib/python3.12/site-packages/airflow/example_dags/example_nested_branch_dag.py
[2025-10-30T20:38:27.799+0000] {processor.py:840} INFO - DAG(s) 'example_nested_branch_dag' retrieved from /home/airflow/.local/lib/python3.12/site-packages/airflow/example_dags/example_nested_branch_dag.py
[2025-10-30T20:38:27.835+0000] {logging_mixin.py:188} INFO - [2025-10-30T20:38:27.835+0000] {dag.py:3096} INFO - Sync 1 DAGs
[2025-10-30T20:38:27.872+0000] {logging_mixin.py:188} INFO - [2025-10-30T20:38:27.872+0000] {dag.py:3954} INFO - Setting next_dagrun for example_nested_branch_dag to 2025-10-29 00:00:00+00:00, run_after=2025-10-30 00:00:00+00:00
[2025-10-30T20:38:27.900+0000] {processor.py:183} INFO - Processing /home/airflow/.local/lib/python3.12/site-packages/airflow/example_dags/example_nested_branch_dag.py took 0.131 seconds
[2025-10-30T20:38:58.069+0000] {processor.py:161} INFO - Started process (PID=1149) to work on /home/airflow/.local/lib/python3.12/site-packages/airflow/example_dags/example_nested_branch_dag.py
[2025-10-30T20:38:58.070+0000] {processor.py:830} INFO - Processing file /home/airflow/.local/lib/python3.12/site-packages/airflow/example_dags/example_nested_branch_dag.py for tasks to queue
[2025-10-30T20:38:58.073+0000] {logging_mixin.py:188} INFO - [2025-10-30T20:38:58.072+0000] {dagbag.py:545} INFO - Filling up the DagBag from /home/airflow/.local/lib/python3.12/site-packages/airflow/example_dags/example_nested_branch_dag.py
[2025-10-30T20:38:58.088+0000] {processor.py:840} INFO - DAG(s) 'example_nested_branch_dag' retrieved from /home/airflow/.local/lib/python3.12/site-packages/airflow/example_dags/example_nested_branch_dag.py
[2025-10-30T20:38:58.116+0000] {logging_mixin.py:188} INFO - [2025-10-30T20:38:58.116+0000] {dag.py:3096} INFO - Sync 1 DAGs
[2025-10-30T20:38:58.146+0000] {logging_mixin.py:188} INFO - [2025-10-30T20:38:58.146+0000] {dag.py:3954} INFO - Setting next_dagrun for example_nested_branch_dag to 2025-10-29 00:00:00+00:00, run_after=2025-10-30 00:00:00+00:00
[2025-10-30T20:38:58.169+0000] {processor.py:183} INFO - Processing /home/airflow/.local/lib/python3.12/site-packages/airflow/example_dags/example_nested_branch_dag.py took 0.107 seconds
[2025-10-30T20:39:28.356+0000] {processor.py:161} INFO - Started process (PID=1208) to work on /home/airflow/.local/lib/python3.12/site-packages/airflow/example_dags/example_nested_branch_dag.py
[2025-10-30T20:39:28.358+0000] {processor.py:830} INFO - Processing file /home/airflow/.local/lib/python3.12/site-packages/airflow/example_dags/example_nested_branch_dag.py for tasks to queue
[2025-10-30T20:39:28.360+0000] {logging_mixin.py:188} INFO - [2025-10-30T20:39:28.360+0000] {dagbag.py:545} INFO - Filling up the DagBag from /home/airflow/.local/lib/python3.12/site-packages/airflow/example_dags/example_nested_branch_dag.py
[2025-10-30T20:39:28.373+0000] {processor.py:840} INFO - DAG(s) 'example_nested_branch_dag' retrieved from /home/airflow/.local/lib/python3.12/site-packages/airflow/example_dags/example_nested_branch_dag.py
[2025-10-30T20:39:28.400+0000] {logging_mixin.py:188} INFO - [2025-10-30T20:39:28.400+0000] {dag.py:3096} INFO - Sync 1 DAGs
[2025-10-30T20:39:28.427+0000] {logging_mixin.py:188} INFO - [2025-10-30T20:39:28.427+0000] {dag.py:3954} INFO - Setting next_dagrun for example_nested_branch_dag to 2025-10-29 00:00:00+00:00, run_after=2025-10-30 00:00:00+00:00
[2025-10-30T20:39:28.455+0000] {processor.py:183} INFO - Processing /home/airflow/.local/lib/python3.12/site-packages/airflow/example_dags/example_nested_branch_dag.py took 0.107 seconds
[2025-10-30T20:39:58.759+0000] {processor.py:161} INFO - Started process (PID=1266) to work on /home/airflow/.local/lib/python3.12/site-packages/airflow/example_dags/example_nested_branch_dag.py
[2025-10-30T20:39:58.761+0000] {processor.py:830} INFO - Processing file /home/airflow/.local/lib/python3.12/site-packages/airflow/example_dags/example_nested_branch_dag.py for tasks to queue
[2025-10-30T20:39:58.764+0000] {logging_mixin.py:188} INFO - [2025-10-30T20:39:58.764+0000] {dagbag.py:545} INFO - Filling up the DagBag from /home/airflow/.local/lib/python3.12/site-packages/airflow/example_dags/example_nested_branch_dag.py
[2025-10-30T20:39:58.783+0000] {processor.py:840} INFO - DAG(s) 'example_nested_branch_dag' retrieved from /home/airflow/.local/lib/python3.12/site-packages/airflow/example_dags/example_nested_branch_dag.py
[2025-10-30T20:39:58.828+0000] {logging_mixin.py:188} INFO - [2025-10-30T20:39:58.827+0000] {dag.py:3096} INFO - Sync 1 DAGs
[2025-10-30T20:39:58.883+0000] {logging_mixin.py:188} INFO - [2025-10-30T20:39:58.882+0000] {dag.py:3954} INFO - Setting next_dagrun for example_nested_branch_dag to 2025-10-29 00:00:00+00:00, run_after=2025-10-30 00:00:00+00:00
[2025-10-30T20:39:58.935+0000] {processor.py:183} INFO - Processing /home/airflow/.local/lib/python3.12/site-packages/airflow/example_dags/example_nested_branch_dag.py took 0.188 seconds
[2025-10-30T20:40:29.574+0000] {processor.py:161} INFO - Started process (PID=1324) to work on /home/airflow/.local/lib/python3.12/site-packages/airflow/example_dags/example_nested_branch_dag.py
[2025-10-30T20:40:29.576+0000] {processor.py:830} INFO - Processing file /home/airflow/.local/lib/python3.12/site-packages/airflow/example_dags/example_nested_branch_dag.py for tasks to queue
[2025-10-30T20:40:29.579+0000] {logging_mixin.py:188} INFO - [2025-10-30T20:40:29.579+0000] {dagbag.py:545} INFO - Filling up the DagBag from /home/airflow/.local/lib/python3.12/site-packages/airflow/example_dags/example_nested_branch_dag.py
[2025-10-30T20:40:29.599+0000] {processor.py:840} INFO - DAG(s) 'example_nested_branch_dag' retrieved from /home/airflow/.local/lib/python3.12/site-packages/airflow/example_dags/example_nested_branch_dag.py
[2025-10-30T20:40:29.628+0000] {logging_mixin.py:188} INFO - [2025-10-30T20:40:29.627+0000] {dag.py:3096} INFO - Sync 1 DAGs
[2025-10-30T20:40:29.656+0000] {logging_mixin.py:188} INFO - [2025-10-30T20:40:29.656+0000] {dag.py:3954} INFO - Setting next_dagrun for example_nested_branch_dag to 2025-10-29 00:00:00+00:00, run_after=2025-10-30 00:00:00+00:00
[2025-10-30T20:40:29.685+0000] {processor.py:183} INFO - Processing /home/airflow/.local/lib/python3.12/site-packages/airflow/example_dags/example_nested_branch_dag.py took 0.118 seconds
[2025-10-30T20:40:59.740+0000] {processor.py:161} INFO - Started process (PID=1382) to work on /home/airflow/.local/lib/python3.12/site-packages/airflow/example_dags/example_nested_branch_dag.py
[2025-10-30T20:40:59.742+0000] {processor.py:830} INFO - Processing file /home/airflow/.local/lib/python3.12/site-packages/airflow/example_dags/example_nested_branch_dag.py for tasks to queue
[2025-10-30T20:40:59.745+0000] {logging_mixin.py:188} INFO - [2025-10-30T20:40:59.744+0000] {dagbag.py:545} INFO - Filling up the DagBag from /home/airflow/.local/lib/python3.12/site-packages/airflow/example_dags/example_nested_branch_dag.py
[2025-10-30T20:40:59.762+0000] {processor.py:840} INFO - DAG(s) 'example_nested_branch_dag' retrieved from /home/airflow/.local/lib/python3.12/site-packages/airflow/example_dags/example_nested_branch_dag.py
[2025-10-30T20:40:59.802+0000] {logging_mixin.py:188} INFO - [2025-10-30T20:40:59.802+0000] {dag.py:3096} INFO - Sync 1 DAGs
[2025-10-30T20:40:59.841+0000] {logging_mixin.py:188} INFO - [2025-10-30T20:40:59.841+0000] {dag.py:3954} INFO - Setting next_dagrun for example_nested_branch_dag to 2025-10-29 00:00:00+00:00, run_after=2025-10-30 00:00:00+00:00
[2025-10-30T20:40:59.872+0000] {processor.py:183} INFO - Processing /home/airflow/.local/lib/python3.12/site-packages/airflow/example_dags/example_nested_branch_dag.py took 0.144 seconds
[2025-10-30T20:41:31.636+0000] {processor.py:161} INFO - Started process (PID=1440) to work on /home/airflow/.local/lib/python3.12/site-packages/airflow/example_dags/example_nested_branch_dag.py
[2025-10-30T20:41:31.639+0000] {processor.py:830} INFO - Processing file /home/airflow/.local/lib/python3.12/site-packages/airflow/example_dags/example_nested_branch_dag.py for tasks to queue
[2025-10-30T20:41:31.643+0000] {logging_mixin.py:188} INFO - [2025-10-30T20:41:31.642+0000] {dagbag.py:545} INFO - Filling up the DagBag from /home/airflow/.local/lib/python3.12/site-packages/airflow/example_dags/example_nested_branch_dag.py
[2025-10-30T20:41:31.661+0000] {processor.py:840} INFO - DAG(s) 'example_nested_branch_dag' retrieved from /home/airflow/.local/lib/python3.12/site-packages/airflow/example_dags/example_nested_branch_dag.py
[2025-10-30T20:41:31.707+0000] {logging_mixin.py:188} INFO - [2025-10-30T20:41:31.707+0000] {dag.py:3096} INFO - Sync 1 DAGs
[2025-10-30T20:41:31.939+0000] {logging_mixin.py:188} INFO - [2025-10-30T20:41:31.938+0000] {dag.py:3954} INFO - Setting next_dagrun for example_nested_branch_dag to 2025-10-29 00:00:00+00:00, run_after=2025-10-30 00:00:00+00:00
[2025-10-30T20:41:31.978+0000] {processor.py:183} INFO - Processing /home/airflow/.local/lib/python3.12/site-packages/airflow/example_dags/example_nested_branch_dag.py took 0.353 seconds
[2025-10-30T20:42:02.306+0000] {processor.py:161} INFO - Started process (PID=1497) to work on /home/airflow/.local/lib/python3.12/site-packages/airflow/example_dags/example_nested_branch_dag.py
[2025-10-30T20:42:02.308+0000] {processor.py:830} INFO - Processing file /home/airflow/.local/lib/python3.12/site-packages/airflow/example_dags/example_nested_branch_dag.py for tasks to queue
[2025-10-30T20:42:02.310+0000] {logging_mixin.py:188} INFO - [2025-10-30T20:42:02.310+0000] {dagbag.py:545} INFO - Filling up the DagBag from /home/airflow/.local/lib/python3.12/site-packages/airflow/example_dags/example_nested_branch_dag.py
[2025-10-30T20:42:02.326+0000] {processor.py:840} INFO - DAG(s) 'example_nested_branch_dag' retrieved from /home/airflow/.local/lib/python3.12/site-packages/airflow/example_dags/example_nested_branch_dag.py
[2025-10-30T20:42:02.378+0000] {logging_mixin.py:188} INFO - [2025-10-30T20:42:02.378+0000] {dag.py:3096} INFO - Sync 1 DAGs
[2025-10-30T20:42:02.415+0000] {logging_mixin.py:188} INFO - [2025-10-30T20:42:02.414+0000] {dag.py:3954} INFO - Setting next_dagrun for example_nested_branch_dag to 2025-10-29 00:00:00+00:00, run_after=2025-10-30 00:00:00+00:00
[2025-10-30T20:42:02.620+0000] {processor.py:183} INFO - Processing /home/airflow/.local/lib/python3.12/site-packages/airflow/example_dags/example_nested_branch_dag.py took 0.323 seconds
[2025-10-30T20:42:33.275+0000] {processor.py:161} INFO - Started process (PID=1555) to work on /home/airflow/.local/lib/python3.12/site-packages/airflow/example_dags/example_nested_branch_dag.py
[2025-10-30T20:42:33.276+0000] {processor.py:830} INFO - Processing file /home/airflow/.local/lib/python3.12/site-packages/airflow/example_dags/example_nested_branch_dag.py for tasks to queue
[2025-10-30T20:42:33.279+0000] {logging_mixin.py:188} INFO - [2025-10-30T20:42:33.278+0000] {dagbag.py:545} INFO - Filling up the DagBag from /home/airflow/.local/lib/python3.12/site-packages/airflow/example_dags/example_nested_branch_dag.py
[2025-10-30T20:42:33.292+0000] {processor.py:840} INFO - DAG(s) 'example_nested_branch_dag' retrieved from /home/airflow/.local/lib/python3.12/site-packages/airflow/example_dags/example_nested_branch_dag.py
[2025-10-30T20:42:33.322+0000] {logging_mixin.py:188} INFO - [2025-10-30T20:42:33.322+0000] {dag.py:3096} INFO - Sync 1 DAGs
[2025-10-30T20:42:33.356+0000] {logging_mixin.py:188} INFO - [2025-10-30T20:42:33.356+0000] {dag.py:3954} INFO - Setting next_dagrun for example_nested_branch_dag to 2025-10-29 00:00:00+00:00, run_after=2025-10-30 00:00:00+00:00
[2025-10-30T20:42:33.391+0000] {processor.py:183} INFO - Processing /home/airflow/.local/lib/python3.12/site-packages/airflow/example_dags/example_nested_branch_dag.py took 0.123 seconds
[2025-10-30T21:06:27.843+0000] {processor.py:161} INFO - Started process (PID=105) to work on /home/airflow/.local/lib/python3.12/site-packages/airflow/example_dags/example_nested_branch_dag.py
[2025-10-30T21:06:27.850+0000] {processor.py:830} INFO - Processing file /home/airflow/.local/lib/python3.12/site-packages/airflow/example_dags/example_nested_branch_dag.py for tasks to queue
[2025-10-30T21:06:27.854+0000] {logging_mixin.py:188} INFO - [2025-10-30T21:06:27.853+0000] {dagbag.py:545} INFO - Filling up the DagBag from /home/airflow/.local/lib/python3.12/site-packages/airflow/example_dags/example_nested_branch_dag.py
[2025-10-30T21:06:27.873+0000] {processor.py:840} INFO - DAG(s) 'example_nested_branch_dag' retrieved from /home/airflow/.local/lib/python3.12/site-packages/airflow/example_dags/example_nested_branch_dag.py
[2025-10-30T21:06:28.066+0000] {logging_mixin.py:188} INFO - [2025-10-30T21:06:28.066+0000] {dag.py:3096} INFO - Sync 1 DAGs
[2025-10-30T21:06:28.108+0000] {logging_mixin.py:188} INFO - [2025-10-30T21:06:28.108+0000] {dag.py:3954} INFO - Setting next_dagrun for example_nested_branch_dag to 2025-10-29 00:00:00+00:00, run_after=2025-10-30 00:00:00+00:00
[2025-10-30T21:06:28.153+0000] {processor.py:183} INFO - Processing /home/airflow/.local/lib/python3.12/site-packages/airflow/example_dags/example_nested_branch_dag.py took 0.322 seconds
[2025-10-30T21:06:58.305+0000] {processor.py:161} INFO - Started process (PID=164) to work on /home/airflow/.local/lib/python3.12/site-packages/airflow/example_dags/example_nested_branch_dag.py
[2025-10-30T21:06:58.308+0000] {processor.py:830} INFO - Processing file /home/airflow/.local/lib/python3.12/site-packages/airflow/example_dags/example_nested_branch_dag.py for tasks to queue
[2025-10-30T21:06:58.315+0000] {logging_mixin.py:188} INFO - [2025-10-30T21:06:58.314+0000] {dagbag.py:545} INFO - Filling up the DagBag from /home/airflow/.local/lib/python3.12/site-packages/airflow/example_dags/example_nested_branch_dag.py
[2025-10-30T21:06:58.333+0000] {processor.py:840} INFO - DAG(s) 'example_nested_branch_dag' retrieved from /home/airflow/.local/lib/python3.12/site-packages/airflow/example_dags/example_nested_branch_dag.py
[2025-10-30T21:06:58.383+0000] {logging_mixin.py:188} INFO - [2025-10-30T21:06:58.383+0000] {dag.py:3096} INFO - Sync 1 DAGs
[2025-10-30T21:06:58.434+0000] {logging_mixin.py:188} INFO - [2025-10-30T21:06:58.433+0000] {dag.py:3954} INFO - Setting next_dagrun for example_nested_branch_dag to 2025-10-29 00:00:00+00:00, run_after=2025-10-30 00:00:00+00:00
[2025-10-30T21:06:58.478+0000] {processor.py:183} INFO - Processing /home/airflow/.local/lib/python3.12/site-packages/airflow/example_dags/example_nested_branch_dag.py took 0.191 seconds
[2025-10-30T21:07:28.870+0000] {processor.py:161} INFO - Started process (PID=226) to work on /home/airflow/.local/lib/python3.12/site-packages/airflow/example_dags/example_nested_branch_dag.py
[2025-10-30T21:07:28.876+0000] {processor.py:830} INFO - Processing file /home/airflow/.local/lib/python3.12/site-packages/airflow/example_dags/example_nested_branch_dag.py for tasks to queue
[2025-10-30T21:07:28.881+0000] {logging_mixin.py:188} INFO - [2025-10-30T21:07:28.879+0000] {dagbag.py:545} INFO - Filling up the DagBag from /home/airflow/.local/lib/python3.12/site-packages/airflow/example_dags/example_nested_branch_dag.py
[2025-10-30T21:07:28.911+0000] {processor.py:840} INFO - DAG(s) 'example_nested_branch_dag' retrieved from /home/airflow/.local/lib/python3.12/site-packages/airflow/example_dags/example_nested_branch_dag.py
[2025-10-30T21:07:28.971+0000] {logging_mixin.py:188} INFO - [2025-10-30T21:07:28.970+0000] {dag.py:3096} INFO - Sync 1 DAGs
[2025-10-30T21:07:29.034+0000] {logging_mixin.py:188} INFO - [2025-10-30T21:07:29.033+0000] {dag.py:3954} INFO - Setting next_dagrun for example_nested_branch_dag to 2025-10-29 00:00:00+00:00, run_after=2025-10-30 00:00:00+00:00
[2025-10-30T21:07:29.087+0000] {processor.py:183} INFO - Processing /home/airflow/.local/lib/python3.12/site-packages/airflow/example_dags/example_nested_branch_dag.py took 0.232 seconds
[2025-10-30T21:07:59.355+0000] {processor.py:161} INFO - Started process (PID=285) to work on /home/airflow/.local/lib/python3.12/site-packages/airflow/example_dags/example_nested_branch_dag.py
[2025-10-30T21:07:59.360+0000] {processor.py:830} INFO - Processing file /home/airflow/.local/lib/python3.12/site-packages/airflow/example_dags/example_nested_branch_dag.py for tasks to queue
[2025-10-30T21:07:59.366+0000] {logging_mixin.py:188} INFO - [2025-10-30T21:07:59.365+0000] {dagbag.py:545} INFO - Filling up the DagBag from /home/airflow/.local/lib/python3.12/site-packages/airflow/example_dags/example_nested_branch_dag.py
[2025-10-30T21:07:59.384+0000] {processor.py:840} INFO - DAG(s) 'example_nested_branch_dag' retrieved from /home/airflow/.local/lib/python3.12/site-packages/airflow/example_dags/example_nested_branch_dag.py
[2025-10-30T21:07:59.433+0000] {logging_mixin.py:188} INFO - [2025-10-30T21:07:59.433+0000] {dag.py:3096} INFO - Sync 1 DAGs
[2025-10-30T21:07:59.483+0000] {logging_mixin.py:188} INFO - [2025-10-30T21:07:59.483+0000] {dag.py:3954} INFO - Setting next_dagrun for example_nested_branch_dag to 2025-10-29 00:00:00+00:00, run_after=2025-10-30 00:00:00+00:00
[2025-10-30T21:07:59.531+0000] {processor.py:183} INFO - Processing /home/airflow/.local/lib/python3.12/site-packages/airflow/example_dags/example_nested_branch_dag.py took 0.187 seconds
[2025-10-30T21:08:30.477+0000] {processor.py:161} INFO - Started process (PID=344) to work on /home/airflow/.local/lib/python3.12/site-packages/airflow/example_dags/example_nested_branch_dag.py
[2025-10-30T21:08:30.502+0000] {processor.py:830} INFO - Processing file /home/airflow/.local/lib/python3.12/site-packages/airflow/example_dags/example_nested_branch_dag.py for tasks to queue
[2025-10-30T21:08:30.506+0000] {logging_mixin.py:188} INFO - [2025-10-30T21:08:30.505+0000] {dagbag.py:545} INFO - Filling up the DagBag from /home/airflow/.local/lib/python3.12/site-packages/airflow/example_dags/example_nested_branch_dag.py
[2025-10-30T21:08:30.529+0000] {processor.py:840} INFO - DAG(s) 'example_nested_branch_dag' retrieved from /home/airflow/.local/lib/python3.12/site-packages/airflow/example_dags/example_nested_branch_dag.py
[2025-10-30T21:08:30.587+0000] {logging_mixin.py:188} INFO - [2025-10-30T21:08:30.586+0000] {dag.py:3096} INFO - Sync 1 DAGs
[2025-10-30T21:08:30.633+0000] {logging_mixin.py:188} INFO - [2025-10-30T21:08:30.633+0000] {dag.py:3954} INFO - Setting next_dagrun for example_nested_branch_dag to 2025-10-29 00:00:00+00:00, run_after=2025-10-30 00:00:00+00:00
[2025-10-30T21:08:30.671+0000] {processor.py:183} INFO - Processing /home/airflow/.local/lib/python3.12/site-packages/airflow/example_dags/example_nested_branch_dag.py took 0.203 seconds
[2025-10-30T21:09:20.201+0000] {processor.py:161} INFO - Started process (PID=415) to work on /home/airflow/.local/lib/python3.12/site-packages/airflow/example_dags/example_nested_branch_dag.py
[2025-10-30T21:09:20.205+0000] {processor.py:830} INFO - Processing file /home/airflow/.local/lib/python3.12/site-packages/airflow/example_dags/example_nested_branch_dag.py for tasks to queue
[2025-10-30T21:09:20.212+0000] {logging_mixin.py:188} INFO - [2025-10-30T21:09:20.210+0000] {dagbag.py:545} INFO - Filling up the DagBag from /home/airflow/.local/lib/python3.12/site-packages/airflow/example_dags/example_nested_branch_dag.py
[2025-10-30T21:09:20.259+0000] {processor.py:840} INFO - DAG(s) 'example_nested_branch_dag' retrieved from /home/airflow/.local/lib/python3.12/site-packages/airflow/example_dags/example_nested_branch_dag.py
[2025-10-30T21:09:20.326+0000] {logging_mixin.py:188} INFO - [2025-10-30T21:09:20.325+0000] {dag.py:3096} INFO - Sync 1 DAGs
[2025-10-30T21:09:20.417+0000] {logging_mixin.py:188} INFO - [2025-10-30T21:09:20.416+0000] {dag.py:3954} INFO - Setting next_dagrun for example_nested_branch_dag to 2025-10-29 00:00:00+00:00, run_after=2025-10-30 00:00:00+00:00
[2025-10-30T21:09:20.504+0000] {processor.py:183} INFO - Processing /home/airflow/.local/lib/python3.12/site-packages/airflow/example_dags/example_nested_branch_dag.py took 0.324 seconds
