[2025-10-30T20:29:34.538+0000] {processor.py:161} INFO - Started process (PID=72) to work on /home/airflow/.local/lib/python3.12/site-packages/airflow/example_dags/example_complex.py
[2025-10-30T20:29:34.540+0000] {processor.py:830} INFO - Processing file /home/airflow/.local/lib/python3.12/site-packages/airflow/example_dags/example_complex.py for tasks to queue
[2025-10-30T20:29:34.544+0000] {logging_mixin.py:188} INFO - [2025-10-30T20:29:34.544+0000] {dagbag.py:545} INFO - Filling up the DagBag from /home/airflow/.local/lib/python3.12/site-packages/airflow/example_dags/example_complex.py
[2025-10-30T20:29:34.579+0000] {processor.py:840} INFO - DAG(s) 'example_complex' retrieved from /home/airflow/.local/lib/python3.12/site-packages/airflow/example_dags/example_complex.py
[2025-10-30T20:29:34.981+0000] {logging_mixin.py:188} INFO - [2025-10-30T20:29:34.980+0000] {dag.py:3096} INFO - Sync 1 DAGs
[2025-10-30T20:29:35.043+0000] {logging_mixin.py:188} INFO - [2025-10-30T20:29:35.043+0000] {dag.py:3954} INFO - Setting next_dagrun for example_complex to None, run_after=None
[2025-10-30T20:29:35.090+0000] {processor.py:183} INFO - Processing /home/airflow/.local/lib/python3.12/site-packages/airflow/example_dags/example_complex.py took 0.563 seconds
[2025-10-30T20:30:05.494+0000] {processor.py:161} INFO - Started process (PID=130) to work on /home/airflow/.local/lib/python3.12/site-packages/airflow/example_dags/example_complex.py
[2025-10-30T20:30:05.498+0000] {processor.py:830} INFO - Processing file /home/airflow/.local/lib/python3.12/site-packages/airflow/example_dags/example_complex.py for tasks to queue
[2025-10-30T20:30:05.501+0000] {logging_mixin.py:188} INFO - [2025-10-30T20:30:05.501+0000] {dagbag.py:545} INFO - Filling up the DagBag from /home/airflow/.local/lib/python3.12/site-packages/airflow/example_dags/example_complex.py
[2025-10-30T20:30:05.519+0000] {processor.py:840} INFO - DAG(s) 'example_complex' retrieved from /home/airflow/.local/lib/python3.12/site-packages/airflow/example_dags/example_complex.py
[2025-10-30T20:30:05.563+0000] {logging_mixin.py:188} INFO - [2025-10-30T20:30:05.562+0000] {dag.py:3096} INFO - Sync 1 DAGs
[2025-10-30T20:30:05.578+0000] {logging_mixin.py:188} INFO - [2025-10-30T20:30:05.578+0000] {dag.py:3954} INFO - Setting next_dagrun for example_complex to None, run_after=None
[2025-10-30T20:30:05.602+0000] {processor.py:183} INFO - Processing /home/airflow/.local/lib/python3.12/site-packages/airflow/example_dags/example_complex.py took 0.115 seconds
[2025-10-30T20:30:36.069+0000] {processor.py:161} INFO - Started process (PID=189) to work on /home/airflow/.local/lib/python3.12/site-packages/airflow/example_dags/example_complex.py
[2025-10-30T20:30:36.071+0000] {processor.py:830} INFO - Processing file /home/airflow/.local/lib/python3.12/site-packages/airflow/example_dags/example_complex.py for tasks to queue
[2025-10-30T20:30:36.073+0000] {logging_mixin.py:188} INFO - [2025-10-30T20:30:36.072+0000] {dagbag.py:545} INFO - Filling up the DagBag from /home/airflow/.local/lib/python3.12/site-packages/airflow/example_dags/example_complex.py
[2025-10-30T20:30:36.086+0000] {processor.py:840} INFO - DAG(s) 'example_complex' retrieved from /home/airflow/.local/lib/python3.12/site-packages/airflow/example_dags/example_complex.py
[2025-10-30T20:30:36.126+0000] {logging_mixin.py:188} INFO - [2025-10-30T20:30:36.126+0000] {dag.py:3096} INFO - Sync 1 DAGs
[2025-10-30T20:30:36.144+0000] {logging_mixin.py:188} INFO - [2025-10-30T20:30:36.143+0000] {dag.py:3954} INFO - Setting next_dagrun for example_complex to None, run_after=None
[2025-10-30T20:30:36.170+0000] {processor.py:183} INFO - Processing /home/airflow/.local/lib/python3.12/site-packages/airflow/example_dags/example_complex.py took 0.108 seconds
[2025-10-30T20:31:06.568+0000] {processor.py:161} INFO - Started process (PID=247) to work on /home/airflow/.local/lib/python3.12/site-packages/airflow/example_dags/example_complex.py
[2025-10-30T20:31:06.573+0000] {processor.py:830} INFO - Processing file /home/airflow/.local/lib/python3.12/site-packages/airflow/example_dags/example_complex.py for tasks to queue
[2025-10-30T20:31:06.579+0000] {logging_mixin.py:188} INFO - [2025-10-30T20:31:06.578+0000] {dagbag.py:545} INFO - Filling up the DagBag from /home/airflow/.local/lib/python3.12/site-packages/airflow/example_dags/example_complex.py
[2025-10-30T20:31:06.609+0000] {processor.py:840} INFO - DAG(s) 'example_complex' retrieved from /home/airflow/.local/lib/python3.12/site-packages/airflow/example_dags/example_complex.py
[2025-10-30T20:31:06.769+0000] {logging_mixin.py:188} INFO - [2025-10-30T20:31:06.768+0000] {dag.py:3096} INFO - Sync 1 DAGs
[2025-10-30T20:31:06.813+0000] {logging_mixin.py:188} INFO - [2025-10-30T20:31:06.813+0000] {dag.py:3954} INFO - Setting next_dagrun for example_complex to None, run_after=None
[2025-10-30T20:31:06.861+0000] {processor.py:183} INFO - Processing /home/airflow/.local/lib/python3.12/site-packages/airflow/example_dags/example_complex.py took 0.318 seconds
[2025-10-30T20:31:37.409+0000] {processor.py:161} INFO - Started process (PID=305) to work on /home/airflow/.local/lib/python3.12/site-packages/airflow/example_dags/example_complex.py
[2025-10-30T20:31:37.411+0000] {processor.py:830} INFO - Processing file /home/airflow/.local/lib/python3.12/site-packages/airflow/example_dags/example_complex.py for tasks to queue
[2025-10-30T20:31:37.414+0000] {logging_mixin.py:188} INFO - [2025-10-30T20:31:37.414+0000] {dagbag.py:545} INFO - Filling up the DagBag from /home/airflow/.local/lib/python3.12/site-packages/airflow/example_dags/example_complex.py
[2025-10-30T20:31:37.431+0000] {processor.py:840} INFO - DAG(s) 'example_complex' retrieved from /home/airflow/.local/lib/python3.12/site-packages/airflow/example_dags/example_complex.py
[2025-10-30T20:31:37.482+0000] {logging_mixin.py:188} INFO - [2025-10-30T20:31:37.482+0000] {dag.py:3096} INFO - Sync 1 DAGs
[2025-10-30T20:31:37.502+0000] {logging_mixin.py:188} INFO - [2025-10-30T20:31:37.502+0000] {dag.py:3954} INFO - Setting next_dagrun for example_complex to None, run_after=None
[2025-10-30T20:31:37.529+0000] {processor.py:183} INFO - Processing /home/airflow/.local/lib/python3.12/site-packages/airflow/example_dags/example_complex.py took 0.128 seconds
[2025-10-30T20:32:07.973+0000] {processor.py:161} INFO - Started process (PID=363) to work on /home/airflow/.local/lib/python3.12/site-packages/airflow/example_dags/example_complex.py
[2025-10-30T20:32:07.975+0000] {processor.py:830} INFO - Processing file /home/airflow/.local/lib/python3.12/site-packages/airflow/example_dags/example_complex.py for tasks to queue
[2025-10-30T20:32:07.979+0000] {logging_mixin.py:188} INFO - [2025-10-30T20:32:07.978+0000] {dagbag.py:545} INFO - Filling up the DagBag from /home/airflow/.local/lib/python3.12/site-packages/airflow/example_dags/example_complex.py
[2025-10-30T20:32:08.003+0000] {processor.py:840} INFO - DAG(s) 'example_complex' retrieved from /home/airflow/.local/lib/python3.12/site-packages/airflow/example_dags/example_complex.py
[2025-10-30T20:32:08.088+0000] {logging_mixin.py:188} INFO - [2025-10-30T20:32:08.087+0000] {dag.py:3096} INFO - Sync 1 DAGs
[2025-10-30T20:32:08.119+0000] {logging_mixin.py:188} INFO - [2025-10-30T20:32:08.119+0000] {dag.py:3954} INFO - Setting next_dagrun for example_complex to None, run_after=None
[2025-10-30T20:32:08.155+0000] {processor.py:183} INFO - Processing /home/airflow/.local/lib/python3.12/site-packages/airflow/example_dags/example_complex.py took 0.194 seconds
[2025-10-30T20:32:38.964+0000] {processor.py:161} INFO - Started process (PID=421) to work on /home/airflow/.local/lib/python3.12/site-packages/airflow/example_dags/example_complex.py
[2025-10-30T20:32:38.966+0000] {processor.py:830} INFO - Processing file /home/airflow/.local/lib/python3.12/site-packages/airflow/example_dags/example_complex.py for tasks to queue
[2025-10-30T20:32:38.970+0000] {logging_mixin.py:188} INFO - [2025-10-30T20:32:38.969+0000] {dagbag.py:545} INFO - Filling up the DagBag from /home/airflow/.local/lib/python3.12/site-packages/airflow/example_dags/example_complex.py
[2025-10-30T20:32:38.983+0000] {processor.py:840} INFO - DAG(s) 'example_complex' retrieved from /home/airflow/.local/lib/python3.12/site-packages/airflow/example_dags/example_complex.py
[2025-10-30T20:32:39.033+0000] {logging_mixin.py:188} INFO - [2025-10-30T20:32:39.033+0000] {dag.py:3096} INFO - Sync 1 DAGs
[2025-10-30T20:32:39.050+0000] {logging_mixin.py:188} INFO - [2025-10-30T20:32:39.050+0000] {dag.py:3954} INFO - Setting next_dagrun for example_complex to None, run_after=None
[2025-10-30T20:32:39.075+0000] {processor.py:183} INFO - Processing /home/airflow/.local/lib/python3.12/site-packages/airflow/example_dags/example_complex.py took 0.118 seconds
[2025-10-30T20:33:10.125+0000] {processor.py:161} INFO - Started process (PID=479) to work on /home/airflow/.local/lib/python3.12/site-packages/airflow/example_dags/example_complex.py
[2025-10-30T20:33:10.127+0000] {processor.py:830} INFO - Processing file /home/airflow/.local/lib/python3.12/site-packages/airflow/example_dags/example_complex.py for tasks to queue
[2025-10-30T20:33:10.130+0000] {logging_mixin.py:188} INFO - [2025-10-30T20:33:10.129+0000] {dagbag.py:545} INFO - Filling up the DagBag from /home/airflow/.local/lib/python3.12/site-packages/airflow/example_dags/example_complex.py
[2025-10-30T20:33:10.146+0000] {processor.py:840} INFO - DAG(s) 'example_complex' retrieved from /home/airflow/.local/lib/python3.12/site-packages/airflow/example_dags/example_complex.py
[2025-10-30T20:33:10.194+0000] {logging_mixin.py:188} INFO - [2025-10-30T20:33:10.194+0000] {dag.py:3096} INFO - Sync 1 DAGs
[2025-10-30T20:33:10.210+0000] {logging_mixin.py:188} INFO - [2025-10-30T20:33:10.210+0000] {dag.py:3954} INFO - Setting next_dagrun for example_complex to None, run_after=None
[2025-10-30T20:33:10.238+0000] {processor.py:183} INFO - Processing /home/airflow/.local/lib/python3.12/site-packages/airflow/example_dags/example_complex.py took 0.124 seconds
[2025-10-30T20:33:41.257+0000] {processor.py:161} INFO - Started process (PID=537) to work on /home/airflow/.local/lib/python3.12/site-packages/airflow/example_dags/example_complex.py
[2025-10-30T20:33:41.259+0000] {processor.py:830} INFO - Processing file /home/airflow/.local/lib/python3.12/site-packages/airflow/example_dags/example_complex.py for tasks to queue
[2025-10-30T20:33:41.262+0000] {logging_mixin.py:188} INFO - [2025-10-30T20:33:41.261+0000] {dagbag.py:545} INFO - Filling up the DagBag from /home/airflow/.local/lib/python3.12/site-packages/airflow/example_dags/example_complex.py
[2025-10-30T20:33:41.279+0000] {processor.py:840} INFO - DAG(s) 'example_complex' retrieved from /home/airflow/.local/lib/python3.12/site-packages/airflow/example_dags/example_complex.py
[2025-10-30T20:33:41.328+0000] {logging_mixin.py:188} INFO - [2025-10-30T20:33:41.327+0000] {dag.py:3096} INFO - Sync 1 DAGs
[2025-10-30T20:33:41.345+0000] {logging_mixin.py:188} INFO - [2025-10-30T20:33:41.345+0000] {dag.py:3954} INFO - Setting next_dagrun for example_complex to None, run_after=None
[2025-10-30T20:33:41.374+0000] {processor.py:183} INFO - Processing /home/airflow/.local/lib/python3.12/site-packages/airflow/example_dags/example_complex.py took 0.126 seconds
[2025-10-30T20:34:11.511+0000] {processor.py:161} INFO - Started process (PID=595) to work on /home/airflow/.local/lib/python3.12/site-packages/airflow/example_dags/example_complex.py
[2025-10-30T20:34:11.513+0000] {processor.py:830} INFO - Processing file /home/airflow/.local/lib/python3.12/site-packages/airflow/example_dags/example_complex.py for tasks to queue
[2025-10-30T20:34:11.516+0000] {logging_mixin.py:188} INFO - [2025-10-30T20:34:11.515+0000] {dagbag.py:545} INFO - Filling up the DagBag from /home/airflow/.local/lib/python3.12/site-packages/airflow/example_dags/example_complex.py
[2025-10-30T20:34:11.530+0000] {processor.py:840} INFO - DAG(s) 'example_complex' retrieved from /home/airflow/.local/lib/python3.12/site-packages/airflow/example_dags/example_complex.py
[2025-10-30T20:34:11.570+0000] {logging_mixin.py:188} INFO - [2025-10-30T20:34:11.570+0000] {dag.py:3096} INFO - Sync 1 DAGs
[2025-10-30T20:34:11.586+0000] {logging_mixin.py:188} INFO - [2025-10-30T20:34:11.586+0000] {dag.py:3954} INFO - Setting next_dagrun for example_complex to None, run_after=None
[2025-10-30T20:34:11.611+0000] {processor.py:183} INFO - Processing /home/airflow/.local/lib/python3.12/site-packages/airflow/example_dags/example_complex.py took 0.108 seconds
[2025-10-30T20:34:42.112+0000] {processor.py:161} INFO - Started process (PID=653) to work on /home/airflow/.local/lib/python3.12/site-packages/airflow/example_dags/example_complex.py
[2025-10-30T20:34:42.114+0000] {processor.py:830} INFO - Processing file /home/airflow/.local/lib/python3.12/site-packages/airflow/example_dags/example_complex.py for tasks to queue
[2025-10-30T20:34:42.117+0000] {logging_mixin.py:188} INFO - [2025-10-30T20:34:42.117+0000] {dagbag.py:545} INFO - Filling up the DagBag from /home/airflow/.local/lib/python3.12/site-packages/airflow/example_dags/example_complex.py
[2025-10-30T20:34:42.138+0000] {processor.py:840} INFO - DAG(s) 'example_complex' retrieved from /home/airflow/.local/lib/python3.12/site-packages/airflow/example_dags/example_complex.py
[2025-10-30T20:34:42.206+0000] {logging_mixin.py:188} INFO - [2025-10-30T20:34:42.205+0000] {dag.py:3096} INFO - Sync 1 DAGs
[2025-10-30T20:34:42.227+0000] {logging_mixin.py:188} INFO - [2025-10-30T20:34:42.227+0000] {dag.py:3954} INFO - Setting next_dagrun for example_complex to None, run_after=None
[2025-10-30T20:34:42.259+0000] {processor.py:183} INFO - Processing /home/airflow/.local/lib/python3.12/site-packages/airflow/example_dags/example_complex.py took 0.157 seconds
[2025-10-30T20:35:12.434+0000] {processor.py:161} INFO - Started process (PID=710) to work on /home/airflow/.local/lib/python3.12/site-packages/airflow/example_dags/example_complex.py
[2025-10-30T20:35:12.435+0000] {processor.py:830} INFO - Processing file /home/airflow/.local/lib/python3.12/site-packages/airflow/example_dags/example_complex.py for tasks to queue
[2025-10-30T20:35:12.438+0000] {logging_mixin.py:188} INFO - [2025-10-30T20:35:12.438+0000] {dagbag.py:545} INFO - Filling up the DagBag from /home/airflow/.local/lib/python3.12/site-packages/airflow/example_dags/example_complex.py
[2025-10-30T20:35:12.456+0000] {processor.py:840} INFO - DAG(s) 'example_complex' retrieved from /home/airflow/.local/lib/python3.12/site-packages/airflow/example_dags/example_complex.py
[2025-10-30T20:35:12.511+0000] {logging_mixin.py:188} INFO - [2025-10-30T20:35:12.510+0000] {dag.py:3096} INFO - Sync 1 DAGs
[2025-10-30T20:35:12.531+0000] {logging_mixin.py:188} INFO - [2025-10-30T20:35:12.531+0000] {dag.py:3954} INFO - Setting next_dagrun for example_complex to None, run_after=None
[2025-10-30T20:35:12.564+0000] {processor.py:183} INFO - Processing /home/airflow/.local/lib/python3.12/site-packages/airflow/example_dags/example_complex.py took 0.140 seconds
[2025-10-30T20:35:42.838+0000] {processor.py:161} INFO - Started process (PID=768) to work on /home/airflow/.local/lib/python3.12/site-packages/airflow/example_dags/example_complex.py
[2025-10-30T20:35:42.839+0000] {processor.py:830} INFO - Processing file /home/airflow/.local/lib/python3.12/site-packages/airflow/example_dags/example_complex.py for tasks to queue
[2025-10-30T20:35:42.842+0000] {logging_mixin.py:188} INFO - [2025-10-30T20:35:42.841+0000] {dagbag.py:545} INFO - Filling up the DagBag from /home/airflow/.local/lib/python3.12/site-packages/airflow/example_dags/example_complex.py
[2025-10-30T20:35:42.856+0000] {processor.py:840} INFO - DAG(s) 'example_complex' retrieved from /home/airflow/.local/lib/python3.12/site-packages/airflow/example_dags/example_complex.py
[2025-10-30T20:35:42.901+0000] {logging_mixin.py:188} INFO - [2025-10-30T20:35:42.901+0000] {dag.py:3096} INFO - Sync 1 DAGs
[2025-10-30T20:35:42.921+0000] {logging_mixin.py:188} INFO - [2025-10-30T20:35:42.921+0000] {dag.py:3954} INFO - Setting next_dagrun for example_complex to None, run_after=None
[2025-10-30T20:35:42.951+0000] {processor.py:183} INFO - Processing /home/airflow/.local/lib/python3.12/site-packages/airflow/example_dags/example_complex.py took 0.121 seconds
[2025-10-30T20:36:13.670+0000] {processor.py:161} INFO - Started process (PID=827) to work on /home/airflow/.local/lib/python3.12/site-packages/airflow/example_dags/example_complex.py
[2025-10-30T20:36:13.671+0000] {processor.py:830} INFO - Processing file /home/airflow/.local/lib/python3.12/site-packages/airflow/example_dags/example_complex.py for tasks to queue
[2025-10-30T20:36:13.673+0000] {logging_mixin.py:188} INFO - [2025-10-30T20:36:13.672+0000] {dagbag.py:545} INFO - Filling up the DagBag from /home/airflow/.local/lib/python3.12/site-packages/airflow/example_dags/example_complex.py
[2025-10-30T20:36:13.686+0000] {processor.py:840} INFO - DAG(s) 'example_complex' retrieved from /home/airflow/.local/lib/python3.12/site-packages/airflow/example_dags/example_complex.py
[2025-10-30T20:36:13.726+0000] {logging_mixin.py:188} INFO - [2025-10-30T20:36:13.726+0000] {dag.py:3096} INFO - Sync 1 DAGs
[2025-10-30T20:36:13.741+0000] {logging_mixin.py:188} INFO - [2025-10-30T20:36:13.741+0000] {dag.py:3954} INFO - Setting next_dagrun for example_complex to None, run_after=None
[2025-10-30T20:36:13.764+0000] {processor.py:183} INFO - Processing /home/airflow/.local/lib/python3.12/site-packages/airflow/example_dags/example_complex.py took 0.101 seconds
[2025-10-30T20:36:44.237+0000] {processor.py:161} INFO - Started process (PID=885) to work on /home/airflow/.local/lib/python3.12/site-packages/airflow/example_dags/example_complex.py
[2025-10-30T20:36:44.238+0000] {processor.py:830} INFO - Processing file /home/airflow/.local/lib/python3.12/site-packages/airflow/example_dags/example_complex.py for tasks to queue
[2025-10-30T20:36:44.241+0000] {logging_mixin.py:188} INFO - [2025-10-30T20:36:44.241+0000] {dagbag.py:545} INFO - Filling up the DagBag from /home/airflow/.local/lib/python3.12/site-packages/airflow/example_dags/example_complex.py
[2025-10-30T20:36:44.257+0000] {processor.py:840} INFO - DAG(s) 'example_complex' retrieved from /home/airflow/.local/lib/python3.12/site-packages/airflow/example_dags/example_complex.py
[2025-10-30T20:36:44.305+0000] {logging_mixin.py:188} INFO - [2025-10-30T20:36:44.305+0000] {dag.py:3096} INFO - Sync 1 DAGs
[2025-10-30T20:36:44.324+0000] {logging_mixin.py:188} INFO - [2025-10-30T20:36:44.324+0000] {dag.py:3954} INFO - Setting next_dagrun for example_complex to None, run_after=None
[2025-10-30T20:36:44.352+0000] {processor.py:183} INFO - Processing /home/airflow/.local/lib/python3.12/site-packages/airflow/example_dags/example_complex.py took 0.122 seconds
[2025-10-30T20:37:14.389+0000] {processor.py:161} INFO - Started process (PID=942) to work on /home/airflow/.local/lib/python3.12/site-packages/airflow/example_dags/example_complex.py
[2025-10-30T20:37:14.391+0000] {processor.py:830} INFO - Processing file /home/airflow/.local/lib/python3.12/site-packages/airflow/example_dags/example_complex.py for tasks to queue
[2025-10-30T20:37:14.395+0000] {logging_mixin.py:188} INFO - [2025-10-30T20:37:14.394+0000] {dagbag.py:545} INFO - Filling up the DagBag from /home/airflow/.local/lib/python3.12/site-packages/airflow/example_dags/example_complex.py
[2025-10-30T20:37:14.416+0000] {processor.py:840} INFO - DAG(s) 'example_complex' retrieved from /home/airflow/.local/lib/python3.12/site-packages/airflow/example_dags/example_complex.py
[2025-10-30T20:37:14.482+0000] {logging_mixin.py:188} INFO - [2025-10-30T20:37:14.482+0000] {dag.py:3096} INFO - Sync 1 DAGs
[2025-10-30T20:37:14.507+0000] {logging_mixin.py:188} INFO - [2025-10-30T20:37:14.506+0000] {dag.py:3954} INFO - Setting next_dagrun for example_complex to None, run_after=None
[2025-10-30T20:37:14.535+0000] {processor.py:183} INFO - Processing /home/airflow/.local/lib/python3.12/site-packages/airflow/example_dags/example_complex.py took 0.159 seconds
[2025-10-30T20:37:44.942+0000] {processor.py:161} INFO - Started process (PID=1000) to work on /home/airflow/.local/lib/python3.12/site-packages/airflow/example_dags/example_complex.py
[2025-10-30T20:37:44.943+0000] {processor.py:830} INFO - Processing file /home/airflow/.local/lib/python3.12/site-packages/airflow/example_dags/example_complex.py for tasks to queue
[2025-10-30T20:37:44.948+0000] {logging_mixin.py:188} INFO - [2025-10-30T20:37:44.947+0000] {dagbag.py:545} INFO - Filling up the DagBag from /home/airflow/.local/lib/python3.12/site-packages/airflow/example_dags/example_complex.py
[2025-10-30T20:37:44.966+0000] {processor.py:840} INFO - DAG(s) 'example_complex' retrieved from /home/airflow/.local/lib/python3.12/site-packages/airflow/example_dags/example_complex.py
[2025-10-30T20:37:45.058+0000] {logging_mixin.py:188} INFO - [2025-10-30T20:37:45.057+0000] {dag.py:3096} INFO - Sync 1 DAGs
[2025-10-30T20:37:45.091+0000] {logging_mixin.py:188} INFO - [2025-10-30T20:37:45.091+0000] {dag.py:3954} INFO - Setting next_dagrun for example_complex to None, run_after=None
[2025-10-30T20:37:45.125+0000] {processor.py:183} INFO - Processing /home/airflow/.local/lib/python3.12/site-packages/airflow/example_dags/example_complex.py took 0.195 seconds
[2025-10-30T20:38:15.369+0000] {processor.py:161} INFO - Started process (PID=1058) to work on /home/airflow/.local/lib/python3.12/site-packages/airflow/example_dags/example_complex.py
[2025-10-30T20:38:15.371+0000] {processor.py:830} INFO - Processing file /home/airflow/.local/lib/python3.12/site-packages/airflow/example_dags/example_complex.py for tasks to queue
[2025-10-30T20:38:15.375+0000] {logging_mixin.py:188} INFO - [2025-10-30T20:38:15.374+0000] {dagbag.py:545} INFO - Filling up the DagBag from /home/airflow/.local/lib/python3.12/site-packages/airflow/example_dags/example_complex.py
[2025-10-30T20:38:15.390+0000] {processor.py:840} INFO - DAG(s) 'example_complex' retrieved from /home/airflow/.local/lib/python3.12/site-packages/airflow/example_dags/example_complex.py
[2025-10-30T20:38:15.441+0000] {logging_mixin.py:188} INFO - [2025-10-30T20:38:15.440+0000] {dag.py:3096} INFO - Sync 1 DAGs
[2025-10-30T20:38:15.458+0000] {logging_mixin.py:188} INFO - [2025-10-30T20:38:15.458+0000] {dag.py:3954} INFO - Setting next_dagrun for example_complex to None, run_after=None
[2025-10-30T20:38:15.490+0000] {processor.py:183} INFO - Processing /home/airflow/.local/lib/python3.12/site-packages/airflow/example_dags/example_complex.py took 0.130 seconds
[2025-10-30T20:38:45.526+0000] {processor.py:161} INFO - Started process (PID=1115) to work on /home/airflow/.local/lib/python3.12/site-packages/airflow/example_dags/example_complex.py
[2025-10-30T20:38:45.527+0000] {processor.py:830} INFO - Processing file /home/airflow/.local/lib/python3.12/site-packages/airflow/example_dags/example_complex.py for tasks to queue
[2025-10-30T20:38:45.530+0000] {logging_mixin.py:188} INFO - [2025-10-30T20:38:45.530+0000] {dagbag.py:545} INFO - Filling up the DagBag from /home/airflow/.local/lib/python3.12/site-packages/airflow/example_dags/example_complex.py
[2025-10-30T20:38:45.545+0000] {processor.py:840} INFO - DAG(s) 'example_complex' retrieved from /home/airflow/.local/lib/python3.12/site-packages/airflow/example_dags/example_complex.py
[2025-10-30T20:38:45.595+0000] {logging_mixin.py:188} INFO - [2025-10-30T20:38:45.595+0000] {dag.py:3096} INFO - Sync 1 DAGs
[2025-10-30T20:38:45.619+0000] {logging_mixin.py:188} INFO - [2025-10-30T20:38:45.619+0000] {dag.py:3954} INFO - Setting next_dagrun for example_complex to None, run_after=None
[2025-10-30T20:38:45.649+0000] {processor.py:183} INFO - Processing /home/airflow/.local/lib/python3.12/site-packages/airflow/example_dags/example_complex.py took 0.132 seconds
[2025-10-30T20:39:15.689+0000] {processor.py:161} INFO - Started process (PID=1174) to work on /home/airflow/.local/lib/python3.12/site-packages/airflow/example_dags/example_complex.py
[2025-10-30T20:39:15.693+0000] {processor.py:830} INFO - Processing file /home/airflow/.local/lib/python3.12/site-packages/airflow/example_dags/example_complex.py for tasks to queue
[2025-10-30T20:39:15.696+0000] {logging_mixin.py:188} INFO - [2025-10-30T20:39:15.695+0000] {dagbag.py:545} INFO - Filling up the DagBag from /home/airflow/.local/lib/python3.12/site-packages/airflow/example_dags/example_complex.py
[2025-10-30T20:39:15.712+0000] {processor.py:840} INFO - DAG(s) 'example_complex' retrieved from /home/airflow/.local/lib/python3.12/site-packages/airflow/example_dags/example_complex.py
[2025-10-30T20:39:15.750+0000] {logging_mixin.py:188} INFO - [2025-10-30T20:39:15.750+0000] {dag.py:3096} INFO - Sync 1 DAGs
[2025-10-30T20:39:15.766+0000] {logging_mixin.py:188} INFO - [2025-10-30T20:39:15.766+0000] {dag.py:3954} INFO - Setting next_dagrun for example_complex to None, run_after=None
[2025-10-30T20:39:15.788+0000] {processor.py:183} INFO - Processing /home/airflow/.local/lib/python3.12/site-packages/airflow/example_dags/example_complex.py took 0.109 seconds
[2025-10-30T20:39:46.414+0000] {processor.py:161} INFO - Started process (PID=1233) to work on /home/airflow/.local/lib/python3.12/site-packages/airflow/example_dags/example_complex.py
[2025-10-30T20:39:46.426+0000] {processor.py:830} INFO - Processing file /home/airflow/.local/lib/python3.12/site-packages/airflow/example_dags/example_complex.py for tasks to queue
[2025-10-30T20:39:46.433+0000] {logging_mixin.py:188} INFO - [2025-10-30T20:39:46.432+0000] {dagbag.py:545} INFO - Filling up the DagBag from /home/airflow/.local/lib/python3.12/site-packages/airflow/example_dags/example_complex.py
[2025-10-30T20:39:46.461+0000] {processor.py:840} INFO - DAG(s) 'example_complex' retrieved from /home/airflow/.local/lib/python3.12/site-packages/airflow/example_dags/example_complex.py
[2025-10-30T20:39:46.747+0000] {logging_mixin.py:188} INFO - [2025-10-30T20:39:46.745+0000] {dag.py:3096} INFO - Sync 1 DAGs
[2025-10-30T20:39:46.967+0000] {logging_mixin.py:188} INFO - [2025-10-30T20:39:46.966+0000] {dag.py:3954} INFO - Setting next_dagrun for example_complex to None, run_after=None
[2025-10-30T20:39:47.025+0000] {processor.py:183} INFO - Processing /home/airflow/.local/lib/python3.12/site-packages/airflow/example_dags/example_complex.py took 0.626 seconds
[2025-10-30T20:40:17.188+0000] {processor.py:161} INFO - Started process (PID=1290) to work on /home/airflow/.local/lib/python3.12/site-packages/airflow/example_dags/example_complex.py
[2025-10-30T20:40:17.189+0000] {processor.py:830} INFO - Processing file /home/airflow/.local/lib/python3.12/site-packages/airflow/example_dags/example_complex.py for tasks to queue
[2025-10-30T20:40:17.192+0000] {logging_mixin.py:188} INFO - [2025-10-30T20:40:17.191+0000] {dagbag.py:545} INFO - Filling up the DagBag from /home/airflow/.local/lib/python3.12/site-packages/airflow/example_dags/example_complex.py
[2025-10-30T20:40:17.207+0000] {processor.py:840} INFO - DAG(s) 'example_complex' retrieved from /home/airflow/.local/lib/python3.12/site-packages/airflow/example_dags/example_complex.py
[2025-10-30T20:40:17.254+0000] {logging_mixin.py:188} INFO - [2025-10-30T20:40:17.253+0000] {dag.py:3096} INFO - Sync 1 DAGs
[2025-10-30T20:40:17.270+0000] {logging_mixin.py:188} INFO - [2025-10-30T20:40:17.270+0000] {dag.py:3954} INFO - Setting next_dagrun for example_complex to None, run_after=None
[2025-10-30T20:40:17.293+0000] {processor.py:183} INFO - Processing /home/airflow/.local/lib/python3.12/site-packages/airflow/example_dags/example_complex.py took 0.112 seconds
[2025-10-30T20:40:47.362+0000] {processor.py:161} INFO - Started process (PID=1346) to work on /home/airflow/.local/lib/python3.12/site-packages/airflow/example_dags/example_complex.py
[2025-10-30T20:40:47.367+0000] {processor.py:830} INFO - Processing file /home/airflow/.local/lib/python3.12/site-packages/airflow/example_dags/example_complex.py for tasks to queue
[2025-10-30T20:40:47.371+0000] {logging_mixin.py:188} INFO - [2025-10-30T20:40:47.370+0000] {dagbag.py:545} INFO - Filling up the DagBag from /home/airflow/.local/lib/python3.12/site-packages/airflow/example_dags/example_complex.py
[2025-10-30T20:40:47.399+0000] {processor.py:840} INFO - DAG(s) 'example_complex' retrieved from /home/airflow/.local/lib/python3.12/site-packages/airflow/example_dags/example_complex.py
[2025-10-30T20:40:47.485+0000] {logging_mixin.py:188} INFO - [2025-10-30T20:40:47.485+0000] {dag.py:3096} INFO - Sync 1 DAGs
[2025-10-30T20:40:47.516+0000] {logging_mixin.py:188} INFO - [2025-10-30T20:40:47.516+0000] {dag.py:3954} INFO - Setting next_dagrun for example_complex to None, run_after=None
[2025-10-30T20:40:47.558+0000] {processor.py:183} INFO - Processing /home/airflow/.local/lib/python3.12/site-packages/airflow/example_dags/example_complex.py took 0.215 seconds
[2025-10-30T20:41:18.263+0000] {processor.py:161} INFO - Started process (PID=1404) to work on /home/airflow/.local/lib/python3.12/site-packages/airflow/example_dags/example_complex.py
[2025-10-30T20:41:18.267+0000] {processor.py:830} INFO - Processing file /home/airflow/.local/lib/python3.12/site-packages/airflow/example_dags/example_complex.py for tasks to queue
[2025-10-30T20:41:18.270+0000] {logging_mixin.py:188} INFO - [2025-10-30T20:41:18.270+0000] {dagbag.py:545} INFO - Filling up the DagBag from /home/airflow/.local/lib/python3.12/site-packages/airflow/example_dags/example_complex.py
[2025-10-30T20:41:18.286+0000] {processor.py:840} INFO - DAG(s) 'example_complex' retrieved from /home/airflow/.local/lib/python3.12/site-packages/airflow/example_dags/example_complex.py
[2025-10-30T20:41:18.334+0000] {logging_mixin.py:188} INFO - [2025-10-30T20:41:18.334+0000] {dag.py:3096} INFO - Sync 1 DAGs
[2025-10-30T20:41:18.351+0000] {logging_mixin.py:188} INFO - [2025-10-30T20:41:18.351+0000] {dag.py:3954} INFO - Setting next_dagrun for example_complex to None, run_after=None
[2025-10-30T20:41:18.378+0000] {processor.py:183} INFO - Processing /home/airflow/.local/lib/python3.12/site-packages/airflow/example_dags/example_complex.py took 0.124 seconds
[2025-10-30T20:41:48.454+0000] {processor.py:161} INFO - Started process (PID=1461) to work on /home/airflow/.local/lib/python3.12/site-packages/airflow/example_dags/example_complex.py
[2025-10-30T20:41:48.457+0000] {processor.py:830} INFO - Processing file /home/airflow/.local/lib/python3.12/site-packages/airflow/example_dags/example_complex.py for tasks to queue
[2025-10-30T20:41:48.460+0000] {logging_mixin.py:188} INFO - [2025-10-30T20:41:48.459+0000] {dagbag.py:545} INFO - Filling up the DagBag from /home/airflow/.local/lib/python3.12/site-packages/airflow/example_dags/example_complex.py
[2025-10-30T20:41:48.473+0000] {processor.py:840} INFO - DAG(s) 'example_complex' retrieved from /home/airflow/.local/lib/python3.12/site-packages/airflow/example_dags/example_complex.py
[2025-10-30T20:41:48.516+0000] {logging_mixin.py:188} INFO - [2025-10-30T20:41:48.516+0000] {dag.py:3096} INFO - Sync 1 DAGs
[2025-10-30T20:41:48.532+0000] {logging_mixin.py:188} INFO - [2025-10-30T20:41:48.532+0000] {dag.py:3954} INFO - Setting next_dagrun for example_complex to None, run_after=None
[2025-10-30T20:41:48.557+0000] {processor.py:183} INFO - Processing /home/airflow/.local/lib/python3.12/site-packages/airflow/example_dags/example_complex.py took 0.111 seconds
[2025-10-30T20:42:18.719+0000] {processor.py:161} INFO - Started process (PID=1519) to work on /home/airflow/.local/lib/python3.12/site-packages/airflow/example_dags/example_complex.py
[2025-10-30T20:42:18.722+0000] {processor.py:830} INFO - Processing file /home/airflow/.local/lib/python3.12/site-packages/airflow/example_dags/example_complex.py for tasks to queue
[2025-10-30T20:42:18.725+0000] {logging_mixin.py:188} INFO - [2025-10-30T20:42:18.724+0000] {dagbag.py:545} INFO - Filling up the DagBag from /home/airflow/.local/lib/python3.12/site-packages/airflow/example_dags/example_complex.py
[2025-10-30T20:42:18.742+0000] {processor.py:840} INFO - DAG(s) 'example_complex' retrieved from /home/airflow/.local/lib/python3.12/site-packages/airflow/example_dags/example_complex.py
[2025-10-30T20:42:18.973+0000] {logging_mixin.py:188} INFO - [2025-10-30T20:42:18.973+0000] {dag.py:3096} INFO - Sync 1 DAGs
[2025-10-30T20:42:18.994+0000] {logging_mixin.py:188} INFO - [2025-10-30T20:42:18.994+0000] {dag.py:3954} INFO - Setting next_dagrun for example_complex to None, run_after=None
[2025-10-30T20:42:19.026+0000] {processor.py:183} INFO - Processing /home/airflow/.local/lib/python3.12/site-packages/airflow/example_dags/example_complex.py took 0.318 seconds
[2025-10-30T21:06:13.810+0000] {processor.py:161} INFO - Started process (PID=73) to work on /home/airflow/.local/lib/python3.12/site-packages/airflow/example_dags/example_complex.py
[2025-10-30T21:06:13.822+0000] {processor.py:830} INFO - Processing file /home/airflow/.local/lib/python3.12/site-packages/airflow/example_dags/example_complex.py for tasks to queue
[2025-10-30T21:06:13.850+0000] {logging_mixin.py:188} INFO - [2025-10-30T21:06:13.845+0000] {dagbag.py:545} INFO - Filling up the DagBag from /home/airflow/.local/lib/python3.12/site-packages/airflow/example_dags/example_complex.py
[2025-10-30T21:06:13.929+0000] {processor.py:840} INFO - DAG(s) 'example_complex' retrieved from /home/airflow/.local/lib/python3.12/site-packages/airflow/example_dags/example_complex.py
[2025-10-30T21:06:14.612+0000] {logging_mixin.py:188} INFO - [2025-10-30T21:06:14.611+0000] {dag.py:3096} INFO - Sync 1 DAGs
[2025-10-30T21:06:14.649+0000] {logging_mixin.py:188} INFO - [2025-10-30T21:06:14.648+0000] {dag.py:3954} INFO - Setting next_dagrun for example_complex to None, run_after=None
[2025-10-30T21:06:14.779+0000] {processor.py:183} INFO - Processing /home/airflow/.local/lib/python3.12/site-packages/airflow/example_dags/example_complex.py took 1.009 seconds
[2025-10-30T21:06:45.110+0000] {processor.py:161} INFO - Started process (PID=132) to work on /home/airflow/.local/lib/python3.12/site-packages/airflow/example_dags/example_complex.py
[2025-10-30T21:06:45.129+0000] {processor.py:830} INFO - Processing file /home/airflow/.local/lib/python3.12/site-packages/airflow/example_dags/example_complex.py for tasks to queue
[2025-10-30T21:06:45.134+0000] {logging_mixin.py:188} INFO - [2025-10-30T21:06:45.134+0000] {dagbag.py:545} INFO - Filling up the DagBag from /home/airflow/.local/lib/python3.12/site-packages/airflow/example_dags/example_complex.py
[2025-10-30T21:06:45.168+0000] {processor.py:840} INFO - DAG(s) 'example_complex' retrieved from /home/airflow/.local/lib/python3.12/site-packages/airflow/example_dags/example_complex.py
[2025-10-30T21:06:45.261+0000] {logging_mixin.py:188} INFO - [2025-10-30T21:06:45.260+0000] {dag.py:3096} INFO - Sync 1 DAGs
[2025-10-30T21:06:45.292+0000] {logging_mixin.py:188} INFO - [2025-10-30T21:06:45.291+0000] {dag.py:3954} INFO - Setting next_dagrun for example_complex to None, run_after=None
[2025-10-30T21:06:45.352+0000] {processor.py:183} INFO - Processing /home/airflow/.local/lib/python3.12/site-packages/airflow/example_dags/example_complex.py took 0.267 seconds
[2025-10-30T21:07:15.958+0000] {processor.py:161} INFO - Started process (PID=190) to work on /home/airflow/.local/lib/python3.12/site-packages/airflow/example_dags/example_complex.py
[2025-10-30T21:07:15.965+0000] {processor.py:830} INFO - Processing file /home/airflow/.local/lib/python3.12/site-packages/airflow/example_dags/example_complex.py for tasks to queue
[2025-10-30T21:07:15.970+0000] {logging_mixin.py:188} INFO - [2025-10-30T21:07:15.969+0000] {dagbag.py:545} INFO - Filling up the DagBag from /home/airflow/.local/lib/python3.12/site-packages/airflow/example_dags/example_complex.py
[2025-10-30T21:07:16.001+0000] {processor.py:840} INFO - DAG(s) 'example_complex' retrieved from /home/airflow/.local/lib/python3.12/site-packages/airflow/example_dags/example_complex.py
[2025-10-30T21:07:16.114+0000] {logging_mixin.py:188} INFO - [2025-10-30T21:07:16.113+0000] {dag.py:3096} INFO - Sync 1 DAGs
[2025-10-30T21:07:16.158+0000] {logging_mixin.py:188} INFO - [2025-10-30T21:07:16.157+0000] {dag.py:3954} INFO - Setting next_dagrun for example_complex to None, run_after=None
[2025-10-30T21:07:16.228+0000] {processor.py:183} INFO - Processing /home/airflow/.local/lib/python3.12/site-packages/airflow/example_dags/example_complex.py took 0.292 seconds
[2025-10-30T21:07:46.444+0000] {processor.py:161} INFO - Started process (PID=253) to work on /home/airflow/.local/lib/python3.12/site-packages/airflow/example_dags/example_complex.py
[2025-10-30T21:07:46.446+0000] {processor.py:830} INFO - Processing file /home/airflow/.local/lib/python3.12/site-packages/airflow/example_dags/example_complex.py for tasks to queue
[2025-10-30T21:07:46.450+0000] {logging_mixin.py:188} INFO - [2025-10-30T21:07:46.449+0000] {dagbag.py:545} INFO - Filling up the DagBag from /home/airflow/.local/lib/python3.12/site-packages/airflow/example_dags/example_complex.py
[2025-10-30T21:07:46.472+0000] {processor.py:840} INFO - DAG(s) 'example_complex' retrieved from /home/airflow/.local/lib/python3.12/site-packages/airflow/example_dags/example_complex.py
[2025-10-30T21:07:46.529+0000] {logging_mixin.py:188} INFO - [2025-10-30T21:07:46.528+0000] {dag.py:3096} INFO - Sync 1 DAGs
[2025-10-30T21:07:46.556+0000] {logging_mixin.py:188} INFO - [2025-10-30T21:07:46.555+0000] {dag.py:3954} INFO - Setting next_dagrun for example_complex to None, run_after=None
[2025-10-30T21:07:46.598+0000] {processor.py:183} INFO - Processing /home/airflow/.local/lib/python3.12/site-packages/airflow/example_dags/example_complex.py took 0.165 seconds
[2025-10-30T21:08:16.829+0000] {processor.py:161} INFO - Started process (PID=311) to work on /home/airflow/.local/lib/python3.12/site-packages/airflow/example_dags/example_complex.py
[2025-10-30T21:08:16.833+0000] {processor.py:830} INFO - Processing file /home/airflow/.local/lib/python3.12/site-packages/airflow/example_dags/example_complex.py for tasks to queue
[2025-10-30T21:08:16.843+0000] {logging_mixin.py:188} INFO - [2025-10-30T21:08:16.840+0000] {dagbag.py:545} INFO - Filling up the DagBag from /home/airflow/.local/lib/python3.12/site-packages/airflow/example_dags/example_complex.py
[2025-10-30T21:08:16.884+0000] {processor.py:840} INFO - DAG(s) 'example_complex' retrieved from /home/airflow/.local/lib/python3.12/site-packages/airflow/example_dags/example_complex.py
[2025-10-30T21:08:16.969+0000] {logging_mixin.py:188} INFO - [2025-10-30T21:08:16.968+0000] {dag.py:3096} INFO - Sync 1 DAGs
[2025-10-30T21:08:17.017+0000] {logging_mixin.py:188} INFO - [2025-10-30T21:08:17.016+0000] {dag.py:3954} INFO - Setting next_dagrun for example_complex to None, run_after=None
[2025-10-30T21:08:17.044+0000] {processor.py:183} INFO - Processing /home/airflow/.local/lib/python3.12/site-packages/airflow/example_dags/example_complex.py took 0.229 seconds
[2025-10-30T21:08:49.780+0000] {processor.py:161} INFO - Started process (PID=371) to work on /home/airflow/.local/lib/python3.12/site-packages/airflow/example_dags/example_complex.py
[2025-10-30T21:08:49.790+0000] {processor.py:830} INFO - Processing file /home/airflow/.local/lib/python3.12/site-packages/airflow/example_dags/example_complex.py for tasks to queue
[2025-10-30T21:08:49.805+0000] {logging_mixin.py:188} INFO - [2025-10-30T21:08:49.801+0000] {dagbag.py:545} INFO - Filling up the DagBag from /home/airflow/.local/lib/python3.12/site-packages/airflow/example_dags/example_complex.py
[2025-10-30T21:08:49.891+0000] {processor.py:840} INFO - DAG(s) 'example_complex' retrieved from /home/airflow/.local/lib/python3.12/site-packages/airflow/example_dags/example_complex.py
[2025-10-30T21:08:59.556+0000] {logging_mixin.py:188} INFO - [2025-10-30T21:08:59.536+0000] {dag.py:3096} INFO - Sync 1 DAGs
[2025-10-30T21:08:59.705+0000] {logging_mixin.py:188} INFO - [2025-10-30T21:08:59.704+0000] {dag.py:3954} INFO - Setting next_dagrun for example_complex to None, run_after=None
[2025-10-30T21:08:59.836+0000] {processor.py:183} INFO - Processing /home/airflow/.local/lib/python3.12/site-packages/airflow/example_dags/example_complex.py took 10.097 seconds
[2025-10-30T21:09:33.604+0000] {processor.py:161} INFO - Started process (PID=429) to work on /home/airflow/.local/lib/python3.12/site-packages/airflow/example_dags/example_complex.py
[2025-10-30T21:09:33.640+0000] {processor.py:830} INFO - Processing file /home/airflow/.local/lib/python3.12/site-packages/airflow/example_dags/example_complex.py for tasks to queue
[2025-10-30T21:09:33.653+0000] {logging_mixin.py:188} INFO - [2025-10-30T21:09:33.652+0000] {dagbag.py:545} INFO - Filling up the DagBag from /home/airflow/.local/lib/python3.12/site-packages/airflow/example_dags/example_complex.py
[2025-10-30T21:09:33.732+0000] {processor.py:840} INFO - DAG(s) 'example_complex' retrieved from /home/airflow/.local/lib/python3.12/site-packages/airflow/example_dags/example_complex.py
[2025-10-30T21:09:33.890+0000] {logging_mixin.py:188} INFO - [2025-10-30T21:09:33.889+0000] {dag.py:3096} INFO - Sync 1 DAGs
[2025-10-30T21:09:33.949+0000] {logging_mixin.py:188} INFO - [2025-10-30T21:09:33.947+0000] {dag.py:3954} INFO - Setting next_dagrun for example_complex to None, run_after=None
[2025-10-30T21:09:34.079+0000] {processor.py:183} INFO - Processing /home/airflow/.local/lib/python3.12/site-packages/airflow/example_dags/example_complex.py took 0.573 seconds
