[2025-10-30T20:29:46.483+0000] {processor.py:161} INFO - Started process (PID=103) to work on /home/airflow/.local/lib/python3.12/site-packages/airflow/example_dags/example_external_task_marker_dag.py
[2025-10-30T20:29:46.485+0000] {processor.py:830} INFO - Processing file /home/airflow/.local/lib/python3.12/site-packages/airflow/example_dags/example_external_task_marker_dag.py for tasks to queue
[2025-10-30T20:29:46.487+0000] {logging_mixin.py:188} INFO - [2025-10-30T20:29:46.487+0000] {dagbag.py:545} INFO - Filling up the DagBag from /home/airflow/.local/lib/python3.12/site-packages/airflow/example_dags/example_external_task_marker_dag.py
[2025-10-30T20:29:46.496+0000] {processor.py:840} INFO - DAG(s) 'example_external_task_marker_child', 'example_external_task_marker_parent' retrieved from /home/airflow/.local/lib/python3.12/site-packages/airflow/example_dags/example_external_task_marker_dag.py
[2025-10-30T20:29:46.685+0000] {logging_mixin.py:188} INFO - [2025-10-30T20:29:46.684+0000] {dag.py:3096} INFO - Sync 2 DAGs
[2025-10-30T20:29:46.701+0000] {logging_mixin.py:188} INFO - [2025-10-30T20:29:46.700+0000] {dag.py:3954} INFO - Setting next_dagrun for example_external_task_marker_child to None, run_after=None
[2025-10-30T20:29:46.705+0000] {logging_mixin.py:188} INFO - [2025-10-30T20:29:46.705+0000] {dag.py:3954} INFO - Setting next_dagrun for example_external_task_marker_parent to None, run_after=None
[2025-10-30T20:29:46.736+0000] {processor.py:183} INFO - Processing /home/airflow/.local/lib/python3.12/site-packages/airflow/example_dags/example_external_task_marker_dag.py took 0.261 seconds
[2025-10-30T20:30:17.575+0000] {processor.py:161} INFO - Started process (PID=161) to work on /home/airflow/.local/lib/python3.12/site-packages/airflow/example_dags/example_external_task_marker_dag.py
[2025-10-30T20:30:17.577+0000] {processor.py:830} INFO - Processing file /home/airflow/.local/lib/python3.12/site-packages/airflow/example_dags/example_external_task_marker_dag.py for tasks to queue
[2025-10-30T20:30:17.579+0000] {logging_mixin.py:188} INFO - [2025-10-30T20:30:17.579+0000] {dagbag.py:545} INFO - Filling up the DagBag from /home/airflow/.local/lib/python3.12/site-packages/airflow/example_dags/example_external_task_marker_dag.py
[2025-10-30T20:30:17.587+0000] {processor.py:840} INFO - DAG(s) 'example_external_task_marker_parent', 'example_external_task_marker_child' retrieved from /home/airflow/.local/lib/python3.12/site-packages/airflow/example_dags/example_external_task_marker_dag.py
[2025-10-30T20:30:17.617+0000] {logging_mixin.py:188} INFO - [2025-10-30T20:30:17.617+0000] {dag.py:3096} INFO - Sync 2 DAGs
[2025-10-30T20:30:17.633+0000] {logging_mixin.py:188} INFO - [2025-10-30T20:30:17.633+0000] {dag.py:3954} INFO - Setting next_dagrun for example_external_task_marker_child to None, run_after=None
[2025-10-30T20:30:17.638+0000] {logging_mixin.py:188} INFO - [2025-10-30T20:30:17.637+0000] {dag.py:3954} INFO - Setting next_dagrun for example_external_task_marker_parent to None, run_after=None
[2025-10-30T20:30:17.659+0000] {processor.py:183} INFO - Processing /home/airflow/.local/lib/python3.12/site-packages/airflow/example_dags/example_external_task_marker_dag.py took 0.090 seconds
[2025-10-30T20:30:48.014+0000] {processor.py:161} INFO - Started process (PID=220) to work on /home/airflow/.local/lib/python3.12/site-packages/airflow/example_dags/example_external_task_marker_dag.py
[2025-10-30T20:30:48.016+0000] {processor.py:830} INFO - Processing file /home/airflow/.local/lib/python3.12/site-packages/airflow/example_dags/example_external_task_marker_dag.py for tasks to queue
[2025-10-30T20:30:48.019+0000] {logging_mixin.py:188} INFO - [2025-10-30T20:30:48.018+0000] {dagbag.py:545} INFO - Filling up the DagBag from /home/airflow/.local/lib/python3.12/site-packages/airflow/example_dags/example_external_task_marker_dag.py
[2025-10-30T20:30:48.027+0000] {processor.py:840} INFO - DAG(s) 'example_external_task_marker_child', 'example_external_task_marker_parent' retrieved from /home/airflow/.local/lib/python3.12/site-packages/airflow/example_dags/example_external_task_marker_dag.py
[2025-10-30T20:30:48.056+0000] {logging_mixin.py:188} INFO - [2025-10-30T20:30:48.056+0000] {dag.py:3096} INFO - Sync 2 DAGs
[2025-10-30T20:30:48.073+0000] {logging_mixin.py:188} INFO - [2025-10-30T20:30:48.073+0000] {dag.py:3954} INFO - Setting next_dagrun for example_external_task_marker_child to None, run_after=None
[2025-10-30T20:30:48.078+0000] {logging_mixin.py:188} INFO - [2025-10-30T20:30:48.078+0000] {dag.py:3954} INFO - Setting next_dagrun for example_external_task_marker_parent to None, run_after=None
[2025-10-30T20:30:48.098+0000] {processor.py:183} INFO - Processing /home/airflow/.local/lib/python3.12/site-packages/airflow/example_dags/example_external_task_marker_dag.py took 0.092 seconds
[2025-10-30T20:31:18.771+0000] {processor.py:161} INFO - Started process (PID=278) to work on /home/airflow/.local/lib/python3.12/site-packages/airflow/example_dags/example_external_task_marker_dag.py
[2025-10-30T20:31:18.778+0000] {processor.py:830} INFO - Processing file /home/airflow/.local/lib/python3.12/site-packages/airflow/example_dags/example_external_task_marker_dag.py for tasks to queue
[2025-10-30T20:31:18.787+0000] {logging_mixin.py:188} INFO - [2025-10-30T20:31:18.786+0000] {dagbag.py:545} INFO - Filling up the DagBag from /home/airflow/.local/lib/python3.12/site-packages/airflow/example_dags/example_external_task_marker_dag.py
[2025-10-30T20:31:18.803+0000] {processor.py:840} INFO - DAG(s) 'example_external_task_marker_parent', 'example_external_task_marker_child' retrieved from /home/airflow/.local/lib/python3.12/site-packages/airflow/example_dags/example_external_task_marker_dag.py
[2025-10-30T20:31:18.868+0000] {logging_mixin.py:188} INFO - [2025-10-30T20:31:18.868+0000] {dag.py:3096} INFO - Sync 2 DAGs
[2025-10-30T20:31:18.901+0000] {logging_mixin.py:188} INFO - [2025-10-30T20:31:18.901+0000] {dag.py:3954} INFO - Setting next_dagrun for example_external_task_marker_child to None, run_after=None
[2025-10-30T20:31:18.912+0000] {logging_mixin.py:188} INFO - [2025-10-30T20:31:18.911+0000] {dag.py:3954} INFO - Setting next_dagrun for example_external_task_marker_parent to None, run_after=None
[2025-10-30T20:31:18.946+0000] {processor.py:183} INFO - Processing /home/airflow/.local/lib/python3.12/site-packages/airflow/example_dags/example_external_task_marker_dag.py took 0.191 seconds
[2025-10-30T20:31:49.834+0000] {processor.py:161} INFO - Started process (PID=336) to work on /home/airflow/.local/lib/python3.12/site-packages/airflow/example_dags/example_external_task_marker_dag.py
[2025-10-30T20:31:49.837+0000] {processor.py:830} INFO - Processing file /home/airflow/.local/lib/python3.12/site-packages/airflow/example_dags/example_external_task_marker_dag.py for tasks to queue
[2025-10-30T20:31:49.842+0000] {logging_mixin.py:188} INFO - [2025-10-30T20:31:49.841+0000] {dagbag.py:545} INFO - Filling up the DagBag from /home/airflow/.local/lib/python3.12/site-packages/airflow/example_dags/example_external_task_marker_dag.py
[2025-10-30T20:31:49.857+0000] {processor.py:840} INFO - DAG(s) 'example_external_task_marker_parent', 'example_external_task_marker_child' retrieved from /home/airflow/.local/lib/python3.12/site-packages/airflow/example_dags/example_external_task_marker_dag.py
[2025-10-30T20:31:49.925+0000] {logging_mixin.py:188} INFO - [2025-10-30T20:31:49.923+0000] {dag.py:3096} INFO - Sync 2 DAGs
[2025-10-30T20:31:49.960+0000] {logging_mixin.py:188} INFO - [2025-10-30T20:31:49.959+0000] {dag.py:3954} INFO - Setting next_dagrun for example_external_task_marker_child to None, run_after=None
[2025-10-30T20:31:49.968+0000] {logging_mixin.py:188} INFO - [2025-10-30T20:31:49.968+0000] {dag.py:3954} INFO - Setting next_dagrun for example_external_task_marker_parent to None, run_after=None
[2025-10-30T20:31:50.009+0000] {processor.py:183} INFO - Processing /home/airflow/.local/lib/python3.12/site-packages/airflow/example_dags/example_external_task_marker_dag.py took 0.192 seconds
[2025-10-30T20:32:20.598+0000] {processor.py:161} INFO - Started process (PID=394) to work on /home/airflow/.local/lib/python3.12/site-packages/airflow/example_dags/example_external_task_marker_dag.py
[2025-10-30T20:32:20.599+0000] {processor.py:830} INFO - Processing file /home/airflow/.local/lib/python3.12/site-packages/airflow/example_dags/example_external_task_marker_dag.py for tasks to queue
[2025-10-30T20:32:20.602+0000] {logging_mixin.py:188} INFO - [2025-10-30T20:32:20.601+0000] {dagbag.py:545} INFO - Filling up the DagBag from /home/airflow/.local/lib/python3.12/site-packages/airflow/example_dags/example_external_task_marker_dag.py
[2025-10-30T20:32:20.609+0000] {processor.py:840} INFO - DAG(s) 'example_external_task_marker_child', 'example_external_task_marker_parent' retrieved from /home/airflow/.local/lib/python3.12/site-packages/airflow/example_dags/example_external_task_marker_dag.py
[2025-10-30T20:32:20.643+0000] {logging_mixin.py:188} INFO - [2025-10-30T20:32:20.642+0000] {dag.py:3096} INFO - Sync 2 DAGs
[2025-10-30T20:32:20.660+0000] {logging_mixin.py:188} INFO - [2025-10-30T20:32:20.659+0000] {dag.py:3954} INFO - Setting next_dagrun for example_external_task_marker_child to None, run_after=None
[2025-10-30T20:32:20.665+0000] {logging_mixin.py:188} INFO - [2025-10-30T20:32:20.665+0000] {dag.py:3954} INFO - Setting next_dagrun for example_external_task_marker_parent to None, run_after=None
[2025-10-30T20:32:20.688+0000] {processor.py:183} INFO - Processing /home/airflow/.local/lib/python3.12/site-packages/airflow/example_dags/example_external_task_marker_dag.py took 0.097 seconds
[2025-10-30T20:32:51.148+0000] {processor.py:161} INFO - Started process (PID=452) to work on /home/airflow/.local/lib/python3.12/site-packages/airflow/example_dags/example_external_task_marker_dag.py
[2025-10-30T20:32:51.150+0000] {processor.py:830} INFO - Processing file /home/airflow/.local/lib/python3.12/site-packages/airflow/example_dags/example_external_task_marker_dag.py for tasks to queue
[2025-10-30T20:32:51.152+0000] {logging_mixin.py:188} INFO - [2025-10-30T20:32:51.152+0000] {dagbag.py:545} INFO - Filling up the DagBag from /home/airflow/.local/lib/python3.12/site-packages/airflow/example_dags/example_external_task_marker_dag.py
[2025-10-30T20:32:51.159+0000] {processor.py:840} INFO - DAG(s) 'example_external_task_marker_parent', 'example_external_task_marker_child' retrieved from /home/airflow/.local/lib/python3.12/site-packages/airflow/example_dags/example_external_task_marker_dag.py
[2025-10-30T20:32:51.185+0000] {logging_mixin.py:188} INFO - [2025-10-30T20:32:51.185+0000] {dag.py:3096} INFO - Sync 2 DAGs
[2025-10-30T20:32:51.201+0000] {logging_mixin.py:188} INFO - [2025-10-30T20:32:51.201+0000] {dag.py:3954} INFO - Setting next_dagrun for example_external_task_marker_child to None, run_after=None
[2025-10-30T20:32:51.206+0000] {logging_mixin.py:188} INFO - [2025-10-30T20:32:51.206+0000] {dag.py:3954} INFO - Setting next_dagrun for example_external_task_marker_parent to None, run_after=None
[2025-10-30T20:32:51.225+0000] {processor.py:183} INFO - Processing /home/airflow/.local/lib/python3.12/site-packages/airflow/example_dags/example_external_task_marker_dag.py took 0.085 seconds
[2025-10-30T20:33:21.501+0000] {processor.py:161} INFO - Started process (PID=510) to work on /home/airflow/.local/lib/python3.12/site-packages/airflow/example_dags/example_external_task_marker_dag.py
[2025-10-30T20:33:21.502+0000] {processor.py:830} INFO - Processing file /home/airflow/.local/lib/python3.12/site-packages/airflow/example_dags/example_external_task_marker_dag.py for tasks to queue
[2025-10-30T20:33:21.504+0000] {logging_mixin.py:188} INFO - [2025-10-30T20:33:21.504+0000] {dagbag.py:545} INFO - Filling up the DagBag from /home/airflow/.local/lib/python3.12/site-packages/airflow/example_dags/example_external_task_marker_dag.py
[2025-10-30T20:33:21.511+0000] {processor.py:840} INFO - DAG(s) 'example_external_task_marker_child', 'example_external_task_marker_parent' retrieved from /home/airflow/.local/lib/python3.12/site-packages/airflow/example_dags/example_external_task_marker_dag.py
[2025-10-30T20:33:21.540+0000] {logging_mixin.py:188} INFO - [2025-10-30T20:33:21.540+0000] {dag.py:3096} INFO - Sync 2 DAGs
[2025-10-30T20:33:21.556+0000] {logging_mixin.py:188} INFO - [2025-10-30T20:33:21.556+0000] {dag.py:3954} INFO - Setting next_dagrun for example_external_task_marker_child to None, run_after=None
[2025-10-30T20:33:21.561+0000] {logging_mixin.py:188} INFO - [2025-10-30T20:33:21.561+0000] {dag.py:3954} INFO - Setting next_dagrun for example_external_task_marker_parent to None, run_after=None
[2025-10-30T20:33:21.582+0000] {processor.py:183} INFO - Processing /home/airflow/.local/lib/python3.12/site-packages/airflow/example_dags/example_external_task_marker_dag.py took 0.089 seconds
[2025-10-30T20:33:52.378+0000] {processor.py:161} INFO - Started process (PID=568) to work on /home/airflow/.local/lib/python3.12/site-packages/airflow/example_dags/example_external_task_marker_dag.py
[2025-10-30T20:33:52.380+0000] {processor.py:830} INFO - Processing file /home/airflow/.local/lib/python3.12/site-packages/airflow/example_dags/example_external_task_marker_dag.py for tasks to queue
[2025-10-30T20:33:52.383+0000] {logging_mixin.py:188} INFO - [2025-10-30T20:33:52.383+0000] {dagbag.py:545} INFO - Filling up the DagBag from /home/airflow/.local/lib/python3.12/site-packages/airflow/example_dags/example_external_task_marker_dag.py
[2025-10-30T20:33:52.392+0000] {processor.py:840} INFO - DAG(s) 'example_external_task_marker_child', 'example_external_task_marker_parent' retrieved from /home/airflow/.local/lib/python3.12/site-packages/airflow/example_dags/example_external_task_marker_dag.py
[2025-10-30T20:33:52.427+0000] {logging_mixin.py:188} INFO - [2025-10-30T20:33:52.426+0000] {dag.py:3096} INFO - Sync 2 DAGs
[2025-10-30T20:33:52.443+0000] {logging_mixin.py:188} INFO - [2025-10-30T20:33:52.443+0000] {dag.py:3954} INFO - Setting next_dagrun for example_external_task_marker_child to None, run_after=None
[2025-10-30T20:33:52.448+0000] {logging_mixin.py:188} INFO - [2025-10-30T20:33:52.448+0000] {dag.py:3954} INFO - Setting next_dagrun for example_external_task_marker_parent to None, run_after=None
[2025-10-30T20:33:52.471+0000] {processor.py:183} INFO - Processing /home/airflow/.local/lib/python3.12/site-packages/airflow/example_dags/example_external_task_marker_dag.py took 0.102 seconds
[2025-10-30T20:34:22.797+0000] {processor.py:161} INFO - Started process (PID=626) to work on /home/airflow/.local/lib/python3.12/site-packages/airflow/example_dags/example_external_task_marker_dag.py
[2025-10-30T20:34:22.799+0000] {processor.py:830} INFO - Processing file /home/airflow/.local/lib/python3.12/site-packages/airflow/example_dags/example_external_task_marker_dag.py for tasks to queue
[2025-10-30T20:34:22.802+0000] {logging_mixin.py:188} INFO - [2025-10-30T20:34:22.801+0000] {dagbag.py:545} INFO - Filling up the DagBag from /home/airflow/.local/lib/python3.12/site-packages/airflow/example_dags/example_external_task_marker_dag.py
[2025-10-30T20:34:22.810+0000] {processor.py:840} INFO - DAG(s) 'example_external_task_marker_parent', 'example_external_task_marker_child' retrieved from /home/airflow/.local/lib/python3.12/site-packages/airflow/example_dags/example_external_task_marker_dag.py
[2025-10-30T20:34:22.837+0000] {logging_mixin.py:188} INFO - [2025-10-30T20:34:22.837+0000] {dag.py:3096} INFO - Sync 2 DAGs
[2025-10-30T20:34:22.853+0000] {logging_mixin.py:188} INFO - [2025-10-30T20:34:22.853+0000] {dag.py:3954} INFO - Setting next_dagrun for example_external_task_marker_child to None, run_after=None
[2025-10-30T20:34:22.858+0000] {logging_mixin.py:188} INFO - [2025-10-30T20:34:22.858+0000] {dag.py:3954} INFO - Setting next_dagrun for example_external_task_marker_parent to None, run_after=None
[2025-10-30T20:34:22.878+0000] {processor.py:183} INFO - Processing /home/airflow/.local/lib/python3.12/site-packages/airflow/example_dags/example_external_task_marker_dag.py took 0.091 seconds
[2025-10-30T20:34:53.323+0000] {processor.py:161} INFO - Started process (PID=684) to work on /home/airflow/.local/lib/python3.12/site-packages/airflow/example_dags/example_external_task_marker_dag.py
[2025-10-30T20:34:53.325+0000] {processor.py:830} INFO - Processing file /home/airflow/.local/lib/python3.12/site-packages/airflow/example_dags/example_external_task_marker_dag.py for tasks to queue
[2025-10-30T20:34:53.327+0000] {logging_mixin.py:188} INFO - [2025-10-30T20:34:53.327+0000] {dagbag.py:545} INFO - Filling up the DagBag from /home/airflow/.local/lib/python3.12/site-packages/airflow/example_dags/example_external_task_marker_dag.py
[2025-10-30T20:34:53.336+0000] {processor.py:840} INFO - DAG(s) 'example_external_task_marker_parent', 'example_external_task_marker_child' retrieved from /home/airflow/.local/lib/python3.12/site-packages/airflow/example_dags/example_external_task_marker_dag.py
[2025-10-30T20:34:53.366+0000] {logging_mixin.py:188} INFO - [2025-10-30T20:34:53.366+0000] {dag.py:3096} INFO - Sync 2 DAGs
[2025-10-30T20:34:53.384+0000] {logging_mixin.py:188} INFO - [2025-10-30T20:34:53.383+0000] {dag.py:3954} INFO - Setting next_dagrun for example_external_task_marker_child to None, run_after=None
[2025-10-30T20:34:53.389+0000] {logging_mixin.py:188} INFO - [2025-10-30T20:34:53.389+0000] {dag.py:3954} INFO - Setting next_dagrun for example_external_task_marker_parent to None, run_after=None
[2025-10-30T20:34:53.414+0000] {processor.py:183} INFO - Processing /home/airflow/.local/lib/python3.12/site-packages/airflow/example_dags/example_external_task_marker_dag.py took 0.099 seconds
[2025-10-30T20:35:23.840+0000] {processor.py:161} INFO - Started process (PID=742) to work on /home/airflow/.local/lib/python3.12/site-packages/airflow/example_dags/example_external_task_marker_dag.py
[2025-10-30T20:35:23.841+0000] {processor.py:830} INFO - Processing file /home/airflow/.local/lib/python3.12/site-packages/airflow/example_dags/example_external_task_marker_dag.py for tasks to queue
[2025-10-30T20:35:23.843+0000] {logging_mixin.py:188} INFO - [2025-10-30T20:35:23.843+0000] {dagbag.py:545} INFO - Filling up the DagBag from /home/airflow/.local/lib/python3.12/site-packages/airflow/example_dags/example_external_task_marker_dag.py
[2025-10-30T20:35:23.850+0000] {processor.py:840} INFO - DAG(s) 'example_external_task_marker_parent', 'example_external_task_marker_child' retrieved from /home/airflow/.local/lib/python3.12/site-packages/airflow/example_dags/example_external_task_marker_dag.py
[2025-10-30T20:35:23.881+0000] {logging_mixin.py:188} INFO - [2025-10-30T20:35:23.881+0000] {dag.py:3096} INFO - Sync 2 DAGs
[2025-10-30T20:35:23.899+0000] {logging_mixin.py:188} INFO - [2025-10-30T20:35:23.898+0000] {dag.py:3954} INFO - Setting next_dagrun for example_external_task_marker_child to None, run_after=None
[2025-10-30T20:35:23.903+0000] {logging_mixin.py:188} INFO - [2025-10-30T20:35:23.903+0000] {dag.py:3954} INFO - Setting next_dagrun for example_external_task_marker_parent to None, run_after=None
[2025-10-30T20:35:23.924+0000] {processor.py:183} INFO - Processing /home/airflow/.local/lib/python3.12/site-packages/airflow/example_dags/example_external_task_marker_dag.py took 0.091 seconds
[2025-10-30T20:35:54.705+0000] {processor.py:161} INFO - Started process (PID=800) to work on /home/airflow/.local/lib/python3.12/site-packages/airflow/example_dags/example_external_task_marker_dag.py
[2025-10-30T20:35:54.707+0000] {processor.py:830} INFO - Processing file /home/airflow/.local/lib/python3.12/site-packages/airflow/example_dags/example_external_task_marker_dag.py for tasks to queue
[2025-10-30T20:35:54.709+0000] {logging_mixin.py:188} INFO - [2025-10-30T20:35:54.708+0000] {dagbag.py:545} INFO - Filling up the DagBag from /home/airflow/.local/lib/python3.12/site-packages/airflow/example_dags/example_external_task_marker_dag.py
[2025-10-30T20:35:54.716+0000] {processor.py:840} INFO - DAG(s) 'example_external_task_marker_parent', 'example_external_task_marker_child' retrieved from /home/airflow/.local/lib/python3.12/site-packages/airflow/example_dags/example_external_task_marker_dag.py
[2025-10-30T20:35:54.746+0000] {logging_mixin.py:188} INFO - [2025-10-30T20:35:54.745+0000] {dag.py:3096} INFO - Sync 2 DAGs
[2025-10-30T20:35:54.763+0000] {logging_mixin.py:188} INFO - [2025-10-30T20:35:54.762+0000] {dag.py:3954} INFO - Setting next_dagrun for example_external_task_marker_child to None, run_after=None
[2025-10-30T20:35:54.767+0000] {logging_mixin.py:188} INFO - [2025-10-30T20:35:54.767+0000] {dag.py:3954} INFO - Setting next_dagrun for example_external_task_marker_parent to None, run_after=None
[2025-10-30T20:35:54.788+0000] {processor.py:183} INFO - Processing /home/airflow/.local/lib/python3.12/site-packages/airflow/example_dags/example_external_task_marker_dag.py took 0.090 seconds
[2025-10-30T20:36:25.188+0000] {processor.py:161} INFO - Started process (PID=858) to work on /home/airflow/.local/lib/python3.12/site-packages/airflow/example_dags/example_external_task_marker_dag.py
[2025-10-30T20:36:25.190+0000] {processor.py:830} INFO - Processing file /home/airflow/.local/lib/python3.12/site-packages/airflow/example_dags/example_external_task_marker_dag.py for tasks to queue
[2025-10-30T20:36:25.193+0000] {logging_mixin.py:188} INFO - [2025-10-30T20:36:25.192+0000] {dagbag.py:545} INFO - Filling up the DagBag from /home/airflow/.local/lib/python3.12/site-packages/airflow/example_dags/example_external_task_marker_dag.py
[2025-10-30T20:36:25.201+0000] {processor.py:840} INFO - DAG(s) 'example_external_task_marker_child', 'example_external_task_marker_parent' retrieved from /home/airflow/.local/lib/python3.12/site-packages/airflow/example_dags/example_external_task_marker_dag.py
[2025-10-30T20:36:25.239+0000] {logging_mixin.py:188} INFO - [2025-10-30T20:36:25.239+0000] {dag.py:3096} INFO - Sync 2 DAGs
[2025-10-30T20:36:25.261+0000] {logging_mixin.py:188} INFO - [2025-10-30T20:36:25.260+0000] {dag.py:3954} INFO - Setting next_dagrun for example_external_task_marker_child to None, run_after=None
[2025-10-30T20:36:25.268+0000] {logging_mixin.py:188} INFO - [2025-10-30T20:36:25.267+0000] {dag.py:3954} INFO - Setting next_dagrun for example_external_task_marker_parent to None, run_after=None
[2025-10-30T20:36:25.295+0000] {processor.py:183} INFO - Processing /home/airflow/.local/lib/python3.12/site-packages/airflow/example_dags/example_external_task_marker_dag.py took 0.114 seconds
[2025-10-30T20:36:55.462+0000] {processor.py:161} INFO - Started process (PID=916) to work on /home/airflow/.local/lib/python3.12/site-packages/airflow/example_dags/example_external_task_marker_dag.py
[2025-10-30T20:36:55.463+0000] {processor.py:830} INFO - Processing file /home/airflow/.local/lib/python3.12/site-packages/airflow/example_dags/example_external_task_marker_dag.py for tasks to queue
[2025-10-30T20:36:55.466+0000] {logging_mixin.py:188} INFO - [2025-10-30T20:36:55.465+0000] {dagbag.py:545} INFO - Filling up the DagBag from /home/airflow/.local/lib/python3.12/site-packages/airflow/example_dags/example_external_task_marker_dag.py
[2025-10-30T20:36:55.475+0000] {processor.py:840} INFO - DAG(s) 'example_external_task_marker_parent', 'example_external_task_marker_child' retrieved from /home/airflow/.local/lib/python3.12/site-packages/airflow/example_dags/example_external_task_marker_dag.py
[2025-10-30T20:36:55.504+0000] {logging_mixin.py:188} INFO - [2025-10-30T20:36:55.504+0000] {dag.py:3096} INFO - Sync 2 DAGs
[2025-10-30T20:36:55.522+0000] {logging_mixin.py:188} INFO - [2025-10-30T20:36:55.522+0000] {dag.py:3954} INFO - Setting next_dagrun for example_external_task_marker_child to None, run_after=None
[2025-10-30T20:36:55.529+0000] {logging_mixin.py:188} INFO - [2025-10-30T20:36:55.529+0000] {dag.py:3954} INFO - Setting next_dagrun for example_external_task_marker_parent to None, run_after=None
[2025-10-30T20:36:55.560+0000] {processor.py:183} INFO - Processing /home/airflow/.local/lib/python3.12/site-packages/airflow/example_dags/example_external_task_marker_dag.py took 0.106 seconds
[2025-10-30T20:37:25.836+0000] {processor.py:161} INFO - Started process (PID=974) to work on /home/airflow/.local/lib/python3.12/site-packages/airflow/example_dags/example_external_task_marker_dag.py
[2025-10-30T20:37:25.838+0000] {processor.py:830} INFO - Processing file /home/airflow/.local/lib/python3.12/site-packages/airflow/example_dags/example_external_task_marker_dag.py for tasks to queue
[2025-10-30T20:37:25.841+0000] {logging_mixin.py:188} INFO - [2025-10-30T20:37:25.840+0000] {dagbag.py:545} INFO - Filling up the DagBag from /home/airflow/.local/lib/python3.12/site-packages/airflow/example_dags/example_external_task_marker_dag.py
[2025-10-30T20:37:25.850+0000] {processor.py:840} INFO - DAG(s) 'example_external_task_marker_child', 'example_external_task_marker_parent' retrieved from /home/airflow/.local/lib/python3.12/site-packages/airflow/example_dags/example_external_task_marker_dag.py
[2025-10-30T20:37:25.883+0000] {logging_mixin.py:188} INFO - [2025-10-30T20:37:25.882+0000] {dag.py:3096} INFO - Sync 2 DAGs
[2025-10-30T20:37:25.900+0000] {logging_mixin.py:188} INFO - [2025-10-30T20:37:25.900+0000] {dag.py:3954} INFO - Setting next_dagrun for example_external_task_marker_child to None, run_after=None
[2025-10-30T20:37:25.907+0000] {logging_mixin.py:188} INFO - [2025-10-30T20:37:25.906+0000] {dag.py:3954} INFO - Setting next_dagrun for example_external_task_marker_parent to None, run_after=None
[2025-10-30T20:37:25.936+0000] {processor.py:183} INFO - Processing /home/airflow/.local/lib/python3.12/site-packages/airflow/example_dags/example_external_task_marker_dag.py took 0.109 seconds
[2025-10-30T20:37:56.030+0000] {processor.py:161} INFO - Started process (PID=1032) to work on /home/airflow/.local/lib/python3.12/site-packages/airflow/example_dags/example_external_task_marker_dag.py
[2025-10-30T20:37:56.031+0000] {processor.py:830} INFO - Processing file /home/airflow/.local/lib/python3.12/site-packages/airflow/example_dags/example_external_task_marker_dag.py for tasks to queue
[2025-10-30T20:37:56.034+0000] {logging_mixin.py:188} INFO - [2025-10-30T20:37:56.033+0000] {dagbag.py:545} INFO - Filling up the DagBag from /home/airflow/.local/lib/python3.12/site-packages/airflow/example_dags/example_external_task_marker_dag.py
[2025-10-30T20:37:56.041+0000] {processor.py:840} INFO - DAG(s) 'example_external_task_marker_child', 'example_external_task_marker_parent' retrieved from /home/airflow/.local/lib/python3.12/site-packages/airflow/example_dags/example_external_task_marker_dag.py
[2025-10-30T20:37:56.071+0000] {logging_mixin.py:188} INFO - [2025-10-30T20:37:56.070+0000] {dag.py:3096} INFO - Sync 2 DAGs
[2025-10-30T20:37:56.086+0000] {logging_mixin.py:188} INFO - [2025-10-30T20:37:56.086+0000] {dag.py:3954} INFO - Setting next_dagrun for example_external_task_marker_child to None, run_after=None
[2025-10-30T20:37:56.091+0000] {logging_mixin.py:188} INFO - [2025-10-30T20:37:56.091+0000] {dag.py:3954} INFO - Setting next_dagrun for example_external_task_marker_parent to None, run_after=None
[2025-10-30T20:37:56.110+0000] {processor.py:183} INFO - Processing /home/airflow/.local/lib/python3.12/site-packages/airflow/example_dags/example_external_task_marker_dag.py took 0.088 seconds
[2025-10-30T20:38:26.758+0000] {processor.py:161} INFO - Started process (PID=1090) to work on /home/airflow/.local/lib/python3.12/site-packages/airflow/example_dags/example_external_task_marker_dag.py
[2025-10-30T20:38:26.759+0000] {processor.py:830} INFO - Processing file /home/airflow/.local/lib/python3.12/site-packages/airflow/example_dags/example_external_task_marker_dag.py for tasks to queue
[2025-10-30T20:38:26.762+0000] {logging_mixin.py:188} INFO - [2025-10-30T20:38:26.761+0000] {dagbag.py:545} INFO - Filling up the DagBag from /home/airflow/.local/lib/python3.12/site-packages/airflow/example_dags/example_external_task_marker_dag.py
[2025-10-30T20:38:26.770+0000] {processor.py:840} INFO - DAG(s) 'example_external_task_marker_parent', 'example_external_task_marker_child' retrieved from /home/airflow/.local/lib/python3.12/site-packages/airflow/example_dags/example_external_task_marker_dag.py
[2025-10-30T20:38:26.801+0000] {logging_mixin.py:188} INFO - [2025-10-30T20:38:26.800+0000] {dag.py:3096} INFO - Sync 2 DAGs
[2025-10-30T20:38:26.817+0000] {logging_mixin.py:188} INFO - [2025-10-30T20:38:26.817+0000] {dag.py:3954} INFO - Setting next_dagrun for example_external_task_marker_child to None, run_after=None
[2025-10-30T20:38:26.822+0000] {logging_mixin.py:188} INFO - [2025-10-30T20:38:26.822+0000] {dag.py:3954} INFO - Setting next_dagrun for example_external_task_marker_parent to None, run_after=None
[2025-10-30T20:38:26.849+0000] {processor.py:183} INFO - Processing /home/airflow/.local/lib/python3.12/site-packages/airflow/example_dags/example_external_task_marker_dag.py took 0.098 seconds
[2025-10-30T20:38:57.058+0000] {processor.py:161} INFO - Started process (PID=1148) to work on /home/airflow/.local/lib/python3.12/site-packages/airflow/example_dags/example_external_task_marker_dag.py
[2025-10-30T20:38:57.060+0000] {processor.py:830} INFO - Processing file /home/airflow/.local/lib/python3.12/site-packages/airflow/example_dags/example_external_task_marker_dag.py for tasks to queue
[2025-10-30T20:38:57.062+0000] {logging_mixin.py:188} INFO - [2025-10-30T20:38:57.062+0000] {dagbag.py:545} INFO - Filling up the DagBag from /home/airflow/.local/lib/python3.12/site-packages/airflow/example_dags/example_external_task_marker_dag.py
[2025-10-30T20:38:57.070+0000] {processor.py:840} INFO - DAG(s) 'example_external_task_marker_child', 'example_external_task_marker_parent' retrieved from /home/airflow/.local/lib/python3.12/site-packages/airflow/example_dags/example_external_task_marker_dag.py
[2025-10-30T20:38:57.101+0000] {logging_mixin.py:188} INFO - [2025-10-30T20:38:57.101+0000] {dag.py:3096} INFO - Sync 2 DAGs
[2025-10-30T20:38:57.119+0000] {logging_mixin.py:188} INFO - [2025-10-30T20:38:57.119+0000] {dag.py:3954} INFO - Setting next_dagrun for example_external_task_marker_child to None, run_after=None
[2025-10-30T20:38:57.125+0000] {logging_mixin.py:188} INFO - [2025-10-30T20:38:57.125+0000] {dag.py:3954} INFO - Setting next_dagrun for example_external_task_marker_parent to None, run_after=None
[2025-10-30T20:38:57.147+0000] {processor.py:183} INFO - Processing /home/airflow/.local/lib/python3.12/site-packages/airflow/example_dags/example_external_task_marker_dag.py took 0.098 seconds
[2025-10-30T20:39:27.337+0000] {processor.py:161} INFO - Started process (PID=1207) to work on /home/airflow/.local/lib/python3.12/site-packages/airflow/example_dags/example_external_task_marker_dag.py
[2025-10-30T20:39:27.338+0000] {processor.py:830} INFO - Processing file /home/airflow/.local/lib/python3.12/site-packages/airflow/example_dags/example_external_task_marker_dag.py for tasks to queue
[2025-10-30T20:39:27.340+0000] {logging_mixin.py:188} INFO - [2025-10-30T20:39:27.340+0000] {dagbag.py:545} INFO - Filling up the DagBag from /home/airflow/.local/lib/python3.12/site-packages/airflow/example_dags/example_external_task_marker_dag.py
[2025-10-30T20:39:27.348+0000] {processor.py:840} INFO - DAG(s) 'example_external_task_marker_child', 'example_external_task_marker_parent' retrieved from /home/airflow/.local/lib/python3.12/site-packages/airflow/example_dags/example_external_task_marker_dag.py
[2025-10-30T20:39:27.378+0000] {logging_mixin.py:188} INFO - [2025-10-30T20:39:27.378+0000] {dag.py:3096} INFO - Sync 2 DAGs
[2025-10-30T20:39:27.394+0000] {logging_mixin.py:188} INFO - [2025-10-30T20:39:27.394+0000] {dag.py:3954} INFO - Setting next_dagrun for example_external_task_marker_child to None, run_after=None
[2025-10-30T20:39:27.400+0000] {logging_mixin.py:188} INFO - [2025-10-30T20:39:27.400+0000] {dag.py:3954} INFO - Setting next_dagrun for example_external_task_marker_parent to None, run_after=None
[2025-10-30T20:39:27.424+0000] {processor.py:183} INFO - Processing /home/airflow/.local/lib/python3.12/site-packages/airflow/example_dags/example_external_task_marker_dag.py took 0.094 seconds
[2025-10-30T20:39:58.382+0000] {processor.py:161} INFO - Started process (PID=1265) to work on /home/airflow/.local/lib/python3.12/site-packages/airflow/example_dags/example_external_task_marker_dag.py
[2025-10-30T20:39:58.384+0000] {processor.py:830} INFO - Processing file /home/airflow/.local/lib/python3.12/site-packages/airflow/example_dags/example_external_task_marker_dag.py for tasks to queue
[2025-10-30T20:39:58.390+0000] {logging_mixin.py:188} INFO - [2025-10-30T20:39:58.389+0000] {dagbag.py:545} INFO - Filling up the DagBag from /home/airflow/.local/lib/python3.12/site-packages/airflow/example_dags/example_external_task_marker_dag.py
[2025-10-30T20:39:58.405+0000] {processor.py:840} INFO - DAG(s) 'example_external_task_marker_child', 'example_external_task_marker_parent' retrieved from /home/airflow/.local/lib/python3.12/site-packages/airflow/example_dags/example_external_task_marker_dag.py
[2025-10-30T20:39:58.563+0000] {logging_mixin.py:188} INFO - [2025-10-30T20:39:58.552+0000] {dag.py:3096} INFO - Sync 2 DAGs
[2025-10-30T20:39:58.609+0000] {logging_mixin.py:188} INFO - [2025-10-30T20:39:58.608+0000] {dag.py:3954} INFO - Setting next_dagrun for example_external_task_marker_child to None, run_after=None
[2025-10-30T20:39:58.621+0000] {logging_mixin.py:188} INFO - [2025-10-30T20:39:58.621+0000] {dag.py:3954} INFO - Setting next_dagrun for example_external_task_marker_parent to None, run_after=None
[2025-10-30T20:39:58.665+0000] {processor.py:183} INFO - Processing /home/airflow/.local/lib/python3.12/site-packages/airflow/example_dags/example_external_task_marker_dag.py took 0.298 seconds
[2025-10-30T20:40:29.568+0000] {processor.py:161} INFO - Started process (PID=1323) to work on /home/airflow/.local/lib/python3.12/site-packages/airflow/example_dags/example_external_task_marker_dag.py
[2025-10-30T20:40:29.570+0000] {processor.py:830} INFO - Processing file /home/airflow/.local/lib/python3.12/site-packages/airflow/example_dags/example_external_task_marker_dag.py for tasks to queue
[2025-10-30T20:40:29.574+0000] {logging_mixin.py:188} INFO - [2025-10-30T20:40:29.574+0000] {dagbag.py:545} INFO - Filling up the DagBag from /home/airflow/.local/lib/python3.12/site-packages/airflow/example_dags/example_external_task_marker_dag.py
[2025-10-30T20:40:29.585+0000] {processor.py:840} INFO - DAG(s) 'example_external_task_marker_parent', 'example_external_task_marker_child' retrieved from /home/airflow/.local/lib/python3.12/site-packages/airflow/example_dags/example_external_task_marker_dag.py
[2025-10-30T20:40:29.621+0000] {logging_mixin.py:188} INFO - [2025-10-30T20:40:29.620+0000] {dag.py:3096} INFO - Sync 2 DAGs
[2025-10-30T20:40:29.638+0000] {logging_mixin.py:188} INFO - [2025-10-30T20:40:29.638+0000] {dag.py:3954} INFO - Setting next_dagrun for example_external_task_marker_child to None, run_after=None
[2025-10-30T20:40:29.643+0000] {logging_mixin.py:188} INFO - [2025-10-30T20:40:29.643+0000] {dag.py:3954} INFO - Setting next_dagrun for example_external_task_marker_parent to None, run_after=None
[2025-10-30T20:40:29.664+0000] {processor.py:183} INFO - Processing /home/airflow/.local/lib/python3.12/site-packages/airflow/example_dags/example_external_task_marker_dag.py took 0.104 seconds
[2025-10-30T20:40:59.716+0000] {processor.py:161} INFO - Started process (PID=1381) to work on /home/airflow/.local/lib/python3.12/site-packages/airflow/example_dags/example_external_task_marker_dag.py
[2025-10-30T20:40:59.719+0000] {processor.py:830} INFO - Processing file /home/airflow/.local/lib/python3.12/site-packages/airflow/example_dags/example_external_task_marker_dag.py for tasks to queue
[2025-10-30T20:40:59.723+0000] {logging_mixin.py:188} INFO - [2025-10-30T20:40:59.722+0000] {dagbag.py:545} INFO - Filling up the DagBag from /home/airflow/.local/lib/python3.12/site-packages/airflow/example_dags/example_external_task_marker_dag.py
[2025-10-30T20:40:59.735+0000] {processor.py:840} INFO - DAG(s) 'example_external_task_marker_child', 'example_external_task_marker_parent' retrieved from /home/airflow/.local/lib/python3.12/site-packages/airflow/example_dags/example_external_task_marker_dag.py
[2025-10-30T20:40:59.775+0000] {logging_mixin.py:188} INFO - [2025-10-30T20:40:59.775+0000] {dag.py:3096} INFO - Sync 2 DAGs
[2025-10-30T20:40:59.801+0000] {logging_mixin.py:188} INFO - [2025-10-30T20:40:59.801+0000] {dag.py:3954} INFO - Setting next_dagrun for example_external_task_marker_child to None, run_after=None
[2025-10-30T20:40:59.808+0000] {logging_mixin.py:188} INFO - [2025-10-30T20:40:59.808+0000] {dag.py:3954} INFO - Setting next_dagrun for example_external_task_marker_parent to None, run_after=None
[2025-10-30T20:40:59.834+0000] {processor.py:183} INFO - Processing /home/airflow/.local/lib/python3.12/site-packages/airflow/example_dags/example_external_task_marker_dag.py took 0.129 seconds
[2025-10-30T20:41:31.312+0000] {processor.py:161} INFO - Started process (PID=1439) to work on /home/airflow/.local/lib/python3.12/site-packages/airflow/example_dags/example_external_task_marker_dag.py
[2025-10-30T20:41:31.315+0000] {processor.py:830} INFO - Processing file /home/airflow/.local/lib/python3.12/site-packages/airflow/example_dags/example_external_task_marker_dag.py for tasks to queue
[2025-10-30T20:41:31.319+0000] {logging_mixin.py:188} INFO - [2025-10-30T20:41:31.318+0000] {dagbag.py:545} INFO - Filling up the DagBag from /home/airflow/.local/lib/python3.12/site-packages/airflow/example_dags/example_external_task_marker_dag.py
[2025-10-30T20:41:31.333+0000] {processor.py:840} INFO - DAG(s) 'example_external_task_marker_parent', 'example_external_task_marker_child' retrieved from /home/airflow/.local/lib/python3.12/site-packages/airflow/example_dags/example_external_task_marker_dag.py
[2025-10-30T20:41:31.392+0000] {logging_mixin.py:188} INFO - [2025-10-30T20:41:31.391+0000] {dag.py:3096} INFO - Sync 2 DAGs
[2025-10-30T20:41:31.679+0000] {logging_mixin.py:188} INFO - [2025-10-30T20:41:31.678+0000] {dag.py:3954} INFO - Setting next_dagrun for example_external_task_marker_child to None, run_after=None
[2025-10-30T20:41:31.688+0000] {logging_mixin.py:188} INFO - [2025-10-30T20:41:31.688+0000] {dag.py:3954} INFO - Setting next_dagrun for example_external_task_marker_parent to None, run_after=None
[2025-10-30T20:41:31.718+0000] {processor.py:183} INFO - Processing /home/airflow/.local/lib/python3.12/site-packages/airflow/example_dags/example_external_task_marker_dag.py took 0.418 seconds
[2025-10-30T20:42:02.178+0000] {processor.py:161} INFO - Started process (PID=1496) to work on /home/airflow/.local/lib/python3.12/site-packages/airflow/example_dags/example_external_task_marker_dag.py
[2025-10-30T20:42:02.180+0000] {processor.py:830} INFO - Processing file /home/airflow/.local/lib/python3.12/site-packages/airflow/example_dags/example_external_task_marker_dag.py for tasks to queue
[2025-10-30T20:42:02.182+0000] {logging_mixin.py:188} INFO - [2025-10-30T20:42:02.182+0000] {dagbag.py:545} INFO - Filling up the DagBag from /home/airflow/.local/lib/python3.12/site-packages/airflow/example_dags/example_external_task_marker_dag.py
[2025-10-30T20:42:02.190+0000] {processor.py:840} INFO - DAG(s) 'example_external_task_marker_parent', 'example_external_task_marker_child' retrieved from /home/airflow/.local/lib/python3.12/site-packages/airflow/example_dags/example_external_task_marker_dag.py
[2025-10-30T20:42:02.225+0000] {logging_mixin.py:188} INFO - [2025-10-30T20:42:02.224+0000] {dag.py:3096} INFO - Sync 2 DAGs
[2025-10-30T20:42:02.244+0000] {logging_mixin.py:188} INFO - [2025-10-30T20:42:02.244+0000] {dag.py:3954} INFO - Setting next_dagrun for example_external_task_marker_child to None, run_after=None
[2025-10-30T20:42:02.249+0000] {logging_mixin.py:188} INFO - [2025-10-30T20:42:02.249+0000] {dag.py:3954} INFO - Setting next_dagrun for example_external_task_marker_parent to None, run_after=None
[2025-10-30T20:42:02.274+0000] {processor.py:183} INFO - Processing /home/airflow/.local/lib/python3.12/site-packages/airflow/example_dags/example_external_task_marker_dag.py took 0.103 seconds
[2025-10-30T20:42:33.179+0000] {processor.py:161} INFO - Started process (PID=1554) to work on /home/airflow/.local/lib/python3.12/site-packages/airflow/example_dags/example_external_task_marker_dag.py
[2025-10-30T20:42:33.180+0000] {processor.py:830} INFO - Processing file /home/airflow/.local/lib/python3.12/site-packages/airflow/example_dags/example_external_task_marker_dag.py for tasks to queue
[2025-10-30T20:42:33.183+0000] {logging_mixin.py:188} INFO - [2025-10-30T20:42:33.182+0000] {dagbag.py:545} INFO - Filling up the DagBag from /home/airflow/.local/lib/python3.12/site-packages/airflow/example_dags/example_external_task_marker_dag.py
[2025-10-30T20:42:33.190+0000] {processor.py:840} INFO - DAG(s) 'example_external_task_marker_parent', 'example_external_task_marker_child' retrieved from /home/airflow/.local/lib/python3.12/site-packages/airflow/example_dags/example_external_task_marker_dag.py
[2025-10-30T20:42:33.219+0000] {logging_mixin.py:188} INFO - [2025-10-30T20:42:33.219+0000] {dag.py:3096} INFO - Sync 2 DAGs
[2025-10-30T20:42:33.237+0000] {logging_mixin.py:188} INFO - [2025-10-30T20:42:33.237+0000] {dag.py:3954} INFO - Setting next_dagrun for example_external_task_marker_child to None, run_after=None
[2025-10-30T20:42:33.241+0000] {logging_mixin.py:188} INFO - [2025-10-30T20:42:33.241+0000] {dag.py:3954} INFO - Setting next_dagrun for example_external_task_marker_parent to None, run_after=None
[2025-10-30T20:42:33.262+0000] {processor.py:183} INFO - Processing /home/airflow/.local/lib/python3.12/site-packages/airflow/example_dags/example_external_task_marker_dag.py took 0.091 seconds
[2025-10-30T21:06:27.804+0000] {processor.py:161} INFO - Started process (PID=104) to work on /home/airflow/.local/lib/python3.12/site-packages/airflow/example_dags/example_external_task_marker_dag.py
[2025-10-30T21:06:27.809+0000] {processor.py:830} INFO - Processing file /home/airflow/.local/lib/python3.12/site-packages/airflow/example_dags/example_external_task_marker_dag.py for tasks to queue
[2025-10-30T21:06:27.813+0000] {logging_mixin.py:188} INFO - [2025-10-30T21:06:27.812+0000] {dagbag.py:545} INFO - Filling up the DagBag from /home/airflow/.local/lib/python3.12/site-packages/airflow/example_dags/example_external_task_marker_dag.py
[2025-10-30T21:06:27.825+0000] {processor.py:840} INFO - DAG(s) 'example_external_task_marker_parent', 'example_external_task_marker_child' retrieved from /home/airflow/.local/lib/python3.12/site-packages/airflow/example_dags/example_external_task_marker_dag.py
[2025-10-30T21:06:28.030+0000] {logging_mixin.py:188} INFO - [2025-10-30T21:06:28.029+0000] {dag.py:3096} INFO - Sync 2 DAGs
[2025-10-30T21:06:28.052+0000] {logging_mixin.py:188} INFO - [2025-10-30T21:06:28.052+0000] {dag.py:3954} INFO - Setting next_dagrun for example_external_task_marker_child to None, run_after=None
[2025-10-30T21:06:28.058+0000] {logging_mixin.py:188} INFO - [2025-10-30T21:06:28.058+0000] {dag.py:3954} INFO - Setting next_dagrun for example_external_task_marker_parent to None, run_after=None
[2025-10-30T21:06:28.093+0000] {processor.py:183} INFO - Processing /home/airflow/.local/lib/python3.12/site-packages/airflow/example_dags/example_external_task_marker_dag.py took 0.297 seconds
[2025-10-30T21:06:58.290+0000] {processor.py:161} INFO - Started process (PID=163) to work on /home/airflow/.local/lib/python3.12/site-packages/airflow/example_dags/example_external_task_marker_dag.py
[2025-10-30T21:06:58.293+0000] {processor.py:830} INFO - Processing file /home/airflow/.local/lib/python3.12/site-packages/airflow/example_dags/example_external_task_marker_dag.py for tasks to queue
[2025-10-30T21:06:58.299+0000] {logging_mixin.py:188} INFO - [2025-10-30T21:06:58.298+0000] {dagbag.py:545} INFO - Filling up the DagBag from /home/airflow/.local/lib/python3.12/site-packages/airflow/example_dags/example_external_task_marker_dag.py
[2025-10-30T21:06:58.314+0000] {processor.py:840} INFO - DAG(s) 'example_external_task_marker_child', 'example_external_task_marker_parent' retrieved from /home/airflow/.local/lib/python3.12/site-packages/airflow/example_dags/example_external_task_marker_dag.py
[2025-10-30T21:06:58.370+0000] {logging_mixin.py:188} INFO - [2025-10-30T21:06:58.369+0000] {dag.py:3096} INFO - Sync 2 DAGs
[2025-10-30T21:06:58.395+0000] {logging_mixin.py:188} INFO - [2025-10-30T21:06:58.395+0000] {dag.py:3954} INFO - Setting next_dagrun for example_external_task_marker_child to None, run_after=None
[2025-10-30T21:06:58.406+0000] {logging_mixin.py:188} INFO - [2025-10-30T21:06:58.405+0000] {dag.py:3954} INFO - Setting next_dagrun for example_external_task_marker_parent to None, run_after=None
[2025-10-30T21:06:58.441+0000] {processor.py:183} INFO - Processing /home/airflow/.local/lib/python3.12/site-packages/airflow/example_dags/example_external_task_marker_dag.py took 0.168 seconds
[2025-10-30T21:07:28.725+0000] {processor.py:161} INFO - Started process (PID=225) to work on /home/airflow/.local/lib/python3.12/site-packages/airflow/example_dags/example_external_task_marker_dag.py
[2025-10-30T21:07:28.728+0000] {processor.py:830} INFO - Processing file /home/airflow/.local/lib/python3.12/site-packages/airflow/example_dags/example_external_task_marker_dag.py for tasks to queue
[2025-10-30T21:07:28.733+0000] {logging_mixin.py:188} INFO - [2025-10-30T21:07:28.733+0000] {dagbag.py:545} INFO - Filling up the DagBag from /home/airflow/.local/lib/python3.12/site-packages/airflow/example_dags/example_external_task_marker_dag.py
[2025-10-30T21:07:28.747+0000] {processor.py:840} INFO - DAG(s) 'example_external_task_marker_child', 'example_external_task_marker_parent' retrieved from /home/airflow/.local/lib/python3.12/site-packages/airflow/example_dags/example_external_task_marker_dag.py
[2025-10-30T21:07:28.837+0000] {logging_mixin.py:188} INFO - [2025-10-30T21:07:28.829+0000] {dag.py:3096} INFO - Sync 2 DAGs
[2025-10-30T21:07:28.878+0000] {logging_mixin.py:188} INFO - [2025-10-30T21:07:28.877+0000] {dag.py:3954} INFO - Setting next_dagrun for example_external_task_marker_child to None, run_after=None
[2025-10-30T21:07:28.893+0000] {logging_mixin.py:188} INFO - [2025-10-30T21:07:28.892+0000] {dag.py:3954} INFO - Setting next_dagrun for example_external_task_marker_parent to None, run_after=None
[2025-10-30T21:07:28.932+0000] {processor.py:183} INFO - Processing /home/airflow/.local/lib/python3.12/site-packages/airflow/example_dags/example_external_task_marker_dag.py took 0.221 seconds
[2025-10-30T21:07:59.321+0000] {processor.py:161} INFO - Started process (PID=284) to work on /home/airflow/.local/lib/python3.12/site-packages/airflow/example_dags/example_external_task_marker_dag.py
[2025-10-30T21:07:59.324+0000] {processor.py:830} INFO - Processing file /home/airflow/.local/lib/python3.12/site-packages/airflow/example_dags/example_external_task_marker_dag.py for tasks to queue
[2025-10-30T21:07:59.328+0000] {logging_mixin.py:188} INFO - [2025-10-30T21:07:59.327+0000] {dagbag.py:545} INFO - Filling up the DagBag from /home/airflow/.local/lib/python3.12/site-packages/airflow/example_dags/example_external_task_marker_dag.py
[2025-10-30T21:07:59.341+0000] {processor.py:840} INFO - DAG(s) 'example_external_task_marker_parent', 'example_external_task_marker_child' retrieved from /home/airflow/.local/lib/python3.12/site-packages/airflow/example_dags/example_external_task_marker_dag.py
[2025-10-30T21:07:59.382+0000] {logging_mixin.py:188} INFO - [2025-10-30T21:07:59.382+0000] {dag.py:3096} INFO - Sync 2 DAGs
[2025-10-30T21:07:59.416+0000] {logging_mixin.py:188} INFO - [2025-10-30T21:07:59.415+0000] {dag.py:3954} INFO - Setting next_dagrun for example_external_task_marker_child to None, run_after=None
[2025-10-30T21:07:59.422+0000] {logging_mixin.py:188} INFO - [2025-10-30T21:07:59.422+0000] {dag.py:3954} INFO - Setting next_dagrun for example_external_task_marker_parent to None, run_after=None
[2025-10-30T21:07:59.459+0000] {processor.py:183} INFO - Processing /home/airflow/.local/lib/python3.12/site-packages/airflow/example_dags/example_external_task_marker_dag.py took 0.149 seconds
[2025-10-30T21:08:30.273+0000] {processor.py:161} INFO - Started process (PID=343) to work on /home/airflow/.local/lib/python3.12/site-packages/airflow/example_dags/example_external_task_marker_dag.py
[2025-10-30T21:08:30.275+0000] {processor.py:830} INFO - Processing file /home/airflow/.local/lib/python3.12/site-packages/airflow/example_dags/example_external_task_marker_dag.py for tasks to queue
[2025-10-30T21:08:30.278+0000] {logging_mixin.py:188} INFO - [2025-10-30T21:08:30.277+0000] {dagbag.py:545} INFO - Filling up the DagBag from /home/airflow/.local/lib/python3.12/site-packages/airflow/example_dags/example_external_task_marker_dag.py
[2025-10-30T21:08:30.290+0000] {processor.py:840} INFO - DAG(s) 'example_external_task_marker_child', 'example_external_task_marker_parent' retrieved from /home/airflow/.local/lib/python3.12/site-packages/airflow/example_dags/example_external_task_marker_dag.py
[2025-10-30T21:08:30.350+0000] {logging_mixin.py:188} INFO - [2025-10-30T21:08:30.349+0000] {dag.py:3096} INFO - Sync 2 DAGs
[2025-10-30T21:08:30.378+0000] {logging_mixin.py:188} INFO - [2025-10-30T21:08:30.377+0000] {dag.py:3954} INFO - Setting next_dagrun for example_external_task_marker_child to None, run_after=None
[2025-10-30T21:08:30.384+0000] {logging_mixin.py:188} INFO - [2025-10-30T21:08:30.384+0000] {dag.py:3954} INFO - Setting next_dagrun for example_external_task_marker_parent to None, run_after=None
[2025-10-30T21:08:30.443+0000] {processor.py:183} INFO - Processing /home/airflow/.local/lib/python3.12/site-packages/airflow/example_dags/example_external_task_marker_dag.py took 0.181 seconds
[2025-10-30T21:09:19.956+0000] {processor.py:161} INFO - Started process (PID=414) to work on /home/airflow/.local/lib/python3.12/site-packages/airflow/example_dags/example_external_task_marker_dag.py
[2025-10-30T21:09:19.960+0000] {processor.py:830} INFO - Processing file /home/airflow/.local/lib/python3.12/site-packages/airflow/example_dags/example_external_task_marker_dag.py for tasks to queue
[2025-10-30T21:09:19.967+0000] {logging_mixin.py:188} INFO - [2025-10-30T21:09:19.966+0000] {dagbag.py:545} INFO - Filling up the DagBag from /home/airflow/.local/lib/python3.12/site-packages/airflow/example_dags/example_external_task_marker_dag.py
[2025-10-30T21:09:19.988+0000] {processor.py:840} INFO - DAG(s) 'example_external_task_marker_child', 'example_external_task_marker_parent' retrieved from /home/airflow/.local/lib/python3.12/site-packages/airflow/example_dags/example_external_task_marker_dag.py
[2025-10-30T21:09:20.205+0000] {logging_mixin.py:188} INFO - [2025-10-30T21:09:20.204+0000] {dag.py:3096} INFO - Sync 2 DAGs
[2025-10-30T21:09:20.262+0000] {logging_mixin.py:188} INFO - [2025-10-30T21:09:20.262+0000] {dag.py:3954} INFO - Setting next_dagrun for example_external_task_marker_child to None, run_after=None
[2025-10-30T21:09:20.274+0000] {logging_mixin.py:188} INFO - [2025-10-30T21:09:20.273+0000] {dag.py:3954} INFO - Setting next_dagrun for example_external_task_marker_parent to None, run_after=None
[2025-10-30T21:09:20.326+0000] {processor.py:183} INFO - Processing /home/airflow/.local/lib/python3.12/site-packages/airflow/example_dags/example_external_task_marker_dag.py took 0.394 seconds
