[2025-10-30T20:29:46.775+0000] {processor.py:161} INFO - Started process (PID=105) to work on /home/airflow/.local/lib/python3.12/site-packages/airflow/example_dags/example_setup_teardown.py
[2025-10-30T20:29:46.780+0000] {processor.py:830} INFO - Processing file /home/airflow/.local/lib/python3.12/site-packages/airflow/example_dags/example_setup_teardown.py for tasks to queue
[2025-10-30T20:29:46.787+0000] {logging_mixin.py:188} INFO - [2025-10-30T20:29:46.786+0000] {dagbag.py:545} INFO - Filling up the DagBag from /home/airflow/.local/lib/python3.12/site-packages/airflow/example_dags/example_setup_teardown.py
[2025-10-30T20:29:46.800+0000] {processor.py:840} INFO - DAG(s) 'example_setup_teardown' retrieved from /home/airflow/.local/lib/python3.12/site-packages/airflow/example_dags/example_setup_teardown.py
[2025-10-30T20:29:46.953+0000] {logging_mixin.py:188} INFO - [2025-10-30T20:29:46.952+0000] {dag.py:3096} INFO - Sync 1 DAGs
[2025-10-30T20:29:46.979+0000] {logging_mixin.py:188} INFO - [2025-10-30T20:29:46.978+0000] {dag.py:3954} INFO - Setting next_dagrun for example_setup_teardown to 2025-10-29 00:00:00+00:00, run_after=2025-10-30 00:00:00+00:00
[2025-10-30T20:29:47.004+0000] {processor.py:183} INFO - Processing /home/airflow/.local/lib/python3.12/site-packages/airflow/example_dags/example_setup_teardown.py took 0.238 seconds
[2025-10-30T20:30:17.690+0000] {processor.py:161} INFO - Started process (PID=163) to work on /home/airflow/.local/lib/python3.12/site-packages/airflow/example_dags/example_setup_teardown.py
[2025-10-30T20:30:17.693+0000] {processor.py:830} INFO - Processing file /home/airflow/.local/lib/python3.12/site-packages/airflow/example_dags/example_setup_teardown.py for tasks to queue
[2025-10-30T20:30:17.695+0000] {logging_mixin.py:188} INFO - [2025-10-30T20:30:17.694+0000] {dagbag.py:545} INFO - Filling up the DagBag from /home/airflow/.local/lib/python3.12/site-packages/airflow/example_dags/example_setup_teardown.py
[2025-10-30T20:30:17.706+0000] {processor.py:840} INFO - DAG(s) 'example_setup_teardown' retrieved from /home/airflow/.local/lib/python3.12/site-packages/airflow/example_dags/example_setup_teardown.py
[2025-10-30T20:30:17.731+0000] {logging_mixin.py:188} INFO - [2025-10-30T20:30:17.731+0000] {dag.py:3096} INFO - Sync 1 DAGs
[2025-10-30T20:30:17.759+0000] {logging_mixin.py:188} INFO - [2025-10-30T20:30:17.758+0000] {dag.py:3954} INFO - Setting next_dagrun for example_setup_teardown to 2025-10-29 00:00:00+00:00, run_after=2025-10-30 00:00:00+00:00
[2025-10-30T20:30:17.785+0000] {processor.py:183} INFO - Processing /home/airflow/.local/lib/python3.12/site-packages/airflow/example_dags/example_setup_teardown.py took 0.101 seconds
[2025-10-30T20:30:48.137+0000] {processor.py:161} INFO - Started process (PID=222) to work on /home/airflow/.local/lib/python3.12/site-packages/airflow/example_dags/example_setup_teardown.py
[2025-10-30T20:30:48.139+0000] {processor.py:830} INFO - Processing file /home/airflow/.local/lib/python3.12/site-packages/airflow/example_dags/example_setup_teardown.py for tasks to queue
[2025-10-30T20:30:48.141+0000] {logging_mixin.py:188} INFO - [2025-10-30T20:30:48.141+0000] {dagbag.py:545} INFO - Filling up the DagBag from /home/airflow/.local/lib/python3.12/site-packages/airflow/example_dags/example_setup_teardown.py
[2025-10-30T20:30:48.150+0000] {processor.py:840} INFO - DAG(s) 'example_setup_teardown' retrieved from /home/airflow/.local/lib/python3.12/site-packages/airflow/example_dags/example_setup_teardown.py
[2025-10-30T20:30:48.178+0000] {logging_mixin.py:188} INFO - [2025-10-30T20:30:48.178+0000] {dag.py:3096} INFO - Sync 1 DAGs
[2025-10-30T20:30:48.206+0000] {logging_mixin.py:188} INFO - [2025-10-30T20:30:48.206+0000] {dag.py:3954} INFO - Setting next_dagrun for example_setup_teardown to 2025-10-29 00:00:00+00:00, run_after=2025-10-30 00:00:00+00:00
[2025-10-30T20:30:48.232+0000] {processor.py:183} INFO - Processing /home/airflow/.local/lib/python3.12/site-packages/airflow/example_dags/example_setup_teardown.py took 0.103 seconds
[2025-10-30T20:31:18.990+0000] {processor.py:161} INFO - Started process (PID=280) to work on /home/airflow/.local/lib/python3.12/site-packages/airflow/example_dags/example_setup_teardown.py
[2025-10-30T20:31:18.995+0000] {processor.py:830} INFO - Processing file /home/airflow/.local/lib/python3.12/site-packages/airflow/example_dags/example_setup_teardown.py for tasks to queue
[2025-10-30T20:31:18.998+0000] {logging_mixin.py:188} INFO - [2025-10-30T20:31:18.997+0000] {dagbag.py:545} INFO - Filling up the DagBag from /home/airflow/.local/lib/python3.12/site-packages/airflow/example_dags/example_setup_teardown.py
[2025-10-30T20:31:19.016+0000] {processor.py:840} INFO - DAG(s) 'example_setup_teardown' retrieved from /home/airflow/.local/lib/python3.12/site-packages/airflow/example_dags/example_setup_teardown.py
[2025-10-30T20:31:19.058+0000] {logging_mixin.py:188} INFO - [2025-10-30T20:31:19.057+0000] {dag.py:3096} INFO - Sync 1 DAGs
[2025-10-30T20:31:19.095+0000] {logging_mixin.py:188} INFO - [2025-10-30T20:31:19.094+0000] {dag.py:3954} INFO - Setting next_dagrun for example_setup_teardown to 2025-10-29 00:00:00+00:00, run_after=2025-10-30 00:00:00+00:00
[2025-10-30T20:31:19.133+0000] {processor.py:183} INFO - Processing /home/airflow/.local/lib/python3.12/site-packages/airflow/example_dags/example_setup_teardown.py took 0.151 seconds
[2025-10-30T20:31:50.094+0000] {processor.py:161} INFO - Started process (PID=338) to work on /home/airflow/.local/lib/python3.12/site-packages/airflow/example_dags/example_setup_teardown.py
[2025-10-30T20:31:50.097+0000] {processor.py:830} INFO - Processing file /home/airflow/.local/lib/python3.12/site-packages/airflow/example_dags/example_setup_teardown.py for tasks to queue
[2025-10-30T20:31:50.101+0000] {logging_mixin.py:188} INFO - [2025-10-30T20:31:50.101+0000] {dagbag.py:545} INFO - Filling up the DagBag from /home/airflow/.local/lib/python3.12/site-packages/airflow/example_dags/example_setup_teardown.py
[2025-10-30T20:31:50.120+0000] {processor.py:840} INFO - DAG(s) 'example_setup_teardown' retrieved from /home/airflow/.local/lib/python3.12/site-packages/airflow/example_dags/example_setup_teardown.py
[2025-10-30T20:31:50.175+0000] {logging_mixin.py:188} INFO - [2025-10-30T20:31:50.174+0000] {dag.py:3096} INFO - Sync 1 DAGs
[2025-10-30T20:31:50.229+0000] {logging_mixin.py:188} INFO - [2025-10-30T20:31:50.229+0000] {dag.py:3954} INFO - Setting next_dagrun for example_setup_teardown to 2025-10-29 00:00:00+00:00, run_after=2025-10-30 00:00:00+00:00
[2025-10-30T20:31:50.279+0000] {processor.py:183} INFO - Processing /home/airflow/.local/lib/python3.12/site-packages/airflow/example_dags/example_setup_teardown.py took 0.198 seconds
[2025-10-30T20:32:20.716+0000] {processor.py:161} INFO - Started process (PID=396) to work on /home/airflow/.local/lib/python3.12/site-packages/airflow/example_dags/example_setup_teardown.py
[2025-10-30T20:32:20.718+0000] {processor.py:830} INFO - Processing file /home/airflow/.local/lib/python3.12/site-packages/airflow/example_dags/example_setup_teardown.py for tasks to queue
[2025-10-30T20:32:20.721+0000] {logging_mixin.py:188} INFO - [2025-10-30T20:32:20.721+0000] {dagbag.py:545} INFO - Filling up the DagBag from /home/airflow/.local/lib/python3.12/site-packages/airflow/example_dags/example_setup_teardown.py
[2025-10-30T20:32:20.731+0000] {processor.py:840} INFO - DAG(s) 'example_setup_teardown' retrieved from /home/airflow/.local/lib/python3.12/site-packages/airflow/example_dags/example_setup_teardown.py
[2025-10-30T20:32:20.760+0000] {logging_mixin.py:188} INFO - [2025-10-30T20:32:20.759+0000] {dag.py:3096} INFO - Sync 1 DAGs
[2025-10-30T20:32:20.786+0000] {logging_mixin.py:188} INFO - [2025-10-30T20:32:20.786+0000] {dag.py:3954} INFO - Setting next_dagrun for example_setup_teardown to 2025-10-29 00:00:00+00:00, run_after=2025-10-30 00:00:00+00:00
[2025-10-30T20:32:20.809+0000] {processor.py:183} INFO - Processing /home/airflow/.local/lib/python3.12/site-packages/airflow/example_dags/example_setup_teardown.py took 0.101 seconds
[2025-10-30T20:32:51.260+0000] {processor.py:161} INFO - Started process (PID=454) to work on /home/airflow/.local/lib/python3.12/site-packages/airflow/example_dags/example_setup_teardown.py
[2025-10-30T20:32:51.263+0000] {processor.py:830} INFO - Processing file /home/airflow/.local/lib/python3.12/site-packages/airflow/example_dags/example_setup_teardown.py for tasks to queue
[2025-10-30T20:32:51.268+0000] {logging_mixin.py:188} INFO - [2025-10-30T20:32:51.267+0000] {dagbag.py:545} INFO - Filling up the DagBag from /home/airflow/.local/lib/python3.12/site-packages/airflow/example_dags/example_setup_teardown.py
[2025-10-30T20:32:51.276+0000] {processor.py:840} INFO - DAG(s) 'example_setup_teardown' retrieved from /home/airflow/.local/lib/python3.12/site-packages/airflow/example_dags/example_setup_teardown.py
[2025-10-30T20:32:51.306+0000] {logging_mixin.py:188} INFO - [2025-10-30T20:32:51.306+0000] {dag.py:3096} INFO - Sync 1 DAGs
[2025-10-30T20:32:51.343+0000] {logging_mixin.py:188} INFO - [2025-10-30T20:32:51.343+0000] {dag.py:3954} INFO - Setting next_dagrun for example_setup_teardown to 2025-10-29 00:00:00+00:00, run_after=2025-10-30 00:00:00+00:00
[2025-10-30T20:32:51.378+0000] {processor.py:183} INFO - Processing /home/airflow/.local/lib/python3.12/site-packages/airflow/example_dags/example_setup_teardown.py took 0.125 seconds
[2025-10-30T20:33:21.616+0000] {processor.py:161} INFO - Started process (PID=512) to work on /home/airflow/.local/lib/python3.12/site-packages/airflow/example_dags/example_setup_teardown.py
[2025-10-30T20:33:21.618+0000] {processor.py:830} INFO - Processing file /home/airflow/.local/lib/python3.12/site-packages/airflow/example_dags/example_setup_teardown.py for tasks to queue
[2025-10-30T20:33:21.620+0000] {logging_mixin.py:188} INFO - [2025-10-30T20:33:21.620+0000] {dagbag.py:545} INFO - Filling up the DagBag from /home/airflow/.local/lib/python3.12/site-packages/airflow/example_dags/example_setup_teardown.py
[2025-10-30T20:33:21.629+0000] {processor.py:840} INFO - DAG(s) 'example_setup_teardown' retrieved from /home/airflow/.local/lib/python3.12/site-packages/airflow/example_dags/example_setup_teardown.py
[2025-10-30T20:33:21.659+0000] {logging_mixin.py:188} INFO - [2025-10-30T20:33:21.659+0000] {dag.py:3096} INFO - Sync 1 DAGs
[2025-10-30T20:33:21.685+0000] {logging_mixin.py:188} INFO - [2025-10-30T20:33:21.685+0000] {dag.py:3954} INFO - Setting next_dagrun for example_setup_teardown to 2025-10-29 00:00:00+00:00, run_after=2025-10-30 00:00:00+00:00
[2025-10-30T20:33:21.715+0000] {processor.py:183} INFO - Processing /home/airflow/.local/lib/python3.12/site-packages/airflow/example_dags/example_setup_teardown.py took 0.108 seconds
[2025-10-30T20:33:52.506+0000] {processor.py:161} INFO - Started process (PID=570) to work on /home/airflow/.local/lib/python3.12/site-packages/airflow/example_dags/example_setup_teardown.py
[2025-10-30T20:33:52.508+0000] {processor.py:830} INFO - Processing file /home/airflow/.local/lib/python3.12/site-packages/airflow/example_dags/example_setup_teardown.py for tasks to queue
[2025-10-30T20:33:52.512+0000] {logging_mixin.py:188} INFO - [2025-10-30T20:33:52.511+0000] {dagbag.py:545} INFO - Filling up the DagBag from /home/airflow/.local/lib/python3.12/site-packages/airflow/example_dags/example_setup_teardown.py
[2025-10-30T20:33:52.523+0000] {processor.py:840} INFO - DAG(s) 'example_setup_teardown' retrieved from /home/airflow/.local/lib/python3.12/site-packages/airflow/example_dags/example_setup_teardown.py
[2025-10-30T20:33:52.553+0000] {logging_mixin.py:188} INFO - [2025-10-30T20:33:52.553+0000] {dag.py:3096} INFO - Sync 1 DAGs
[2025-10-30T20:33:52.580+0000] {logging_mixin.py:188} INFO - [2025-10-30T20:33:52.580+0000] {dag.py:3954} INFO - Setting next_dagrun for example_setup_teardown to 2025-10-29 00:00:00+00:00, run_after=2025-10-30 00:00:00+00:00
[2025-10-30T20:33:52.610+0000] {processor.py:183} INFO - Processing /home/airflow/.local/lib/python3.12/site-packages/airflow/example_dags/example_setup_teardown.py took 0.113 seconds
[2025-10-30T20:34:22.912+0000] {processor.py:161} INFO - Started process (PID=628) to work on /home/airflow/.local/lib/python3.12/site-packages/airflow/example_dags/example_setup_teardown.py
[2025-10-30T20:34:22.917+0000] {processor.py:830} INFO - Processing file /home/airflow/.local/lib/python3.12/site-packages/airflow/example_dags/example_setup_teardown.py for tasks to queue
[2025-10-30T20:34:22.921+0000] {logging_mixin.py:188} INFO - [2025-10-30T20:34:22.920+0000] {dagbag.py:545} INFO - Filling up the DagBag from /home/airflow/.local/lib/python3.12/site-packages/airflow/example_dags/example_setup_teardown.py
[2025-10-30T20:34:22.933+0000] {processor.py:840} INFO - DAG(s) 'example_setup_teardown' retrieved from /home/airflow/.local/lib/python3.12/site-packages/airflow/example_dags/example_setup_teardown.py
[2025-10-30T20:34:22.967+0000] {logging_mixin.py:188} INFO - [2025-10-30T20:34:22.967+0000] {dag.py:3096} INFO - Sync 1 DAGs
[2025-10-30T20:34:22.994+0000] {logging_mixin.py:188} INFO - [2025-10-30T20:34:22.994+0000] {dag.py:3954} INFO - Setting next_dagrun for example_setup_teardown to 2025-10-29 00:00:00+00:00, run_after=2025-10-30 00:00:00+00:00
[2025-10-30T20:34:23.022+0000] {processor.py:183} INFO - Processing /home/airflow/.local/lib/python3.12/site-packages/airflow/example_dags/example_setup_teardown.py took 0.119 seconds
[2025-10-30T20:34:53.448+0000] {processor.py:161} INFO - Started process (PID=686) to work on /home/airflow/.local/lib/python3.12/site-packages/airflow/example_dags/example_setup_teardown.py
[2025-10-30T20:34:53.449+0000] {processor.py:830} INFO - Processing file /home/airflow/.local/lib/python3.12/site-packages/airflow/example_dags/example_setup_teardown.py for tasks to queue
[2025-10-30T20:34:53.452+0000] {logging_mixin.py:188} INFO - [2025-10-30T20:34:53.451+0000] {dagbag.py:545} INFO - Filling up the DagBag from /home/airflow/.local/lib/python3.12/site-packages/airflow/example_dags/example_setup_teardown.py
[2025-10-30T20:34:53.463+0000] {processor.py:840} INFO - DAG(s) 'example_setup_teardown' retrieved from /home/airflow/.local/lib/python3.12/site-packages/airflow/example_dags/example_setup_teardown.py
[2025-10-30T20:34:53.495+0000] {logging_mixin.py:188} INFO - [2025-10-30T20:34:53.494+0000] {dag.py:3096} INFO - Sync 1 DAGs
[2025-10-30T20:34:53.527+0000] {logging_mixin.py:188} INFO - [2025-10-30T20:34:53.526+0000] {dag.py:3954} INFO - Setting next_dagrun for example_setup_teardown to 2025-10-29 00:00:00+00:00, run_after=2025-10-30 00:00:00+00:00
[2025-10-30T20:34:53.549+0000] {processor.py:183} INFO - Processing /home/airflow/.local/lib/python3.12/site-packages/airflow/example_dags/example_setup_teardown.py took 0.109 seconds
[2025-10-30T20:35:23.953+0000] {processor.py:161} INFO - Started process (PID=744) to work on /home/airflow/.local/lib/python3.12/site-packages/airflow/example_dags/example_setup_teardown.py
[2025-10-30T20:35:23.954+0000] {processor.py:830} INFO - Processing file /home/airflow/.local/lib/python3.12/site-packages/airflow/example_dags/example_setup_teardown.py for tasks to queue
[2025-10-30T20:35:23.957+0000] {logging_mixin.py:188} INFO - [2025-10-30T20:35:23.956+0000] {dagbag.py:545} INFO - Filling up the DagBag from /home/airflow/.local/lib/python3.12/site-packages/airflow/example_dags/example_setup_teardown.py
[2025-10-30T20:35:23.968+0000] {processor.py:840} INFO - DAG(s) 'example_setup_teardown' retrieved from /home/airflow/.local/lib/python3.12/site-packages/airflow/example_dags/example_setup_teardown.py
[2025-10-30T20:35:23.995+0000] {logging_mixin.py:188} INFO - [2025-10-30T20:35:23.994+0000] {dag.py:3096} INFO - Sync 1 DAGs
[2025-10-30T20:35:24.022+0000] {logging_mixin.py:188} INFO - [2025-10-30T20:35:24.022+0000] {dag.py:3954} INFO - Setting next_dagrun for example_setup_teardown to 2025-10-29 00:00:00+00:00, run_after=2025-10-30 00:00:00+00:00
[2025-10-30T20:35:24.046+0000] {processor.py:183} INFO - Processing /home/airflow/.local/lib/python3.12/site-packages/airflow/example_dags/example_setup_teardown.py took 0.100 seconds
[2025-10-30T20:35:54.824+0000] {processor.py:161} INFO - Started process (PID=802) to work on /home/airflow/.local/lib/python3.12/site-packages/airflow/example_dags/example_setup_teardown.py
[2025-10-30T20:35:54.826+0000] {processor.py:830} INFO - Processing file /home/airflow/.local/lib/python3.12/site-packages/airflow/example_dags/example_setup_teardown.py for tasks to queue
[2025-10-30T20:35:54.828+0000] {logging_mixin.py:188} INFO - [2025-10-30T20:35:54.828+0000] {dagbag.py:545} INFO - Filling up the DagBag from /home/airflow/.local/lib/python3.12/site-packages/airflow/example_dags/example_setup_teardown.py
[2025-10-30T20:35:54.838+0000] {processor.py:840} INFO - DAG(s) 'example_setup_teardown' retrieved from /home/airflow/.local/lib/python3.12/site-packages/airflow/example_dags/example_setup_teardown.py
[2025-10-30T20:35:54.870+0000] {logging_mixin.py:188} INFO - [2025-10-30T20:35:54.870+0000] {dag.py:3096} INFO - Sync 1 DAGs
[2025-10-30T20:35:54.897+0000] {logging_mixin.py:188} INFO - [2025-10-30T20:35:54.897+0000] {dag.py:3954} INFO - Setting next_dagrun for example_setup_teardown to 2025-10-29 00:00:00+00:00, run_after=2025-10-30 00:00:00+00:00
[2025-10-30T20:35:54.929+0000] {processor.py:183} INFO - Processing /home/airflow/.local/lib/python3.12/site-packages/airflow/example_dags/example_setup_teardown.py took 0.113 seconds
[2025-10-30T20:36:25.328+0000] {processor.py:161} INFO - Started process (PID=860) to work on /home/airflow/.local/lib/python3.12/site-packages/airflow/example_dags/example_setup_teardown.py
[2025-10-30T20:36:25.329+0000] {processor.py:830} INFO - Processing file /home/airflow/.local/lib/python3.12/site-packages/airflow/example_dags/example_setup_teardown.py for tasks to queue
[2025-10-30T20:36:25.331+0000] {logging_mixin.py:188} INFO - [2025-10-30T20:36:25.331+0000] {dagbag.py:545} INFO - Filling up the DagBag from /home/airflow/.local/lib/python3.12/site-packages/airflow/example_dags/example_setup_teardown.py
[2025-10-30T20:36:25.339+0000] {processor.py:840} INFO - DAG(s) 'example_setup_teardown' retrieved from /home/airflow/.local/lib/python3.12/site-packages/airflow/example_dags/example_setup_teardown.py
[2025-10-30T20:36:25.363+0000] {logging_mixin.py:188} INFO - [2025-10-30T20:36:25.363+0000] {dag.py:3096} INFO - Sync 1 DAGs
[2025-10-30T20:36:25.390+0000] {logging_mixin.py:188} INFO - [2025-10-30T20:36:25.390+0000] {dag.py:3954} INFO - Setting next_dagrun for example_setup_teardown to 2025-10-29 00:00:00+00:00, run_after=2025-10-30 00:00:00+00:00
[2025-10-30T20:36:25.418+0000] {processor.py:183} INFO - Processing /home/airflow/.local/lib/python3.12/site-packages/airflow/example_dags/example_setup_teardown.py took 0.097 seconds
[2025-10-30T20:36:55.610+0000] {processor.py:161} INFO - Started process (PID=918) to work on /home/airflow/.local/lib/python3.12/site-packages/airflow/example_dags/example_setup_teardown.py
[2025-10-30T20:36:55.612+0000] {processor.py:830} INFO - Processing file /home/airflow/.local/lib/python3.12/site-packages/airflow/example_dags/example_setup_teardown.py for tasks to queue
[2025-10-30T20:36:55.618+0000] {logging_mixin.py:188} INFO - [2025-10-30T20:36:55.618+0000] {dagbag.py:545} INFO - Filling up the DagBag from /home/airflow/.local/lib/python3.12/site-packages/airflow/example_dags/example_setup_teardown.py
[2025-10-30T20:36:55.632+0000] {processor.py:840} INFO - DAG(s) 'example_setup_teardown' retrieved from /home/airflow/.local/lib/python3.12/site-packages/airflow/example_dags/example_setup_teardown.py
[2025-10-30T20:36:55.674+0000] {logging_mixin.py:188} INFO - [2025-10-30T20:36:55.673+0000] {dag.py:3096} INFO - Sync 1 DAGs
[2025-10-30T20:36:55.708+0000] {logging_mixin.py:188} INFO - [2025-10-30T20:36:55.707+0000] {dag.py:3954} INFO - Setting next_dagrun for example_setup_teardown to 2025-10-29 00:00:00+00:00, run_after=2025-10-30 00:00:00+00:00
[2025-10-30T20:36:55.733+0000] {processor.py:183} INFO - Processing /home/airflow/.local/lib/python3.12/site-packages/airflow/example_dags/example_setup_teardown.py took 0.134 seconds
[2025-10-30T20:37:25.995+0000] {processor.py:161} INFO - Started process (PID=976) to work on /home/airflow/.local/lib/python3.12/site-packages/airflow/example_dags/example_setup_teardown.py
[2025-10-30T20:37:25.997+0000] {processor.py:830} INFO - Processing file /home/airflow/.local/lib/python3.12/site-packages/airflow/example_dags/example_setup_teardown.py for tasks to queue
[2025-10-30T20:37:25.999+0000] {logging_mixin.py:188} INFO - [2025-10-30T20:37:25.999+0000] {dagbag.py:545} INFO - Filling up the DagBag from /home/airflow/.local/lib/python3.12/site-packages/airflow/example_dags/example_setup_teardown.py
[2025-10-30T20:37:26.011+0000] {processor.py:840} INFO - DAG(s) 'example_setup_teardown' retrieved from /home/airflow/.local/lib/python3.12/site-packages/airflow/example_dags/example_setup_teardown.py
[2025-10-30T20:37:26.045+0000] {logging_mixin.py:188} INFO - [2025-10-30T20:37:26.045+0000] {dag.py:3096} INFO - Sync 1 DAGs
[2025-10-30T20:37:26.079+0000] {logging_mixin.py:188} INFO - [2025-10-30T20:37:26.079+0000] {dag.py:3954} INFO - Setting next_dagrun for example_setup_teardown to 2025-10-29 00:00:00+00:00, run_after=2025-10-30 00:00:00+00:00
[2025-10-30T20:37:26.124+0000] {processor.py:183} INFO - Processing /home/airflow/.local/lib/python3.12/site-packages/airflow/example_dags/example_setup_teardown.py took 0.141 seconds
[2025-10-30T20:37:57.049+0000] {processor.py:161} INFO - Started process (PID=1034) to work on /home/airflow/.local/lib/python3.12/site-packages/airflow/example_dags/example_setup_teardown.py
[2025-10-30T20:37:57.050+0000] {processor.py:830} INFO - Processing file /home/airflow/.local/lib/python3.12/site-packages/airflow/example_dags/example_setup_teardown.py for tasks to queue
[2025-10-30T20:37:57.053+0000] {logging_mixin.py:188} INFO - [2025-10-30T20:37:57.052+0000] {dagbag.py:545} INFO - Filling up the DagBag from /home/airflow/.local/lib/python3.12/site-packages/airflow/example_dags/example_setup_teardown.py
[2025-10-30T20:37:57.061+0000] {processor.py:840} INFO - DAG(s) 'example_setup_teardown' retrieved from /home/airflow/.local/lib/python3.12/site-packages/airflow/example_dags/example_setup_teardown.py
[2025-10-30T20:37:57.087+0000] {logging_mixin.py:188} INFO - [2025-10-30T20:37:57.087+0000] {dag.py:3096} INFO - Sync 1 DAGs
[2025-10-30T20:37:57.113+0000] {logging_mixin.py:188} INFO - [2025-10-30T20:37:57.113+0000] {dag.py:3954} INFO - Setting next_dagrun for example_setup_teardown to 2025-10-29 00:00:00+00:00, run_after=2025-10-30 00:00:00+00:00
[2025-10-30T20:37:57.138+0000] {processor.py:183} INFO - Processing /home/airflow/.local/lib/python3.12/site-packages/airflow/example_dags/example_setup_teardown.py took 0.097 seconds
[2025-10-30T20:38:27.786+0000] {processor.py:161} INFO - Started process (PID=1092) to work on /home/airflow/.local/lib/python3.12/site-packages/airflow/example_dags/example_setup_teardown.py
[2025-10-30T20:38:27.789+0000] {processor.py:830} INFO - Processing file /home/airflow/.local/lib/python3.12/site-packages/airflow/example_dags/example_setup_teardown.py for tasks to queue
[2025-10-30T20:38:27.792+0000] {logging_mixin.py:188} INFO - [2025-10-30T20:38:27.792+0000] {dagbag.py:545} INFO - Filling up the DagBag from /home/airflow/.local/lib/python3.12/site-packages/airflow/example_dags/example_setup_teardown.py
[2025-10-30T20:38:27.804+0000] {processor.py:840} INFO - DAG(s) 'example_setup_teardown' retrieved from /home/airflow/.local/lib/python3.12/site-packages/airflow/example_dags/example_setup_teardown.py
[2025-10-30T20:38:27.836+0000] {logging_mixin.py:188} INFO - [2025-10-30T20:38:27.836+0000] {dag.py:3096} INFO - Sync 1 DAGs
[2025-10-30T20:38:27.871+0000] {logging_mixin.py:188} INFO - [2025-10-30T20:38:27.871+0000] {dag.py:3954} INFO - Setting next_dagrun for example_setup_teardown to 2025-10-29 00:00:00+00:00, run_after=2025-10-30 00:00:00+00:00
[2025-10-30T20:38:27.899+0000] {processor.py:183} INFO - Processing /home/airflow/.local/lib/python3.12/site-packages/airflow/example_dags/example_setup_teardown.py took 0.122 seconds
[2025-10-30T20:38:58.072+0000] {processor.py:161} INFO - Started process (PID=1150) to work on /home/airflow/.local/lib/python3.12/site-packages/airflow/example_dags/example_setup_teardown.py
[2025-10-30T20:38:58.073+0000] {processor.py:830} INFO - Processing file /home/airflow/.local/lib/python3.12/site-packages/airflow/example_dags/example_setup_teardown.py for tasks to queue
[2025-10-30T20:38:58.079+0000] {logging_mixin.py:188} INFO - [2025-10-30T20:38:58.079+0000] {dagbag.py:545} INFO - Filling up the DagBag from /home/airflow/.local/lib/python3.12/site-packages/airflow/example_dags/example_setup_teardown.py
[2025-10-30T20:38:58.088+0000] {processor.py:840} INFO - DAG(s) 'example_setup_teardown' retrieved from /home/airflow/.local/lib/python3.12/site-packages/airflow/example_dags/example_setup_teardown.py
[2025-10-30T20:38:58.117+0000] {logging_mixin.py:188} INFO - [2025-10-30T20:38:58.117+0000] {dag.py:3096} INFO - Sync 1 DAGs
[2025-10-30T20:38:58.144+0000] {logging_mixin.py:188} INFO - [2025-10-30T20:38:58.144+0000] {dag.py:3954} INFO - Setting next_dagrun for example_setup_teardown to 2025-10-29 00:00:00+00:00, run_after=2025-10-30 00:00:00+00:00
[2025-10-30T20:38:58.168+0000] {processor.py:183} INFO - Processing /home/airflow/.local/lib/python3.12/site-packages/airflow/example_dags/example_setup_teardown.py took 0.104 seconds
[2025-10-30T20:39:28.360+0000] {processor.py:161} INFO - Started process (PID=1209) to work on /home/airflow/.local/lib/python3.12/site-packages/airflow/example_dags/example_setup_teardown.py
[2025-10-30T20:39:28.364+0000] {processor.py:830} INFO - Processing file /home/airflow/.local/lib/python3.12/site-packages/airflow/example_dags/example_setup_teardown.py for tasks to queue
[2025-10-30T20:39:28.367+0000] {logging_mixin.py:188} INFO - [2025-10-30T20:39:28.366+0000] {dagbag.py:545} INFO - Filling up the DagBag from /home/airflow/.local/lib/python3.12/site-packages/airflow/example_dags/example_setup_teardown.py
[2025-10-30T20:39:28.375+0000] {processor.py:840} INFO - DAG(s) 'example_setup_teardown' retrieved from /home/airflow/.local/lib/python3.12/site-packages/airflow/example_dags/example_setup_teardown.py
[2025-10-30T20:39:28.400+0000] {logging_mixin.py:188} INFO - [2025-10-30T20:39:28.400+0000] {dag.py:3096} INFO - Sync 1 DAGs
[2025-10-30T20:39:28.427+0000] {logging_mixin.py:188} INFO - [2025-10-30T20:39:28.427+0000] {dag.py:3954} INFO - Setting next_dagrun for example_setup_teardown to 2025-10-29 00:00:00+00:00, run_after=2025-10-30 00:00:00+00:00
[2025-10-30T20:39:28.454+0000] {processor.py:183} INFO - Processing /home/airflow/.local/lib/python3.12/site-packages/airflow/example_dags/example_setup_teardown.py took 0.102 seconds
[2025-10-30T20:39:58.764+0000] {processor.py:161} INFO - Started process (PID=1267) to work on /home/airflow/.local/lib/python3.12/site-packages/airflow/example_dags/example_setup_teardown.py
[2025-10-30T20:39:58.766+0000] {processor.py:830} INFO - Processing file /home/airflow/.local/lib/python3.12/site-packages/airflow/example_dags/example_setup_teardown.py for tasks to queue
[2025-10-30T20:39:58.769+0000] {logging_mixin.py:188} INFO - [2025-10-30T20:39:58.769+0000] {dagbag.py:545} INFO - Filling up the DagBag from /home/airflow/.local/lib/python3.12/site-packages/airflow/example_dags/example_setup_teardown.py
[2025-10-30T20:39:58.781+0000] {processor.py:840} INFO - DAG(s) 'example_setup_teardown' retrieved from /home/airflow/.local/lib/python3.12/site-packages/airflow/example_dags/example_setup_teardown.py
[2025-10-30T20:39:58.820+0000] {logging_mixin.py:188} INFO - [2025-10-30T20:39:58.820+0000] {dag.py:3096} INFO - Sync 1 DAGs
[2025-10-30T20:39:58.866+0000] {logging_mixin.py:188} INFO - [2025-10-30T20:39:58.866+0000] {dag.py:3954} INFO - Setting next_dagrun for example_setup_teardown to 2025-10-29 00:00:00+00:00, run_after=2025-10-30 00:00:00+00:00
[2025-10-30T20:39:58.908+0000] {processor.py:183} INFO - Processing /home/airflow/.local/lib/python3.12/site-packages/airflow/example_dags/example_setup_teardown.py took 0.153 seconds
[2025-10-30T20:40:29.696+0000] {processor.py:161} INFO - Started process (PID=1325) to work on /home/airflow/.local/lib/python3.12/site-packages/airflow/example_dags/example_setup_teardown.py
[2025-10-30T20:40:29.697+0000] {processor.py:830} INFO - Processing file /home/airflow/.local/lib/python3.12/site-packages/airflow/example_dags/example_setup_teardown.py for tasks to queue
[2025-10-30T20:40:29.700+0000] {logging_mixin.py:188} INFO - [2025-10-30T20:40:29.700+0000] {dagbag.py:545} INFO - Filling up the DagBag from /home/airflow/.local/lib/python3.12/site-packages/airflow/example_dags/example_setup_teardown.py
[2025-10-30T20:40:29.709+0000] {processor.py:840} INFO - DAG(s) 'example_setup_teardown' retrieved from /home/airflow/.local/lib/python3.12/site-packages/airflow/example_dags/example_setup_teardown.py
[2025-10-30T20:40:29.738+0000] {logging_mixin.py:188} INFO - [2025-10-30T20:40:29.738+0000] {dag.py:3096} INFO - Sync 1 DAGs
[2025-10-30T20:40:29.771+0000] {logging_mixin.py:188} INFO - [2025-10-30T20:40:29.771+0000] {dag.py:3954} INFO - Setting next_dagrun for example_setup_teardown to 2025-10-29 00:00:00+00:00, run_after=2025-10-30 00:00:00+00:00
[2025-10-30T20:40:29.807+0000] {processor.py:183} INFO - Processing /home/airflow/.local/lib/python3.12/site-packages/airflow/example_dags/example_setup_teardown.py took 0.120 seconds
[2025-10-30T20:40:59.869+0000] {processor.py:161} INFO - Started process (PID=1383) to work on /home/airflow/.local/lib/python3.12/site-packages/airflow/example_dags/example_setup_teardown.py
[2025-10-30T20:40:59.872+0000] {processor.py:830} INFO - Processing file /home/airflow/.local/lib/python3.12/site-packages/airflow/example_dags/example_setup_teardown.py for tasks to queue
[2025-10-30T20:40:59.879+0000] {logging_mixin.py:188} INFO - [2025-10-30T20:40:59.877+0000] {dagbag.py:545} INFO - Filling up the DagBag from /home/airflow/.local/lib/python3.12/site-packages/airflow/example_dags/example_setup_teardown.py
[2025-10-30T20:40:59.903+0000] {processor.py:840} INFO - DAG(s) 'example_setup_teardown' retrieved from /home/airflow/.local/lib/python3.12/site-packages/airflow/example_dags/example_setup_teardown.py
[2025-10-30T20:40:59.957+0000] {logging_mixin.py:188} INFO - [2025-10-30T20:40:59.956+0000] {dag.py:3096} INFO - Sync 1 DAGs
[2025-10-30T20:41:00.017+0000] {logging_mixin.py:188} INFO - [2025-10-30T20:41:00.017+0000] {dag.py:3954} INFO - Setting next_dagrun for example_setup_teardown to 2025-10-29 00:00:00+00:00, run_after=2025-10-30 00:00:00+00:00
[2025-10-30T20:41:00.060+0000] {processor.py:183} INFO - Processing /home/airflow/.local/lib/python3.12/site-packages/airflow/example_dags/example_setup_teardown.py took 0.199 seconds
[2025-10-30T20:41:31.763+0000] {processor.py:161} INFO - Started process (PID=1441) to work on /home/airflow/.local/lib/python3.12/site-packages/airflow/example_dags/example_setup_teardown.py
[2025-10-30T20:41:31.769+0000] {processor.py:830} INFO - Processing file /home/airflow/.local/lib/python3.12/site-packages/airflow/example_dags/example_setup_teardown.py for tasks to queue
[2025-10-30T20:41:31.773+0000] {logging_mixin.py:188} INFO - [2025-10-30T20:41:31.772+0000] {dagbag.py:545} INFO - Filling up the DagBag from /home/airflow/.local/lib/python3.12/site-packages/airflow/example_dags/example_setup_teardown.py
[2025-10-30T20:41:31.786+0000] {processor.py:840} INFO - DAG(s) 'example_setup_teardown' retrieved from /home/airflow/.local/lib/python3.12/site-packages/airflow/example_dags/example_setup_teardown.py
[2025-10-30T20:41:31.835+0000] {logging_mixin.py:188} INFO - [2025-10-30T20:41:31.835+0000] {dag.py:3096} INFO - Sync 1 DAGs
[2025-10-30T20:41:32.068+0000] {logging_mixin.py:188} INFO - [2025-10-30T20:41:32.067+0000] {dag.py:3954} INFO - Setting next_dagrun for example_setup_teardown to 2025-10-29 00:00:00+00:00, run_after=2025-10-30 00:00:00+00:00
[2025-10-30T20:41:32.105+0000] {processor.py:183} INFO - Processing /home/airflow/.local/lib/python3.12/site-packages/airflow/example_dags/example_setup_teardown.py took 0.352 seconds
[2025-10-30T20:42:02.462+0000] {processor.py:161} INFO - Started process (PID=1498) to work on /home/airflow/.local/lib/python3.12/site-packages/airflow/example_dags/example_setup_teardown.py
[2025-10-30T20:42:02.464+0000] {processor.py:830} INFO - Processing file /home/airflow/.local/lib/python3.12/site-packages/airflow/example_dags/example_setup_teardown.py for tasks to queue
[2025-10-30T20:42:02.467+0000] {logging_mixin.py:188} INFO - [2025-10-30T20:42:02.467+0000] {dagbag.py:545} INFO - Filling up the DagBag from /home/airflow/.local/lib/python3.12/site-packages/airflow/example_dags/example_setup_teardown.py
[2025-10-30T20:42:02.476+0000] {processor.py:840} INFO - DAG(s) 'example_setup_teardown' retrieved from /home/airflow/.local/lib/python3.12/site-packages/airflow/example_dags/example_setup_teardown.py
[2025-10-30T20:42:02.513+0000] {logging_mixin.py:188} INFO - [2025-10-30T20:42:02.513+0000] {dag.py:3096} INFO - Sync 1 DAGs
[2025-10-30T20:42:02.548+0000] {logging_mixin.py:188} INFO - [2025-10-30T20:42:02.547+0000] {dag.py:3954} INFO - Setting next_dagrun for example_setup_teardown to 2025-10-29 00:00:00+00:00, run_after=2025-10-30 00:00:00+00:00
[2025-10-30T20:42:02.760+0000] {processor.py:183} INFO - Processing /home/airflow/.local/lib/python3.12/site-packages/airflow/example_dags/example_setup_teardown.py took 0.306 seconds
[2025-10-30T20:42:33.289+0000] {processor.py:161} INFO - Started process (PID=1556) to work on /home/airflow/.local/lib/python3.12/site-packages/airflow/example_dags/example_setup_teardown.py
[2025-10-30T20:42:33.290+0000] {processor.py:830} INFO - Processing file /home/airflow/.local/lib/python3.12/site-packages/airflow/example_dags/example_setup_teardown.py for tasks to queue
[2025-10-30T20:42:33.293+0000] {logging_mixin.py:188} INFO - [2025-10-30T20:42:33.292+0000] {dagbag.py:545} INFO - Filling up the DagBag from /home/airflow/.local/lib/python3.12/site-packages/airflow/example_dags/example_setup_teardown.py
[2025-10-30T20:42:33.302+0000] {processor.py:840} INFO - DAG(s) 'example_setup_teardown' retrieved from /home/airflow/.local/lib/python3.12/site-packages/airflow/example_dags/example_setup_teardown.py
[2025-10-30T20:42:33.328+0000] {logging_mixin.py:188} INFO - [2025-10-30T20:42:33.328+0000] {dag.py:3096} INFO - Sync 1 DAGs
[2025-10-30T20:42:33.364+0000] {logging_mixin.py:188} INFO - [2025-10-30T20:42:33.364+0000] {dag.py:3954} INFO - Setting next_dagrun for example_setup_teardown to 2025-10-29 00:00:00+00:00, run_after=2025-10-30 00:00:00+00:00
[2025-10-30T20:42:33.399+0000] {processor.py:183} INFO - Processing /home/airflow/.local/lib/python3.12/site-packages/airflow/example_dags/example_setup_teardown.py took 0.117 seconds
[2025-10-30T21:06:28.135+0000] {processor.py:161} INFO - Started process (PID=106) to work on /home/airflow/.local/lib/python3.12/site-packages/airflow/example_dags/example_setup_teardown.py
[2025-10-30T21:06:28.137+0000] {processor.py:830} INFO - Processing file /home/airflow/.local/lib/python3.12/site-packages/airflow/example_dags/example_setup_teardown.py for tasks to queue
[2025-10-30T21:06:28.141+0000] {logging_mixin.py:188} INFO - [2025-10-30T21:06:28.140+0000] {dagbag.py:545} INFO - Filling up the DagBag from /home/airflow/.local/lib/python3.12/site-packages/airflow/example_dags/example_setup_teardown.py
[2025-10-30T21:06:28.158+0000] {processor.py:840} INFO - DAG(s) 'example_setup_teardown' retrieved from /home/airflow/.local/lib/python3.12/site-packages/airflow/example_dags/example_setup_teardown.py
[2025-10-30T21:06:28.379+0000] {logging_mixin.py:188} INFO - [2025-10-30T21:06:28.378+0000] {dag.py:3096} INFO - Sync 1 DAGs
[2025-10-30T21:06:28.423+0000] {logging_mixin.py:188} INFO - [2025-10-30T21:06:28.422+0000] {dag.py:3954} INFO - Setting next_dagrun for example_setup_teardown to 2025-10-29 00:00:00+00:00, run_after=2025-10-30 00:00:00+00:00
[2025-10-30T21:06:28.458+0000] {processor.py:183} INFO - Processing /home/airflow/.local/lib/python3.12/site-packages/airflow/example_dags/example_setup_teardown.py took 0.333 seconds
[2025-10-30T21:06:58.523+0000] {processor.py:161} INFO - Started process (PID=165) to work on /home/airflow/.local/lib/python3.12/site-packages/airflow/example_dags/example_setup_teardown.py
[2025-10-30T21:06:58.526+0000] {processor.py:830} INFO - Processing file /home/airflow/.local/lib/python3.12/site-packages/airflow/example_dags/example_setup_teardown.py for tasks to queue
[2025-10-30T21:06:58.530+0000] {logging_mixin.py:188} INFO - [2025-10-30T21:06:58.530+0000] {dagbag.py:545} INFO - Filling up the DagBag from /home/airflow/.local/lib/python3.12/site-packages/airflow/example_dags/example_setup_teardown.py
[2025-10-30T21:06:58.546+0000] {processor.py:840} INFO - DAG(s) 'example_setup_teardown' retrieved from /home/airflow/.local/lib/python3.12/site-packages/airflow/example_dags/example_setup_teardown.py
[2025-10-30T21:06:58.622+0000] {logging_mixin.py:188} INFO - [2025-10-30T21:06:58.622+0000] {dag.py:3096} INFO - Sync 1 DAGs
[2025-10-30T21:06:58.687+0000] {logging_mixin.py:188} INFO - [2025-10-30T21:06:58.687+0000] {dag.py:3954} INFO - Setting next_dagrun for example_setup_teardown to 2025-10-29 00:00:00+00:00, run_after=2025-10-30 00:00:00+00:00
[2025-10-30T21:06:58.727+0000] {processor.py:183} INFO - Processing /home/airflow/.local/lib/python3.12/site-packages/airflow/example_dags/example_setup_teardown.py took 0.216 seconds
[2025-10-30T21:07:28.981+0000] {processor.py:161} INFO - Started process (PID=227) to work on /home/airflow/.local/lib/python3.12/site-packages/airflow/example_dags/example_setup_teardown.py
[2025-10-30T21:07:28.984+0000] {processor.py:830} INFO - Processing file /home/airflow/.local/lib/python3.12/site-packages/airflow/example_dags/example_setup_teardown.py for tasks to queue
[2025-10-30T21:07:28.991+0000] {logging_mixin.py:188} INFO - [2025-10-30T21:07:28.990+0000] {dagbag.py:545} INFO - Filling up the DagBag from /home/airflow/.local/lib/python3.12/site-packages/airflow/example_dags/example_setup_teardown.py
[2025-10-30T21:07:29.013+0000] {processor.py:840} INFO - DAG(s) 'example_setup_teardown' retrieved from /home/airflow/.local/lib/python3.12/site-packages/airflow/example_dags/example_setup_teardown.py
[2025-10-30T21:07:29.067+0000] {logging_mixin.py:188} INFO - [2025-10-30T21:07:29.066+0000] {dag.py:3096} INFO - Sync 1 DAGs
[2025-10-30T21:07:29.128+0000] {logging_mixin.py:188} INFO - [2025-10-30T21:07:29.127+0000] {dag.py:3954} INFO - Setting next_dagrun for example_setup_teardown to 2025-10-29 00:00:00+00:00, run_after=2025-10-30 00:00:00+00:00
[2025-10-30T21:07:29.179+0000] {processor.py:183} INFO - Processing /home/airflow/.local/lib/python3.12/site-packages/airflow/example_dags/example_setup_teardown.py took 0.211 seconds
[2025-10-30T21:07:59.496+0000] {processor.py:161} INFO - Started process (PID=286) to work on /home/airflow/.local/lib/python3.12/site-packages/airflow/example_dags/example_setup_teardown.py
[2025-10-30T21:07:59.499+0000] {processor.py:830} INFO - Processing file /home/airflow/.local/lib/python3.12/site-packages/airflow/example_dags/example_setup_teardown.py for tasks to queue
[2025-10-30T21:07:59.503+0000] {logging_mixin.py:188} INFO - [2025-10-30T21:07:59.502+0000] {dagbag.py:545} INFO - Filling up the DagBag from /home/airflow/.local/lib/python3.12/site-packages/airflow/example_dags/example_setup_teardown.py
[2025-10-30T21:07:59.522+0000] {processor.py:840} INFO - DAG(s) 'example_setup_teardown' retrieved from /home/airflow/.local/lib/python3.12/site-packages/airflow/example_dags/example_setup_teardown.py
[2025-10-30T21:07:59.569+0000] {logging_mixin.py:188} INFO - [2025-10-30T21:07:59.569+0000] {dag.py:3096} INFO - Sync 1 DAGs
[2025-10-30T21:07:59.624+0000] {logging_mixin.py:188} INFO - [2025-10-30T21:07:59.624+0000] {dag.py:3954} INFO - Setting next_dagrun for example_setup_teardown to 2025-10-29 00:00:00+00:00, run_after=2025-10-30 00:00:00+00:00
[2025-10-30T21:07:59.675+0000] {processor.py:183} INFO - Processing /home/airflow/.local/lib/python3.12/site-packages/airflow/example_dags/example_setup_teardown.py took 0.188 seconds
[2025-10-30T21:08:30.482+0000] {processor.py:161} INFO - Started process (PID=345) to work on /home/airflow/.local/lib/python3.12/site-packages/airflow/example_dags/example_setup_teardown.py
[2025-10-30T21:08:30.503+0000] {processor.py:830} INFO - Processing file /home/airflow/.local/lib/python3.12/site-packages/airflow/example_dags/example_setup_teardown.py for tasks to queue
[2025-10-30T21:08:30.506+0000] {logging_mixin.py:188} INFO - [2025-10-30T21:08:30.505+0000] {dagbag.py:545} INFO - Filling up the DagBag from /home/airflow/.local/lib/python3.12/site-packages/airflow/example_dags/example_setup_teardown.py
[2025-10-30T21:08:30.517+0000] {processor.py:840} INFO - DAG(s) 'example_setup_teardown' retrieved from /home/airflow/.local/lib/python3.12/site-packages/airflow/example_dags/example_setup_teardown.py
[2025-10-30T21:08:30.587+0000] {logging_mixin.py:188} INFO - [2025-10-30T21:08:30.586+0000] {dag.py:3096} INFO - Sync 1 DAGs
[2025-10-30T21:08:30.641+0000] {logging_mixin.py:188} INFO - [2025-10-30T21:08:30.641+0000] {dag.py:3954} INFO - Setting next_dagrun for example_setup_teardown to 2025-10-29 00:00:00+00:00, run_after=2025-10-30 00:00:00+00:00
[2025-10-30T21:08:30.691+0000] {processor.py:183} INFO - Processing /home/airflow/.local/lib/python3.12/site-packages/airflow/example_dags/example_setup_teardown.py took 0.217 seconds
[2025-10-30T21:09:20.394+0000] {processor.py:161} INFO - Started process (PID=416) to work on /home/airflow/.local/lib/python3.12/site-packages/airflow/example_dags/example_setup_teardown.py
[2025-10-30T21:09:20.403+0000] {processor.py:830} INFO - Processing file /home/airflow/.local/lib/python3.12/site-packages/airflow/example_dags/example_setup_teardown.py for tasks to queue
[2025-10-30T21:09:20.408+0000] {logging_mixin.py:188} INFO - [2025-10-30T21:09:20.408+0000] {dagbag.py:545} INFO - Filling up the DagBag from /home/airflow/.local/lib/python3.12/site-packages/airflow/example_dags/example_setup_teardown.py
[2025-10-30T21:09:20.436+0000] {processor.py:840} INFO - DAG(s) 'example_setup_teardown' retrieved from /home/airflow/.local/lib/python3.12/site-packages/airflow/example_dags/example_setup_teardown.py
[2025-10-30T21:09:20.513+0000] {logging_mixin.py:188} INFO - [2025-10-30T21:09:20.513+0000] {dag.py:3096} INFO - Sync 1 DAGs
[2025-10-30T21:09:20.649+0000] {logging_mixin.py:188} INFO - [2025-10-30T21:09:20.648+0000] {dag.py:3954} INFO - Setting next_dagrun for example_setup_teardown to 2025-10-29 00:00:00+00:00, run_after=2025-10-30 00:00:00+00:00
[2025-10-30T21:09:20.749+0000] {processor.py:183} INFO - Processing /home/airflow/.local/lib/python3.12/site-packages/airflow/example_dags/example_setup_teardown.py took 0.372 seconds
