[2025-10-30T20:29:47.808+0000] {processor.py:161} INFO - Started process (PID=111) to work on /home/airflow/.local/lib/python3.12/site-packages/airflow/example_dags/example_skip_dag.py
[2025-10-30T20:29:47.810+0000] {processor.py:830} INFO - Processing file /home/airflow/.local/lib/python3.12/site-packages/airflow/example_dags/example_skip_dag.py for tasks to queue
[2025-10-30T20:29:47.813+0000] {logging_mixin.py:188} INFO - [2025-10-30T20:29:47.812+0000] {dagbag.py:545} INFO - Filling up the DagBag from /home/airflow/.local/lib/python3.12/site-packages/airflow/example_dags/example_skip_dag.py
[2025-10-30T20:29:47.914+0000] {processor.py:840} INFO - DAG(s) 'example_skip_dag' retrieved from /home/airflow/.local/lib/python3.12/site-packages/airflow/example_dags/example_skip_dag.py
[2025-10-30T20:29:48.147+0000] {logging_mixin.py:188} INFO - [2025-10-30T20:29:48.146+0000] {dag.py:3096} INFO - Sync 1 DAGs
[2025-10-30T20:29:48.173+0000] {logging_mixin.py:188} INFO - [2025-10-30T20:29:48.173+0000] {dag.py:3954} INFO - Setting next_dagrun for example_skip_dag to 2025-10-29 00:00:00+00:00, run_after=2025-10-30 00:00:00+00:00
[2025-10-30T20:29:48.198+0000] {processor.py:183} INFO - Processing /home/airflow/.local/lib/python3.12/site-packages/airflow/example_dags/example_skip_dag.py took 0.398 seconds
[2025-10-30T20:30:18.264+0000] {processor.py:161} INFO - Started process (PID=169) to work on /home/airflow/.local/lib/python3.12/site-packages/airflow/example_dags/example_skip_dag.py
[2025-10-30T20:30:18.265+0000] {processor.py:830} INFO - Processing file /home/airflow/.local/lib/python3.12/site-packages/airflow/example_dags/example_skip_dag.py for tasks to queue
[2025-10-30T20:30:18.267+0000] {logging_mixin.py:188} INFO - [2025-10-30T20:30:18.267+0000] {dagbag.py:545} INFO - Filling up the DagBag from /home/airflow/.local/lib/python3.12/site-packages/airflow/example_dags/example_skip_dag.py
[2025-10-30T20:30:18.275+0000] {processor.py:840} INFO - DAG(s) 'example_skip_dag' retrieved from /home/airflow/.local/lib/python3.12/site-packages/airflow/example_dags/example_skip_dag.py
[2025-10-30T20:30:18.304+0000] {logging_mixin.py:188} INFO - [2025-10-30T20:30:18.304+0000] {dag.py:3096} INFO - Sync 1 DAGs
[2025-10-30T20:30:18.330+0000] {logging_mixin.py:188} INFO - [2025-10-30T20:30:18.330+0000] {dag.py:3954} INFO - Setting next_dagrun for example_skip_dag to 2025-10-29 00:00:00+00:00, run_after=2025-10-30 00:00:00+00:00
[2025-10-30T20:30:18.353+0000] {processor.py:183} INFO - Processing /home/airflow/.local/lib/python3.12/site-packages/airflow/example_dags/example_skip_dag.py took 0.096 seconds
[2025-10-30T20:30:48.647+0000] {processor.py:161} INFO - Started process (PID=228) to work on /home/airflow/.local/lib/python3.12/site-packages/airflow/example_dags/example_skip_dag.py
[2025-10-30T20:30:48.649+0000] {processor.py:830} INFO - Processing file /home/airflow/.local/lib/python3.12/site-packages/airflow/example_dags/example_skip_dag.py for tasks to queue
[2025-10-30T20:30:48.652+0000] {logging_mixin.py:188} INFO - [2025-10-30T20:30:48.651+0000] {dagbag.py:545} INFO - Filling up the DagBag from /home/airflow/.local/lib/python3.12/site-packages/airflow/example_dags/example_skip_dag.py
[2025-10-30T20:30:48.661+0000] {processor.py:840} INFO - DAG(s) 'example_skip_dag' retrieved from /home/airflow/.local/lib/python3.12/site-packages/airflow/example_dags/example_skip_dag.py
[2025-10-30T20:30:48.689+0000] {logging_mixin.py:188} INFO - [2025-10-30T20:30:48.689+0000] {dag.py:3096} INFO - Sync 1 DAGs
[2025-10-30T20:30:48.716+0000] {logging_mixin.py:188} INFO - [2025-10-30T20:30:48.715+0000] {dag.py:3954} INFO - Setting next_dagrun for example_skip_dag to 2025-10-29 00:00:00+00:00, run_after=2025-10-30 00:00:00+00:00
[2025-10-30T20:30:48.741+0000] {processor.py:183} INFO - Processing /home/airflow/.local/lib/python3.12/site-packages/airflow/example_dags/example_skip_dag.py took 0.103 seconds
[2025-10-30T20:31:19.709+0000] {processor.py:161} INFO - Started process (PID=286) to work on /home/airflow/.local/lib/python3.12/site-packages/airflow/example_dags/example_skip_dag.py
[2025-10-30T20:31:19.713+0000] {processor.py:830} INFO - Processing file /home/airflow/.local/lib/python3.12/site-packages/airflow/example_dags/example_skip_dag.py for tasks to queue
[2025-10-30T20:31:19.715+0000] {logging_mixin.py:188} INFO - [2025-10-30T20:31:19.715+0000] {dagbag.py:545} INFO - Filling up the DagBag from /home/airflow/.local/lib/python3.12/site-packages/airflow/example_dags/example_skip_dag.py
[2025-10-30T20:31:19.730+0000] {processor.py:840} INFO - DAG(s) 'example_skip_dag' retrieved from /home/airflow/.local/lib/python3.12/site-packages/airflow/example_dags/example_skip_dag.py
[2025-10-30T20:31:19.774+0000] {logging_mixin.py:188} INFO - [2025-10-30T20:31:19.773+0000] {dag.py:3096} INFO - Sync 1 DAGs
[2025-10-30T20:31:19.818+0000] {logging_mixin.py:188} INFO - [2025-10-30T20:31:19.817+0000] {dag.py:3954} INFO - Setting next_dagrun for example_skip_dag to 2025-10-29 00:00:00+00:00, run_after=2025-10-30 00:00:00+00:00
[2025-10-30T20:31:19.849+0000] {processor.py:183} INFO - Processing /home/airflow/.local/lib/python3.12/site-packages/airflow/example_dags/example_skip_dag.py took 0.152 seconds
[2025-10-30T20:31:50.773+0000] {processor.py:161} INFO - Started process (PID=344) to work on /home/airflow/.local/lib/python3.12/site-packages/airflow/example_dags/example_skip_dag.py
[2025-10-30T20:31:50.775+0000] {processor.py:830} INFO - Processing file /home/airflow/.local/lib/python3.12/site-packages/airflow/example_dags/example_skip_dag.py for tasks to queue
[2025-10-30T20:31:50.779+0000] {logging_mixin.py:188} INFO - [2025-10-30T20:31:50.778+0000] {dagbag.py:545} INFO - Filling up the DagBag from /home/airflow/.local/lib/python3.12/site-packages/airflow/example_dags/example_skip_dag.py
[2025-10-30T20:31:50.794+0000] {processor.py:840} INFO - DAG(s) 'example_skip_dag' retrieved from /home/airflow/.local/lib/python3.12/site-packages/airflow/example_dags/example_skip_dag.py
[2025-10-30T20:31:50.851+0000] {logging_mixin.py:188} INFO - [2025-10-30T20:31:50.850+0000] {dag.py:3096} INFO - Sync 1 DAGs
[2025-10-30T20:31:50.905+0000] {logging_mixin.py:188} INFO - [2025-10-30T20:31:50.905+0000] {dag.py:3954} INFO - Setting next_dagrun for example_skip_dag to 2025-10-29 00:00:00+00:00, run_after=2025-10-30 00:00:00+00:00
[2025-10-30T20:31:50.947+0000] {processor.py:183} INFO - Processing /home/airflow/.local/lib/python3.12/site-packages/airflow/example_dags/example_skip_dag.py took 0.186 seconds
[2025-10-30T20:32:21.075+0000] {processor.py:161} INFO - Started process (PID=402) to work on /home/airflow/.local/lib/python3.12/site-packages/airflow/example_dags/example_skip_dag.py
[2025-10-30T20:32:21.076+0000] {processor.py:830} INFO - Processing file /home/airflow/.local/lib/python3.12/site-packages/airflow/example_dags/example_skip_dag.py for tasks to queue
[2025-10-30T20:32:21.078+0000] {logging_mixin.py:188} INFO - [2025-10-30T20:32:21.078+0000] {dagbag.py:545} INFO - Filling up the DagBag from /home/airflow/.local/lib/python3.12/site-packages/airflow/example_dags/example_skip_dag.py
[2025-10-30T20:32:21.088+0000] {processor.py:840} INFO - DAG(s) 'example_skip_dag' retrieved from /home/airflow/.local/lib/python3.12/site-packages/airflow/example_dags/example_skip_dag.py
[2025-10-30T20:32:21.132+0000] {logging_mixin.py:188} INFO - [2025-10-30T20:32:21.131+0000] {dag.py:3096} INFO - Sync 1 DAGs
[2025-10-30T20:32:21.194+0000] {logging_mixin.py:188} INFO - [2025-10-30T20:32:21.194+0000] {dag.py:3954} INFO - Setting next_dagrun for example_skip_dag to 2025-10-29 00:00:00+00:00, run_after=2025-10-30 00:00:00+00:00
[2025-10-30T20:32:21.230+0000] {processor.py:183} INFO - Processing /home/airflow/.local/lib/python3.12/site-packages/airflow/example_dags/example_skip_dag.py took 0.161 seconds
[2025-10-30T20:32:51.781+0000] {processor.py:161} INFO - Started process (PID=460) to work on /home/airflow/.local/lib/python3.12/site-packages/airflow/example_dags/example_skip_dag.py
[2025-10-30T20:32:51.783+0000] {processor.py:830} INFO - Processing file /home/airflow/.local/lib/python3.12/site-packages/airflow/example_dags/example_skip_dag.py for tasks to queue
[2025-10-30T20:32:51.786+0000] {logging_mixin.py:188} INFO - [2025-10-30T20:32:51.786+0000] {dagbag.py:545} INFO - Filling up the DagBag from /home/airflow/.local/lib/python3.12/site-packages/airflow/example_dags/example_skip_dag.py
[2025-10-30T20:32:51.795+0000] {processor.py:840} INFO - DAG(s) 'example_skip_dag' retrieved from /home/airflow/.local/lib/python3.12/site-packages/airflow/example_dags/example_skip_dag.py
[2025-10-30T20:32:51.826+0000] {logging_mixin.py:188} INFO - [2025-10-30T20:32:51.825+0000] {dag.py:3096} INFO - Sync 1 DAGs
[2025-10-30T20:32:51.854+0000] {logging_mixin.py:188} INFO - [2025-10-30T20:32:51.853+0000] {dag.py:3954} INFO - Setting next_dagrun for example_skip_dag to 2025-10-29 00:00:00+00:00, run_after=2025-10-30 00:00:00+00:00
[2025-10-30T20:32:51.877+0000] {processor.py:183} INFO - Processing /home/airflow/.local/lib/python3.12/site-packages/airflow/example_dags/example_skip_dag.py took 0.102 seconds
[2025-10-30T20:33:22.197+0000] {processor.py:161} INFO - Started process (PID=518) to work on /home/airflow/.local/lib/python3.12/site-packages/airflow/example_dags/example_skip_dag.py
[2025-10-30T20:33:22.199+0000] {processor.py:830} INFO - Processing file /home/airflow/.local/lib/python3.12/site-packages/airflow/example_dags/example_skip_dag.py for tasks to queue
[2025-10-30T20:33:22.201+0000] {logging_mixin.py:188} INFO - [2025-10-30T20:33:22.200+0000] {dagbag.py:545} INFO - Filling up the DagBag from /home/airflow/.local/lib/python3.12/site-packages/airflow/example_dags/example_skip_dag.py
[2025-10-30T20:33:22.208+0000] {processor.py:840} INFO - DAG(s) 'example_skip_dag' retrieved from /home/airflow/.local/lib/python3.12/site-packages/airflow/example_dags/example_skip_dag.py
[2025-10-30T20:33:22.236+0000] {logging_mixin.py:188} INFO - [2025-10-30T20:33:22.236+0000] {dag.py:3096} INFO - Sync 1 DAGs
[2025-10-30T20:33:22.262+0000] {logging_mixin.py:188} INFO - [2025-10-30T20:33:22.262+0000] {dag.py:3954} INFO - Setting next_dagrun for example_skip_dag to 2025-10-29 00:00:00+00:00, run_after=2025-10-30 00:00:00+00:00
[2025-10-30T20:33:22.291+0000] {processor.py:183} INFO - Processing /home/airflow/.local/lib/python3.12/site-packages/airflow/example_dags/example_skip_dag.py took 0.101 seconds
[2025-10-30T20:33:52.863+0000] {processor.py:161} INFO - Started process (PID=576) to work on /home/airflow/.local/lib/python3.12/site-packages/airflow/example_dags/example_skip_dag.py
[2025-10-30T20:33:52.865+0000] {processor.py:830} INFO - Processing file /home/airflow/.local/lib/python3.12/site-packages/airflow/example_dags/example_skip_dag.py for tasks to queue
[2025-10-30T20:33:52.867+0000] {logging_mixin.py:188} INFO - [2025-10-30T20:33:52.866+0000] {dagbag.py:545} INFO - Filling up the DagBag from /home/airflow/.local/lib/python3.12/site-packages/airflow/example_dags/example_skip_dag.py
[2025-10-30T20:33:52.876+0000] {processor.py:840} INFO - DAG(s) 'example_skip_dag' retrieved from /home/airflow/.local/lib/python3.12/site-packages/airflow/example_dags/example_skip_dag.py
[2025-10-30T20:33:52.907+0000] {logging_mixin.py:188} INFO - [2025-10-30T20:33:52.906+0000] {dag.py:3096} INFO - Sync 1 DAGs
[2025-10-30T20:33:52.939+0000] {logging_mixin.py:188} INFO - [2025-10-30T20:33:52.938+0000] {dag.py:3954} INFO - Setting next_dagrun for example_skip_dag to 2025-10-29 00:00:00+00:00, run_after=2025-10-30 00:00:00+00:00
[2025-10-30T20:33:52.963+0000] {processor.py:183} INFO - Processing /home/airflow/.local/lib/python3.12/site-packages/airflow/example_dags/example_skip_dag.py took 0.107 seconds
[2025-10-30T20:34:23.505+0000] {processor.py:161} INFO - Started process (PID=634) to work on /home/airflow/.local/lib/python3.12/site-packages/airflow/example_dags/example_skip_dag.py
[2025-10-30T20:34:23.506+0000] {processor.py:830} INFO - Processing file /home/airflow/.local/lib/python3.12/site-packages/airflow/example_dags/example_skip_dag.py for tasks to queue
[2025-10-30T20:34:23.509+0000] {logging_mixin.py:188} INFO - [2025-10-30T20:34:23.508+0000] {dagbag.py:545} INFO - Filling up the DagBag from /home/airflow/.local/lib/python3.12/site-packages/airflow/example_dags/example_skip_dag.py
[2025-10-30T20:34:23.517+0000] {processor.py:840} INFO - DAG(s) 'example_skip_dag' retrieved from /home/airflow/.local/lib/python3.12/site-packages/airflow/example_dags/example_skip_dag.py
[2025-10-30T20:34:23.550+0000] {logging_mixin.py:188} INFO - [2025-10-30T20:34:23.549+0000] {dag.py:3096} INFO - Sync 1 DAGs
[2025-10-30T20:34:23.578+0000] {logging_mixin.py:188} INFO - [2025-10-30T20:34:23.578+0000] {dag.py:3954} INFO - Setting next_dagrun for example_skip_dag to 2025-10-29 00:00:00+00:00, run_after=2025-10-30 00:00:00+00:00
[2025-10-30T20:34:23.603+0000] {processor.py:183} INFO - Processing /home/airflow/.local/lib/python3.12/site-packages/airflow/example_dags/example_skip_dag.py took 0.106 seconds
[2025-10-30T20:34:53.815+0000] {processor.py:161} INFO - Started process (PID=692) to work on /home/airflow/.local/lib/python3.12/site-packages/airflow/example_dags/example_skip_dag.py
[2025-10-30T20:34:53.816+0000] {processor.py:830} INFO - Processing file /home/airflow/.local/lib/python3.12/site-packages/airflow/example_dags/example_skip_dag.py for tasks to queue
[2025-10-30T20:34:53.818+0000] {logging_mixin.py:188} INFO - [2025-10-30T20:34:53.818+0000] {dagbag.py:545} INFO - Filling up the DagBag from /home/airflow/.local/lib/python3.12/site-packages/airflow/example_dags/example_skip_dag.py
[2025-10-30T20:34:53.826+0000] {processor.py:840} INFO - DAG(s) 'example_skip_dag' retrieved from /home/airflow/.local/lib/python3.12/site-packages/airflow/example_dags/example_skip_dag.py
[2025-10-30T20:34:53.852+0000] {logging_mixin.py:188} INFO - [2025-10-30T20:34:53.852+0000] {dag.py:3096} INFO - Sync 1 DAGs
[2025-10-30T20:34:53.880+0000] {logging_mixin.py:188} INFO - [2025-10-30T20:34:53.880+0000] {dag.py:3954} INFO - Setting next_dagrun for example_skip_dag to 2025-10-29 00:00:00+00:00, run_after=2025-10-30 00:00:00+00:00
[2025-10-30T20:34:53.903+0000] {processor.py:183} INFO - Processing /home/airflow/.local/lib/python3.12/site-packages/airflow/example_dags/example_skip_dag.py took 0.095 seconds
[2025-10-30T20:35:24.299+0000] {processor.py:161} INFO - Started process (PID=750) to work on /home/airflow/.local/lib/python3.12/site-packages/airflow/example_dags/example_skip_dag.py
[2025-10-30T20:35:24.300+0000] {processor.py:830} INFO - Processing file /home/airflow/.local/lib/python3.12/site-packages/airflow/example_dags/example_skip_dag.py for tasks to queue
[2025-10-30T20:35:24.303+0000] {logging_mixin.py:188} INFO - [2025-10-30T20:35:24.302+0000] {dagbag.py:545} INFO - Filling up the DagBag from /home/airflow/.local/lib/python3.12/site-packages/airflow/example_dags/example_skip_dag.py
[2025-10-30T20:35:24.311+0000] {processor.py:840} INFO - DAG(s) 'example_skip_dag' retrieved from /home/airflow/.local/lib/python3.12/site-packages/airflow/example_dags/example_skip_dag.py
[2025-10-30T20:35:24.337+0000] {logging_mixin.py:188} INFO - [2025-10-30T20:35:24.336+0000] {dag.py:3096} INFO - Sync 1 DAGs
[2025-10-30T20:35:24.364+0000] {logging_mixin.py:188} INFO - [2025-10-30T20:35:24.363+0000] {dag.py:3954} INFO - Setting next_dagrun for example_skip_dag to 2025-10-29 00:00:00+00:00, run_after=2025-10-30 00:00:00+00:00
[2025-10-30T20:35:24.388+0000] {processor.py:183} INFO - Processing /home/airflow/.local/lib/python3.12/site-packages/airflow/example_dags/example_skip_dag.py took 0.096 seconds
[2025-10-30T20:35:55.305+0000] {processor.py:161} INFO - Started process (PID=808) to work on /home/airflow/.local/lib/python3.12/site-packages/airflow/example_dags/example_skip_dag.py
[2025-10-30T20:35:55.306+0000] {processor.py:830} INFO - Processing file /home/airflow/.local/lib/python3.12/site-packages/airflow/example_dags/example_skip_dag.py for tasks to queue
[2025-10-30T20:35:55.309+0000] {logging_mixin.py:188} INFO - [2025-10-30T20:35:55.308+0000] {dagbag.py:545} INFO - Filling up the DagBag from /home/airflow/.local/lib/python3.12/site-packages/airflow/example_dags/example_skip_dag.py
[2025-10-30T20:35:55.317+0000] {processor.py:840} INFO - DAG(s) 'example_skip_dag' retrieved from /home/airflow/.local/lib/python3.12/site-packages/airflow/example_dags/example_skip_dag.py
[2025-10-30T20:35:55.343+0000] {logging_mixin.py:188} INFO - [2025-10-30T20:35:55.343+0000] {dag.py:3096} INFO - Sync 1 DAGs
[2025-10-30T20:35:55.370+0000] {logging_mixin.py:188} INFO - [2025-10-30T20:35:55.370+0000] {dag.py:3954} INFO - Setting next_dagrun for example_skip_dag to 2025-10-29 00:00:00+00:00, run_after=2025-10-30 00:00:00+00:00
[2025-10-30T20:35:55.393+0000] {processor.py:183} INFO - Processing /home/airflow/.local/lib/python3.12/site-packages/airflow/example_dags/example_skip_dag.py took 0.095 seconds
[2025-10-30T20:36:25.838+0000] {processor.py:161} INFO - Started process (PID=866) to work on /home/airflow/.local/lib/python3.12/site-packages/airflow/example_dags/example_skip_dag.py
[2025-10-30T20:36:25.840+0000] {processor.py:830} INFO - Processing file /home/airflow/.local/lib/python3.12/site-packages/airflow/example_dags/example_skip_dag.py for tasks to queue
[2025-10-30T20:36:25.843+0000] {logging_mixin.py:188} INFO - [2025-10-30T20:36:25.843+0000] {dagbag.py:545} INFO - Filling up the DagBag from /home/airflow/.local/lib/python3.12/site-packages/airflow/example_dags/example_skip_dag.py
[2025-10-30T20:36:25.855+0000] {processor.py:840} INFO - DAG(s) 'example_skip_dag' retrieved from /home/airflow/.local/lib/python3.12/site-packages/airflow/example_dags/example_skip_dag.py
[2025-10-30T20:36:25.885+0000] {logging_mixin.py:188} INFO - [2025-10-30T20:36:25.884+0000] {dag.py:3096} INFO - Sync 1 DAGs
[2025-10-30T20:36:25.913+0000] {logging_mixin.py:188} INFO - [2025-10-30T20:36:25.912+0000] {dag.py:3954} INFO - Setting next_dagrun for example_skip_dag to 2025-10-29 00:00:00+00:00, run_after=2025-10-30 00:00:00+00:00
[2025-10-30T20:36:25.936+0000] {processor.py:183} INFO - Processing /home/airflow/.local/lib/python3.12/site-packages/airflow/example_dags/example_skip_dag.py took 0.108 seconds
[2025-10-30T20:36:56.156+0000] {processor.py:161} INFO - Started process (PID=924) to work on /home/airflow/.local/lib/python3.12/site-packages/airflow/example_dags/example_skip_dag.py
[2025-10-30T20:36:56.157+0000] {processor.py:830} INFO - Processing file /home/airflow/.local/lib/python3.12/site-packages/airflow/example_dags/example_skip_dag.py for tasks to queue
[2025-10-30T20:36:56.160+0000] {logging_mixin.py:188} INFO - [2025-10-30T20:36:56.159+0000] {dagbag.py:545} INFO - Filling up the DagBag from /home/airflow/.local/lib/python3.12/site-packages/airflow/example_dags/example_skip_dag.py
[2025-10-30T20:36:56.171+0000] {processor.py:840} INFO - DAG(s) 'example_skip_dag' retrieved from /home/airflow/.local/lib/python3.12/site-packages/airflow/example_dags/example_skip_dag.py
[2025-10-30T20:36:56.205+0000] {logging_mixin.py:188} INFO - [2025-10-30T20:36:56.204+0000] {dag.py:3096} INFO - Sync 1 DAGs
[2025-10-30T20:36:56.247+0000] {logging_mixin.py:188} INFO - [2025-10-30T20:36:56.247+0000] {dag.py:3954} INFO - Setting next_dagrun for example_skip_dag to 2025-10-29 00:00:00+00:00, run_after=2025-10-30 00:00:00+00:00
[2025-10-30T20:36:56.278+0000] {processor.py:183} INFO - Processing /home/airflow/.local/lib/python3.12/site-packages/airflow/example_dags/example_skip_dag.py took 0.134 seconds
[2025-10-30T20:37:26.619+0000] {processor.py:161} INFO - Started process (PID=982) to work on /home/airflow/.local/lib/python3.12/site-packages/airflow/example_dags/example_skip_dag.py
[2025-10-30T20:37:26.620+0000] {processor.py:830} INFO - Processing file /home/airflow/.local/lib/python3.12/site-packages/airflow/example_dags/example_skip_dag.py for tasks to queue
[2025-10-30T20:37:26.624+0000] {logging_mixin.py:188} INFO - [2025-10-30T20:37:26.623+0000] {dagbag.py:545} INFO - Filling up the DagBag from /home/airflow/.local/lib/python3.12/site-packages/airflow/example_dags/example_skip_dag.py
[2025-10-30T20:37:26.633+0000] {processor.py:840} INFO - DAG(s) 'example_skip_dag' retrieved from /home/airflow/.local/lib/python3.12/site-packages/airflow/example_dags/example_skip_dag.py
[2025-10-30T20:37:26.680+0000] {logging_mixin.py:188} INFO - [2025-10-30T20:37:26.679+0000] {dag.py:3096} INFO - Sync 1 DAGs
[2025-10-30T20:37:26.722+0000] {logging_mixin.py:188} INFO - [2025-10-30T20:37:26.721+0000] {dag.py:3954} INFO - Setting next_dagrun for example_skip_dag to 2025-10-29 00:00:00+00:00, run_after=2025-10-30 00:00:00+00:00
[2025-10-30T20:37:26.754+0000] {processor.py:183} INFO - Processing /home/airflow/.local/lib/python3.12/site-packages/airflow/example_dags/example_skip_dag.py took 0.143 seconds
[2025-10-30T20:37:57.609+0000] {processor.py:161} INFO - Started process (PID=1040) to work on /home/airflow/.local/lib/python3.12/site-packages/airflow/example_dags/example_skip_dag.py
[2025-10-30T20:37:57.613+0000] {processor.py:830} INFO - Processing file /home/airflow/.local/lib/python3.12/site-packages/airflow/example_dags/example_skip_dag.py for tasks to queue
[2025-10-30T20:37:57.616+0000] {logging_mixin.py:188} INFO - [2025-10-30T20:37:57.615+0000] {dagbag.py:545} INFO - Filling up the DagBag from /home/airflow/.local/lib/python3.12/site-packages/airflow/example_dags/example_skip_dag.py
[2025-10-30T20:37:57.632+0000] {processor.py:840} INFO - DAG(s) 'example_skip_dag' retrieved from /home/airflow/.local/lib/python3.12/site-packages/airflow/example_dags/example_skip_dag.py
[2025-10-30T20:37:57.676+0000] {logging_mixin.py:188} INFO - [2025-10-30T20:37:57.676+0000] {dag.py:3096} INFO - Sync 1 DAGs
[2025-10-30T20:37:57.728+0000] {logging_mixin.py:188} INFO - [2025-10-30T20:37:57.727+0000] {dag.py:3954} INFO - Setting next_dagrun for example_skip_dag to 2025-10-29 00:00:00+00:00, run_after=2025-10-30 00:00:00+00:00
[2025-10-30T20:37:57.765+0000] {processor.py:183} INFO - Processing /home/airflow/.local/lib/python3.12/site-packages/airflow/example_dags/example_skip_dag.py took 0.168 seconds
[2025-10-30T20:38:28.410+0000] {processor.py:161} INFO - Started process (PID=1098) to work on /home/airflow/.local/lib/python3.12/site-packages/airflow/example_dags/example_skip_dag.py
[2025-10-30T20:38:28.413+0000] {processor.py:830} INFO - Processing file /home/airflow/.local/lib/python3.12/site-packages/airflow/example_dags/example_skip_dag.py for tasks to queue
[2025-10-30T20:38:28.416+0000] {logging_mixin.py:188} INFO - [2025-10-30T20:38:28.415+0000] {dagbag.py:545} INFO - Filling up the DagBag from /home/airflow/.local/lib/python3.12/site-packages/airflow/example_dags/example_skip_dag.py
[2025-10-30T20:38:28.426+0000] {processor.py:840} INFO - DAG(s) 'example_skip_dag' retrieved from /home/airflow/.local/lib/python3.12/site-packages/airflow/example_dags/example_skip_dag.py
[2025-10-30T20:38:28.457+0000] {logging_mixin.py:188} INFO - [2025-10-30T20:38:28.456+0000] {dag.py:3096} INFO - Sync 1 DAGs
[2025-10-30T20:38:28.487+0000] {logging_mixin.py:188} INFO - [2025-10-30T20:38:28.487+0000] {dag.py:3954} INFO - Setting next_dagrun for example_skip_dag to 2025-10-29 00:00:00+00:00, run_after=2025-10-30 00:00:00+00:00
[2025-10-30T20:38:28.513+0000] {processor.py:183} INFO - Processing /home/airflow/.local/lib/python3.12/site-packages/airflow/example_dags/example_skip_dag.py took 0.111 seconds
[2025-10-30T20:38:58.588+0000] {processor.py:161} INFO - Started process (PID=1156) to work on /home/airflow/.local/lib/python3.12/site-packages/airflow/example_dags/example_skip_dag.py
[2025-10-30T20:38:58.589+0000] {processor.py:830} INFO - Processing file /home/airflow/.local/lib/python3.12/site-packages/airflow/example_dags/example_skip_dag.py for tasks to queue
[2025-10-30T20:38:58.591+0000] {logging_mixin.py:188} INFO - [2025-10-30T20:38:58.591+0000] {dagbag.py:545} INFO - Filling up the DagBag from /home/airflow/.local/lib/python3.12/site-packages/airflow/example_dags/example_skip_dag.py
[2025-10-30T20:38:58.600+0000] {processor.py:840} INFO - DAG(s) 'example_skip_dag' retrieved from /home/airflow/.local/lib/python3.12/site-packages/airflow/example_dags/example_skip_dag.py
[2025-10-30T20:38:58.628+0000] {logging_mixin.py:188} INFO - [2025-10-30T20:38:58.627+0000] {dag.py:3096} INFO - Sync 1 DAGs
[2025-10-30T20:38:58.654+0000] {logging_mixin.py:188} INFO - [2025-10-30T20:38:58.654+0000] {dag.py:3954} INFO - Setting next_dagrun for example_skip_dag to 2025-10-29 00:00:00+00:00, run_after=2025-10-30 00:00:00+00:00
[2025-10-30T20:38:58.679+0000] {processor.py:183} INFO - Processing /home/airflow/.local/lib/python3.12/site-packages/airflow/example_dags/example_skip_dag.py took 0.098 seconds
[2025-10-30T20:39:28.855+0000] {processor.py:161} INFO - Started process (PID=1215) to work on /home/airflow/.local/lib/python3.12/site-packages/airflow/example_dags/example_skip_dag.py
[2025-10-30T20:39:28.857+0000] {processor.py:830} INFO - Processing file /home/airflow/.local/lib/python3.12/site-packages/airflow/example_dags/example_skip_dag.py for tasks to queue
[2025-10-30T20:39:28.859+0000] {logging_mixin.py:188} INFO - [2025-10-30T20:39:28.859+0000] {dagbag.py:545} INFO - Filling up the DagBag from /home/airflow/.local/lib/python3.12/site-packages/airflow/example_dags/example_skip_dag.py
[2025-10-30T20:39:28.867+0000] {processor.py:840} INFO - DAG(s) 'example_skip_dag' retrieved from /home/airflow/.local/lib/python3.12/site-packages/airflow/example_dags/example_skip_dag.py
[2025-10-30T20:39:28.894+0000] {logging_mixin.py:188} INFO - [2025-10-30T20:39:28.894+0000] {dag.py:3096} INFO - Sync 1 DAGs
[2025-10-30T20:39:28.921+0000] {logging_mixin.py:188} INFO - [2025-10-30T20:39:28.921+0000] {dag.py:3954} INFO - Setting next_dagrun for example_skip_dag to 2025-10-29 00:00:00+00:00, run_after=2025-10-30 00:00:00+00:00
[2025-10-30T20:39:28.945+0000] {processor.py:183} INFO - Processing /home/airflow/.local/lib/python3.12/site-packages/airflow/example_dags/example_skip_dag.py took 0.097 seconds
[2025-10-30T20:39:59.784+0000] {processor.py:161} INFO - Started process (PID=1273) to work on /home/airflow/.local/lib/python3.12/site-packages/airflow/example_dags/example_skip_dag.py
[2025-10-30T20:39:59.786+0000] {processor.py:830} INFO - Processing file /home/airflow/.local/lib/python3.12/site-packages/airflow/example_dags/example_skip_dag.py for tasks to queue
[2025-10-30T20:39:59.791+0000] {logging_mixin.py:188} INFO - [2025-10-30T20:39:59.790+0000] {dagbag.py:545} INFO - Filling up the DagBag from /home/airflow/.local/lib/python3.12/site-packages/airflow/example_dags/example_skip_dag.py
[2025-10-30T20:39:59.806+0000] {processor.py:840} INFO - DAG(s) 'example_skip_dag' retrieved from /home/airflow/.local/lib/python3.12/site-packages/airflow/example_dags/example_skip_dag.py
[2025-10-30T20:39:59.854+0000] {logging_mixin.py:188} INFO - [2025-10-30T20:39:59.853+0000] {dag.py:3096} INFO - Sync 1 DAGs
[2025-10-30T20:39:59.917+0000] {logging_mixin.py:188} INFO - [2025-10-30T20:39:59.917+0000] {dag.py:3954} INFO - Setting next_dagrun for example_skip_dag to 2025-10-29 00:00:00+00:00, run_after=2025-10-30 00:00:00+00:00
[2025-10-30T20:39:59.998+0000] {processor.py:183} INFO - Processing /home/airflow/.local/lib/python3.12/site-packages/airflow/example_dags/example_skip_dag.py took 0.231 seconds
[2025-10-30T20:40:30.244+0000] {processor.py:161} INFO - Started process (PID=1332) to work on /home/airflow/.local/lib/python3.12/site-packages/airflow/example_dags/example_skip_dag.py
[2025-10-30T20:40:30.245+0000] {processor.py:830} INFO - Processing file /home/airflow/.local/lib/python3.12/site-packages/airflow/example_dags/example_skip_dag.py for tasks to queue
[2025-10-30T20:40:30.248+0000] {logging_mixin.py:188} INFO - [2025-10-30T20:40:30.248+0000] {dagbag.py:545} INFO - Filling up the DagBag from /home/airflow/.local/lib/python3.12/site-packages/airflow/example_dags/example_skip_dag.py
[2025-10-30T20:40:30.257+0000] {processor.py:840} INFO - DAG(s) 'example_skip_dag' retrieved from /home/airflow/.local/lib/python3.12/site-packages/airflow/example_dags/example_skip_dag.py
[2025-10-30T20:40:30.292+0000] {logging_mixin.py:188} INFO - [2025-10-30T20:40:30.292+0000] {dag.py:3096} INFO - Sync 1 DAGs
[2025-10-30T20:40:30.326+0000] {logging_mixin.py:188} INFO - [2025-10-30T20:40:30.326+0000] {dag.py:3954} INFO - Setting next_dagrun for example_skip_dag to 2025-10-29 00:00:00+00:00, run_after=2025-10-30 00:00:00+00:00
[2025-10-30T20:40:30.359+0000] {processor.py:183} INFO - Processing /home/airflow/.local/lib/python3.12/site-packages/airflow/example_dags/example_skip_dag.py took 0.126 seconds
[2025-10-30T20:41:00.575+0000] {processor.py:161} INFO - Started process (PID=1390) to work on /home/airflow/.local/lib/python3.12/site-packages/airflow/example_dags/example_skip_dag.py
[2025-10-30T20:41:00.577+0000] {processor.py:830} INFO - Processing file /home/airflow/.local/lib/python3.12/site-packages/airflow/example_dags/example_skip_dag.py for tasks to queue
[2025-10-30T20:41:00.581+0000] {logging_mixin.py:188} INFO - [2025-10-30T20:41:00.581+0000] {dagbag.py:545} INFO - Filling up the DagBag from /home/airflow/.local/lib/python3.12/site-packages/airflow/example_dags/example_skip_dag.py
[2025-10-30T20:41:00.594+0000] {processor.py:840} INFO - DAG(s) 'example_skip_dag' retrieved from /home/airflow/.local/lib/python3.12/site-packages/airflow/example_dags/example_skip_dag.py
[2025-10-30T20:41:00.654+0000] {logging_mixin.py:188} INFO - [2025-10-30T20:41:00.653+0000] {dag.py:3096} INFO - Sync 1 DAGs
[2025-10-30T20:41:00.704+0000] {logging_mixin.py:188} INFO - [2025-10-30T20:41:00.703+0000] {dag.py:3954} INFO - Setting next_dagrun for example_skip_dag to 2025-10-29 00:00:00+00:00, run_after=2025-10-30 00:00:00+00:00
[2025-10-30T20:41:00.744+0000] {processor.py:183} INFO - Processing /home/airflow/.local/lib/python3.12/site-packages/airflow/example_dags/example_skip_dag.py took 0.181 seconds
[2025-10-30T20:41:32.677+0000] {processor.py:161} INFO - Started process (PID=1447) to work on /home/airflow/.local/lib/python3.12/site-packages/airflow/example_dags/example_skip_dag.py
[2025-10-30T20:41:32.680+0000] {processor.py:830} INFO - Processing file /home/airflow/.local/lib/python3.12/site-packages/airflow/example_dags/example_skip_dag.py for tasks to queue
[2025-10-30T20:41:32.683+0000] {logging_mixin.py:188} INFO - [2025-10-30T20:41:32.683+0000] {dagbag.py:545} INFO - Filling up the DagBag from /home/airflow/.local/lib/python3.12/site-packages/airflow/example_dags/example_skip_dag.py
[2025-10-30T20:41:32.698+0000] {processor.py:840} INFO - DAG(s) 'example_skip_dag' retrieved from /home/airflow/.local/lib/python3.12/site-packages/airflow/example_dags/example_skip_dag.py
[2025-10-30T20:41:32.752+0000] {logging_mixin.py:188} INFO - [2025-10-30T20:41:32.752+0000] {dag.py:3096} INFO - Sync 1 DAGs
[2025-10-30T20:41:32.824+0000] {logging_mixin.py:188} INFO - [2025-10-30T20:41:32.823+0000] {dag.py:3954} INFO - Setting next_dagrun for example_skip_dag to 2025-10-29 00:00:00+00:00, run_after=2025-10-30 00:00:00+00:00
[2025-10-30T20:41:32.892+0000] {processor.py:183} INFO - Processing /home/airflow/.local/lib/python3.12/site-packages/airflow/example_dags/example_skip_dag.py took 0.227 seconds
[2025-10-30T20:42:03.590+0000] {processor.py:161} INFO - Started process (PID=1504) to work on /home/airflow/.local/lib/python3.12/site-packages/airflow/example_dags/example_skip_dag.py
[2025-10-30T20:42:03.592+0000] {processor.py:830} INFO - Processing file /home/airflow/.local/lib/python3.12/site-packages/airflow/example_dags/example_skip_dag.py for tasks to queue
[2025-10-30T20:42:03.594+0000] {logging_mixin.py:188} INFO - [2025-10-30T20:42:03.594+0000] {dagbag.py:545} INFO - Filling up the DagBag from /home/airflow/.local/lib/python3.12/site-packages/airflow/example_dags/example_skip_dag.py
[2025-10-30T20:42:03.603+0000] {processor.py:840} INFO - DAG(s) 'example_skip_dag' retrieved from /home/airflow/.local/lib/python3.12/site-packages/airflow/example_dags/example_skip_dag.py
[2025-10-30T20:42:03.631+0000] {logging_mixin.py:188} INFO - [2025-10-30T20:42:03.631+0000] {dag.py:3096} INFO - Sync 1 DAGs
[2025-10-30T20:42:03.665+0000] {logging_mixin.py:188} INFO - [2025-10-30T20:42:03.665+0000] {dag.py:3954} INFO - Setting next_dagrun for example_skip_dag to 2025-10-29 00:00:00+00:00, run_after=2025-10-30 00:00:00+00:00
[2025-10-30T20:42:03.889+0000] {processor.py:183} INFO - Processing /home/airflow/.local/lib/python3.12/site-packages/airflow/example_dags/example_skip_dag.py took 0.307 seconds
[2025-10-30T20:42:34.053+0000] {processor.py:161} INFO - Started process (PID=1563) to work on /home/airflow/.local/lib/python3.12/site-packages/airflow/example_dags/example_skip_dag.py
[2025-10-30T20:42:34.055+0000] {processor.py:830} INFO - Processing file /home/airflow/.local/lib/python3.12/site-packages/airflow/example_dags/example_skip_dag.py for tasks to queue
[2025-10-30T20:42:34.058+0000] {logging_mixin.py:188} INFO - [2025-10-30T20:42:34.057+0000] {dagbag.py:545} INFO - Filling up the DagBag from /home/airflow/.local/lib/python3.12/site-packages/airflow/example_dags/example_skip_dag.py
[2025-10-30T20:42:34.066+0000] {processor.py:840} INFO - DAG(s) 'example_skip_dag' retrieved from /home/airflow/.local/lib/python3.12/site-packages/airflow/example_dags/example_skip_dag.py
[2025-10-30T20:42:34.098+0000] {logging_mixin.py:188} INFO - [2025-10-30T20:42:34.098+0000] {dag.py:3096} INFO - Sync 1 DAGs
[2025-10-30T20:42:34.129+0000] {logging_mixin.py:188} INFO - [2025-10-30T20:42:34.129+0000] {dag.py:3954} INFO - Setting next_dagrun for example_skip_dag to 2025-10-29 00:00:00+00:00, run_after=2025-10-30 00:00:00+00:00
[2025-10-30T20:42:34.654+0000] {processor.py:183} INFO - Processing /home/airflow/.local/lib/python3.12/site-packages/airflow/example_dags/example_skip_dag.py took 0.608 seconds
[2025-10-30T21:06:29.229+0000] {processor.py:161} INFO - Started process (PID=112) to work on /home/airflow/.local/lib/python3.12/site-packages/airflow/example_dags/example_skip_dag.py
[2025-10-30T21:06:29.232+0000] {processor.py:830} INFO - Processing file /home/airflow/.local/lib/python3.12/site-packages/airflow/example_dags/example_skip_dag.py for tasks to queue
[2025-10-30T21:06:29.235+0000] {logging_mixin.py:188} INFO - [2025-10-30T21:06:29.234+0000] {dagbag.py:545} INFO - Filling up the DagBag from /home/airflow/.local/lib/python3.12/site-packages/airflow/example_dags/example_skip_dag.py
[2025-10-30T21:06:29.249+0000] {processor.py:840} INFO - DAG(s) 'example_skip_dag' retrieved from /home/airflow/.local/lib/python3.12/site-packages/airflow/example_dags/example_skip_dag.py
[2025-10-30T21:06:29.487+0000] {logging_mixin.py:188} INFO - [2025-10-30T21:06:29.487+0000] {dag.py:3096} INFO - Sync 1 DAGs
[2025-10-30T21:06:29.525+0000] {logging_mixin.py:188} INFO - [2025-10-30T21:06:29.524+0000] {dag.py:3954} INFO - Setting next_dagrun for example_skip_dag to 2025-10-29 00:00:00+00:00, run_after=2025-10-30 00:00:00+00:00
[2025-10-30T21:06:29.585+0000] {processor.py:183} INFO - Processing /home/airflow/.local/lib/python3.12/site-packages/airflow/example_dags/example_skip_dag.py took 0.367 seconds
[2025-10-30T21:06:59.665+0000] {processor.py:161} INFO - Started process (PID=171) to work on /home/airflow/.local/lib/python3.12/site-packages/airflow/example_dags/example_skip_dag.py
[2025-10-30T21:06:59.671+0000] {processor.py:830} INFO - Processing file /home/airflow/.local/lib/python3.12/site-packages/airflow/example_dags/example_skip_dag.py for tasks to queue
[2025-10-30T21:06:59.678+0000] {logging_mixin.py:188} INFO - [2025-10-30T21:06:59.677+0000] {dagbag.py:545} INFO - Filling up the DagBag from /home/airflow/.local/lib/python3.12/site-packages/airflow/example_dags/example_skip_dag.py
[2025-10-30T21:06:59.699+0000] {processor.py:840} INFO - DAG(s) 'example_skip_dag' retrieved from /home/airflow/.local/lib/python3.12/site-packages/airflow/example_dags/example_skip_dag.py
[2025-10-30T21:06:59.775+0000] {logging_mixin.py:188} INFO - [2025-10-30T21:06:59.775+0000] {dag.py:3096} INFO - Sync 1 DAGs
[2025-10-30T21:06:59.833+0000] {logging_mixin.py:188} INFO - [2025-10-30T21:06:59.833+0000] {dag.py:3954} INFO - Setting next_dagrun for example_skip_dag to 2025-10-29 00:00:00+00:00, run_after=2025-10-30 00:00:00+00:00
[2025-10-30T21:06:59.882+0000] {processor.py:183} INFO - Processing /home/airflow/.local/lib/python3.12/site-packages/airflow/example_dags/example_skip_dag.py took 0.231 seconds
[2025-10-30T21:07:30.001+0000] {processor.py:161} INFO - Started process (PID=234) to work on /home/airflow/.local/lib/python3.12/site-packages/airflow/example_dags/example_skip_dag.py
[2025-10-30T21:07:30.030+0000] {processor.py:830} INFO - Processing file /home/airflow/.local/lib/python3.12/site-packages/airflow/example_dags/example_skip_dag.py for tasks to queue
[2025-10-30T21:07:30.034+0000] {logging_mixin.py:188} INFO - [2025-10-30T21:07:30.033+0000] {dagbag.py:545} INFO - Filling up the DagBag from /home/airflow/.local/lib/python3.12/site-packages/airflow/example_dags/example_skip_dag.py
[2025-10-30T21:07:30.051+0000] {processor.py:840} INFO - DAG(s) 'example_skip_dag' retrieved from /home/airflow/.local/lib/python3.12/site-packages/airflow/example_dags/example_skip_dag.py
[2025-10-30T21:07:30.101+0000] {logging_mixin.py:188} INFO - [2025-10-30T21:07:30.101+0000] {dag.py:3096} INFO - Sync 1 DAGs
[2025-10-30T21:07:30.160+0000] {logging_mixin.py:188} INFO - [2025-10-30T21:07:30.160+0000] {dag.py:3954} INFO - Setting next_dagrun for example_skip_dag to 2025-10-29 00:00:00+00:00, run_after=2025-10-30 00:00:00+00:00
[2025-10-30T21:07:30.202+0000] {processor.py:183} INFO - Processing /home/airflow/.local/lib/python3.12/site-packages/airflow/example_dags/example_skip_dag.py took 0.213 seconds
[2025-10-30T21:08:00.465+0000] {processor.py:161} INFO - Started process (PID=294) to work on /home/airflow/.local/lib/python3.12/site-packages/airflow/example_dags/example_skip_dag.py
[2025-10-30T21:08:00.467+0000] {processor.py:830} INFO - Processing file /home/airflow/.local/lib/python3.12/site-packages/airflow/example_dags/example_skip_dag.py for tasks to queue
[2025-10-30T21:08:00.470+0000] {logging_mixin.py:188} INFO - [2025-10-30T21:08:00.469+0000] {dagbag.py:545} INFO - Filling up the DagBag from /home/airflow/.local/lib/python3.12/site-packages/airflow/example_dags/example_skip_dag.py
[2025-10-30T21:08:00.482+0000] {processor.py:840} INFO - DAG(s) 'example_skip_dag' retrieved from /home/airflow/.local/lib/python3.12/site-packages/airflow/example_dags/example_skip_dag.py
[2025-10-30T21:08:00.522+0000] {logging_mixin.py:188} INFO - [2025-10-30T21:08:00.521+0000] {dag.py:3096} INFO - Sync 1 DAGs
[2025-10-30T21:08:00.561+0000] {logging_mixin.py:188} INFO - [2025-10-30T21:08:00.560+0000] {dag.py:3954} INFO - Setting next_dagrun for example_skip_dag to 2025-10-29 00:00:00+00:00, run_after=2025-10-30 00:00:00+00:00
[2025-10-30T21:08:00.595+0000] {processor.py:183} INFO - Processing /home/airflow/.local/lib/python3.12/site-packages/airflow/example_dags/example_skip_dag.py took 0.145 seconds
[2025-10-30T21:08:31.906+0000] {processor.py:161} INFO - Started process (PID=351) to work on /home/airflow/.local/lib/python3.12/site-packages/airflow/example_dags/example_skip_dag.py
[2025-10-30T21:08:31.909+0000] {processor.py:830} INFO - Processing file /home/airflow/.local/lib/python3.12/site-packages/airflow/example_dags/example_skip_dag.py for tasks to queue
[2025-10-30T21:08:31.914+0000] {logging_mixin.py:188} INFO - [2025-10-30T21:08:31.912+0000] {dagbag.py:545} INFO - Filling up the DagBag from /home/airflow/.local/lib/python3.12/site-packages/airflow/example_dags/example_skip_dag.py
[2025-10-30T21:08:31.930+0000] {processor.py:840} INFO - DAG(s) 'example_skip_dag' retrieved from /home/airflow/.local/lib/python3.12/site-packages/airflow/example_dags/example_skip_dag.py
[2025-10-30T21:08:32.058+0000] {logging_mixin.py:188} INFO - [2025-10-30T21:08:32.058+0000] {dag.py:3096} INFO - Sync 1 DAGs
[2025-10-30T21:08:32.140+0000] {logging_mixin.py:188} INFO - [2025-10-30T21:08:32.139+0000] {dag.py:3954} INFO - Setting next_dagrun for example_skip_dag to 2025-10-29 00:00:00+00:00, run_after=2025-10-30 00:00:00+00:00
[2025-10-30T21:08:32.240+0000] {processor.py:183} INFO - Processing /home/airflow/.local/lib/python3.12/site-packages/airflow/example_dags/example_skip_dag.py took 0.351 seconds
[2025-10-30T21:09:21.767+0000] {processor.py:161} INFO - Started process (PID=422) to work on /home/airflow/.local/lib/python3.12/site-packages/airflow/example_dags/example_skip_dag.py
[2025-10-30T21:09:21.777+0000] {processor.py:830} INFO - Processing file /home/airflow/.local/lib/python3.12/site-packages/airflow/example_dags/example_skip_dag.py for tasks to queue
[2025-10-30T21:09:21.784+0000] {logging_mixin.py:188} INFO - [2025-10-30T21:09:21.782+0000] {dagbag.py:545} INFO - Filling up the DagBag from /home/airflow/.local/lib/python3.12/site-packages/airflow/example_dags/example_skip_dag.py
[2025-10-30T21:09:21.824+0000] {processor.py:840} INFO - DAG(s) 'example_skip_dag' retrieved from /home/airflow/.local/lib/python3.12/site-packages/airflow/example_dags/example_skip_dag.py
[2025-10-30T21:09:21.905+0000] {logging_mixin.py:188} INFO - [2025-10-30T21:09:21.904+0000] {dag.py:3096} INFO - Sync 1 DAGs
[2025-10-30T21:09:21.983+0000] {logging_mixin.py:188} INFO - [2025-10-30T21:09:21.983+0000] {dag.py:3954} INFO - Setting next_dagrun for example_skip_dag to 2025-10-29 00:00:00+00:00, run_after=2025-10-30 00:00:00+00:00
[2025-10-30T21:09:22.061+0000] {processor.py:183} INFO - Processing /home/airflow/.local/lib/python3.12/site-packages/airflow/example_dags/example_skip_dag.py took 0.312 seconds
