[2025-10-30T20:29:35.089+0000] {processor.py:161} INFO - Started process (PID=73) to work on /home/airflow/.local/lib/python3.12/site-packages/airflow/example_dags/example_bash_decorator.py
[2025-10-30T20:29:35.091+0000] {processor.py:830} INFO - Processing file /home/airflow/.local/lib/python3.12/site-packages/airflow/example_dags/example_bash_decorator.py for tasks to queue
[2025-10-30T20:29:35.094+0000] {logging_mixin.py:188} INFO - [2025-10-30T20:29:35.093+0000] {dagbag.py:545} INFO - Filling up the DagBag from /home/airflow/.local/lib/python3.12/site-packages/airflow/example_dags/example_bash_decorator.py
[2025-10-30T20:29:35.135+0000] {processor.py:840} INFO - DAG(s) 'example_bash_decorator' retrieved from /home/airflow/.local/lib/python3.12/site-packages/airflow/example_dags/example_bash_decorator.py
[2025-10-30T20:29:35.563+0000] {logging_mixin.py:188} INFO - [2025-10-30T20:29:35.562+0000] {dag.py:3096} INFO - Sync 1 DAGs
[2025-10-30T20:29:35.598+0000] {logging_mixin.py:188} INFO - [2025-10-30T20:29:35.597+0000] {dag.py:3954} INFO - Setting next_dagrun for example_bash_decorator to None, run_after=None
[2025-10-30T20:29:35.693+0000] {processor.py:183} INFO - Processing /home/airflow/.local/lib/python3.12/site-packages/airflow/example_dags/example_bash_decorator.py took 0.620 seconds
[2025-10-30T20:30:06.533+0000] {processor.py:161} INFO - Started process (PID=131) to work on /home/airflow/.local/lib/python3.12/site-packages/airflow/example_dags/example_bash_decorator.py
[2025-10-30T20:30:06.537+0000] {processor.py:830} INFO - Processing file /home/airflow/.local/lib/python3.12/site-packages/airflow/example_dags/example_bash_decorator.py for tasks to queue
[2025-10-30T20:30:06.542+0000] {logging_mixin.py:188} INFO - [2025-10-30T20:30:06.542+0000] {dagbag.py:545} INFO - Filling up the DagBag from /home/airflow/.local/lib/python3.12/site-packages/airflow/example_dags/example_bash_decorator.py
[2025-10-30T20:30:06.565+0000] {processor.py:840} INFO - DAG(s) 'example_bash_decorator' retrieved from /home/airflow/.local/lib/python3.12/site-packages/airflow/example_dags/example_bash_decorator.py
[2025-10-30T20:30:06.657+0000] {logging_mixin.py:188} INFO - [2025-10-30T20:30:06.656+0000] {dag.py:3096} INFO - Sync 1 DAGs
[2025-10-30T20:30:06.712+0000] {logging_mixin.py:188} INFO - [2025-10-30T20:30:06.712+0000] {dag.py:3954} INFO - Setting next_dagrun for example_bash_decorator to None, run_after=None
[2025-10-30T20:30:06.764+0000] {processor.py:183} INFO - Processing /home/airflow/.local/lib/python3.12/site-packages/airflow/example_dags/example_bash_decorator.py took 0.248 seconds
[2025-10-30T20:30:37.090+0000] {processor.py:161} INFO - Started process (PID=190) to work on /home/airflow/.local/lib/python3.12/site-packages/airflow/example_dags/example_bash_decorator.py
[2025-10-30T20:30:37.092+0000] {processor.py:830} INFO - Processing file /home/airflow/.local/lib/python3.12/site-packages/airflow/example_dags/example_bash_decorator.py for tasks to queue
[2025-10-30T20:30:37.098+0000] {logging_mixin.py:188} INFO - [2025-10-30T20:30:37.097+0000] {dagbag.py:545} INFO - Filling up the DagBag from /home/airflow/.local/lib/python3.12/site-packages/airflow/example_dags/example_bash_decorator.py
[2025-10-30T20:30:37.121+0000] {processor.py:840} INFO - DAG(s) 'example_bash_decorator' retrieved from /home/airflow/.local/lib/python3.12/site-packages/airflow/example_dags/example_bash_decorator.py
[2025-10-30T20:30:37.166+0000] {logging_mixin.py:188} INFO - [2025-10-30T20:30:37.166+0000] {dag.py:3096} INFO - Sync 1 DAGs
[2025-10-30T20:30:37.187+0000] {logging_mixin.py:188} INFO - [2025-10-30T20:30:37.187+0000] {dag.py:3954} INFO - Setting next_dagrun for example_bash_decorator to None, run_after=None
[2025-10-30T20:30:37.226+0000] {processor.py:183} INFO - Processing /home/airflow/.local/lib/python3.12/site-packages/airflow/example_dags/example_bash_decorator.py took 0.148 seconds
[2025-10-30T20:31:07.940+0000] {processor.py:161} INFO - Started process (PID=248) to work on /home/airflow/.local/lib/python3.12/site-packages/airflow/example_dags/example_bash_decorator.py
[2025-10-30T20:31:07.946+0000] {processor.py:830} INFO - Processing file /home/airflow/.local/lib/python3.12/site-packages/airflow/example_dags/example_bash_decorator.py for tasks to queue
[2025-10-30T20:31:07.958+0000] {logging_mixin.py:188} INFO - [2025-10-30T20:31:07.957+0000] {dagbag.py:545} INFO - Filling up the DagBag from /home/airflow/.local/lib/python3.12/site-packages/airflow/example_dags/example_bash_decorator.py
[2025-10-30T20:31:08.001+0000] {processor.py:840} INFO - DAG(s) 'example_bash_decorator' retrieved from /home/airflow/.local/lib/python3.12/site-packages/airflow/example_dags/example_bash_decorator.py
[2025-10-30T20:31:08.067+0000] {logging_mixin.py:188} INFO - [2025-10-30T20:31:08.067+0000] {dag.py:3096} INFO - Sync 1 DAGs
[2025-10-30T20:31:08.098+0000] {logging_mixin.py:188} INFO - [2025-10-30T20:31:08.097+0000] {dag.py:3954} INFO - Setting next_dagrun for example_bash_decorator to None, run_after=None
[2025-10-30T20:31:08.153+0000] {processor.py:183} INFO - Processing /home/airflow/.local/lib/python3.12/site-packages/airflow/example_dags/example_bash_decorator.py took 0.236 seconds
[2025-10-30T20:31:38.564+0000] {processor.py:161} INFO - Started process (PID=306) to work on /home/airflow/.local/lib/python3.12/site-packages/airflow/example_dags/example_bash_decorator.py
[2025-10-30T20:31:38.566+0000] {processor.py:830} INFO - Processing file /home/airflow/.local/lib/python3.12/site-packages/airflow/example_dags/example_bash_decorator.py for tasks to queue
[2025-10-30T20:31:38.569+0000] {logging_mixin.py:188} INFO - [2025-10-30T20:31:38.568+0000] {dagbag.py:545} INFO - Filling up the DagBag from /home/airflow/.local/lib/python3.12/site-packages/airflow/example_dags/example_bash_decorator.py
[2025-10-30T20:31:38.586+0000] {processor.py:840} INFO - DAG(s) 'example_bash_decorator' retrieved from /home/airflow/.local/lib/python3.12/site-packages/airflow/example_dags/example_bash_decorator.py
[2025-10-30T20:31:38.616+0000] {logging_mixin.py:188} INFO - [2025-10-30T20:31:38.615+0000] {dag.py:3096} INFO - Sync 1 DAGs
[2025-10-30T20:31:38.632+0000] {logging_mixin.py:188} INFO - [2025-10-30T20:31:38.631+0000] {dag.py:3954} INFO - Setting next_dagrun for example_bash_decorator to None, run_after=None
[2025-10-30T20:31:38.656+0000] {processor.py:183} INFO - Processing /home/airflow/.local/lib/python3.12/site-packages/airflow/example_dags/example_bash_decorator.py took 0.100 seconds
[2025-10-30T20:32:09.202+0000] {processor.py:161} INFO - Started process (PID=364) to work on /home/airflow/.local/lib/python3.12/site-packages/airflow/example_dags/example_bash_decorator.py
[2025-10-30T20:32:09.204+0000] {processor.py:830} INFO - Processing file /home/airflow/.local/lib/python3.12/site-packages/airflow/example_dags/example_bash_decorator.py for tasks to queue
[2025-10-30T20:32:09.208+0000] {logging_mixin.py:188} INFO - [2025-10-30T20:32:09.207+0000] {dagbag.py:545} INFO - Filling up the DagBag from /home/airflow/.local/lib/python3.12/site-packages/airflow/example_dags/example_bash_decorator.py
[2025-10-30T20:32:09.232+0000] {processor.py:840} INFO - DAG(s) 'example_bash_decorator' retrieved from /home/airflow/.local/lib/python3.12/site-packages/airflow/example_dags/example_bash_decorator.py
[2025-10-30T20:32:09.284+0000] {logging_mixin.py:188} INFO - [2025-10-30T20:32:09.284+0000] {dag.py:3096} INFO - Sync 1 DAGs
[2025-10-30T20:32:09.312+0000] {logging_mixin.py:188} INFO - [2025-10-30T20:32:09.312+0000] {dag.py:3954} INFO - Setting next_dagrun for example_bash_decorator to None, run_after=None
[2025-10-30T20:32:09.348+0000] {processor.py:183} INFO - Processing /home/airflow/.local/lib/python3.12/site-packages/airflow/example_dags/example_bash_decorator.py took 0.158 seconds
[2025-10-30T20:32:40.112+0000] {processor.py:161} INFO - Started process (PID=422) to work on /home/airflow/.local/lib/python3.12/site-packages/airflow/example_dags/example_bash_decorator.py
[2025-10-30T20:32:40.113+0000] {processor.py:830} INFO - Processing file /home/airflow/.local/lib/python3.12/site-packages/airflow/example_dags/example_bash_decorator.py for tasks to queue
[2025-10-30T20:32:40.116+0000] {logging_mixin.py:188} INFO - [2025-10-30T20:32:40.116+0000] {dagbag.py:545} INFO - Filling up the DagBag from /home/airflow/.local/lib/python3.12/site-packages/airflow/example_dags/example_bash_decorator.py
[2025-10-30T20:32:40.133+0000] {processor.py:840} INFO - DAG(s) 'example_bash_decorator' retrieved from /home/airflow/.local/lib/python3.12/site-packages/airflow/example_dags/example_bash_decorator.py
[2025-10-30T20:32:40.171+0000] {logging_mixin.py:188} INFO - [2025-10-30T20:32:40.170+0000] {dag.py:3096} INFO - Sync 1 DAGs
[2025-10-30T20:32:40.186+0000] {logging_mixin.py:188} INFO - [2025-10-30T20:32:40.186+0000] {dag.py:3954} INFO - Setting next_dagrun for example_bash_decorator to None, run_after=None
[2025-10-30T20:32:40.216+0000] {processor.py:183} INFO - Processing /home/airflow/.local/lib/python3.12/site-packages/airflow/example_dags/example_bash_decorator.py took 0.111 seconds
[2025-10-30T20:33:10.265+0000] {processor.py:161} INFO - Started process (PID=480) to work on /home/airflow/.local/lib/python3.12/site-packages/airflow/example_dags/example_bash_decorator.py
[2025-10-30T20:33:10.267+0000] {processor.py:830} INFO - Processing file /home/airflow/.local/lib/python3.12/site-packages/airflow/example_dags/example_bash_decorator.py for tasks to queue
[2025-10-30T20:33:10.270+0000] {logging_mixin.py:188} INFO - [2025-10-30T20:33:10.269+0000] {dagbag.py:545} INFO - Filling up the DagBag from /home/airflow/.local/lib/python3.12/site-packages/airflow/example_dags/example_bash_decorator.py
[2025-10-30T20:33:10.288+0000] {processor.py:840} INFO - DAG(s) 'example_bash_decorator' retrieved from /home/airflow/.local/lib/python3.12/site-packages/airflow/example_dags/example_bash_decorator.py
[2025-10-30T20:33:10.319+0000] {logging_mixin.py:188} INFO - [2025-10-30T20:33:10.318+0000] {dag.py:3096} INFO - Sync 1 DAGs
[2025-10-30T20:33:10.335+0000] {logging_mixin.py:188} INFO - [2025-10-30T20:33:10.335+0000] {dag.py:3954} INFO - Setting next_dagrun for example_bash_decorator to None, run_after=None
[2025-10-30T20:33:10.373+0000] {processor.py:183} INFO - Processing /home/airflow/.local/lib/python3.12/site-packages/airflow/example_dags/example_bash_decorator.py took 0.115 seconds
[2025-10-30T20:33:41.400+0000] {processor.py:161} INFO - Started process (PID=538) to work on /home/airflow/.local/lib/python3.12/site-packages/airflow/example_dags/example_bash_decorator.py
[2025-10-30T20:33:41.401+0000] {processor.py:830} INFO - Processing file /home/airflow/.local/lib/python3.12/site-packages/airflow/example_dags/example_bash_decorator.py for tasks to queue
[2025-10-30T20:33:41.403+0000] {logging_mixin.py:188} INFO - [2025-10-30T20:33:41.403+0000] {dagbag.py:545} INFO - Filling up the DagBag from /home/airflow/.local/lib/python3.12/site-packages/airflow/example_dags/example_bash_decorator.py
[2025-10-30T20:33:41.420+0000] {processor.py:840} INFO - DAG(s) 'example_bash_decorator' retrieved from /home/airflow/.local/lib/python3.12/site-packages/airflow/example_dags/example_bash_decorator.py
[2025-10-30T20:33:41.448+0000] {logging_mixin.py:188} INFO - [2025-10-30T20:33:41.448+0000] {dag.py:3096} INFO - Sync 1 DAGs
[2025-10-30T20:33:41.464+0000] {logging_mixin.py:188} INFO - [2025-10-30T20:33:41.463+0000] {dag.py:3954} INFO - Setting next_dagrun for example_bash_decorator to None, run_after=None
[2025-10-30T20:33:41.485+0000] {processor.py:183} INFO - Processing /home/airflow/.local/lib/python3.12/site-packages/airflow/example_dags/example_bash_decorator.py took 0.093 seconds
[2025-10-30T20:34:11.641+0000] {processor.py:161} INFO - Started process (PID=596) to work on /home/airflow/.local/lib/python3.12/site-packages/airflow/example_dags/example_bash_decorator.py
[2025-10-30T20:34:11.643+0000] {processor.py:830} INFO - Processing file /home/airflow/.local/lib/python3.12/site-packages/airflow/example_dags/example_bash_decorator.py for tasks to queue
[2025-10-30T20:34:11.645+0000] {logging_mixin.py:188} INFO - [2025-10-30T20:34:11.645+0000] {dagbag.py:545} INFO - Filling up the DagBag from /home/airflow/.local/lib/python3.12/site-packages/airflow/example_dags/example_bash_decorator.py
[2025-10-30T20:34:11.661+0000] {processor.py:840} INFO - DAG(s) 'example_bash_decorator' retrieved from /home/airflow/.local/lib/python3.12/site-packages/airflow/example_dags/example_bash_decorator.py
[2025-10-30T20:34:11.693+0000] {logging_mixin.py:188} INFO - [2025-10-30T20:34:11.692+0000] {dag.py:3096} INFO - Sync 1 DAGs
[2025-10-30T20:34:11.710+0000] {logging_mixin.py:188} INFO - [2025-10-30T20:34:11.709+0000] {dag.py:3954} INFO - Setting next_dagrun for example_bash_decorator to None, run_after=None
[2025-10-30T20:34:11.732+0000] {processor.py:183} INFO - Processing /home/airflow/.local/lib/python3.12/site-packages/airflow/example_dags/example_bash_decorator.py took 0.099 seconds
[2025-10-30T20:34:42.296+0000] {processor.py:161} INFO - Started process (PID=654) to work on /home/airflow/.local/lib/python3.12/site-packages/airflow/example_dags/example_bash_decorator.py
[2025-10-30T20:34:42.298+0000] {processor.py:830} INFO - Processing file /home/airflow/.local/lib/python3.12/site-packages/airflow/example_dags/example_bash_decorator.py for tasks to queue
[2025-10-30T20:34:42.301+0000] {logging_mixin.py:188} INFO - [2025-10-30T20:34:42.300+0000] {dagbag.py:545} INFO - Filling up the DagBag from /home/airflow/.local/lib/python3.12/site-packages/airflow/example_dags/example_bash_decorator.py
[2025-10-30T20:34:42.327+0000] {processor.py:840} INFO - DAG(s) 'example_bash_decorator' retrieved from /home/airflow/.local/lib/python3.12/site-packages/airflow/example_dags/example_bash_decorator.py
[2025-10-30T20:34:42.366+0000] {logging_mixin.py:188} INFO - [2025-10-30T20:34:42.366+0000] {dag.py:3096} INFO - Sync 1 DAGs
[2025-10-30T20:34:42.426+0000] {logging_mixin.py:188} INFO - [2025-10-30T20:34:42.426+0000] {dag.py:3954} INFO - Setting next_dagrun for example_bash_decorator to None, run_after=None
[2025-10-30T20:34:42.462+0000] {processor.py:183} INFO - Processing /home/airflow/.local/lib/python3.12/site-packages/airflow/example_dags/example_bash_decorator.py took 0.177 seconds
[2025-10-30T20:35:12.928+0000] {processor.py:161} INFO - Started process (PID=712) to work on /home/airflow/.local/lib/python3.12/site-packages/airflow/example_dags/example_bash_decorator.py
[2025-10-30T20:35:12.929+0000] {processor.py:830} INFO - Processing file /home/airflow/.local/lib/python3.12/site-packages/airflow/example_dags/example_bash_decorator.py for tasks to queue
[2025-10-30T20:35:12.931+0000] {logging_mixin.py:188} INFO - [2025-10-30T20:35:12.931+0000] {dagbag.py:545} INFO - Filling up the DagBag from /home/airflow/.local/lib/python3.12/site-packages/airflow/example_dags/example_bash_decorator.py
[2025-10-30T20:35:12.947+0000] {processor.py:840} INFO - DAG(s) 'example_bash_decorator' retrieved from /home/airflow/.local/lib/python3.12/site-packages/airflow/example_dags/example_bash_decorator.py
[2025-10-30T20:35:12.980+0000] {logging_mixin.py:188} INFO - [2025-10-30T20:35:12.979+0000] {dag.py:3096} INFO - Sync 1 DAGs
[2025-10-30T20:35:12.998+0000] {logging_mixin.py:188} INFO - [2025-10-30T20:35:12.998+0000] {dag.py:3954} INFO - Setting next_dagrun for example_bash_decorator to None, run_after=None
[2025-10-30T20:35:13.021+0000] {processor.py:183} INFO - Processing /home/airflow/.local/lib/python3.12/site-packages/airflow/example_dags/example_bash_decorator.py took 0.100 seconds
[2025-10-30T20:35:43.453+0000] {processor.py:161} INFO - Started process (PID=770) to work on /home/airflow/.local/lib/python3.12/site-packages/airflow/example_dags/example_bash_decorator.py
[2025-10-30T20:35:43.454+0000] {processor.py:830} INFO - Processing file /home/airflow/.local/lib/python3.12/site-packages/airflow/example_dags/example_bash_decorator.py for tasks to queue
[2025-10-30T20:35:43.457+0000] {logging_mixin.py:188} INFO - [2025-10-30T20:35:43.457+0000] {dagbag.py:545} INFO - Filling up the DagBag from /home/airflow/.local/lib/python3.12/site-packages/airflow/example_dags/example_bash_decorator.py
[2025-10-30T20:35:43.475+0000] {processor.py:840} INFO - DAG(s) 'example_bash_decorator' retrieved from /home/airflow/.local/lib/python3.12/site-packages/airflow/example_dags/example_bash_decorator.py
[2025-10-30T20:35:43.507+0000] {logging_mixin.py:188} INFO - [2025-10-30T20:35:43.506+0000] {dag.py:3096} INFO - Sync 1 DAGs
[2025-10-30T20:35:43.522+0000] {logging_mixin.py:188} INFO - [2025-10-30T20:35:43.522+0000] {dag.py:3954} INFO - Setting next_dagrun for example_bash_decorator to None, run_after=None
[2025-10-30T20:35:43.546+0000] {processor.py:183} INFO - Processing /home/airflow/.local/lib/python3.12/site-packages/airflow/example_dags/example_bash_decorator.py took 0.102 seconds
[2025-10-30T20:36:13.792+0000] {processor.py:161} INFO - Started process (PID=828) to work on /home/airflow/.local/lib/python3.12/site-packages/airflow/example_dags/example_bash_decorator.py
[2025-10-30T20:36:13.793+0000] {processor.py:830} INFO - Processing file /home/airflow/.local/lib/python3.12/site-packages/airflow/example_dags/example_bash_decorator.py for tasks to queue
[2025-10-30T20:36:13.796+0000] {logging_mixin.py:188} INFO - [2025-10-30T20:36:13.796+0000] {dagbag.py:545} INFO - Filling up the DagBag from /home/airflow/.local/lib/python3.12/site-packages/airflow/example_dags/example_bash_decorator.py
[2025-10-30T20:36:13.814+0000] {processor.py:840} INFO - DAG(s) 'example_bash_decorator' retrieved from /home/airflow/.local/lib/python3.12/site-packages/airflow/example_dags/example_bash_decorator.py
[2025-10-30T20:36:13.849+0000] {logging_mixin.py:188} INFO - [2025-10-30T20:36:13.849+0000] {dag.py:3096} INFO - Sync 1 DAGs
[2025-10-30T20:36:13.868+0000] {logging_mixin.py:188} INFO - [2025-10-30T20:36:13.868+0000] {dag.py:3954} INFO - Setting next_dagrun for example_bash_decorator to None, run_after=None
[2025-10-30T20:36:13.898+0000] {processor.py:183} INFO - Processing /home/airflow/.local/lib/python3.12/site-packages/airflow/example_dags/example_bash_decorator.py took 0.114 seconds
[2025-10-30T20:36:44.378+0000] {processor.py:161} INFO - Started process (PID=886) to work on /home/airflow/.local/lib/python3.12/site-packages/airflow/example_dags/example_bash_decorator.py
[2025-10-30T20:36:44.379+0000] {processor.py:830} INFO - Processing file /home/airflow/.local/lib/python3.12/site-packages/airflow/example_dags/example_bash_decorator.py for tasks to queue
[2025-10-30T20:36:44.381+0000] {logging_mixin.py:188} INFO - [2025-10-30T20:36:44.381+0000] {dagbag.py:545} INFO - Filling up the DagBag from /home/airflow/.local/lib/python3.12/site-packages/airflow/example_dags/example_bash_decorator.py
[2025-10-30T20:36:44.399+0000] {processor.py:840} INFO - DAG(s) 'example_bash_decorator' retrieved from /home/airflow/.local/lib/python3.12/site-packages/airflow/example_dags/example_bash_decorator.py
[2025-10-30T20:36:44.435+0000] {logging_mixin.py:188} INFO - [2025-10-30T20:36:44.435+0000] {dag.py:3096} INFO - Sync 1 DAGs
[2025-10-30T20:36:44.459+0000] {logging_mixin.py:188} INFO - [2025-10-30T20:36:44.459+0000] {dag.py:3954} INFO - Setting next_dagrun for example_bash_decorator to None, run_after=None
[2025-10-30T20:36:44.489+0000] {processor.py:183} INFO - Processing /home/airflow/.local/lib/python3.12/site-packages/airflow/example_dags/example_bash_decorator.py took 0.118 seconds
[2025-10-30T20:37:14.563+0000] {processor.py:161} INFO - Started process (PID=943) to work on /home/airflow/.local/lib/python3.12/site-packages/airflow/example_dags/example_bash_decorator.py
[2025-10-30T20:37:14.564+0000] {processor.py:830} INFO - Processing file /home/airflow/.local/lib/python3.12/site-packages/airflow/example_dags/example_bash_decorator.py for tasks to queue
[2025-10-30T20:37:14.567+0000] {logging_mixin.py:188} INFO - [2025-10-30T20:37:14.566+0000] {dagbag.py:545} INFO - Filling up the DagBag from /home/airflow/.local/lib/python3.12/site-packages/airflow/example_dags/example_bash_decorator.py
[2025-10-30T20:37:14.583+0000] {processor.py:840} INFO - DAG(s) 'example_bash_decorator' retrieved from /home/airflow/.local/lib/python3.12/site-packages/airflow/example_dags/example_bash_decorator.py
[2025-10-30T20:37:14.614+0000] {logging_mixin.py:188} INFO - [2025-10-30T20:37:14.614+0000] {dag.py:3096} INFO - Sync 1 DAGs
[2025-10-30T20:37:14.632+0000] {logging_mixin.py:188} INFO - [2025-10-30T20:37:14.632+0000] {dag.py:3954} INFO - Setting next_dagrun for example_bash_decorator to None, run_after=None
[2025-10-30T20:37:14.657+0000] {processor.py:183} INFO - Processing /home/airflow/.local/lib/python3.12/site-packages/airflow/example_dags/example_bash_decorator.py took 0.103 seconds
[2025-10-30T20:37:45.156+0000] {processor.py:161} INFO - Started process (PID=1001) to work on /home/airflow/.local/lib/python3.12/site-packages/airflow/example_dags/example_bash_decorator.py
[2025-10-30T20:37:45.158+0000] {processor.py:830} INFO - Processing file /home/airflow/.local/lib/python3.12/site-packages/airflow/example_dags/example_bash_decorator.py for tasks to queue
[2025-10-30T20:37:45.160+0000] {logging_mixin.py:188} INFO - [2025-10-30T20:37:45.160+0000] {dagbag.py:545} INFO - Filling up the DagBag from /home/airflow/.local/lib/python3.12/site-packages/airflow/example_dags/example_bash_decorator.py
[2025-10-30T20:37:45.180+0000] {processor.py:840} INFO - DAG(s) 'example_bash_decorator' retrieved from /home/airflow/.local/lib/python3.12/site-packages/airflow/example_dags/example_bash_decorator.py
[2025-10-30T20:37:45.220+0000] {logging_mixin.py:188} INFO - [2025-10-30T20:37:45.219+0000] {dag.py:3096} INFO - Sync 1 DAGs
[2025-10-30T20:37:45.238+0000] {logging_mixin.py:188} INFO - [2025-10-30T20:37:45.237+0000] {dag.py:3954} INFO - Setting next_dagrun for example_bash_decorator to None, run_after=None
[2025-10-30T20:37:45.267+0000] {processor.py:183} INFO - Processing /home/airflow/.local/lib/python3.12/site-packages/airflow/example_dags/example_bash_decorator.py took 0.120 seconds
[2025-10-30T20:38:15.525+0000] {processor.py:161} INFO - Started process (PID=1059) to work on /home/airflow/.local/lib/python3.12/site-packages/airflow/example_dags/example_bash_decorator.py
[2025-10-30T20:38:15.528+0000] {processor.py:830} INFO - Processing file /home/airflow/.local/lib/python3.12/site-packages/airflow/example_dags/example_bash_decorator.py for tasks to queue
[2025-10-30T20:38:15.530+0000] {logging_mixin.py:188} INFO - [2025-10-30T20:38:15.530+0000] {dagbag.py:545} INFO - Filling up the DagBag from /home/airflow/.local/lib/python3.12/site-packages/airflow/example_dags/example_bash_decorator.py
[2025-10-30T20:38:15.549+0000] {processor.py:840} INFO - DAG(s) 'example_bash_decorator' retrieved from /home/airflow/.local/lib/python3.12/site-packages/airflow/example_dags/example_bash_decorator.py
[2025-10-30T20:38:15.582+0000] {logging_mixin.py:188} INFO - [2025-10-30T20:38:15.582+0000] {dag.py:3096} INFO - Sync 1 DAGs
[2025-10-30T20:38:15.599+0000] {logging_mixin.py:188} INFO - [2025-10-30T20:38:15.599+0000] {dag.py:3954} INFO - Setting next_dagrun for example_bash_decorator to None, run_after=None
[2025-10-30T20:38:15.624+0000] {processor.py:183} INFO - Processing /home/airflow/.local/lib/python3.12/site-packages/airflow/example_dags/example_bash_decorator.py took 0.108 seconds
[2025-10-30T20:38:45.690+0000] {processor.py:161} INFO - Started process (PID=1117) to work on /home/airflow/.local/lib/python3.12/site-packages/airflow/example_dags/example_bash_decorator.py
[2025-10-30T20:38:45.692+0000] {processor.py:830} INFO - Processing file /home/airflow/.local/lib/python3.12/site-packages/airflow/example_dags/example_bash_decorator.py for tasks to queue
[2025-10-30T20:38:45.695+0000] {logging_mixin.py:188} INFO - [2025-10-30T20:38:45.694+0000] {dagbag.py:545} INFO - Filling up the DagBag from /home/airflow/.local/lib/python3.12/site-packages/airflow/example_dags/example_bash_decorator.py
[2025-10-30T20:38:45.722+0000] {processor.py:840} INFO - DAG(s) 'example_bash_decorator' retrieved from /home/airflow/.local/lib/python3.12/site-packages/airflow/example_dags/example_bash_decorator.py
[2025-10-30T20:38:45.756+0000] {logging_mixin.py:188} INFO - [2025-10-30T20:38:45.756+0000] {dag.py:3096} INFO - Sync 1 DAGs
[2025-10-30T20:38:45.772+0000] {logging_mixin.py:188} INFO - [2025-10-30T20:38:45.772+0000] {dag.py:3954} INFO - Setting next_dagrun for example_bash_decorator to None, run_after=None
[2025-10-30T20:38:45.795+0000] {processor.py:183} INFO - Processing /home/airflow/.local/lib/python3.12/site-packages/airflow/example_dags/example_bash_decorator.py took 0.116 seconds
[2025-10-30T20:39:15.976+0000] {processor.py:161} INFO - Started process (PID=1176) to work on /home/airflow/.local/lib/python3.12/site-packages/airflow/example_dags/example_bash_decorator.py
[2025-10-30T20:39:15.978+0000] {processor.py:830} INFO - Processing file /home/airflow/.local/lib/python3.12/site-packages/airflow/example_dags/example_bash_decorator.py for tasks to queue
[2025-10-30T20:39:15.980+0000] {logging_mixin.py:188} INFO - [2025-10-30T20:39:15.980+0000] {dagbag.py:545} INFO - Filling up the DagBag from /home/airflow/.local/lib/python3.12/site-packages/airflow/example_dags/example_bash_decorator.py
[2025-10-30T20:39:16.000+0000] {processor.py:840} INFO - DAG(s) 'example_bash_decorator' retrieved from /home/airflow/.local/lib/python3.12/site-packages/airflow/example_dags/example_bash_decorator.py
[2025-10-30T20:39:16.032+0000] {logging_mixin.py:188} INFO - [2025-10-30T20:39:16.031+0000] {dag.py:3096} INFO - Sync 1 DAGs
[2025-10-30T20:39:16.051+0000] {logging_mixin.py:188} INFO - [2025-10-30T20:39:16.051+0000] {dag.py:3954} INFO - Setting next_dagrun for example_bash_decorator to None, run_after=None
[2025-10-30T20:39:16.078+0000] {processor.py:183} INFO - Processing /home/airflow/.local/lib/python3.12/site-packages/airflow/example_dags/example_bash_decorator.py took 0.110 seconds
[2025-10-30T20:39:47.284+0000] {processor.py:161} INFO - Started process (PID=1234) to work on /home/airflow/.local/lib/python3.12/site-packages/airflow/example_dags/example_bash_decorator.py
[2025-10-30T20:39:47.287+0000] {processor.py:830} INFO - Processing file /home/airflow/.local/lib/python3.12/site-packages/airflow/example_dags/example_bash_decorator.py for tasks to queue
[2025-10-30T20:39:47.295+0000] {logging_mixin.py:188} INFO - [2025-10-30T20:39:47.295+0000] {dagbag.py:545} INFO - Filling up the DagBag from /home/airflow/.local/lib/python3.12/site-packages/airflow/example_dags/example_bash_decorator.py
[2025-10-30T20:39:47.338+0000] {processor.py:840} INFO - DAG(s) 'example_bash_decorator' retrieved from /home/airflow/.local/lib/python3.12/site-packages/airflow/example_dags/example_bash_decorator.py
[2025-10-30T20:39:47.505+0000] {logging_mixin.py:188} INFO - [2025-10-30T20:39:47.505+0000] {dag.py:3096} INFO - Sync 1 DAGs
[2025-10-30T20:39:47.594+0000] {logging_mixin.py:188} INFO - [2025-10-30T20:39:47.593+0000] {dag.py:3954} INFO - Setting next_dagrun for example_bash_decorator to None, run_after=None
[2025-10-30T20:39:47.668+0000] {processor.py:183} INFO - Processing /home/airflow/.local/lib/python3.12/site-packages/airflow/example_dags/example_bash_decorator.py took 0.462 seconds
[2025-10-30T20:40:18.201+0000] {processor.py:161} INFO - Started process (PID=1291) to work on /home/airflow/.local/lib/python3.12/site-packages/airflow/example_dags/example_bash_decorator.py
[2025-10-30T20:40:18.202+0000] {processor.py:830} INFO - Processing file /home/airflow/.local/lib/python3.12/site-packages/airflow/example_dags/example_bash_decorator.py for tasks to queue
[2025-10-30T20:40:18.205+0000] {logging_mixin.py:188} INFO - [2025-10-30T20:40:18.204+0000] {dagbag.py:545} INFO - Filling up the DagBag from /home/airflow/.local/lib/python3.12/site-packages/airflow/example_dags/example_bash_decorator.py
[2025-10-30T20:40:18.222+0000] {processor.py:840} INFO - DAG(s) 'example_bash_decorator' retrieved from /home/airflow/.local/lib/python3.12/site-packages/airflow/example_dags/example_bash_decorator.py
[2025-10-30T20:40:18.256+0000] {logging_mixin.py:188} INFO - [2025-10-30T20:40:18.256+0000] {dag.py:3096} INFO - Sync 1 DAGs
[2025-10-30T20:40:18.272+0000] {logging_mixin.py:188} INFO - [2025-10-30T20:40:18.271+0000] {dag.py:3954} INFO - Setting next_dagrun for example_bash_decorator to None, run_after=None
[2025-10-30T20:40:18.296+0000] {processor.py:183} INFO - Processing /home/airflow/.local/lib/python3.12/site-packages/airflow/example_dags/example_bash_decorator.py took 0.103 seconds
[2025-10-30T20:40:48.623+0000] {processor.py:161} INFO - Started process (PID=1349) to work on /home/airflow/.local/lib/python3.12/site-packages/airflow/example_dags/example_bash_decorator.py
[2025-10-30T20:40:48.625+0000] {processor.py:830} INFO - Processing file /home/airflow/.local/lib/python3.12/site-packages/airflow/example_dags/example_bash_decorator.py for tasks to queue
[2025-10-30T20:40:48.629+0000] {logging_mixin.py:188} INFO - [2025-10-30T20:40:48.628+0000] {dagbag.py:545} INFO - Filling up the DagBag from /home/airflow/.local/lib/python3.12/site-packages/airflow/example_dags/example_bash_decorator.py
[2025-10-30T20:40:48.658+0000] {processor.py:840} INFO - DAG(s) 'example_bash_decorator' retrieved from /home/airflow/.local/lib/python3.12/site-packages/airflow/example_dags/example_bash_decorator.py
[2025-10-30T20:40:48.707+0000] {logging_mixin.py:188} INFO - [2025-10-30T20:40:48.707+0000] {dag.py:3096} INFO - Sync 1 DAGs
[2025-10-30T20:40:48.734+0000] {logging_mixin.py:188} INFO - [2025-10-30T20:40:48.733+0000] {dag.py:3954} INFO - Setting next_dagrun for example_bash_decorator to None, run_after=None
[2025-10-30T20:40:48.783+0000] {processor.py:183} INFO - Processing /home/airflow/.local/lib/python3.12/site-packages/airflow/example_dags/example_bash_decorator.py took 0.171 seconds
[2025-10-30T20:41:18.880+0000] {processor.py:161} INFO - Started process (PID=1407) to work on /home/airflow/.local/lib/python3.12/site-packages/airflow/example_dags/example_bash_decorator.py
[2025-10-30T20:41:18.882+0000] {processor.py:830} INFO - Processing file /home/airflow/.local/lib/python3.12/site-packages/airflow/example_dags/example_bash_decorator.py for tasks to queue
[2025-10-30T20:41:18.886+0000] {logging_mixin.py:188} INFO - [2025-10-30T20:41:18.886+0000] {dagbag.py:545} INFO - Filling up the DagBag from /home/airflow/.local/lib/python3.12/site-packages/airflow/example_dags/example_bash_decorator.py
[2025-10-30T20:41:18.907+0000] {processor.py:840} INFO - DAG(s) 'example_bash_decorator' retrieved from /home/airflow/.local/lib/python3.12/site-packages/airflow/example_dags/example_bash_decorator.py
[2025-10-30T20:41:18.939+0000] {logging_mixin.py:188} INFO - [2025-10-30T20:41:18.939+0000] {dag.py:3096} INFO - Sync 1 DAGs
[2025-10-30T20:41:18.959+0000] {logging_mixin.py:188} INFO - [2025-10-30T20:41:18.958+0000] {dag.py:3954} INFO - Setting next_dagrun for example_bash_decorator to None, run_after=None
[2025-10-30T20:41:18.986+0000] {processor.py:183} INFO - Processing /home/airflow/.local/lib/python3.12/site-packages/airflow/example_dags/example_bash_decorator.py took 0.115 seconds
[2025-10-30T20:41:49.593+0000] {processor.py:161} INFO - Started process (PID=1462) to work on /home/airflow/.local/lib/python3.12/site-packages/airflow/example_dags/example_bash_decorator.py
[2025-10-30T20:41:49.595+0000] {processor.py:830} INFO - Processing file /home/airflow/.local/lib/python3.12/site-packages/airflow/example_dags/example_bash_decorator.py for tasks to queue
[2025-10-30T20:41:49.598+0000] {logging_mixin.py:188} INFO - [2025-10-30T20:41:49.598+0000] {dagbag.py:545} INFO - Filling up the DagBag from /home/airflow/.local/lib/python3.12/site-packages/airflow/example_dags/example_bash_decorator.py
[2025-10-30T20:41:49.620+0000] {processor.py:840} INFO - DAG(s) 'example_bash_decorator' retrieved from /home/airflow/.local/lib/python3.12/site-packages/airflow/example_dags/example_bash_decorator.py
[2025-10-30T20:41:49.652+0000] {logging_mixin.py:188} INFO - [2025-10-30T20:41:49.652+0000] {dag.py:3096} INFO - Sync 1 DAGs
[2025-10-30T20:41:49.668+0000] {logging_mixin.py:188} INFO - [2025-10-30T20:41:49.668+0000] {dag.py:3954} INFO - Setting next_dagrun for example_bash_decorator to None, run_after=None
[2025-10-30T20:41:49.693+0000] {processor.py:183} INFO - Processing /home/airflow/.local/lib/python3.12/site-packages/airflow/example_dags/example_bash_decorator.py took 0.110 seconds
[2025-10-30T20:42:20.001+0000] {processor.py:161} INFO - Started process (PID=1520) to work on /home/airflow/.local/lib/python3.12/site-packages/airflow/example_dags/example_bash_decorator.py
[2025-10-30T20:42:20.006+0000] {processor.py:830} INFO - Processing file /home/airflow/.local/lib/python3.12/site-packages/airflow/example_dags/example_bash_decorator.py for tasks to queue
[2025-10-30T20:42:20.009+0000] {logging_mixin.py:188} INFO - [2025-10-30T20:42:20.008+0000] {dagbag.py:545} INFO - Filling up the DagBag from /home/airflow/.local/lib/python3.12/site-packages/airflow/example_dags/example_bash_decorator.py
[2025-10-30T20:42:20.030+0000] {processor.py:840} INFO - DAG(s) 'example_bash_decorator' retrieved from /home/airflow/.local/lib/python3.12/site-packages/airflow/example_dags/example_bash_decorator.py
[2025-10-30T20:42:20.065+0000] {logging_mixin.py:188} INFO - [2025-10-30T20:42:20.065+0000] {dag.py:3096} INFO - Sync 1 DAGs
[2025-10-30T20:42:20.088+0000] {logging_mixin.py:188} INFO - [2025-10-30T20:42:20.088+0000] {dag.py:3954} INFO - Setting next_dagrun for example_bash_decorator to None, run_after=None
[2025-10-30T20:42:20.119+0000] {processor.py:183} INFO - Processing /home/airflow/.local/lib/python3.12/site-packages/airflow/example_dags/example_bash_decorator.py took 0.129 seconds
[2025-10-30T21:06:14.572+0000] {processor.py:161} INFO - Started process (PID=74) to work on /home/airflow/.local/lib/python3.12/site-packages/airflow/example_dags/example_bash_decorator.py
[2025-10-30T21:06:14.578+0000] {processor.py:830} INFO - Processing file /home/airflow/.local/lib/python3.12/site-packages/airflow/example_dags/example_bash_decorator.py for tasks to queue
[2025-10-30T21:06:14.584+0000] {logging_mixin.py:188} INFO - [2025-10-30T21:06:14.584+0000] {dagbag.py:545} INFO - Filling up the DagBag from /home/airflow/.local/lib/python3.12/site-packages/airflow/example_dags/example_bash_decorator.py
[2025-10-30T21:06:14.631+0000] {processor.py:840} INFO - DAG(s) 'example_bash_decorator' retrieved from /home/airflow/.local/lib/python3.12/site-packages/airflow/example_dags/example_bash_decorator.py
[2025-10-30T21:06:15.069+0000] {logging_mixin.py:188} INFO - [2025-10-30T21:06:15.068+0000] {dag.py:3096} INFO - Sync 1 DAGs
[2025-10-30T21:06:15.113+0000] {logging_mixin.py:188} INFO - [2025-10-30T21:06:15.112+0000] {dag.py:3954} INFO - Setting next_dagrun for example_bash_decorator to None, run_after=None
[2025-10-30T21:06:15.259+0000] {processor.py:183} INFO - Processing /home/airflow/.local/lib/python3.12/site-packages/airflow/example_dags/example_bash_decorator.py took 0.699 seconds
[2025-10-30T21:06:45.405+0000] {processor.py:161} INFO - Started process (PID=133) to work on /home/airflow/.local/lib/python3.12/site-packages/airflow/example_dags/example_bash_decorator.py
[2025-10-30T21:06:45.408+0000] {processor.py:830} INFO - Processing file /home/airflow/.local/lib/python3.12/site-packages/airflow/example_dags/example_bash_decorator.py for tasks to queue
[2025-10-30T21:06:45.414+0000] {logging_mixin.py:188} INFO - [2025-10-30T21:06:45.413+0000] {dagbag.py:545} INFO - Filling up the DagBag from /home/airflow/.local/lib/python3.12/site-packages/airflow/example_dags/example_bash_decorator.py
[2025-10-30T21:06:45.444+0000] {processor.py:840} INFO - DAG(s) 'example_bash_decorator' retrieved from /home/airflow/.local/lib/python3.12/site-packages/airflow/example_dags/example_bash_decorator.py
[2025-10-30T21:06:45.491+0000] {logging_mixin.py:188} INFO - [2025-10-30T21:06:45.490+0000] {dag.py:3096} INFO - Sync 1 DAGs
[2025-10-30T21:06:45.514+0000] {logging_mixin.py:188} INFO - [2025-10-30T21:06:45.514+0000] {dag.py:3954} INFO - Setting next_dagrun for example_bash_decorator to None, run_after=None
[2025-10-30T21:06:45.553+0000] {processor.py:183} INFO - Processing /home/airflow/.local/lib/python3.12/site-packages/airflow/example_dags/example_bash_decorator.py took 0.162 seconds
[2025-10-30T21:07:16.187+0000] {processor.py:161} INFO - Started process (PID=191) to work on /home/airflow/.local/lib/python3.12/site-packages/airflow/example_dags/example_bash_decorator.py
[2025-10-30T21:07:16.193+0000] {processor.py:830} INFO - Processing file /home/airflow/.local/lib/python3.12/site-packages/airflow/example_dags/example_bash_decorator.py for tasks to queue
[2025-10-30T21:07:16.202+0000] {logging_mixin.py:188} INFO - [2025-10-30T21:07:16.201+0000] {dagbag.py:545} INFO - Filling up the DagBag from /home/airflow/.local/lib/python3.12/site-packages/airflow/example_dags/example_bash_decorator.py
[2025-10-30T21:07:16.246+0000] {processor.py:840} INFO - DAG(s) 'example_bash_decorator' retrieved from /home/airflow/.local/lib/python3.12/site-packages/airflow/example_dags/example_bash_decorator.py
[2025-10-30T21:07:16.315+0000] {logging_mixin.py:188} INFO - [2025-10-30T21:07:16.314+0000] {dag.py:3096} INFO - Sync 1 DAGs
[2025-10-30T21:07:16.344+0000] {logging_mixin.py:188} INFO - [2025-10-30T21:07:16.344+0000] {dag.py:3954} INFO - Setting next_dagrun for example_bash_decorator to None, run_after=None
[2025-10-30T21:07:16.387+0000] {processor.py:183} INFO - Processing /home/airflow/.local/lib/python3.12/site-packages/airflow/example_dags/example_bash_decorator.py took 0.221 seconds
[2025-10-30T21:07:46.651+0000] {processor.py:161} INFO - Started process (PID=254) to work on /home/airflow/.local/lib/python3.12/site-packages/airflow/example_dags/example_bash_decorator.py
[2025-10-30T21:07:46.654+0000] {processor.py:830} INFO - Processing file /home/airflow/.local/lib/python3.12/site-packages/airflow/example_dags/example_bash_decorator.py for tasks to queue
[2025-10-30T21:07:46.659+0000] {logging_mixin.py:188} INFO - [2025-10-30T21:07:46.658+0000] {dagbag.py:545} INFO - Filling up the DagBag from /home/airflow/.local/lib/python3.12/site-packages/airflow/example_dags/example_bash_decorator.py
[2025-10-30T21:07:46.749+0000] {processor.py:840} INFO - DAG(s) 'example_bash_decorator' retrieved from /home/airflow/.local/lib/python3.12/site-packages/airflow/example_dags/example_bash_decorator.py
[2025-10-30T21:07:46.869+0000] {logging_mixin.py:188} INFO - [2025-10-30T21:07:46.863+0000] {dag.py:3096} INFO - Sync 1 DAGs
[2025-10-30T21:07:46.971+0000] {logging_mixin.py:188} INFO - [2025-10-30T21:07:46.971+0000] {dag.py:3954} INFO - Setting next_dagrun for example_bash_decorator to None, run_after=None
[2025-10-30T21:07:47.015+0000] {processor.py:183} INFO - Processing /home/airflow/.local/lib/python3.12/site-packages/airflow/example_dags/example_bash_decorator.py took 0.378 seconds
[2025-10-30T21:08:17.073+0000] {processor.py:161} INFO - Started process (PID=312) to work on /home/airflow/.local/lib/python3.12/site-packages/airflow/example_dags/example_bash_decorator.py
[2025-10-30T21:08:17.075+0000] {processor.py:830} INFO - Processing file /home/airflow/.local/lib/python3.12/site-packages/airflow/example_dags/example_bash_decorator.py for tasks to queue
[2025-10-30T21:08:17.078+0000] {logging_mixin.py:188} INFO - [2025-10-30T21:08:17.077+0000] {dagbag.py:545} INFO - Filling up the DagBag from /home/airflow/.local/lib/python3.12/site-packages/airflow/example_dags/example_bash_decorator.py
[2025-10-30T21:08:17.096+0000] {processor.py:840} INFO - DAG(s) 'example_bash_decorator' retrieved from /home/airflow/.local/lib/python3.12/site-packages/airflow/example_dags/example_bash_decorator.py
[2025-10-30T21:08:17.125+0000] {logging_mixin.py:188} INFO - [2025-10-30T21:08:17.125+0000] {dag.py:3096} INFO - Sync 1 DAGs
[2025-10-30T21:08:17.141+0000] {logging_mixin.py:188} INFO - [2025-10-30T21:08:17.141+0000] {dag.py:3954} INFO - Setting next_dagrun for example_bash_decorator to None, run_after=None
[2025-10-30T21:08:17.164+0000] {processor.py:183} INFO - Processing /home/airflow/.local/lib/python3.12/site-packages/airflow/example_dags/example_bash_decorator.py took 0.099 seconds
[2025-10-30T21:08:59.915+0000] {processor.py:161} INFO - Started process (PID=372) to work on /home/airflow/.local/lib/python3.12/site-packages/airflow/example_dags/example_bash_decorator.py
[2025-10-30T21:08:59.919+0000] {processor.py:830} INFO - Processing file /home/airflow/.local/lib/python3.12/site-packages/airflow/example_dags/example_bash_decorator.py for tasks to queue
[2025-10-30T21:08:59.925+0000] {logging_mixin.py:188} INFO - [2025-10-30T21:08:59.924+0000] {dagbag.py:545} INFO - Filling up the DagBag from /home/airflow/.local/lib/python3.12/site-packages/airflow/example_dags/example_bash_decorator.py
[2025-10-30T21:08:59.975+0000] {processor.py:840} INFO - DAG(s) 'example_bash_decorator' retrieved from /home/airflow/.local/lib/python3.12/site-packages/airflow/example_dags/example_bash_decorator.py
[2025-10-30T21:09:00.276+0000] {logging_mixin.py:188} INFO - [2025-10-30T21:09:00.275+0000] {dag.py:3096} INFO - Sync 1 DAGs
[2025-10-30T21:09:00.368+0000] {logging_mixin.py:188} INFO - [2025-10-30T21:09:00.368+0000] {dag.py:3954} INFO - Setting next_dagrun for example_bash_decorator to None, run_after=None
[2025-10-30T21:09:00.437+0000] {processor.py:183} INFO - Processing /home/airflow/.local/lib/python3.12/site-packages/airflow/example_dags/example_bash_decorator.py took 0.549 seconds
[2025-10-30T21:09:34.132+0000] {processor.py:161} INFO - Started process (PID=430) to work on /home/airflow/.local/lib/python3.12/site-packages/airflow/example_dags/example_bash_decorator.py
[2025-10-30T21:09:34.136+0000] {processor.py:830} INFO - Processing file /home/airflow/.local/lib/python3.12/site-packages/airflow/example_dags/example_bash_decorator.py for tasks to queue
[2025-10-30T21:09:34.141+0000] {logging_mixin.py:188} INFO - [2025-10-30T21:09:34.140+0000] {dagbag.py:545} INFO - Filling up the DagBag from /home/airflow/.local/lib/python3.12/site-packages/airflow/example_dags/example_bash_decorator.py
[2025-10-30T21:09:34.181+0000] {processor.py:840} INFO - DAG(s) 'example_bash_decorator' retrieved from /home/airflow/.local/lib/python3.12/site-packages/airflow/example_dags/example_bash_decorator.py
[2025-10-30T21:09:34.276+0000] {logging_mixin.py:188} INFO - [2025-10-30T21:09:34.275+0000] {dag.py:3096} INFO - Sync 1 DAGs
[2025-10-30T21:09:34.353+0000] {logging_mixin.py:188} INFO - [2025-10-30T21:09:34.349+0000] {dag.py:3954} INFO - Setting next_dagrun for example_bash_decorator to None, run_after=None
[2025-10-30T21:09:34.454+0000] {processor.py:183} INFO - Processing /home/airflow/.local/lib/python3.12/site-packages/airflow/example_dags/example_bash_decorator.py took 0.336 seconds
