[2025-10-30T20:29:46.874+0000] {processor.py:161} INFO - Started process (PID=106) to work on /home/airflow/.local/lib/python3.12/site-packages/airflow/example_dags/example_kubernetes_executor.py
[2025-10-30T20:29:46.876+0000] {processor.py:830} INFO - Processing file /home/airflow/.local/lib/python3.12/site-packages/airflow/example_dags/example_kubernetes_executor.py for tasks to queue
[2025-10-30T20:29:46.879+0000] {logging_mixin.py:188} INFO - [2025-10-30T20:29:46.878+0000] {dagbag.py:545} INFO - Filling up the DagBag from /home/airflow/.local/lib/python3.12/site-packages/airflow/example_dags/example_kubernetes_executor.py
[2025-10-30T20:29:46.904+0000] {processor.py:840} INFO - DAG(s) 'example_kubernetes_executor' retrieved from /home/airflow/.local/lib/python3.12/site-packages/airflow/example_dags/example_kubernetes_executor.py
[2025-10-30T20:29:47.191+0000] {logging_mixin.py:188} INFO - [2025-10-30T20:29:47.190+0000] {dag.py:3096} INFO - Sync 1 DAGs
[2025-10-30T20:29:47.220+0000] {logging_mixin.py:188} INFO - [2025-10-30T20:29:47.219+0000] {dag.py:3954} INFO - Setting next_dagrun for example_kubernetes_executor to None, run_after=None
[2025-10-30T20:29:47.362+0000] {processor.py:183} INFO - Processing /home/airflow/.local/lib/python3.12/site-packages/airflow/example_dags/example_kubernetes_executor.py took 0.513 seconds
[2025-10-30T20:30:17.819+0000] {processor.py:161} INFO - Started process (PID=164) to work on /home/airflow/.local/lib/python3.12/site-packages/airflow/example_dags/example_kubernetes_executor.py
[2025-10-30T20:30:17.821+0000] {processor.py:830} INFO - Processing file /home/airflow/.local/lib/python3.12/site-packages/airflow/example_dags/example_kubernetes_executor.py for tasks to queue
[2025-10-30T20:30:17.823+0000] {logging_mixin.py:188} INFO - [2025-10-30T20:30:17.823+0000] {dagbag.py:545} INFO - Filling up the DagBag from /home/airflow/.local/lib/python3.12/site-packages/airflow/example_dags/example_kubernetes_executor.py
[2025-10-30T20:30:17.838+0000] {processor.py:840} INFO - DAG(s) 'example_kubernetes_executor' retrieved from /home/airflow/.local/lib/python3.12/site-packages/airflow/example_dags/example_kubernetes_executor.py
[2025-10-30T20:30:17.882+0000] {logging_mixin.py:188} INFO - [2025-10-30T20:30:17.882+0000] {dag.py:3096} INFO - Sync 1 DAGs
[2025-10-30T20:30:17.897+0000] {logging_mixin.py:188} INFO - [2025-10-30T20:30:17.897+0000] {dag.py:3954} INFO - Setting next_dagrun for example_kubernetes_executor to None, run_after=None
[2025-10-30T20:30:17.920+0000] {processor.py:183} INFO - Processing /home/airflow/.local/lib/python3.12/site-packages/airflow/example_dags/example_kubernetes_executor.py took 0.109 seconds
[2025-10-30T20:30:48.259+0000] {processor.py:161} INFO - Started process (PID=223) to work on /home/airflow/.local/lib/python3.12/site-packages/airflow/example_dags/example_kubernetes_executor.py
[2025-10-30T20:30:48.260+0000] {processor.py:830} INFO - Processing file /home/airflow/.local/lib/python3.12/site-packages/airflow/example_dags/example_kubernetes_executor.py for tasks to queue
[2025-10-30T20:30:48.263+0000] {logging_mixin.py:188} INFO - [2025-10-30T20:30:48.263+0000] {dagbag.py:545} INFO - Filling up the DagBag from /home/airflow/.local/lib/python3.12/site-packages/airflow/example_dags/example_kubernetes_executor.py
[2025-10-30T20:30:48.282+0000] {processor.py:840} INFO - DAG(s) 'example_kubernetes_executor' retrieved from /home/airflow/.local/lib/python3.12/site-packages/airflow/example_dags/example_kubernetes_executor.py
[2025-10-30T20:30:48.336+0000] {logging_mixin.py:188} INFO - [2025-10-30T20:30:48.335+0000] {dag.py:3096} INFO - Sync 1 DAGs
[2025-10-30T20:30:48.351+0000] {logging_mixin.py:188} INFO - [2025-10-30T20:30:48.351+0000] {dag.py:3954} INFO - Setting next_dagrun for example_kubernetes_executor to None, run_after=None
[2025-10-30T20:30:48.373+0000] {processor.py:183} INFO - Processing /home/airflow/.local/lib/python3.12/site-packages/airflow/example_dags/example_kubernetes_executor.py took 0.122 seconds
[2025-10-30T20:31:19.169+0000] {processor.py:161} INFO - Started process (PID=281) to work on /home/airflow/.local/lib/python3.12/site-packages/airflow/example_dags/example_kubernetes_executor.py
[2025-10-30T20:31:19.171+0000] {processor.py:830} INFO - Processing file /home/airflow/.local/lib/python3.12/site-packages/airflow/example_dags/example_kubernetes_executor.py for tasks to queue
[2025-10-30T20:31:19.174+0000] {logging_mixin.py:188} INFO - [2025-10-30T20:31:19.173+0000] {dagbag.py:545} INFO - Filling up the DagBag from /home/airflow/.local/lib/python3.12/site-packages/airflow/example_dags/example_kubernetes_executor.py
[2025-10-30T20:31:19.191+0000] {processor.py:840} INFO - DAG(s) 'example_kubernetes_executor' retrieved from /home/airflow/.local/lib/python3.12/site-packages/airflow/example_dags/example_kubernetes_executor.py
[2025-10-30T20:31:19.254+0000] {logging_mixin.py:188} INFO - [2025-10-30T20:31:19.254+0000] {dag.py:3096} INFO - Sync 1 DAGs
[2025-10-30T20:31:19.281+0000] {logging_mixin.py:188} INFO - [2025-10-30T20:31:19.280+0000] {dag.py:3954} INFO - Setting next_dagrun for example_kubernetes_executor to None, run_after=None
[2025-10-30T20:31:19.324+0000] {processor.py:183} INFO - Processing /home/airflow/.local/lib/python3.12/site-packages/airflow/example_dags/example_kubernetes_executor.py took 0.163 seconds
[2025-10-30T20:31:50.160+0000] {processor.py:161} INFO - Started process (PID=339) to work on /home/airflow/.local/lib/python3.12/site-packages/airflow/example_dags/example_kubernetes_executor.py
[2025-10-30T20:31:50.167+0000] {processor.py:830} INFO - Processing file /home/airflow/.local/lib/python3.12/site-packages/airflow/example_dags/example_kubernetes_executor.py for tasks to queue
[2025-10-30T20:31:50.173+0000] {logging_mixin.py:188} INFO - [2025-10-30T20:31:50.172+0000] {dagbag.py:545} INFO - Filling up the DagBag from /home/airflow/.local/lib/python3.12/site-packages/airflow/example_dags/example_kubernetes_executor.py
[2025-10-30T20:31:50.205+0000] {processor.py:840} INFO - DAG(s) 'example_kubernetes_executor' retrieved from /home/airflow/.local/lib/python3.12/site-packages/airflow/example_dags/example_kubernetes_executor.py
[2025-10-30T20:31:50.301+0000] {logging_mixin.py:188} INFO - [2025-10-30T20:31:50.301+0000] {dag.py:3096} INFO - Sync 1 DAGs
[2025-10-30T20:31:50.339+0000] {logging_mixin.py:188} INFO - [2025-10-30T20:31:50.338+0000] {dag.py:3954} INFO - Setting next_dagrun for example_kubernetes_executor to None, run_after=None
[2025-10-30T20:31:50.385+0000] {processor.py:183} INFO - Processing /home/airflow/.local/lib/python3.12/site-packages/airflow/example_dags/example_kubernetes_executor.py took 0.238 seconds
[2025-10-30T20:32:20.747+0000] {processor.py:161} INFO - Started process (PID=397) to work on /home/airflow/.local/lib/python3.12/site-packages/airflow/example_dags/example_kubernetes_executor.py
[2025-10-30T20:32:20.750+0000] {processor.py:830} INFO - Processing file /home/airflow/.local/lib/python3.12/site-packages/airflow/example_dags/example_kubernetes_executor.py for tasks to queue
[2025-10-30T20:32:20.755+0000] {logging_mixin.py:188} INFO - [2025-10-30T20:32:20.755+0000] {dagbag.py:545} INFO - Filling up the DagBag from /home/airflow/.local/lib/python3.12/site-packages/airflow/example_dags/example_kubernetes_executor.py
[2025-10-30T20:32:20.771+0000] {processor.py:840} INFO - DAG(s) 'example_kubernetes_executor' retrieved from /home/airflow/.local/lib/python3.12/site-packages/airflow/example_dags/example_kubernetes_executor.py
[2025-10-30T20:32:20.818+0000] {logging_mixin.py:188} INFO - [2025-10-30T20:32:20.818+0000] {dag.py:3096} INFO - Sync 1 DAGs
[2025-10-30T20:32:20.843+0000] {logging_mixin.py:188} INFO - [2025-10-30T20:32:20.843+0000] {dag.py:3954} INFO - Setting next_dagrun for example_kubernetes_executor to None, run_after=None
[2025-10-30T20:32:20.870+0000] {processor.py:183} INFO - Processing /home/airflow/.local/lib/python3.12/site-packages/airflow/example_dags/example_kubernetes_executor.py took 0.129 seconds
[2025-10-30T20:32:51.408+0000] {processor.py:161} INFO - Started process (PID=455) to work on /home/airflow/.local/lib/python3.12/site-packages/airflow/example_dags/example_kubernetes_executor.py
[2025-10-30T20:32:51.410+0000] {processor.py:830} INFO - Processing file /home/airflow/.local/lib/python3.12/site-packages/airflow/example_dags/example_kubernetes_executor.py for tasks to queue
[2025-10-30T20:32:51.413+0000] {logging_mixin.py:188} INFO - [2025-10-30T20:32:51.412+0000] {dagbag.py:545} INFO - Filling up the DagBag from /home/airflow/.local/lib/python3.12/site-packages/airflow/example_dags/example_kubernetes_executor.py
[2025-10-30T20:32:51.427+0000] {processor.py:840} INFO - DAG(s) 'example_kubernetes_executor' retrieved from /home/airflow/.local/lib/python3.12/site-packages/airflow/example_dags/example_kubernetes_executor.py
[2025-10-30T20:32:51.472+0000] {logging_mixin.py:188} INFO - [2025-10-30T20:32:51.471+0000] {dag.py:3096} INFO - Sync 1 DAGs
[2025-10-30T20:32:51.488+0000] {logging_mixin.py:188} INFO - [2025-10-30T20:32:51.487+0000] {dag.py:3954} INFO - Setting next_dagrun for example_kubernetes_executor to None, run_after=None
[2025-10-30T20:32:51.510+0000] {processor.py:183} INFO - Processing /home/airflow/.local/lib/python3.12/site-packages/airflow/example_dags/example_kubernetes_executor.py took 0.109 seconds
[2025-10-30T20:33:21.745+0000] {processor.py:161} INFO - Started process (PID=513) to work on /home/airflow/.local/lib/python3.12/site-packages/airflow/example_dags/example_kubernetes_executor.py
[2025-10-30T20:33:21.746+0000] {processor.py:830} INFO - Processing file /home/airflow/.local/lib/python3.12/site-packages/airflow/example_dags/example_kubernetes_executor.py for tasks to queue
[2025-10-30T20:33:21.749+0000] {logging_mixin.py:188} INFO - [2025-10-30T20:33:21.749+0000] {dagbag.py:545} INFO - Filling up the DagBag from /home/airflow/.local/lib/python3.12/site-packages/airflow/example_dags/example_kubernetes_executor.py
[2025-10-30T20:33:21.763+0000] {processor.py:840} INFO - DAG(s) 'example_kubernetes_executor' retrieved from /home/airflow/.local/lib/python3.12/site-packages/airflow/example_dags/example_kubernetes_executor.py
[2025-10-30T20:33:21.807+0000] {logging_mixin.py:188} INFO - [2025-10-30T20:33:21.807+0000] {dag.py:3096} INFO - Sync 1 DAGs
[2025-10-30T20:33:21.823+0000] {logging_mixin.py:188} INFO - [2025-10-30T20:33:21.823+0000] {dag.py:3954} INFO - Setting next_dagrun for example_kubernetes_executor to None, run_after=None
[2025-10-30T20:33:21.847+0000] {processor.py:183} INFO - Processing /home/airflow/.local/lib/python3.12/site-packages/airflow/example_dags/example_kubernetes_executor.py took 0.109 seconds
[2025-10-30T20:33:52.547+0000] {processor.py:161} INFO - Started process (PID=571) to work on /home/airflow/.local/lib/python3.12/site-packages/airflow/example_dags/example_kubernetes_executor.py
[2025-10-30T20:33:52.549+0000] {processor.py:830} INFO - Processing file /home/airflow/.local/lib/python3.12/site-packages/airflow/example_dags/example_kubernetes_executor.py for tasks to queue
[2025-10-30T20:33:52.551+0000] {logging_mixin.py:188} INFO - [2025-10-30T20:33:52.550+0000] {dagbag.py:545} INFO - Filling up the DagBag from /home/airflow/.local/lib/python3.12/site-packages/airflow/example_dags/example_kubernetes_executor.py
[2025-10-30T20:33:52.566+0000] {processor.py:840} INFO - DAG(s) 'example_kubernetes_executor' retrieved from /home/airflow/.local/lib/python3.12/site-packages/airflow/example_dags/example_kubernetes_executor.py
[2025-10-30T20:33:52.624+0000] {logging_mixin.py:188} INFO - [2025-10-30T20:33:52.624+0000] {dag.py:3096} INFO - Sync 1 DAGs
[2025-10-30T20:33:52.642+0000] {logging_mixin.py:188} INFO - [2025-10-30T20:33:52.642+0000] {dag.py:3954} INFO - Setting next_dagrun for example_kubernetes_executor to None, run_after=None
[2025-10-30T20:33:52.665+0000] {processor.py:183} INFO - Processing /home/airflow/.local/lib/python3.12/site-packages/airflow/example_dags/example_kubernetes_executor.py took 0.125 seconds
[2025-10-30T20:34:23.103+0000] {processor.py:161} INFO - Started process (PID=629) to work on /home/airflow/.local/lib/python3.12/site-packages/airflow/example_dags/example_kubernetes_executor.py
[2025-10-30T20:34:23.105+0000] {processor.py:830} INFO - Processing file /home/airflow/.local/lib/python3.12/site-packages/airflow/example_dags/example_kubernetes_executor.py for tasks to queue
[2025-10-30T20:34:23.108+0000] {logging_mixin.py:188} INFO - [2025-10-30T20:34:23.108+0000] {dagbag.py:545} INFO - Filling up the DagBag from /home/airflow/.local/lib/python3.12/site-packages/airflow/example_dags/example_kubernetes_executor.py
[2025-10-30T20:34:23.126+0000] {processor.py:840} INFO - DAG(s) 'example_kubernetes_executor' retrieved from /home/airflow/.local/lib/python3.12/site-packages/airflow/example_dags/example_kubernetes_executor.py
[2025-10-30T20:34:23.174+0000] {logging_mixin.py:188} INFO - [2025-10-30T20:34:23.173+0000] {dag.py:3096} INFO - Sync 1 DAGs
[2025-10-30T20:34:23.191+0000] {logging_mixin.py:188} INFO - [2025-10-30T20:34:23.191+0000] {dag.py:3954} INFO - Setting next_dagrun for example_kubernetes_executor to None, run_after=None
[2025-10-30T20:34:23.217+0000] {processor.py:183} INFO - Processing /home/airflow/.local/lib/python3.12/site-packages/airflow/example_dags/example_kubernetes_executor.py took 0.127 seconds
[2025-10-30T20:34:53.487+0000] {processor.py:161} INFO - Started process (PID=687) to work on /home/airflow/.local/lib/python3.12/site-packages/airflow/example_dags/example_kubernetes_executor.py
[2025-10-30T20:34:53.488+0000] {processor.py:830} INFO - Processing file /home/airflow/.local/lib/python3.12/site-packages/airflow/example_dags/example_kubernetes_executor.py for tasks to queue
[2025-10-30T20:34:53.491+0000] {logging_mixin.py:188} INFO - [2025-10-30T20:34:53.490+0000] {dagbag.py:545} INFO - Filling up the DagBag from /home/airflow/.local/lib/python3.12/site-packages/airflow/example_dags/example_kubernetes_executor.py
[2025-10-30T20:34:53.506+0000] {processor.py:840} INFO - DAG(s) 'example_kubernetes_executor' retrieved from /home/airflow/.local/lib/python3.12/site-packages/airflow/example_dags/example_kubernetes_executor.py
[2025-10-30T20:34:53.551+0000] {logging_mixin.py:188} INFO - [2025-10-30T20:34:53.551+0000] {dag.py:3096} INFO - Sync 1 DAGs
[2025-10-30T20:34:53.569+0000] {logging_mixin.py:188} INFO - [2025-10-30T20:34:53.569+0000] {dag.py:3954} INFO - Setting next_dagrun for example_kubernetes_executor to None, run_after=None
[2025-10-30T20:34:53.597+0000] {processor.py:183} INFO - Processing /home/airflow/.local/lib/python3.12/site-packages/airflow/example_dags/example_kubernetes_executor.py took 0.118 seconds
[2025-10-30T20:35:23.990+0000] {processor.py:161} INFO - Started process (PID=745) to work on /home/airflow/.local/lib/python3.12/site-packages/airflow/example_dags/example_kubernetes_executor.py
[2025-10-30T20:35:23.991+0000] {processor.py:830} INFO - Processing file /home/airflow/.local/lib/python3.12/site-packages/airflow/example_dags/example_kubernetes_executor.py for tasks to queue
[2025-10-30T20:35:23.993+0000] {logging_mixin.py:188} INFO - [2025-10-30T20:35:23.993+0000] {dagbag.py:545} INFO - Filling up the DagBag from /home/airflow/.local/lib/python3.12/site-packages/airflow/example_dags/example_kubernetes_executor.py
[2025-10-30T20:35:24.007+0000] {processor.py:840} INFO - DAG(s) 'example_kubernetes_executor' retrieved from /home/airflow/.local/lib/python3.12/site-packages/airflow/example_dags/example_kubernetes_executor.py
[2025-10-30T20:35:24.054+0000] {logging_mixin.py:188} INFO - [2025-10-30T20:35:24.053+0000] {dag.py:3096} INFO - Sync 1 DAGs
[2025-10-30T20:35:24.070+0000] {logging_mixin.py:188} INFO - [2025-10-30T20:35:24.070+0000] {dag.py:3954} INFO - Setting next_dagrun for example_kubernetes_executor to None, run_after=None
[2025-10-30T20:35:24.092+0000] {processor.py:183} INFO - Processing /home/airflow/.local/lib/python3.12/site-packages/airflow/example_dags/example_kubernetes_executor.py took 0.110 seconds
[2025-10-30T20:35:54.962+0000] {processor.py:161} INFO - Started process (PID=803) to work on /home/airflow/.local/lib/python3.12/site-packages/airflow/example_dags/example_kubernetes_executor.py
[2025-10-30T20:35:54.963+0000] {processor.py:830} INFO - Processing file /home/airflow/.local/lib/python3.12/site-packages/airflow/example_dags/example_kubernetes_executor.py for tasks to queue
[2025-10-30T20:35:54.966+0000] {logging_mixin.py:188} INFO - [2025-10-30T20:35:54.965+0000] {dagbag.py:545} INFO - Filling up the DagBag from /home/airflow/.local/lib/python3.12/site-packages/airflow/example_dags/example_kubernetes_executor.py
[2025-10-30T20:35:54.983+0000] {processor.py:840} INFO - DAG(s) 'example_kubernetes_executor' retrieved from /home/airflow/.local/lib/python3.12/site-packages/airflow/example_dags/example_kubernetes_executor.py
[2025-10-30T20:35:55.030+0000] {logging_mixin.py:188} INFO - [2025-10-30T20:35:55.030+0000] {dag.py:3096} INFO - Sync 1 DAGs
[2025-10-30T20:35:55.046+0000] {logging_mixin.py:188} INFO - [2025-10-30T20:35:55.046+0000] {dag.py:3954} INFO - Setting next_dagrun for example_kubernetes_executor to None, run_after=None
[2025-10-30T20:35:55.069+0000] {processor.py:183} INFO - Processing /home/airflow/.local/lib/python3.12/site-packages/airflow/example_dags/example_kubernetes_executor.py took 0.114 seconds
[2025-10-30T20:36:25.445+0000] {processor.py:161} INFO - Started process (PID=861) to work on /home/airflow/.local/lib/python3.12/site-packages/airflow/example_dags/example_kubernetes_executor.py
[2025-10-30T20:36:25.447+0000] {processor.py:830} INFO - Processing file /home/airflow/.local/lib/python3.12/site-packages/airflow/example_dags/example_kubernetes_executor.py for tasks to queue
[2025-10-30T20:36:25.449+0000] {logging_mixin.py:188} INFO - [2025-10-30T20:36:25.448+0000] {dagbag.py:545} INFO - Filling up the DagBag from /home/airflow/.local/lib/python3.12/site-packages/airflow/example_dags/example_kubernetes_executor.py
[2025-10-30T20:36:25.470+0000] {processor.py:840} INFO - DAG(s) 'example_kubernetes_executor' retrieved from /home/airflow/.local/lib/python3.12/site-packages/airflow/example_dags/example_kubernetes_executor.py
[2025-10-30T20:36:25.531+0000] {logging_mixin.py:188} INFO - [2025-10-30T20:36:25.530+0000] {dag.py:3096} INFO - Sync 1 DAGs
[2025-10-30T20:36:25.547+0000] {logging_mixin.py:188} INFO - [2025-10-30T20:36:25.546+0000] {dag.py:3954} INFO - Setting next_dagrun for example_kubernetes_executor to None, run_after=None
[2025-10-30T20:36:25.569+0000] {processor.py:183} INFO - Processing /home/airflow/.local/lib/python3.12/site-packages/airflow/example_dags/example_kubernetes_executor.py took 0.131 seconds
[2025-10-30T20:36:55.760+0000] {processor.py:161} INFO - Started process (PID=919) to work on /home/airflow/.local/lib/python3.12/site-packages/airflow/example_dags/example_kubernetes_executor.py
[2025-10-30T20:36:55.762+0000] {processor.py:830} INFO - Processing file /home/airflow/.local/lib/python3.12/site-packages/airflow/example_dags/example_kubernetes_executor.py for tasks to queue
[2025-10-30T20:36:55.764+0000] {logging_mixin.py:188} INFO - [2025-10-30T20:36:55.764+0000] {dagbag.py:545} INFO - Filling up the DagBag from /home/airflow/.local/lib/python3.12/site-packages/airflow/example_dags/example_kubernetes_executor.py
[2025-10-30T20:36:55.780+0000] {processor.py:840} INFO - DAG(s) 'example_kubernetes_executor' retrieved from /home/airflow/.local/lib/python3.12/site-packages/airflow/example_dags/example_kubernetes_executor.py
[2025-10-30T20:36:55.823+0000] {logging_mixin.py:188} INFO - [2025-10-30T20:36:55.823+0000] {dag.py:3096} INFO - Sync 1 DAGs
[2025-10-30T20:36:55.842+0000] {logging_mixin.py:188} INFO - [2025-10-30T20:36:55.842+0000] {dag.py:3954} INFO - Setting next_dagrun for example_kubernetes_executor to None, run_after=None
[2025-10-30T20:36:55.871+0000] {processor.py:183} INFO - Processing /home/airflow/.local/lib/python3.12/site-packages/airflow/example_dags/example_kubernetes_executor.py took 0.118 seconds
[2025-10-30T20:37:26.167+0000] {processor.py:161} INFO - Started process (PID=977) to work on /home/airflow/.local/lib/python3.12/site-packages/airflow/example_dags/example_kubernetes_executor.py
[2025-10-30T20:37:26.169+0000] {processor.py:830} INFO - Processing file /home/airflow/.local/lib/python3.12/site-packages/airflow/example_dags/example_kubernetes_executor.py for tasks to queue
[2025-10-30T20:37:26.172+0000] {logging_mixin.py:188} INFO - [2025-10-30T20:37:26.172+0000] {dagbag.py:545} INFO - Filling up the DagBag from /home/airflow/.local/lib/python3.12/site-packages/airflow/example_dags/example_kubernetes_executor.py
[2025-10-30T20:37:26.195+0000] {processor.py:840} INFO - DAG(s) 'example_kubernetes_executor' retrieved from /home/airflow/.local/lib/python3.12/site-packages/airflow/example_dags/example_kubernetes_executor.py
[2025-10-30T20:37:26.256+0000] {logging_mixin.py:188} INFO - [2025-10-30T20:37:26.255+0000] {dag.py:3096} INFO - Sync 1 DAGs
[2025-10-30T20:37:26.277+0000] {logging_mixin.py:188} INFO - [2025-10-30T20:37:26.276+0000] {dag.py:3954} INFO - Setting next_dagrun for example_kubernetes_executor to None, run_after=None
[2025-10-30T20:37:26.308+0000] {processor.py:183} INFO - Processing /home/airflow/.local/lib/python3.12/site-packages/airflow/example_dags/example_kubernetes_executor.py took 0.152 seconds
[2025-10-30T20:37:57.163+0000] {processor.py:161} INFO - Started process (PID=1035) to work on /home/airflow/.local/lib/python3.12/site-packages/airflow/example_dags/example_kubernetes_executor.py
[2025-10-30T20:37:57.164+0000] {processor.py:830} INFO - Processing file /home/airflow/.local/lib/python3.12/site-packages/airflow/example_dags/example_kubernetes_executor.py for tasks to queue
[2025-10-30T20:37:57.167+0000] {logging_mixin.py:188} INFO - [2025-10-30T20:37:57.166+0000] {dagbag.py:545} INFO - Filling up the DagBag from /home/airflow/.local/lib/python3.12/site-packages/airflow/example_dags/example_kubernetes_executor.py
[2025-10-30T20:37:57.182+0000] {processor.py:840} INFO - DAG(s) 'example_kubernetes_executor' retrieved from /home/airflow/.local/lib/python3.12/site-packages/airflow/example_dags/example_kubernetes_executor.py
[2025-10-30T20:37:57.226+0000] {logging_mixin.py:188} INFO - [2025-10-30T20:37:57.225+0000] {dag.py:3096} INFO - Sync 1 DAGs
[2025-10-30T20:37:57.243+0000] {logging_mixin.py:188} INFO - [2025-10-30T20:37:57.243+0000] {dag.py:3954} INFO - Setting next_dagrun for example_kubernetes_executor to None, run_after=None
[2025-10-30T20:37:57.266+0000] {processor.py:183} INFO - Processing /home/airflow/.local/lib/python3.12/site-packages/airflow/example_dags/example_kubernetes_executor.py took 0.109 seconds
[2025-10-30T20:38:27.926+0000] {processor.py:161} INFO - Started process (PID=1093) to work on /home/airflow/.local/lib/python3.12/site-packages/airflow/example_dags/example_kubernetes_executor.py
[2025-10-30T20:38:27.927+0000] {processor.py:830} INFO - Processing file /home/airflow/.local/lib/python3.12/site-packages/airflow/example_dags/example_kubernetes_executor.py for tasks to queue
[2025-10-30T20:38:27.930+0000] {logging_mixin.py:188} INFO - [2025-10-30T20:38:27.929+0000] {dagbag.py:545} INFO - Filling up the DagBag from /home/airflow/.local/lib/python3.12/site-packages/airflow/example_dags/example_kubernetes_executor.py
[2025-10-30T20:38:27.945+0000] {processor.py:840} INFO - DAG(s) 'example_kubernetes_executor' retrieved from /home/airflow/.local/lib/python3.12/site-packages/airflow/example_dags/example_kubernetes_executor.py
[2025-10-30T20:38:27.988+0000] {logging_mixin.py:188} INFO - [2025-10-30T20:38:27.988+0000] {dag.py:3096} INFO - Sync 1 DAGs
[2025-10-30T20:38:28.005+0000] {logging_mixin.py:188} INFO - [2025-10-30T20:38:28.005+0000] {dag.py:3954} INFO - Setting next_dagrun for example_kubernetes_executor to None, run_after=None
[2025-10-30T20:38:28.028+0000] {processor.py:183} INFO - Processing /home/airflow/.local/lib/python3.12/site-packages/airflow/example_dags/example_kubernetes_executor.py took 0.110 seconds
[2025-10-30T20:38:58.195+0000] {processor.py:161} INFO - Started process (PID=1151) to work on /home/airflow/.local/lib/python3.12/site-packages/airflow/example_dags/example_kubernetes_executor.py
[2025-10-30T20:38:58.196+0000] {processor.py:830} INFO - Processing file /home/airflow/.local/lib/python3.12/site-packages/airflow/example_dags/example_kubernetes_executor.py for tasks to queue
[2025-10-30T20:38:58.198+0000] {logging_mixin.py:188} INFO - [2025-10-30T20:38:58.198+0000] {dagbag.py:545} INFO - Filling up the DagBag from /home/airflow/.local/lib/python3.12/site-packages/airflow/example_dags/example_kubernetes_executor.py
[2025-10-30T20:38:58.213+0000] {processor.py:840} INFO - DAG(s) 'example_kubernetes_executor' retrieved from /home/airflow/.local/lib/python3.12/site-packages/airflow/example_dags/example_kubernetes_executor.py
[2025-10-30T20:38:58.258+0000] {logging_mixin.py:188} INFO - [2025-10-30T20:38:58.258+0000] {dag.py:3096} INFO - Sync 1 DAGs
[2025-10-30T20:38:58.275+0000] {logging_mixin.py:188} INFO - [2025-10-30T20:38:58.274+0000] {dag.py:3954} INFO - Setting next_dagrun for example_kubernetes_executor to None, run_after=None
[2025-10-30T20:38:58.297+0000] {processor.py:183} INFO - Processing /home/airflow/.local/lib/python3.12/site-packages/airflow/example_dags/example_kubernetes_executor.py took 0.110 seconds
[2025-10-30T20:39:28.481+0000] {processor.py:161} INFO - Started process (PID=1210) to work on /home/airflow/.local/lib/python3.12/site-packages/airflow/example_dags/example_kubernetes_executor.py
[2025-10-30T20:39:28.483+0000] {processor.py:830} INFO - Processing file /home/airflow/.local/lib/python3.12/site-packages/airflow/example_dags/example_kubernetes_executor.py for tasks to queue
[2025-10-30T20:39:28.486+0000] {logging_mixin.py:188} INFO - [2025-10-30T20:39:28.486+0000] {dagbag.py:545} INFO - Filling up the DagBag from /home/airflow/.local/lib/python3.12/site-packages/airflow/example_dags/example_kubernetes_executor.py
[2025-10-30T20:39:28.500+0000] {processor.py:840} INFO - DAG(s) 'example_kubernetes_executor' retrieved from /home/airflow/.local/lib/python3.12/site-packages/airflow/example_dags/example_kubernetes_executor.py
[2025-10-30T20:39:28.545+0000] {logging_mixin.py:188} INFO - [2025-10-30T20:39:28.544+0000] {dag.py:3096} INFO - Sync 1 DAGs
[2025-10-30T20:39:28.560+0000] {logging_mixin.py:188} INFO - [2025-10-30T20:39:28.560+0000] {dag.py:3954} INFO - Setting next_dagrun for example_kubernetes_executor to None, run_after=None
[2025-10-30T20:39:28.584+0000] {processor.py:183} INFO - Processing /home/airflow/.local/lib/python3.12/site-packages/airflow/example_dags/example_kubernetes_executor.py took 0.110 seconds
[2025-10-30T20:39:58.956+0000] {processor.py:161} INFO - Started process (PID=1268) to work on /home/airflow/.local/lib/python3.12/site-packages/airflow/example_dags/example_kubernetes_executor.py
[2025-10-30T20:39:58.958+0000] {processor.py:830} INFO - Processing file /home/airflow/.local/lib/python3.12/site-packages/airflow/example_dags/example_kubernetes_executor.py for tasks to queue
[2025-10-30T20:39:58.962+0000] {logging_mixin.py:188} INFO - [2025-10-30T20:39:58.961+0000] {dagbag.py:545} INFO - Filling up the DagBag from /home/airflow/.local/lib/python3.12/site-packages/airflow/example_dags/example_kubernetes_executor.py
[2025-10-30T20:39:58.995+0000] {processor.py:840} INFO - DAG(s) 'example_kubernetes_executor' retrieved from /home/airflow/.local/lib/python3.12/site-packages/airflow/example_dags/example_kubernetes_executor.py
[2025-10-30T20:39:59.085+0000] {logging_mixin.py:188} INFO - [2025-10-30T20:39:59.085+0000] {dag.py:3096} INFO - Sync 1 DAGs
[2025-10-30T20:39:59.121+0000] {logging_mixin.py:188} INFO - [2025-10-30T20:39:59.120+0000] {dag.py:3954} INFO - Setting next_dagrun for example_kubernetes_executor to None, run_after=None
[2025-10-30T20:39:59.166+0000] {processor.py:183} INFO - Processing /home/airflow/.local/lib/python3.12/site-packages/airflow/example_dags/example_kubernetes_executor.py took 0.220 seconds
[2025-10-30T20:40:29.719+0000] {processor.py:161} INFO - Started process (PID=1326) to work on /home/airflow/.local/lib/python3.12/site-packages/airflow/example_dags/example_kubernetes_executor.py
[2025-10-30T20:40:29.721+0000] {processor.py:830} INFO - Processing file /home/airflow/.local/lib/python3.12/site-packages/airflow/example_dags/example_kubernetes_executor.py for tasks to queue
[2025-10-30T20:40:29.723+0000] {logging_mixin.py:188} INFO - [2025-10-30T20:40:29.723+0000] {dagbag.py:545} INFO - Filling up the DagBag from /home/airflow/.local/lib/python3.12/site-packages/airflow/example_dags/example_kubernetes_executor.py
[2025-10-30T20:40:29.744+0000] {processor.py:840} INFO - DAG(s) 'example_kubernetes_executor' retrieved from /home/airflow/.local/lib/python3.12/site-packages/airflow/example_dags/example_kubernetes_executor.py
[2025-10-30T20:40:29.806+0000] {logging_mixin.py:188} INFO - [2025-10-30T20:40:29.805+0000] {dag.py:3096} INFO - Sync 1 DAGs
[2025-10-30T20:40:29.828+0000] {logging_mixin.py:188} INFO - [2025-10-30T20:40:29.828+0000] {dag.py:3954} INFO - Setting next_dagrun for example_kubernetes_executor to None, run_after=None
[2025-10-30T20:40:29.859+0000] {processor.py:183} INFO - Processing /home/airflow/.local/lib/python3.12/site-packages/airflow/example_dags/example_kubernetes_executor.py took 0.148 seconds
[2025-10-30T20:40:59.944+0000] {processor.py:161} INFO - Started process (PID=1384) to work on /home/airflow/.local/lib/python3.12/site-packages/airflow/example_dags/example_kubernetes_executor.py
[2025-10-30T20:40:59.948+0000] {processor.py:830} INFO - Processing file /home/airflow/.local/lib/python3.12/site-packages/airflow/example_dags/example_kubernetes_executor.py for tasks to queue
[2025-10-30T20:40:59.952+0000] {logging_mixin.py:188} INFO - [2025-10-30T20:40:59.951+0000] {dagbag.py:545} INFO - Filling up the DagBag from /home/airflow/.local/lib/python3.12/site-packages/airflow/example_dags/example_kubernetes_executor.py
[2025-10-30T20:40:59.987+0000] {processor.py:840} INFO - DAG(s) 'example_kubernetes_executor' retrieved from /home/airflow/.local/lib/python3.12/site-packages/airflow/example_dags/example_kubernetes_executor.py
[2025-10-30T20:41:00.083+0000] {logging_mixin.py:188} INFO - [2025-10-30T20:41:00.082+0000] {dag.py:3096} INFO - Sync 1 DAGs
[2025-10-30T20:41:00.117+0000] {logging_mixin.py:188} INFO - [2025-10-30T20:41:00.117+0000] {dag.py:3954} INFO - Setting next_dagrun for example_kubernetes_executor to None, run_after=None
[2025-10-30T20:41:00.156+0000] {processor.py:183} INFO - Processing /home/airflow/.local/lib/python3.12/site-packages/airflow/example_dags/example_kubernetes_executor.py took 0.228 seconds
[2025-10-30T20:41:32.022+0000] {processor.py:161} INFO - Started process (PID=1442) to work on /home/airflow/.local/lib/python3.12/site-packages/airflow/example_dags/example_kubernetes_executor.py
[2025-10-30T20:41:32.024+0000] {processor.py:830} INFO - Processing file /home/airflow/.local/lib/python3.12/site-packages/airflow/example_dags/example_kubernetes_executor.py for tasks to queue
[2025-10-30T20:41:32.027+0000] {logging_mixin.py:188} INFO - [2025-10-30T20:41:32.026+0000] {dagbag.py:545} INFO - Filling up the DagBag from /home/airflow/.local/lib/python3.12/site-packages/airflow/example_dags/example_kubernetes_executor.py
[2025-10-30T20:41:32.051+0000] {processor.py:840} INFO - DAG(s) 'example_kubernetes_executor' retrieved from /home/airflow/.local/lib/python3.12/site-packages/airflow/example_dags/example_kubernetes_executor.py
[2025-10-30T20:41:32.132+0000] {logging_mixin.py:188} INFO - [2025-10-30T20:41:32.131+0000] {dag.py:3096} INFO - Sync 1 DAGs
[2025-10-30T20:41:32.162+0000] {logging_mixin.py:188} INFO - [2025-10-30T20:41:32.162+0000] {dag.py:3954} INFO - Setting next_dagrun for example_kubernetes_executor to None, run_after=None
[2025-10-30T20:41:32.204+0000] {processor.py:183} INFO - Processing /home/airflow/.local/lib/python3.12/site-packages/airflow/example_dags/example_kubernetes_executor.py took 0.191 seconds
[2025-10-30T20:42:02.664+0000] {processor.py:161} INFO - Started process (PID=1499) to work on /home/airflow/.local/lib/python3.12/site-packages/airflow/example_dags/example_kubernetes_executor.py
[2025-10-30T20:42:02.665+0000] {processor.py:830} INFO - Processing file /home/airflow/.local/lib/python3.12/site-packages/airflow/example_dags/example_kubernetes_executor.py for tasks to queue
[2025-10-30T20:42:02.668+0000] {logging_mixin.py:188} INFO - [2025-10-30T20:42:02.668+0000] {dagbag.py:545} INFO - Filling up the DagBag from /home/airflow/.local/lib/python3.12/site-packages/airflow/example_dags/example_kubernetes_executor.py
[2025-10-30T20:42:02.690+0000] {processor.py:840} INFO - DAG(s) 'example_kubernetes_executor' retrieved from /home/airflow/.local/lib/python3.12/site-packages/airflow/example_dags/example_kubernetes_executor.py
[2025-10-30T20:42:02.748+0000] {logging_mixin.py:188} INFO - [2025-10-30T20:42:02.747+0000] {dag.py:3096} INFO - Sync 1 DAGs
[2025-10-30T20:42:02.943+0000] {logging_mixin.py:188} INFO - [2025-10-30T20:42:02.942+0000] {dag.py:3954} INFO - Setting next_dagrun for example_kubernetes_executor to None, run_after=None
[2025-10-30T20:42:02.969+0000] {processor.py:183} INFO - Processing /home/airflow/.local/lib/python3.12/site-packages/airflow/example_dags/example_kubernetes_executor.py took 0.314 seconds
[2025-10-30T20:42:33.426+0000] {processor.py:161} INFO - Started process (PID=1557) to work on /home/airflow/.local/lib/python3.12/site-packages/airflow/example_dags/example_kubernetes_executor.py
[2025-10-30T20:42:33.428+0000] {processor.py:830} INFO - Processing file /home/airflow/.local/lib/python3.12/site-packages/airflow/example_dags/example_kubernetes_executor.py for tasks to queue
[2025-10-30T20:42:33.430+0000] {logging_mixin.py:188} INFO - [2025-10-30T20:42:33.430+0000] {dagbag.py:545} INFO - Filling up the DagBag from /home/airflow/.local/lib/python3.12/site-packages/airflow/example_dags/example_kubernetes_executor.py
[2025-10-30T20:42:33.451+0000] {processor.py:840} INFO - DAG(s) 'example_kubernetes_executor' retrieved from /home/airflow/.local/lib/python3.12/site-packages/airflow/example_dags/example_kubernetes_executor.py
[2025-10-30T20:42:33.507+0000] {logging_mixin.py:188} INFO - [2025-10-30T20:42:33.507+0000] {dag.py:3096} INFO - Sync 1 DAGs
[2025-10-30T20:42:33.530+0000] {logging_mixin.py:188} INFO - [2025-10-30T20:42:33.530+0000] {dag.py:3954} INFO - Setting next_dagrun for example_kubernetes_executor to None, run_after=None
[2025-10-30T20:42:33.562+0000] {processor.py:183} INFO - Processing /home/airflow/.local/lib/python3.12/site-packages/airflow/example_dags/example_kubernetes_executor.py took 0.145 seconds
[2025-10-30T21:06:28.220+0000] {processor.py:161} INFO - Started process (PID=107) to work on /home/airflow/.local/lib/python3.12/site-packages/airflow/example_dags/example_kubernetes_executor.py
[2025-10-30T21:06:28.223+0000] {processor.py:830} INFO - Processing file /home/airflow/.local/lib/python3.12/site-packages/airflow/example_dags/example_kubernetes_executor.py for tasks to queue
[2025-10-30T21:06:28.228+0000] {logging_mixin.py:188} INFO - [2025-10-30T21:06:28.228+0000] {dagbag.py:545} INFO - Filling up the DagBag from /home/airflow/.local/lib/python3.12/site-packages/airflow/example_dags/example_kubernetes_executor.py
[2025-10-30T21:06:28.263+0000] {processor.py:840} INFO - DAG(s) 'example_kubernetes_executor' retrieved from /home/airflow/.local/lib/python3.12/site-packages/airflow/example_dags/example_kubernetes_executor.py
[2025-10-30T21:06:28.516+0000] {logging_mixin.py:188} INFO - [2025-10-30T21:06:28.516+0000] {dag.py:3096} INFO - Sync 1 DAGs
[2025-10-30T21:06:28.535+0000] {logging_mixin.py:188} INFO - [2025-10-30T21:06:28.535+0000] {dag.py:3954} INFO - Setting next_dagrun for example_kubernetes_executor to None, run_after=None
[2025-10-30T21:06:28.576+0000] {processor.py:183} INFO - Processing /home/airflow/.local/lib/python3.12/site-packages/airflow/example_dags/example_kubernetes_executor.py took 0.367 seconds
[2025-10-30T21:06:58.787+0000] {processor.py:161} INFO - Started process (PID=166) to work on /home/airflow/.local/lib/python3.12/site-packages/airflow/example_dags/example_kubernetes_executor.py
[2025-10-30T21:06:58.792+0000] {processor.py:830} INFO - Processing file /home/airflow/.local/lib/python3.12/site-packages/airflow/example_dags/example_kubernetes_executor.py for tasks to queue
[2025-10-30T21:06:58.795+0000] {logging_mixin.py:188} INFO - [2025-10-30T21:06:58.795+0000] {dagbag.py:545} INFO - Filling up the DagBag from /home/airflow/.local/lib/python3.12/site-packages/airflow/example_dags/example_kubernetes_executor.py
[2025-10-30T21:06:58.822+0000] {processor.py:840} INFO - DAG(s) 'example_kubernetes_executor' retrieved from /home/airflow/.local/lib/python3.12/site-packages/airflow/example_dags/example_kubernetes_executor.py
[2025-10-30T21:06:58.898+0000] {logging_mixin.py:188} INFO - [2025-10-30T21:06:58.897+0000] {dag.py:3096} INFO - Sync 1 DAGs
[2025-10-30T21:06:58.927+0000] {logging_mixin.py:188} INFO - [2025-10-30T21:06:58.927+0000] {dag.py:3954} INFO - Setting next_dagrun for example_kubernetes_executor to None, run_after=None
[2025-10-30T21:06:58.971+0000] {processor.py:183} INFO - Processing /home/airflow/.local/lib/python3.12/site-packages/airflow/example_dags/example_kubernetes_executor.py took 0.194 seconds
[2025-10-30T21:07:29.147+0000] {processor.py:161} INFO - Started process (PID=228) to work on /home/airflow/.local/lib/python3.12/site-packages/airflow/example_dags/example_kubernetes_executor.py
[2025-10-30T21:07:29.150+0000] {processor.py:830} INFO - Processing file /home/airflow/.local/lib/python3.12/site-packages/airflow/example_dags/example_kubernetes_executor.py for tasks to queue
[2025-10-30T21:07:29.155+0000] {logging_mixin.py:188} INFO - [2025-10-30T21:07:29.154+0000] {dagbag.py:545} INFO - Filling up the DagBag from /home/airflow/.local/lib/python3.12/site-packages/airflow/example_dags/example_kubernetes_executor.py
[2025-10-30T21:07:29.256+0000] {processor.py:840} INFO - DAG(s) 'example_kubernetes_executor' retrieved from /home/airflow/.local/lib/python3.12/site-packages/airflow/example_dags/example_kubernetes_executor.py
[2025-10-30T21:07:29.366+0000] {logging_mixin.py:188} INFO - [2025-10-30T21:07:29.365+0000] {dag.py:3096} INFO - Sync 1 DAGs
[2025-10-30T21:07:29.395+0000] {logging_mixin.py:188} INFO - [2025-10-30T21:07:29.395+0000] {dag.py:3954} INFO - Setting next_dagrun for example_kubernetes_executor to None, run_after=None
[2025-10-30T21:07:29.427+0000] {processor.py:183} INFO - Processing /home/airflow/.local/lib/python3.12/site-packages/airflow/example_dags/example_kubernetes_executor.py took 0.293 seconds
[2025-10-30T21:07:59.588+0000] {processor.py:161} INFO - Started process (PID=287) to work on /home/airflow/.local/lib/python3.12/site-packages/airflow/example_dags/example_kubernetes_executor.py
[2025-10-30T21:07:59.590+0000] {processor.py:830} INFO - Processing file /home/airflow/.local/lib/python3.12/site-packages/airflow/example_dags/example_kubernetes_executor.py for tasks to queue
[2025-10-30T21:07:59.596+0000] {logging_mixin.py:188} INFO - [2025-10-30T21:07:59.595+0000] {dagbag.py:545} INFO - Filling up the DagBag from /home/airflow/.local/lib/python3.12/site-packages/airflow/example_dags/example_kubernetes_executor.py
[2025-10-30T21:07:59.633+0000] {processor.py:840} INFO - DAG(s) 'example_kubernetes_executor' retrieved from /home/airflow/.local/lib/python3.12/site-packages/airflow/example_dags/example_kubernetes_executor.py
[2025-10-30T21:07:59.743+0000] {logging_mixin.py:188} INFO - [2025-10-30T21:07:59.742+0000] {dag.py:3096} INFO - Sync 1 DAGs
[2025-10-30T21:07:59.779+0000] {logging_mixin.py:188} INFO - [2025-10-30T21:07:59.778+0000] {dag.py:3954} INFO - Setting next_dagrun for example_kubernetes_executor to None, run_after=None
[2025-10-30T21:07:59.818+0000] {processor.py:183} INFO - Processing /home/airflow/.local/lib/python3.12/site-packages/airflow/example_dags/example_kubernetes_executor.py took 0.244 seconds
[2025-10-30T21:08:30.713+0000] {processor.py:161} INFO - Started process (PID=346) to work on /home/airflow/.local/lib/python3.12/site-packages/airflow/example_dags/example_kubernetes_executor.py
[2025-10-30T21:08:30.715+0000] {processor.py:830} INFO - Processing file /home/airflow/.local/lib/python3.12/site-packages/airflow/example_dags/example_kubernetes_executor.py for tasks to queue
[2025-10-30T21:08:30.719+0000] {logging_mixin.py:188} INFO - [2025-10-30T21:08:30.717+0000] {dagbag.py:545} INFO - Filling up the DagBag from /home/airflow/.local/lib/python3.12/site-packages/airflow/example_dags/example_kubernetes_executor.py
[2025-10-30T21:08:30.795+0000] {processor.py:840} INFO - DAG(s) 'example_kubernetes_executor' retrieved from /home/airflow/.local/lib/python3.12/site-packages/airflow/example_dags/example_kubernetes_executor.py
[2025-10-30T21:08:31.012+0000] {logging_mixin.py:188} INFO - [2025-10-30T21:08:31.011+0000] {dag.py:3096} INFO - Sync 1 DAGs
[2025-10-30T21:08:31.044+0000] {logging_mixin.py:188} INFO - [2025-10-30T21:08:31.043+0000] {dag.py:3954} INFO - Setting next_dagrun for example_kubernetes_executor to None, run_after=None
[2025-10-30T21:08:31.103+0000] {processor.py:183} INFO - Processing /home/airflow/.local/lib/python3.12/site-packages/airflow/example_dags/example_kubernetes_executor.py took 0.398 seconds
[2025-10-30T21:09:20.627+0000] {processor.py:161} INFO - Started process (PID=417) to work on /home/airflow/.local/lib/python3.12/site-packages/airflow/example_dags/example_kubernetes_executor.py
[2025-10-30T21:09:20.643+0000] {processor.py:830} INFO - Processing file /home/airflow/.local/lib/python3.12/site-packages/airflow/example_dags/example_kubernetes_executor.py for tasks to queue
[2025-10-30T21:09:20.656+0000] {logging_mixin.py:188} INFO - [2025-10-30T21:09:20.654+0000] {dagbag.py:545} INFO - Filling up the DagBag from /home/airflow/.local/lib/python3.12/site-packages/airflow/example_dags/example_kubernetes_executor.py
[2025-10-30T21:09:20.778+0000] {processor.py:840} INFO - DAG(s) 'example_kubernetes_executor' retrieved from /home/airflow/.local/lib/python3.12/site-packages/airflow/example_dags/example_kubernetes_executor.py
[2025-10-30T21:09:21.070+0000] {logging_mixin.py:188} INFO - [2025-10-30T21:09:21.068+0000] {dag.py:3096} INFO - Sync 1 DAGs
[2025-10-30T21:09:21.130+0000] {logging_mixin.py:188} INFO - [2025-10-30T21:09:21.130+0000] {dag.py:3954} INFO - Setting next_dagrun for example_kubernetes_executor to None, run_after=None
[2025-10-30T21:09:21.206+0000] {processor.py:183} INFO - Processing /home/airflow/.local/lib/python3.12/site-packages/airflow/example_dags/example_kubernetes_executor.py took 0.614 seconds
