[2025-10-30T20:29:46.228+0000] {processor.py:161} INFO - Started process (PID=101) to work on /home/airflow/.local/lib/python3.12/site-packages/airflow/example_dags/example_branch_python_dop_operator_3.py
[2025-10-30T20:29:46.230+0000] {processor.py:830} INFO - Processing file /home/airflow/.local/lib/python3.12/site-packages/airflow/example_dags/example_branch_python_dop_operator_3.py for tasks to queue
[2025-10-30T20:29:46.233+0000] {logging_mixin.py:188} INFO - [2025-10-30T20:29:46.232+0000] {dagbag.py:545} INFO - Filling up the DagBag from /home/airflow/.local/lib/python3.12/site-packages/airflow/example_dags/example_branch_python_dop_operator_3.py
[2025-10-30T20:29:46.245+0000] {processor.py:840} INFO - DAG(s) 'example_branch_dop_operator_v3' retrieved from /home/airflow/.local/lib/python3.12/site-packages/airflow/example_dags/example_branch_python_dop_operator_3.py
[2025-10-30T20:29:46.389+0000] {logging_mixin.py:188} INFO - [2025-10-30T20:29:46.389+0000] {dag.py:3096} INFO - Sync 1 DAGs
[2025-10-30T20:29:46.424+0000] {logging_mixin.py:188} INFO - [2025-10-30T20:29:46.423+0000] {dag.py:3954} INFO - Setting next_dagrun for example_branch_dop_operator_v3 to 2025-10-30 20:28:00+00:00, run_after=2025-10-30 20:29:00+00:00
[2025-10-30T20:29:46.449+0000] {processor.py:183} INFO - Processing /home/airflow/.local/lib/python3.12/site-packages/airflow/example_dags/example_branch_python_dop_operator_3.py took 0.229 seconds
[2025-10-30T20:30:17.447+0000] {processor.py:161} INFO - Started process (PID=159) to work on /home/airflow/.local/lib/python3.12/site-packages/airflow/example_dags/example_branch_python_dop_operator_3.py
[2025-10-30T20:30:17.450+0000] {processor.py:830} INFO - Processing file /home/airflow/.local/lib/python3.12/site-packages/airflow/example_dags/example_branch_python_dop_operator_3.py for tasks to queue
[2025-10-30T20:30:17.453+0000] {logging_mixin.py:188} INFO - [2025-10-30T20:30:17.452+0000] {dagbag.py:545} INFO - Filling up the DagBag from /home/airflow/.local/lib/python3.12/site-packages/airflow/example_dags/example_branch_python_dop_operator_3.py
[2025-10-30T20:30:17.466+0000] {processor.py:840} INFO - DAG(s) 'example_branch_dop_operator_v3' retrieved from /home/airflow/.local/lib/python3.12/site-packages/airflow/example_dags/example_branch_python_dop_operator_3.py
[2025-10-30T20:30:17.493+0000] {logging_mixin.py:188} INFO - [2025-10-30T20:30:17.493+0000] {dag.py:3096} INFO - Sync 1 DAGs
[2025-10-30T20:30:17.524+0000] {logging_mixin.py:188} INFO - [2025-10-30T20:30:17.524+0000] {dag.py:3954} INFO - Setting next_dagrun for example_branch_dop_operator_v3 to 2025-10-30 20:29:00+00:00, run_after=2025-10-30 20:30:00+00:00
[2025-10-30T20:30:17.549+0000] {processor.py:183} INFO - Processing /home/airflow/.local/lib/python3.12/site-packages/airflow/example_dags/example_branch_python_dop_operator_3.py took 0.111 seconds
[2025-10-30T20:30:47.784+0000] {processor.py:161} INFO - Started process (PID=218) to work on /home/airflow/.local/lib/python3.12/site-packages/airflow/example_dags/example_branch_python_dop_operator_3.py
[2025-10-30T20:30:47.788+0000] {processor.py:830} INFO - Processing file /home/airflow/.local/lib/python3.12/site-packages/airflow/example_dags/example_branch_python_dop_operator_3.py for tasks to queue
[2025-10-30T20:30:47.796+0000] {logging_mixin.py:188} INFO - [2025-10-30T20:30:47.795+0000] {dagbag.py:545} INFO - Filling up the DagBag from /home/airflow/.local/lib/python3.12/site-packages/airflow/example_dags/example_branch_python_dop_operator_3.py
[2025-10-30T20:30:47.816+0000] {processor.py:840} INFO - DAG(s) 'example_branch_dop_operator_v3' retrieved from /home/airflow/.local/lib/python3.12/site-packages/airflow/example_dags/example_branch_python_dop_operator_3.py
[2025-10-30T20:30:47.856+0000] {logging_mixin.py:188} INFO - [2025-10-30T20:30:47.855+0000] {dag.py:3096} INFO - Sync 1 DAGs
[2025-10-30T20:30:47.927+0000] {logging_mixin.py:188} INFO - [2025-10-30T20:30:47.926+0000] {dag.py:3954} INFO - Setting next_dagrun for example_branch_dop_operator_v3 to 2025-10-30 20:29:00+00:00, run_after=2025-10-30 20:30:00+00:00
[2025-10-30T20:30:47.984+0000] {processor.py:183} INFO - Processing /home/airflow/.local/lib/python3.12/site-packages/airflow/example_dags/example_branch_python_dop_operator_3.py took 0.223 seconds
[2025-10-30T20:31:18.438+0000] {processor.py:161} INFO - Started process (PID=276) to work on /home/airflow/.local/lib/python3.12/site-packages/airflow/example_dags/example_branch_python_dop_operator_3.py
[2025-10-30T20:31:18.440+0000] {processor.py:830} INFO - Processing file /home/airflow/.local/lib/python3.12/site-packages/airflow/example_dags/example_branch_python_dop_operator_3.py for tasks to queue
[2025-10-30T20:31:18.445+0000] {logging_mixin.py:188} INFO - [2025-10-30T20:31:18.445+0000] {dagbag.py:545} INFO - Filling up the DagBag from /home/airflow/.local/lib/python3.12/site-packages/airflow/example_dags/example_branch_python_dop_operator_3.py
[2025-10-30T20:31:18.490+0000] {processor.py:840} INFO - DAG(s) 'example_branch_dop_operator_v3' retrieved from /home/airflow/.local/lib/python3.12/site-packages/airflow/example_dags/example_branch_python_dop_operator_3.py
[2025-10-30T20:31:18.570+0000] {logging_mixin.py:188} INFO - [2025-10-30T20:31:18.570+0000] {dag.py:3096} INFO - Sync 1 DAGs
[2025-10-30T20:31:18.643+0000] {logging_mixin.py:188} INFO - [2025-10-30T20:31:18.642+0000] {dag.py:3954} INFO - Setting next_dagrun for example_branch_dop_operator_v3 to 2025-10-30 20:30:00+00:00, run_after=2025-10-30 20:31:00+00:00
[2025-10-30T20:31:18.704+0000] {processor.py:183} INFO - Processing /home/airflow/.local/lib/python3.12/site-packages/airflow/example_dags/example_branch_python_dop_operator_3.py took 0.285 seconds
[2025-10-30T20:31:49.584+0000] {processor.py:161} INFO - Started process (PID=334) to work on /home/airflow/.local/lib/python3.12/site-packages/airflow/example_dags/example_branch_python_dop_operator_3.py
[2025-10-30T20:31:49.586+0000] {processor.py:830} INFO - Processing file /home/airflow/.local/lib/python3.12/site-packages/airflow/example_dags/example_branch_python_dop_operator_3.py for tasks to queue
[2025-10-30T20:31:49.590+0000] {logging_mixin.py:188} INFO - [2025-10-30T20:31:49.590+0000] {dagbag.py:545} INFO - Filling up the DagBag from /home/airflow/.local/lib/python3.12/site-packages/airflow/example_dags/example_branch_python_dop_operator_3.py
[2025-10-30T20:31:49.612+0000] {processor.py:840} INFO - DAG(s) 'example_branch_dop_operator_v3' retrieved from /home/airflow/.local/lib/python3.12/site-packages/airflow/example_dags/example_branch_python_dop_operator_3.py
[2025-10-30T20:31:49.668+0000] {logging_mixin.py:188} INFO - [2025-10-30T20:31:49.668+0000] {dag.py:3096} INFO - Sync 1 DAGs
[2025-10-30T20:31:49.731+0000] {logging_mixin.py:188} INFO - [2025-10-30T20:31:49.730+0000] {dag.py:3954} INFO - Setting next_dagrun for example_branch_dop_operator_v3 to 2025-10-30 20:30:00+00:00, run_after=2025-10-30 20:31:00+00:00
[2025-10-30T20:31:49.776+0000] {processor.py:183} INFO - Processing /home/airflow/.local/lib/python3.12/site-packages/airflow/example_dags/example_branch_python_dop_operator_3.py took 0.206 seconds
[2025-10-30T20:32:20.456+0000] {processor.py:161} INFO - Started process (PID=392) to work on /home/airflow/.local/lib/python3.12/site-packages/airflow/example_dags/example_branch_python_dop_operator_3.py
[2025-10-30T20:32:20.457+0000] {processor.py:830} INFO - Processing file /home/airflow/.local/lib/python3.12/site-packages/airflow/example_dags/example_branch_python_dop_operator_3.py for tasks to queue
[2025-10-30T20:32:20.460+0000] {logging_mixin.py:188} INFO - [2025-10-30T20:32:20.459+0000] {dagbag.py:545} INFO - Filling up the DagBag from /home/airflow/.local/lib/python3.12/site-packages/airflow/example_dags/example_branch_python_dop_operator_3.py
[2025-10-30T20:32:20.473+0000] {processor.py:840} INFO - DAG(s) 'example_branch_dop_operator_v3' retrieved from /home/airflow/.local/lib/python3.12/site-packages/airflow/example_dags/example_branch_python_dop_operator_3.py
[2025-10-30T20:32:20.509+0000] {logging_mixin.py:188} INFO - [2025-10-30T20:32:20.508+0000] {dag.py:3096} INFO - Sync 1 DAGs
[2025-10-30T20:32:20.540+0000] {logging_mixin.py:188} INFO - [2025-10-30T20:32:20.540+0000] {dag.py:3954} INFO - Setting next_dagrun for example_branch_dop_operator_v3 to 2025-10-30 20:31:00+00:00, run_after=2025-10-30 20:32:00+00:00
[2025-10-30T20:32:20.572+0000] {processor.py:183} INFO - Processing /home/airflow/.local/lib/python3.12/site-packages/airflow/example_dags/example_branch_python_dop_operator_3.py took 0.127 seconds
[2025-10-30T20:32:51.015+0000] {processor.py:161} INFO - Started process (PID=450) to work on /home/airflow/.local/lib/python3.12/site-packages/airflow/example_dags/example_branch_python_dop_operator_3.py
[2025-10-30T20:32:51.018+0000] {processor.py:830} INFO - Processing file /home/airflow/.local/lib/python3.12/site-packages/airflow/example_dags/example_branch_python_dop_operator_3.py for tasks to queue
[2025-10-30T20:32:51.020+0000] {logging_mixin.py:188} INFO - [2025-10-30T20:32:51.020+0000] {dagbag.py:545} INFO - Filling up the DagBag from /home/airflow/.local/lib/python3.12/site-packages/airflow/example_dags/example_branch_python_dop_operator_3.py
[2025-10-30T20:32:51.032+0000] {processor.py:840} INFO - DAG(s) 'example_branch_dop_operator_v3' retrieved from /home/airflow/.local/lib/python3.12/site-packages/airflow/example_dags/example_branch_python_dop_operator_3.py
[2025-10-30T20:32:51.061+0000] {logging_mixin.py:188} INFO - [2025-10-30T20:32:51.060+0000] {dag.py:3096} INFO - Sync 1 DAGs
[2025-10-30T20:32:51.095+0000] {logging_mixin.py:188} INFO - [2025-10-30T20:32:51.094+0000] {dag.py:3954} INFO - Setting next_dagrun for example_branch_dop_operator_v3 to 2025-10-30 20:31:00+00:00, run_after=2025-10-30 20:32:00+00:00
[2025-10-30T20:32:51.121+0000] {processor.py:183} INFO - Processing /home/airflow/.local/lib/python3.12/site-packages/airflow/example_dags/example_branch_python_dop_operator_3.py took 0.115 seconds
[2025-10-30T20:33:21.369+0000] {processor.py:161} INFO - Started process (PID=508) to work on /home/airflow/.local/lib/python3.12/site-packages/airflow/example_dags/example_branch_python_dop_operator_3.py
[2025-10-30T20:33:21.371+0000] {processor.py:830} INFO - Processing file /home/airflow/.local/lib/python3.12/site-packages/airflow/example_dags/example_branch_python_dop_operator_3.py for tasks to queue
[2025-10-30T20:33:21.373+0000] {logging_mixin.py:188} INFO - [2025-10-30T20:33:21.373+0000] {dagbag.py:545} INFO - Filling up the DagBag from /home/airflow/.local/lib/python3.12/site-packages/airflow/example_dags/example_branch_python_dop_operator_3.py
[2025-10-30T20:33:21.386+0000] {processor.py:840} INFO - DAG(s) 'example_branch_dop_operator_v3' retrieved from /home/airflow/.local/lib/python3.12/site-packages/airflow/example_dags/example_branch_python_dop_operator_3.py
[2025-10-30T20:33:21.418+0000] {logging_mixin.py:188} INFO - [2025-10-30T20:33:21.417+0000] {dag.py:3096} INFO - Sync 1 DAGs
[2025-10-30T20:33:21.448+0000] {logging_mixin.py:188} INFO - [2025-10-30T20:33:21.448+0000] {dag.py:3954} INFO - Setting next_dagrun for example_branch_dop_operator_v3 to 2025-10-30 20:32:00+00:00, run_after=2025-10-30 20:33:00+00:00
[2025-10-30T20:33:21.476+0000] {processor.py:183} INFO - Processing /home/airflow/.local/lib/python3.12/site-packages/airflow/example_dags/example_branch_python_dop_operator_3.py took 0.116 seconds
[2025-10-30T20:33:52.246+0000] {processor.py:161} INFO - Started process (PID=566) to work on /home/airflow/.local/lib/python3.12/site-packages/airflow/example_dags/example_branch_python_dop_operator_3.py
[2025-10-30T20:33:52.248+0000] {processor.py:830} INFO - Processing file /home/airflow/.local/lib/python3.12/site-packages/airflow/example_dags/example_branch_python_dop_operator_3.py for tasks to queue
[2025-10-30T20:33:52.251+0000] {logging_mixin.py:188} INFO - [2025-10-30T20:33:52.250+0000] {dagbag.py:545} INFO - Filling up the DagBag from /home/airflow/.local/lib/python3.12/site-packages/airflow/example_dags/example_branch_python_dop_operator_3.py
[2025-10-30T20:33:52.264+0000] {processor.py:840} INFO - DAG(s) 'example_branch_dop_operator_v3' retrieved from /home/airflow/.local/lib/python3.12/site-packages/airflow/example_dags/example_branch_python_dop_operator_3.py
[2025-10-30T20:33:52.291+0000] {logging_mixin.py:188} INFO - [2025-10-30T20:33:52.291+0000] {dag.py:3096} INFO - Sync 1 DAGs
[2025-10-30T20:33:52.322+0000] {logging_mixin.py:188} INFO - [2025-10-30T20:33:52.322+0000] {dag.py:3954} INFO - Setting next_dagrun for example_branch_dop_operator_v3 to 2025-10-30 20:32:00+00:00, run_after=2025-10-30 20:33:00+00:00
[2025-10-30T20:33:52.349+0000] {processor.py:183} INFO - Processing /home/airflow/.local/lib/python3.12/site-packages/airflow/example_dags/example_branch_python_dop_operator_3.py took 0.112 seconds
[2025-10-30T20:34:22.644+0000] {processor.py:161} INFO - Started process (PID=624) to work on /home/airflow/.local/lib/python3.12/site-packages/airflow/example_dags/example_branch_python_dop_operator_3.py
[2025-10-30T20:34:22.646+0000] {processor.py:830} INFO - Processing file /home/airflow/.local/lib/python3.12/site-packages/airflow/example_dags/example_branch_python_dop_operator_3.py for tasks to queue
[2025-10-30T20:34:22.648+0000] {logging_mixin.py:188} INFO - [2025-10-30T20:34:22.648+0000] {dagbag.py:545} INFO - Filling up the DagBag from /home/airflow/.local/lib/python3.12/site-packages/airflow/example_dags/example_branch_python_dop_operator_3.py
[2025-10-30T20:34:22.662+0000] {processor.py:840} INFO - DAG(s) 'example_branch_dop_operator_v3' retrieved from /home/airflow/.local/lib/python3.12/site-packages/airflow/example_dags/example_branch_python_dop_operator_3.py
[2025-10-30T20:34:22.691+0000] {logging_mixin.py:188} INFO - [2025-10-30T20:34:22.690+0000] {dag.py:3096} INFO - Sync 1 DAGs
[2025-10-30T20:34:22.723+0000] {logging_mixin.py:188} INFO - [2025-10-30T20:34:22.723+0000] {dag.py:3954} INFO - Setting next_dagrun for example_branch_dop_operator_v3 to 2025-10-30 20:33:00+00:00, run_after=2025-10-30 20:34:00+00:00
[2025-10-30T20:34:22.757+0000] {processor.py:183} INFO - Processing /home/airflow/.local/lib/python3.12/site-packages/airflow/example_dags/example_branch_python_dop_operator_3.py took 0.122 seconds
[2025-10-30T20:34:53.199+0000] {processor.py:161} INFO - Started process (PID=682) to work on /home/airflow/.local/lib/python3.12/site-packages/airflow/example_dags/example_branch_python_dop_operator_3.py
[2025-10-30T20:34:53.200+0000] {processor.py:830} INFO - Processing file /home/airflow/.local/lib/python3.12/site-packages/airflow/example_dags/example_branch_python_dop_operator_3.py for tasks to queue
[2025-10-30T20:34:53.203+0000] {logging_mixin.py:188} INFO - [2025-10-30T20:34:53.202+0000] {dagbag.py:545} INFO - Filling up the DagBag from /home/airflow/.local/lib/python3.12/site-packages/airflow/example_dags/example_branch_python_dop_operator_3.py
[2025-10-30T20:34:53.215+0000] {processor.py:840} INFO - DAG(s) 'example_branch_dop_operator_v3' retrieved from /home/airflow/.local/lib/python3.12/site-packages/airflow/example_dags/example_branch_python_dop_operator_3.py
[2025-10-30T20:34:53.242+0000] {logging_mixin.py:188} INFO - [2025-10-30T20:34:53.241+0000] {dag.py:3096} INFO - Sync 1 DAGs
[2025-10-30T20:34:53.273+0000] {logging_mixin.py:188} INFO - [2025-10-30T20:34:53.272+0000] {dag.py:3954} INFO - Setting next_dagrun for example_branch_dop_operator_v3 to 2025-10-30 20:33:00+00:00, run_after=2025-10-30 20:34:00+00:00
[2025-10-30T20:34:53.298+0000] {processor.py:183} INFO - Processing /home/airflow/.local/lib/python3.12/site-packages/airflow/example_dags/example_branch_python_dop_operator_3.py took 0.107 seconds
[2025-10-30T20:35:23.708+0000] {processor.py:161} INFO - Started process (PID=740) to work on /home/airflow/.local/lib/python3.12/site-packages/airflow/example_dags/example_branch_python_dop_operator_3.py
[2025-10-30T20:35:23.709+0000] {processor.py:830} INFO - Processing file /home/airflow/.local/lib/python3.12/site-packages/airflow/example_dags/example_branch_python_dop_operator_3.py for tasks to queue
[2025-10-30T20:35:23.711+0000] {logging_mixin.py:188} INFO - [2025-10-30T20:35:23.711+0000] {dagbag.py:545} INFO - Filling up the DagBag from /home/airflow/.local/lib/python3.12/site-packages/airflow/example_dags/example_branch_python_dop_operator_3.py
[2025-10-30T20:35:23.725+0000] {processor.py:840} INFO - DAG(s) 'example_branch_dop_operator_v3' retrieved from /home/airflow/.local/lib/python3.12/site-packages/airflow/example_dags/example_branch_python_dop_operator_3.py
[2025-10-30T20:35:23.753+0000] {logging_mixin.py:188} INFO - [2025-10-30T20:35:23.752+0000] {dag.py:3096} INFO - Sync 1 DAGs
[2025-10-30T20:35:23.783+0000] {logging_mixin.py:188} INFO - [2025-10-30T20:35:23.783+0000] {dag.py:3954} INFO - Setting next_dagrun for example_branch_dop_operator_v3 to 2025-10-30 20:34:00+00:00, run_after=2025-10-30 20:35:00+00:00
[2025-10-30T20:35:23.810+0000] {processor.py:183} INFO - Processing /home/airflow/.local/lib/python3.12/site-packages/airflow/example_dags/example_branch_python_dop_operator_3.py took 0.112 seconds
[2025-10-30T20:35:54.572+0000] {processor.py:161} INFO - Started process (PID=798) to work on /home/airflow/.local/lib/python3.12/site-packages/airflow/example_dags/example_branch_python_dop_operator_3.py
[2025-10-30T20:35:54.574+0000] {processor.py:830} INFO - Processing file /home/airflow/.local/lib/python3.12/site-packages/airflow/example_dags/example_branch_python_dop_operator_3.py for tasks to queue
[2025-10-30T20:35:54.576+0000] {logging_mixin.py:188} INFO - [2025-10-30T20:35:54.576+0000] {dagbag.py:545} INFO - Filling up the DagBag from /home/airflow/.local/lib/python3.12/site-packages/airflow/example_dags/example_branch_python_dop_operator_3.py
[2025-10-30T20:35:54.588+0000] {processor.py:840} INFO - DAG(s) 'example_branch_dop_operator_v3' retrieved from /home/airflow/.local/lib/python3.12/site-packages/airflow/example_dags/example_branch_python_dop_operator_3.py
[2025-10-30T20:35:54.616+0000] {logging_mixin.py:188} INFO - [2025-10-30T20:35:54.615+0000] {dag.py:3096} INFO - Sync 1 DAGs
[2025-10-30T20:35:54.647+0000] {logging_mixin.py:188} INFO - [2025-10-30T20:35:54.647+0000] {dag.py:3954} INFO - Setting next_dagrun for example_branch_dop_operator_v3 to 2025-10-30 20:34:00+00:00, run_after=2025-10-30 20:35:00+00:00
[2025-10-30T20:35:54.677+0000] {processor.py:183} INFO - Processing /home/airflow/.local/lib/python3.12/site-packages/airflow/example_dags/example_branch_python_dop_operator_3.py took 0.114 seconds
[2025-10-30T20:36:25.057+0000] {processor.py:161} INFO - Started process (PID=856) to work on /home/airflow/.local/lib/python3.12/site-packages/airflow/example_dags/example_branch_python_dop_operator_3.py
[2025-10-30T20:36:25.062+0000] {processor.py:830} INFO - Processing file /home/airflow/.local/lib/python3.12/site-packages/airflow/example_dags/example_branch_python_dop_operator_3.py for tasks to queue
[2025-10-30T20:36:25.065+0000] {logging_mixin.py:188} INFO - [2025-10-30T20:36:25.064+0000] {dagbag.py:545} INFO - Filling up the DagBag from /home/airflow/.local/lib/python3.12/site-packages/airflow/example_dags/example_branch_python_dop_operator_3.py
[2025-10-30T20:36:25.077+0000] {processor.py:840} INFO - DAG(s) 'example_branch_dop_operator_v3' retrieved from /home/airflow/.local/lib/python3.12/site-packages/airflow/example_dags/example_branch_python_dop_operator_3.py
[2025-10-30T20:36:25.101+0000] {logging_mixin.py:188} INFO - [2025-10-30T20:36:25.101+0000] {dag.py:3096} INFO - Sync 1 DAGs
[2025-10-30T20:36:25.134+0000] {logging_mixin.py:188} INFO - [2025-10-30T20:36:25.133+0000] {dag.py:3954} INFO - Setting next_dagrun for example_branch_dop_operator_v3 to 2025-10-30 20:35:00+00:00, run_after=2025-10-30 20:36:00+00:00
[2025-10-30T20:36:25.162+0000] {processor.py:183} INFO - Processing /home/airflow/.local/lib/python3.12/site-packages/airflow/example_dags/example_branch_python_dop_operator_3.py took 0.115 seconds
[2025-10-30T20:36:55.322+0000] {processor.py:161} INFO - Started process (PID=914) to work on /home/airflow/.local/lib/python3.12/site-packages/airflow/example_dags/example_branch_python_dop_operator_3.py
[2025-10-30T20:36:55.324+0000] {processor.py:830} INFO - Processing file /home/airflow/.local/lib/python3.12/site-packages/airflow/example_dags/example_branch_python_dop_operator_3.py for tasks to queue
[2025-10-30T20:36:55.326+0000] {logging_mixin.py:188} INFO - [2025-10-30T20:36:55.326+0000] {dagbag.py:545} INFO - Filling up the DagBag from /home/airflow/.local/lib/python3.12/site-packages/airflow/example_dags/example_branch_python_dop_operator_3.py
[2025-10-30T20:36:55.336+0000] {processor.py:840} INFO - DAG(s) 'example_branch_dop_operator_v3' retrieved from /home/airflow/.local/lib/python3.12/site-packages/airflow/example_dags/example_branch_python_dop_operator_3.py
[2025-10-30T20:36:55.374+0000] {logging_mixin.py:188} INFO - [2025-10-30T20:36:55.374+0000] {dag.py:3096} INFO - Sync 1 DAGs
[2025-10-30T20:36:55.405+0000] {logging_mixin.py:188} INFO - [2025-10-30T20:36:55.404+0000] {dag.py:3954} INFO - Setting next_dagrun for example_branch_dop_operator_v3 to 2025-10-30 20:35:00+00:00, run_after=2025-10-30 20:36:00+00:00
[2025-10-30T20:36:55.435+0000] {processor.py:183} INFO - Processing /home/airflow/.local/lib/python3.12/site-packages/airflow/example_dags/example_branch_python_dop_operator_3.py took 0.120 seconds
[2025-10-30T20:37:25.698+0000] {processor.py:161} INFO - Started process (PID=972) to work on /home/airflow/.local/lib/python3.12/site-packages/airflow/example_dags/example_branch_python_dop_operator_3.py
[2025-10-30T20:37:25.700+0000] {processor.py:830} INFO - Processing file /home/airflow/.local/lib/python3.12/site-packages/airflow/example_dags/example_branch_python_dop_operator_3.py for tasks to queue
[2025-10-30T20:37:25.703+0000] {logging_mixin.py:188} INFO - [2025-10-30T20:37:25.703+0000] {dagbag.py:545} INFO - Filling up the DagBag from /home/airflow/.local/lib/python3.12/site-packages/airflow/example_dags/example_branch_python_dop_operator_3.py
[2025-10-30T20:37:25.715+0000] {processor.py:840} INFO - DAG(s) 'example_branch_dop_operator_v3' retrieved from /home/airflow/.local/lib/python3.12/site-packages/airflow/example_dags/example_branch_python_dop_operator_3.py
[2025-10-30T20:37:25.745+0000] {logging_mixin.py:188} INFO - [2025-10-30T20:37:25.745+0000] {dag.py:3096} INFO - Sync 1 DAGs
[2025-10-30T20:37:25.778+0000] {logging_mixin.py:188} INFO - [2025-10-30T20:37:25.778+0000] {dag.py:3954} INFO - Setting next_dagrun for example_branch_dop_operator_v3 to 2025-10-30 20:36:00+00:00, run_after=2025-10-30 20:37:00+00:00
[2025-10-30T20:37:25.805+0000] {processor.py:183} INFO - Processing /home/airflow/.local/lib/python3.12/site-packages/airflow/example_dags/example_branch_python_dop_operator_3.py took 0.117 seconds
[2025-10-30T20:37:55.898+0000] {processor.py:161} INFO - Started process (PID=1030) to work on /home/airflow/.local/lib/python3.12/site-packages/airflow/example_dags/example_branch_python_dop_operator_3.py
[2025-10-30T20:37:55.899+0000] {processor.py:830} INFO - Processing file /home/airflow/.local/lib/python3.12/site-packages/airflow/example_dags/example_branch_python_dop_operator_3.py for tasks to queue
[2025-10-30T20:37:55.902+0000] {logging_mixin.py:188} INFO - [2025-10-30T20:37:55.901+0000] {dagbag.py:545} INFO - Filling up the DagBag from /home/airflow/.local/lib/python3.12/site-packages/airflow/example_dags/example_branch_python_dop_operator_3.py
[2025-10-30T20:37:55.915+0000] {processor.py:840} INFO - DAG(s) 'example_branch_dop_operator_v3' retrieved from /home/airflow/.local/lib/python3.12/site-packages/airflow/example_dags/example_branch_python_dop_operator_3.py
[2025-10-30T20:37:55.944+0000] {logging_mixin.py:188} INFO - [2025-10-30T20:37:55.944+0000] {dag.py:3096} INFO - Sync 1 DAGs
[2025-10-30T20:37:55.977+0000] {logging_mixin.py:188} INFO - [2025-10-30T20:37:55.977+0000] {dag.py:3954} INFO - Setting next_dagrun for example_branch_dop_operator_v3 to 2025-10-30 20:36:00+00:00, run_after=2025-10-30 20:37:00+00:00
[2025-10-30T20:37:56.005+0000] {processor.py:183} INFO - Processing /home/airflow/.local/lib/python3.12/site-packages/airflow/example_dags/example_branch_python_dop_operator_3.py took 0.115 seconds
[2025-10-30T20:38:26.631+0000] {processor.py:161} INFO - Started process (PID=1088) to work on /home/airflow/.local/lib/python3.12/site-packages/airflow/example_dags/example_branch_python_dop_operator_3.py
[2025-10-30T20:38:26.633+0000] {processor.py:830} INFO - Processing file /home/airflow/.local/lib/python3.12/site-packages/airflow/example_dags/example_branch_python_dop_operator_3.py for tasks to queue
[2025-10-30T20:38:26.635+0000] {logging_mixin.py:188} INFO - [2025-10-30T20:38:26.634+0000] {dagbag.py:545} INFO - Filling up the DagBag from /home/airflow/.local/lib/python3.12/site-packages/airflow/example_dags/example_branch_python_dop_operator_3.py
[2025-10-30T20:38:26.647+0000] {processor.py:840} INFO - DAG(s) 'example_branch_dop_operator_v3' retrieved from /home/airflow/.local/lib/python3.12/site-packages/airflow/example_dags/example_branch_python_dop_operator_3.py
[2025-10-30T20:38:26.674+0000] {logging_mixin.py:188} INFO - [2025-10-30T20:38:26.674+0000] {dag.py:3096} INFO - Sync 1 DAGs
[2025-10-30T20:38:26.705+0000] {logging_mixin.py:188} INFO - [2025-10-30T20:38:26.705+0000] {dag.py:3954} INFO - Setting next_dagrun for example_branch_dop_operator_v3 to 2025-10-30 20:37:00+00:00, run_after=2025-10-30 20:38:00+00:00
[2025-10-30T20:38:26.730+0000] {processor.py:183} INFO - Processing /home/airflow/.local/lib/python3.12/site-packages/airflow/example_dags/example_branch_python_dop_operator_3.py took 0.108 seconds
[2025-10-30T20:38:56.854+0000] {processor.py:161} INFO - Started process (PID=1146) to work on /home/airflow/.local/lib/python3.12/site-packages/airflow/example_dags/example_branch_python_dop_operator_3.py
[2025-10-30T20:38:56.856+0000] {processor.py:830} INFO - Processing file /home/airflow/.local/lib/python3.12/site-packages/airflow/example_dags/example_branch_python_dop_operator_3.py for tasks to queue
[2025-10-30T20:38:56.861+0000] {logging_mixin.py:188} INFO - [2025-10-30T20:38:56.861+0000] {dagbag.py:545} INFO - Filling up the DagBag from /home/airflow/.local/lib/python3.12/site-packages/airflow/example_dags/example_branch_python_dop_operator_3.py
[2025-10-30T20:38:56.878+0000] {processor.py:840} INFO - DAG(s) 'example_branch_dop_operator_v3' retrieved from /home/airflow/.local/lib/python3.12/site-packages/airflow/example_dags/example_branch_python_dop_operator_3.py
[2025-10-30T20:38:56.924+0000] {logging_mixin.py:188} INFO - [2025-10-30T20:38:56.923+0000] {dag.py:3096} INFO - Sync 1 DAGs
[2025-10-30T20:38:56.974+0000] {logging_mixin.py:188} INFO - [2025-10-30T20:38:56.974+0000] {dag.py:3954} INFO - Setting next_dagrun for example_branch_dop_operator_v3 to 2025-10-30 20:37:00+00:00, run_after=2025-10-30 20:38:00+00:00
[2025-10-30T20:38:57.021+0000] {processor.py:183} INFO - Processing /home/airflow/.local/lib/python3.12/site-packages/airflow/example_dags/example_branch_python_dop_operator_3.py took 0.177 seconds
[2025-10-30T20:39:27.160+0000] {processor.py:161} INFO - Started process (PID=1205) to work on /home/airflow/.local/lib/python3.12/site-packages/airflow/example_dags/example_branch_python_dop_operator_3.py
[2025-10-30T20:39:27.163+0000] {processor.py:830} INFO - Processing file /home/airflow/.local/lib/python3.12/site-packages/airflow/example_dags/example_branch_python_dop_operator_3.py for tasks to queue
[2025-10-30T20:39:27.166+0000] {logging_mixin.py:188} INFO - [2025-10-30T20:39:27.165+0000] {dagbag.py:545} INFO - Filling up the DagBag from /home/airflow/.local/lib/python3.12/site-packages/airflow/example_dags/example_branch_python_dop_operator_3.py
[2025-10-30T20:39:27.177+0000] {processor.py:840} INFO - DAG(s) 'example_branch_dop_operator_v3' retrieved from /home/airflow/.local/lib/python3.12/site-packages/airflow/example_dags/example_branch_python_dop_operator_3.py
[2025-10-30T20:39:27.210+0000] {logging_mixin.py:188} INFO - [2025-10-30T20:39:27.210+0000] {dag.py:3096} INFO - Sync 1 DAGs
[2025-10-30T20:39:27.257+0000] {logging_mixin.py:188} INFO - [2025-10-30T20:39:27.256+0000] {dag.py:3954} INFO - Setting next_dagrun for example_branch_dop_operator_v3 to 2025-10-30 20:38:00+00:00, run_after=2025-10-30 20:39:00+00:00
[2025-10-30T20:39:27.298+0000] {processor.py:183} INFO - Processing /home/airflow/.local/lib/python3.12/site-packages/airflow/example_dags/example_branch_python_dop_operator_3.py took 0.145 seconds
[2025-10-30T20:39:58.186+0000] {processor.py:161} INFO - Started process (PID=1263) to work on /home/airflow/.local/lib/python3.12/site-packages/airflow/example_dags/example_branch_python_dop_operator_3.py
[2025-10-30T20:39:58.188+0000] {processor.py:830} INFO - Processing file /home/airflow/.local/lib/python3.12/site-packages/airflow/example_dags/example_branch_python_dop_operator_3.py for tasks to queue
[2025-10-30T20:39:58.191+0000] {logging_mixin.py:188} INFO - [2025-10-30T20:39:58.191+0000] {dagbag.py:545} INFO - Filling up the DagBag from /home/airflow/.local/lib/python3.12/site-packages/airflow/example_dags/example_branch_python_dop_operator_3.py
[2025-10-30T20:39:58.208+0000] {processor.py:840} INFO - DAG(s) 'example_branch_dop_operator_v3' retrieved from /home/airflow/.local/lib/python3.12/site-packages/airflow/example_dags/example_branch_python_dop_operator_3.py
[2025-10-30T20:39:58.247+0000] {logging_mixin.py:188} INFO - [2025-10-30T20:39:58.247+0000] {dag.py:3096} INFO - Sync 1 DAGs
[2025-10-30T20:39:58.299+0000] {logging_mixin.py:188} INFO - [2025-10-30T20:39:58.299+0000] {dag.py:3954} INFO - Setting next_dagrun for example_branch_dop_operator_v3 to 2025-10-30 20:38:00+00:00, run_after=2025-10-30 20:39:00+00:00
[2025-10-30T20:39:58.338+0000] {processor.py:183} INFO - Processing /home/airflow/.local/lib/python3.12/site-packages/airflow/example_dags/example_branch_python_dop_operator_3.py took 0.167 seconds
[2025-10-30T20:40:28.393+0000] {processor.py:161} INFO - Started process (PID=1321) to work on /home/airflow/.local/lib/python3.12/site-packages/airflow/example_dags/example_branch_python_dop_operator_3.py
[2025-10-30T20:40:28.395+0000] {processor.py:830} INFO - Processing file /home/airflow/.local/lib/python3.12/site-packages/airflow/example_dags/example_branch_python_dop_operator_3.py for tasks to queue
[2025-10-30T20:40:28.398+0000] {logging_mixin.py:188} INFO - [2025-10-30T20:40:28.398+0000] {dagbag.py:545} INFO - Filling up the DagBag from /home/airflow/.local/lib/python3.12/site-packages/airflow/example_dags/example_branch_python_dop_operator_3.py
[2025-10-30T20:40:28.410+0000] {processor.py:840} INFO - DAG(s) 'example_branch_dop_operator_v3' retrieved from /home/airflow/.local/lib/python3.12/site-packages/airflow/example_dags/example_branch_python_dop_operator_3.py
[2025-10-30T20:40:28.453+0000] {logging_mixin.py:188} INFO - [2025-10-30T20:40:28.452+0000] {dag.py:3096} INFO - Sync 1 DAGs
[2025-10-30T20:40:28.503+0000] {logging_mixin.py:188} INFO - [2025-10-30T20:40:28.503+0000] {dag.py:3954} INFO - Setting next_dagrun for example_branch_dop_operator_v3 to 2025-10-30 20:39:00+00:00, run_after=2025-10-30 20:40:00+00:00
[2025-10-30T20:40:28.528+0000] {processor.py:183} INFO - Processing /home/airflow/.local/lib/python3.12/site-packages/airflow/example_dags/example_branch_python_dop_operator_3.py took 0.144 seconds
[2025-10-30T20:40:59.500+0000] {processor.py:161} INFO - Started process (PID=1379) to work on /home/airflow/.local/lib/python3.12/site-packages/airflow/example_dags/example_branch_python_dop_operator_3.py
[2025-10-30T20:40:59.502+0000] {processor.py:830} INFO - Processing file /home/airflow/.local/lib/python3.12/site-packages/airflow/example_dags/example_branch_python_dop_operator_3.py for tasks to queue
[2025-10-30T20:40:59.506+0000] {logging_mixin.py:188} INFO - [2025-10-30T20:40:59.505+0000] {dagbag.py:545} INFO - Filling up the DagBag from /home/airflow/.local/lib/python3.12/site-packages/airflow/example_dags/example_branch_python_dop_operator_3.py
[2025-10-30T20:40:59.522+0000] {processor.py:840} INFO - DAG(s) 'example_branch_dop_operator_v3' retrieved from /home/airflow/.local/lib/python3.12/site-packages/airflow/example_dags/example_branch_python_dop_operator_3.py
[2025-10-30T20:40:59.560+0000] {logging_mixin.py:188} INFO - [2025-10-30T20:40:59.559+0000] {dag.py:3096} INFO - Sync 1 DAGs
[2025-10-30T20:40:59.627+0000] {logging_mixin.py:188} INFO - [2025-10-30T20:40:59.626+0000] {dag.py:3954} INFO - Setting next_dagrun for example_branch_dop_operator_v3 to 2025-10-30 20:39:00+00:00, run_after=2025-10-30 20:40:00+00:00
[2025-10-30T20:40:59.664+0000] {processor.py:183} INFO - Processing /home/airflow/.local/lib/python3.12/site-packages/airflow/example_dags/example_branch_python_dop_operator_3.py took 0.175 seconds
[2025-10-30T20:41:30.815+0000] {processor.py:161} INFO - Started process (PID=1437) to work on /home/airflow/.local/lib/python3.12/site-packages/airflow/example_dags/example_branch_python_dop_operator_3.py
[2025-10-30T20:41:30.817+0000] {processor.py:830} INFO - Processing file /home/airflow/.local/lib/python3.12/site-packages/airflow/example_dags/example_branch_python_dop_operator_3.py for tasks to queue
[2025-10-30T20:41:30.821+0000] {logging_mixin.py:188} INFO - [2025-10-30T20:41:30.820+0000] {dagbag.py:545} INFO - Filling up the DagBag from /home/airflow/.local/lib/python3.12/site-packages/airflow/example_dags/example_branch_python_dop_operator_3.py
[2025-10-30T20:41:30.837+0000] {processor.py:840} INFO - DAG(s) 'example_branch_dop_operator_v3' retrieved from /home/airflow/.local/lib/python3.12/site-packages/airflow/example_dags/example_branch_python_dop_operator_3.py
[2025-10-30T20:41:30.874+0000] {logging_mixin.py:188} INFO - [2025-10-30T20:41:30.874+0000] {dag.py:3096} INFO - Sync 1 DAGs
[2025-10-30T20:41:31.226+0000] {logging_mixin.py:188} INFO - [2025-10-30T20:41:31.226+0000] {dag.py:3954} INFO - Setting next_dagrun for example_branch_dop_operator_v3 to 2025-10-30 20:40:00+00:00, run_after=2025-10-30 20:41:00+00:00
[2025-10-30T20:41:31.262+0000] {processor.py:183} INFO - Processing /home/airflow/.local/lib/python3.12/site-packages/airflow/example_dags/example_branch_python_dop_operator_3.py took 0.459 seconds
[2025-10-30T20:42:02.033+0000] {processor.py:161} INFO - Started process (PID=1494) to work on /home/airflow/.local/lib/python3.12/site-packages/airflow/example_dags/example_branch_python_dop_operator_3.py
[2025-10-30T20:42:02.034+0000] {processor.py:830} INFO - Processing file /home/airflow/.local/lib/python3.12/site-packages/airflow/example_dags/example_branch_python_dop_operator_3.py for tasks to queue
[2025-10-30T20:42:02.038+0000] {logging_mixin.py:188} INFO - [2025-10-30T20:42:02.037+0000] {dagbag.py:545} INFO - Filling up the DagBag from /home/airflow/.local/lib/python3.12/site-packages/airflow/example_dags/example_branch_python_dop_operator_3.py
[2025-10-30T20:42:02.049+0000] {processor.py:840} INFO - DAG(s) 'example_branch_dop_operator_v3' retrieved from /home/airflow/.local/lib/python3.12/site-packages/airflow/example_dags/example_branch_python_dop_operator_3.py
[2025-10-30T20:42:02.077+0000] {logging_mixin.py:188} INFO - [2025-10-30T20:42:02.077+0000] {dag.py:3096} INFO - Sync 1 DAGs
[2025-10-30T20:42:02.111+0000] {logging_mixin.py:188} INFO - [2025-10-30T20:42:02.110+0000] {dag.py:3954} INFO - Setting next_dagrun for example_branch_dop_operator_v3 to 2025-10-30 20:41:00+00:00, run_after=2025-10-30 20:42:00+00:00
[2025-10-30T20:42:02.142+0000] {processor.py:183} INFO - Processing /home/airflow/.local/lib/python3.12/site-packages/airflow/example_dags/example_branch_python_dop_operator_3.py took 0.118 seconds
[2025-10-30T20:42:33.000+0000] {processor.py:161} INFO - Started process (PID=1552) to work on /home/airflow/.local/lib/python3.12/site-packages/airflow/example_dags/example_branch_python_dop_operator_3.py
[2025-10-30T20:42:33.002+0000] {processor.py:830} INFO - Processing file /home/airflow/.local/lib/python3.12/site-packages/airflow/example_dags/example_branch_python_dop_operator_3.py for tasks to queue
[2025-10-30T20:42:33.005+0000] {logging_mixin.py:188} INFO - [2025-10-30T20:42:33.004+0000] {dagbag.py:545} INFO - Filling up the DagBag from /home/airflow/.local/lib/python3.12/site-packages/airflow/example_dags/example_branch_python_dop_operator_3.py
[2025-10-30T20:42:33.025+0000] {processor.py:840} INFO - DAG(s) 'example_branch_dop_operator_v3' retrieved from /home/airflow/.local/lib/python3.12/site-packages/airflow/example_dags/example_branch_python_dop_operator_3.py
[2025-10-30T20:42:33.064+0000] {logging_mixin.py:188} INFO - [2025-10-30T20:42:33.063+0000] {dag.py:3096} INFO - Sync 1 DAGs
[2025-10-30T20:42:33.111+0000] {logging_mixin.py:188} INFO - [2025-10-30T20:42:33.110+0000] {dag.py:3954} INFO - Setting next_dagrun for example_branch_dop_operator_v3 to 2025-10-30 20:41:00+00:00, run_after=2025-10-30 20:42:00+00:00
[2025-10-30T20:42:33.143+0000] {processor.py:183} INFO - Processing /home/airflow/.local/lib/python3.12/site-packages/airflow/example_dags/example_branch_python_dop_operator_3.py took 0.158 seconds
[2025-10-30T21:06:27.378+0000] {processor.py:161} INFO - Started process (PID=102) to work on /home/airflow/.local/lib/python3.12/site-packages/airflow/example_dags/example_branch_python_dop_operator_3.py
[2025-10-30T21:06:27.405+0000] {processor.py:830} INFO - Processing file /home/airflow/.local/lib/python3.12/site-packages/airflow/example_dags/example_branch_python_dop_operator_3.py for tasks to queue
[2025-10-30T21:06:27.409+0000] {logging_mixin.py:188} INFO - [2025-10-30T21:06:27.408+0000] {dagbag.py:545} INFO - Filling up the DagBag from /home/airflow/.local/lib/python3.12/site-packages/airflow/example_dags/example_branch_python_dop_operator_3.py
[2025-10-30T21:06:27.424+0000] {processor.py:840} INFO - DAG(s) 'example_branch_dop_operator_v3' retrieved from /home/airflow/.local/lib/python3.12/site-packages/airflow/example_dags/example_branch_python_dop_operator_3.py
[2025-10-30T21:06:27.674+0000] {logging_mixin.py:188} INFO - [2025-10-30T21:06:27.673+0000] {dag.py:3096} INFO - Sync 1 DAGs
[2025-10-30T21:06:27.725+0000] {logging_mixin.py:188} INFO - [2025-10-30T21:06:27.725+0000] {dag.py:3954} INFO - Setting next_dagrun for example_branch_dop_operator_v3 to 2025-10-30 21:05:00+00:00, run_after=2025-10-30 21:06:00+00:00
[2025-10-30T21:06:27.764+0000] {processor.py:183} INFO - Processing /home/airflow/.local/lib/python3.12/site-packages/airflow/example_dags/example_branch_python_dop_operator_3.py took 0.398 seconds
[2025-10-30T21:06:57.816+0000] {processor.py:161} INFO - Started process (PID=161) to work on /home/airflow/.local/lib/python3.12/site-packages/airflow/example_dags/example_branch_python_dop_operator_3.py
[2025-10-30T21:06:57.819+0000] {processor.py:830} INFO - Processing file /home/airflow/.local/lib/python3.12/site-packages/airflow/example_dags/example_branch_python_dop_operator_3.py for tasks to queue
[2025-10-30T21:06:57.824+0000] {logging_mixin.py:188} INFO - [2025-10-30T21:06:57.824+0000] {dagbag.py:545} INFO - Filling up the DagBag from /home/airflow/.local/lib/python3.12/site-packages/airflow/example_dags/example_branch_python_dop_operator_3.py
[2025-10-30T21:06:57.850+0000] {processor.py:840} INFO - DAG(s) 'example_branch_dop_operator_v3' retrieved from /home/airflow/.local/lib/python3.12/site-packages/airflow/example_dags/example_branch_python_dop_operator_3.py
[2025-10-30T21:06:57.896+0000] {logging_mixin.py:188} INFO - [2025-10-30T21:06:57.895+0000] {dag.py:3096} INFO - Sync 1 DAGs
[2025-10-30T21:06:57.950+0000] {logging_mixin.py:188} INFO - [2025-10-30T21:06:57.949+0000] {dag.py:3954} INFO - Setting next_dagrun for example_branch_dop_operator_v3 to 2025-10-30 21:05:00+00:00, run_after=2025-10-30 21:06:00+00:00
[2025-10-30T21:06:58.003+0000] {processor.py:183} INFO - Processing /home/airflow/.local/lib/python3.12/site-packages/airflow/example_dags/example_branch_python_dop_operator_3.py took 0.204 seconds
[2025-10-30T21:07:28.464+0000] {processor.py:161} INFO - Started process (PID=223) to work on /home/airflow/.local/lib/python3.12/site-packages/airflow/example_dags/example_branch_python_dop_operator_3.py
[2025-10-30T21:07:28.467+0000] {processor.py:830} INFO - Processing file /home/airflow/.local/lib/python3.12/site-packages/airflow/example_dags/example_branch_python_dop_operator_3.py for tasks to queue
[2025-10-30T21:07:28.471+0000] {logging_mixin.py:188} INFO - [2025-10-30T21:07:28.470+0000] {dagbag.py:545} INFO - Filling up the DagBag from /home/airflow/.local/lib/python3.12/site-packages/airflow/example_dags/example_branch_python_dop_operator_3.py
[2025-10-30T21:07:28.490+0000] {processor.py:840} INFO - DAG(s) 'example_branch_dop_operator_v3' retrieved from /home/airflow/.local/lib/python3.12/site-packages/airflow/example_dags/example_branch_python_dop_operator_3.py
[2025-10-30T21:07:28.535+0000] {logging_mixin.py:188} INFO - [2025-10-30T21:07:28.534+0000] {dag.py:3096} INFO - Sync 1 DAGs
[2025-10-30T21:07:28.594+0000] {logging_mixin.py:188} INFO - [2025-10-30T21:07:28.594+0000] {dag.py:3954} INFO - Setting next_dagrun for example_branch_dop_operator_v3 to 2025-10-30 21:06:00+00:00, run_after=2025-10-30 21:07:00+00:00
[2025-10-30T21:07:28.670+0000] {processor.py:183} INFO - Processing /home/airflow/.local/lib/python3.12/site-packages/airflow/example_dags/example_branch_python_dop_operator_3.py took 0.218 seconds
[2025-10-30T21:07:59.110+0000] {processor.py:161} INFO - Started process (PID=282) to work on /home/airflow/.local/lib/python3.12/site-packages/airflow/example_dags/example_branch_python_dop_operator_3.py
[2025-10-30T21:07:59.113+0000] {processor.py:830} INFO - Processing file /home/airflow/.local/lib/python3.12/site-packages/airflow/example_dags/example_branch_python_dop_operator_3.py for tasks to queue
[2025-10-30T21:07:59.116+0000] {logging_mixin.py:188} INFO - [2025-10-30T21:07:59.116+0000] {dagbag.py:545} INFO - Filling up the DagBag from /home/airflow/.local/lib/python3.12/site-packages/airflow/example_dags/example_branch_python_dop_operator_3.py
[2025-10-30T21:07:59.134+0000] {processor.py:840} INFO - DAG(s) 'example_branch_dop_operator_v3' retrieved from /home/airflow/.local/lib/python3.12/site-packages/airflow/example_dags/example_branch_python_dop_operator_3.py
[2025-10-30T21:07:59.174+0000] {logging_mixin.py:188} INFO - [2025-10-30T21:07:59.173+0000] {dag.py:3096} INFO - Sync 1 DAGs
[2025-10-30T21:07:59.240+0000] {logging_mixin.py:188} INFO - [2025-10-30T21:07:59.239+0000] {dag.py:3954} INFO - Setting next_dagrun for example_branch_dop_operator_v3 to 2025-10-30 21:06:00+00:00, run_after=2025-10-30 21:07:00+00:00
[2025-10-30T21:07:59.271+0000] {processor.py:183} INFO - Processing /home/airflow/.local/lib/python3.12/site-packages/airflow/example_dags/example_branch_python_dop_operator_3.py took 0.173 seconds
[2025-10-30T21:08:30.002+0000] {processor.py:161} INFO - Started process (PID=341) to work on /home/airflow/.local/lib/python3.12/site-packages/airflow/example_dags/example_branch_python_dop_operator_3.py
[2025-10-30T21:08:30.005+0000] {processor.py:830} INFO - Processing file /home/airflow/.local/lib/python3.12/site-packages/airflow/example_dags/example_branch_python_dop_operator_3.py for tasks to queue
[2025-10-30T21:08:30.016+0000] {logging_mixin.py:188} INFO - [2025-10-30T21:08:30.014+0000] {dagbag.py:545} INFO - Filling up the DagBag from /home/airflow/.local/lib/python3.12/site-packages/airflow/example_dags/example_branch_python_dop_operator_3.py
[2025-10-30T21:08:30.042+0000] {processor.py:840} INFO - DAG(s) 'example_branch_dop_operator_v3' retrieved from /home/airflow/.local/lib/python3.12/site-packages/airflow/example_dags/example_branch_python_dop_operator_3.py
[2025-10-30T21:08:30.091+0000] {logging_mixin.py:188} INFO - [2025-10-30T21:08:30.088+0000] {dag.py:3096} INFO - Sync 1 DAGs
[2025-10-30T21:08:30.161+0000] {logging_mixin.py:188} INFO - [2025-10-30T21:08:30.160+0000] {dag.py:3954} INFO - Setting next_dagrun for example_branch_dop_operator_v3 to 2025-10-30 21:07:00+00:00, run_after=2025-10-30 21:08:00+00:00
[2025-10-30T21:08:30.205+0000] {processor.py:183} INFO - Processing /home/airflow/.local/lib/python3.12/site-packages/airflow/example_dags/example_branch_python_dop_operator_3.py took 0.218 seconds
[2025-10-30T21:09:17.748+0000] {processor.py:161} INFO - Started process (PID=407) to work on /home/airflow/.local/lib/python3.12/site-packages/airflow/example_dags/example_branch_python_dop_operator_3.py
[2025-10-30T21:09:17.764+0000] {processor.py:830} INFO - Processing file /home/airflow/.local/lib/python3.12/site-packages/airflow/example_dags/example_branch_python_dop_operator_3.py for tasks to queue
[2025-10-30T21:09:17.784+0000] {logging_mixin.py:188} INFO - [2025-10-30T21:09:17.783+0000] {dagbag.py:545} INFO - Filling up the DagBag from /home/airflow/.local/lib/python3.12/site-packages/airflow/example_dags/example_branch_python_dop_operator_3.py
[2025-10-30T21:09:17.863+0000] {processor.py:840} INFO - DAG(s) 'example_branch_dop_operator_v3' retrieved from /home/airflow/.local/lib/python3.12/site-packages/airflow/example_dags/example_branch_python_dop_operator_3.py
[2025-10-30T21:09:17.996+0000] {logging_mixin.py:188} INFO - [2025-10-30T21:09:17.995+0000] {dag.py:3096} INFO - Sync 1 DAGs
[2025-10-30T21:09:18.180+0000] {logging_mixin.py:188} INFO - [2025-10-30T21:09:18.179+0000] {dag.py:3954} INFO - Setting next_dagrun for example_branch_dop_operator_v3 to 2025-10-30 21:08:00+00:00, run_after=2025-10-30 21:09:00+00:00
[2025-10-30T21:09:18.279+0000] {processor.py:183} INFO - Processing /home/airflow/.local/lib/python3.12/site-packages/airflow/example_dags/example_branch_python_dop_operator_3.py took 0.571 seconds
[2025-10-30T21:09:52.101+0000] {processor.py:161} INFO - Started process (PID=468) to work on /home/airflow/.local/lib/python3.12/site-packages/airflow/example_dags/example_branch_python_dop_operator_3.py
[2025-10-30T21:09:52.108+0000] {processor.py:830} INFO - Processing file /home/airflow/.local/lib/python3.12/site-packages/airflow/example_dags/example_branch_python_dop_operator_3.py for tasks to queue
[2025-10-30T21:09:52.114+0000] {logging_mixin.py:188} INFO - [2025-10-30T21:09:52.113+0000] {dagbag.py:545} INFO - Filling up the DagBag from /home/airflow/.local/lib/python3.12/site-packages/airflow/example_dags/example_branch_python_dop_operator_3.py
[2025-10-30T21:09:52.141+0000] {processor.py:840} INFO - DAG(s) 'example_branch_dop_operator_v3' retrieved from /home/airflow/.local/lib/python3.12/site-packages/airflow/example_dags/example_branch_python_dop_operator_3.py
[2025-10-30T21:09:52.204+0000] {logging_mixin.py:188} INFO - [2025-10-30T21:09:52.203+0000] {dag.py:3096} INFO - Sync 1 DAGs
[2025-10-30T21:09:52.272+0000] {logging_mixin.py:188} INFO - [2025-10-30T21:09:52.271+0000] {dag.py:3954} INFO - Setting next_dagrun for example_branch_dop_operator_v3 to 2025-10-30 21:08:00+00:00, run_after=2025-10-30 21:09:00+00:00
[2025-10-30T21:09:52.337+0000] {processor.py:183} INFO - Processing /home/airflow/.local/lib/python3.12/site-packages/airflow/example_dags/example_branch_python_dop_operator_3.py took 0.256 seconds
