[2025-10-30T20:29:45.366+0000] {processor.py:161} INFO - Started process (PID=97) to work on /home/airflow/.local/lib/python3.12/site-packages/airflow/example_dags/example_short_circuit_operator.py
[2025-10-30T20:29:45.369+0000] {processor.py:830} INFO - Processing file /home/airflow/.local/lib/python3.12/site-packages/airflow/example_dags/example_short_circuit_operator.py for tasks to queue
[2025-10-30T20:29:45.372+0000] {logging_mixin.py:188} INFO - [2025-10-30T20:29:45.371+0000] {dagbag.py:545} INFO - Filling up the DagBag from /home/airflow/.local/lib/python3.12/site-packages/airflow/example_dags/example_short_circuit_operator.py
[2025-10-30T20:29:45.391+0000] {processor.py:840} INFO - DAG(s) 'example_short_circuit_operator' retrieved from /home/airflow/.local/lib/python3.12/site-packages/airflow/example_dags/example_short_circuit_operator.py
[2025-10-30T20:29:45.669+0000] {logging_mixin.py:188} INFO - [2025-10-30T20:29:45.669+0000] {dag.py:3096} INFO - Sync 1 DAGs
[2025-10-30T20:29:45.708+0000] {logging_mixin.py:188} INFO - [2025-10-30T20:29:45.708+0000] {dag.py:3954} INFO - Setting next_dagrun for example_short_circuit_operator to 2025-10-29 00:00:00+00:00, run_after=2025-10-30 00:00:00+00:00
[2025-10-30T20:29:45.749+0000] {processor.py:183} INFO - Processing /home/airflow/.local/lib/python3.12/site-packages/airflow/example_dags/example_short_circuit_operator.py took 0.395 seconds
[2025-10-30T20:30:16.187+0000] {processor.py:161} INFO - Started process (PID=155) to work on /home/airflow/.local/lib/python3.12/site-packages/airflow/example_dags/example_short_circuit_operator.py
[2025-10-30T20:30:16.188+0000] {processor.py:830} INFO - Processing file /home/airflow/.local/lib/python3.12/site-packages/airflow/example_dags/example_short_circuit_operator.py for tasks to queue
[2025-10-30T20:30:16.191+0000] {logging_mixin.py:188} INFO - [2025-10-30T20:30:16.190+0000] {dagbag.py:545} INFO - Filling up the DagBag from /home/airflow/.local/lib/python3.12/site-packages/airflow/example_dags/example_short_circuit_operator.py
[2025-10-30T20:30:16.202+0000] {processor.py:840} INFO - DAG(s) 'example_short_circuit_operator' retrieved from /home/airflow/.local/lib/python3.12/site-packages/airflow/example_dags/example_short_circuit_operator.py
[2025-10-30T20:30:16.233+0000] {logging_mixin.py:188} INFO - [2025-10-30T20:30:16.233+0000] {dag.py:3096} INFO - Sync 1 DAGs
[2025-10-30T20:30:16.261+0000] {logging_mixin.py:188} INFO - [2025-10-30T20:30:16.261+0000] {dag.py:3954} INFO - Setting next_dagrun for example_short_circuit_operator to 2025-10-29 00:00:00+00:00, run_after=2025-10-30 00:00:00+00:00
[2025-10-30T20:30:16.284+0000] {processor.py:183} INFO - Processing /home/airflow/.local/lib/python3.12/site-packages/airflow/example_dags/example_short_circuit_operator.py took 0.105 seconds
[2025-10-30T20:30:46.459+0000] {processor.py:161} INFO - Started process (PID=214) to work on /home/airflow/.local/lib/python3.12/site-packages/airflow/example_dags/example_short_circuit_operator.py
[2025-10-30T20:30:46.460+0000] {processor.py:830} INFO - Processing file /home/airflow/.local/lib/python3.12/site-packages/airflow/example_dags/example_short_circuit_operator.py for tasks to queue
[2025-10-30T20:30:46.467+0000] {logging_mixin.py:188} INFO - [2025-10-30T20:30:46.465+0000] {dagbag.py:545} INFO - Filling up the DagBag from /home/airflow/.local/lib/python3.12/site-packages/airflow/example_dags/example_short_circuit_operator.py
[2025-10-30T20:30:46.482+0000] {processor.py:840} INFO - DAG(s) 'example_short_circuit_operator' retrieved from /home/airflow/.local/lib/python3.12/site-packages/airflow/example_dags/example_short_circuit_operator.py
[2025-10-30T20:30:46.522+0000] {logging_mixin.py:188} INFO - [2025-10-30T20:30:46.521+0000] {dag.py:3096} INFO - Sync 1 DAGs
[2025-10-30T20:30:46.551+0000] {logging_mixin.py:188} INFO - [2025-10-30T20:30:46.550+0000] {dag.py:3954} INFO - Setting next_dagrun for example_short_circuit_operator to 2025-10-29 00:00:00+00:00, run_after=2025-10-30 00:00:00+00:00
[2025-10-30T20:30:46.583+0000] {processor.py:183} INFO - Processing /home/airflow/.local/lib/python3.12/site-packages/airflow/example_dags/example_short_circuit_operator.py took 0.137 seconds
[2025-10-30T20:31:17.036+0000] {processor.py:161} INFO - Started process (PID=272) to work on /home/airflow/.local/lib/python3.12/site-packages/airflow/example_dags/example_short_circuit_operator.py
[2025-10-30T20:31:17.041+0000] {processor.py:830} INFO - Processing file /home/airflow/.local/lib/python3.12/site-packages/airflow/example_dags/example_short_circuit_operator.py for tasks to queue
[2025-10-30T20:31:17.044+0000] {logging_mixin.py:188} INFO - [2025-10-30T20:31:17.044+0000] {dagbag.py:545} INFO - Filling up the DagBag from /home/airflow/.local/lib/python3.12/site-packages/airflow/example_dags/example_short_circuit_operator.py
[2025-10-30T20:31:17.060+0000] {processor.py:840} INFO - DAG(s) 'example_short_circuit_operator' retrieved from /home/airflow/.local/lib/python3.12/site-packages/airflow/example_dags/example_short_circuit_operator.py
[2025-10-30T20:31:17.113+0000] {logging_mixin.py:188} INFO - [2025-10-30T20:31:17.113+0000] {dag.py:3096} INFO - Sync 1 DAGs
[2025-10-30T20:31:17.154+0000] {logging_mixin.py:188} INFO - [2025-10-30T20:31:17.153+0000] {dag.py:3954} INFO - Setting next_dagrun for example_short_circuit_operator to 2025-10-29 00:00:00+00:00, run_after=2025-10-30 00:00:00+00:00
[2025-10-30T20:31:17.187+0000] {processor.py:183} INFO - Processing /home/airflow/.local/lib/python3.12/site-packages/airflow/example_dags/example_short_circuit_operator.py took 0.160 seconds
[2025-10-30T20:31:48.040+0000] {processor.py:161} INFO - Started process (PID=330) to work on /home/airflow/.local/lib/python3.12/site-packages/airflow/example_dags/example_short_circuit_operator.py
[2025-10-30T20:31:48.044+0000] {processor.py:830} INFO - Processing file /home/airflow/.local/lib/python3.12/site-packages/airflow/example_dags/example_short_circuit_operator.py for tasks to queue
[2025-10-30T20:31:48.049+0000] {logging_mixin.py:188} INFO - [2025-10-30T20:31:48.048+0000] {dagbag.py:545} INFO - Filling up the DagBag from /home/airflow/.local/lib/python3.12/site-packages/airflow/example_dags/example_short_circuit_operator.py
[2025-10-30T20:31:48.076+0000] {processor.py:840} INFO - DAG(s) 'example_short_circuit_operator' retrieved from /home/airflow/.local/lib/python3.12/site-packages/airflow/example_dags/example_short_circuit_operator.py
[2025-10-30T20:31:48.147+0000] {logging_mixin.py:188} INFO - [2025-10-30T20:31:48.146+0000] {dag.py:3096} INFO - Sync 1 DAGs
[2025-10-30T20:31:48.208+0000] {logging_mixin.py:188} INFO - [2025-10-30T20:31:48.207+0000] {dag.py:3954} INFO - Setting next_dagrun for example_short_circuit_operator to 2025-10-29 00:00:00+00:00, run_after=2025-10-30 00:00:00+00:00
[2025-10-30T20:31:48.268+0000] {processor.py:183} INFO - Processing /home/airflow/.local/lib/python3.12/site-packages/airflow/example_dags/example_short_circuit_operator.py took 0.241 seconds
[2025-10-30T20:32:19.055+0000] {processor.py:161} INFO - Started process (PID=388) to work on /home/airflow/.local/lib/python3.12/site-packages/airflow/example_dags/example_short_circuit_operator.py
[2025-10-30T20:32:19.057+0000] {processor.py:830} INFO - Processing file /home/airflow/.local/lib/python3.12/site-packages/airflow/example_dags/example_short_circuit_operator.py for tasks to queue
[2025-10-30T20:32:19.059+0000] {logging_mixin.py:188} INFO - [2025-10-30T20:32:19.059+0000] {dagbag.py:545} INFO - Filling up the DagBag from /home/airflow/.local/lib/python3.12/site-packages/airflow/example_dags/example_short_circuit_operator.py
[2025-10-30T20:32:19.069+0000] {processor.py:840} INFO - DAG(s) 'example_short_circuit_operator' retrieved from /home/airflow/.local/lib/python3.12/site-packages/airflow/example_dags/example_short_circuit_operator.py
[2025-10-30T20:32:19.101+0000] {logging_mixin.py:188} INFO - [2025-10-30T20:32:19.101+0000] {dag.py:3096} INFO - Sync 1 DAGs
[2025-10-30T20:32:19.130+0000] {logging_mixin.py:188} INFO - [2025-10-30T20:32:19.130+0000] {dag.py:3954} INFO - Setting next_dagrun for example_short_circuit_operator to 2025-10-29 00:00:00+00:00, run_after=2025-10-30 00:00:00+00:00
[2025-10-30T20:32:19.164+0000] {processor.py:183} INFO - Processing /home/airflow/.local/lib/python3.12/site-packages/airflow/example_dags/example_short_circuit_operator.py took 0.116 seconds
[2025-10-30T20:32:49.741+0000] {processor.py:161} INFO - Started process (PID=446) to work on /home/airflow/.local/lib/python3.12/site-packages/airflow/example_dags/example_short_circuit_operator.py
[2025-10-30T20:32:49.742+0000] {processor.py:830} INFO - Processing file /home/airflow/.local/lib/python3.12/site-packages/airflow/example_dags/example_short_circuit_operator.py for tasks to queue
[2025-10-30T20:32:49.745+0000] {logging_mixin.py:188} INFO - [2025-10-30T20:32:49.745+0000] {dagbag.py:545} INFO - Filling up the DagBag from /home/airflow/.local/lib/python3.12/site-packages/airflow/example_dags/example_short_circuit_operator.py
[2025-10-30T20:32:49.759+0000] {processor.py:840} INFO - DAG(s) 'example_short_circuit_operator' retrieved from /home/airflow/.local/lib/python3.12/site-packages/airflow/example_dags/example_short_circuit_operator.py
[2025-10-30T20:32:49.793+0000] {logging_mixin.py:188} INFO - [2025-10-30T20:32:49.793+0000] {dag.py:3096} INFO - Sync 1 DAGs
[2025-10-30T20:32:49.820+0000] {logging_mixin.py:188} INFO - [2025-10-30T20:32:49.820+0000] {dag.py:3954} INFO - Setting next_dagrun for example_short_circuit_operator to 2025-10-29 00:00:00+00:00, run_after=2025-10-30 00:00:00+00:00
[2025-10-30T20:32:49.846+0000] {processor.py:183} INFO - Processing /home/airflow/.local/lib/python3.12/site-packages/airflow/example_dags/example_short_circuit_operator.py took 0.118 seconds
[2025-10-30T20:33:20.095+0000] {processor.py:161} INFO - Started process (PID=504) to work on /home/airflow/.local/lib/python3.12/site-packages/airflow/example_dags/example_short_circuit_operator.py
[2025-10-30T20:33:20.097+0000] {processor.py:830} INFO - Processing file /home/airflow/.local/lib/python3.12/site-packages/airflow/example_dags/example_short_circuit_operator.py for tasks to queue
[2025-10-30T20:33:20.100+0000] {logging_mixin.py:188} INFO - [2025-10-30T20:33:20.099+0000] {dagbag.py:545} INFO - Filling up the DagBag from /home/airflow/.local/lib/python3.12/site-packages/airflow/example_dags/example_short_circuit_operator.py
[2025-10-30T20:33:20.110+0000] {processor.py:840} INFO - DAG(s) 'example_short_circuit_operator' retrieved from /home/airflow/.local/lib/python3.12/site-packages/airflow/example_dags/example_short_circuit_operator.py
[2025-10-30T20:33:20.143+0000] {logging_mixin.py:188} INFO - [2025-10-30T20:33:20.143+0000] {dag.py:3096} INFO - Sync 1 DAGs
[2025-10-30T20:33:20.171+0000] {logging_mixin.py:188} INFO - [2025-10-30T20:33:20.171+0000] {dag.py:3954} INFO - Setting next_dagrun for example_short_circuit_operator to 2025-10-29 00:00:00+00:00, run_after=2025-10-30 00:00:00+00:00
[2025-10-30T20:33:20.201+0000] {processor.py:183} INFO - Processing /home/airflow/.local/lib/python3.12/site-packages/airflow/example_dags/example_short_circuit_operator.py took 0.114 seconds
[2025-10-30T20:33:50.962+0000] {processor.py:161} INFO - Started process (PID=562) to work on /home/airflow/.local/lib/python3.12/site-packages/airflow/example_dags/example_short_circuit_operator.py
[2025-10-30T20:33:50.964+0000] {processor.py:830} INFO - Processing file /home/airflow/.local/lib/python3.12/site-packages/airflow/example_dags/example_short_circuit_operator.py for tasks to queue
[2025-10-30T20:33:50.966+0000] {logging_mixin.py:188} INFO - [2025-10-30T20:33:50.966+0000] {dagbag.py:545} INFO - Filling up the DagBag from /home/airflow/.local/lib/python3.12/site-packages/airflow/example_dags/example_short_circuit_operator.py
[2025-10-30T20:33:50.977+0000] {processor.py:840} INFO - DAG(s) 'example_short_circuit_operator' retrieved from /home/airflow/.local/lib/python3.12/site-packages/airflow/example_dags/example_short_circuit_operator.py
[2025-10-30T20:33:51.010+0000] {logging_mixin.py:188} INFO - [2025-10-30T20:33:51.010+0000] {dag.py:3096} INFO - Sync 1 DAGs
[2025-10-30T20:33:51.037+0000] {logging_mixin.py:188} INFO - [2025-10-30T20:33:51.037+0000] {dag.py:3954} INFO - Setting next_dagrun for example_short_circuit_operator to 2025-10-29 00:00:00+00:00, run_after=2025-10-30 00:00:00+00:00
[2025-10-30T20:33:51.068+0000] {processor.py:183} INFO - Processing /home/airflow/.local/lib/python3.12/site-packages/airflow/example_dags/example_short_circuit_operator.py took 0.114 seconds
[2025-10-30T20:34:21.357+0000] {processor.py:161} INFO - Started process (PID=620) to work on /home/airflow/.local/lib/python3.12/site-packages/airflow/example_dags/example_short_circuit_operator.py
[2025-10-30T20:34:21.360+0000] {processor.py:830} INFO - Processing file /home/airflow/.local/lib/python3.12/site-packages/airflow/example_dags/example_short_circuit_operator.py for tasks to queue
[2025-10-30T20:34:21.363+0000] {logging_mixin.py:188} INFO - [2025-10-30T20:34:21.363+0000] {dagbag.py:545} INFO - Filling up the DagBag from /home/airflow/.local/lib/python3.12/site-packages/airflow/example_dags/example_short_circuit_operator.py
[2025-10-30T20:34:21.377+0000] {processor.py:840} INFO - DAG(s) 'example_short_circuit_operator' retrieved from /home/airflow/.local/lib/python3.12/site-packages/airflow/example_dags/example_short_circuit_operator.py
[2025-10-30T20:34:21.415+0000] {logging_mixin.py:188} INFO - [2025-10-30T20:34:21.415+0000] {dag.py:3096} INFO - Sync 1 DAGs
[2025-10-30T20:34:21.444+0000] {logging_mixin.py:188} INFO - [2025-10-30T20:34:21.443+0000] {dag.py:3954} INFO - Setting next_dagrun for example_short_circuit_operator to 2025-10-29 00:00:00+00:00, run_after=2025-10-30 00:00:00+00:00
[2025-10-30T20:34:21.470+0000] {processor.py:183} INFO - Processing /home/airflow/.local/lib/python3.12/site-packages/airflow/example_dags/example_short_circuit_operator.py took 0.120 seconds
[2025-10-30T20:34:51.939+0000] {processor.py:161} INFO - Started process (PID=678) to work on /home/airflow/.local/lib/python3.12/site-packages/airflow/example_dags/example_short_circuit_operator.py
[2025-10-30T20:34:51.940+0000] {processor.py:830} INFO - Processing file /home/airflow/.local/lib/python3.12/site-packages/airflow/example_dags/example_short_circuit_operator.py for tasks to queue
[2025-10-30T20:34:51.942+0000] {logging_mixin.py:188} INFO - [2025-10-30T20:34:51.942+0000] {dagbag.py:545} INFO - Filling up the DagBag from /home/airflow/.local/lib/python3.12/site-packages/airflow/example_dags/example_short_circuit_operator.py
[2025-10-30T20:34:51.952+0000] {processor.py:840} INFO - DAG(s) 'example_short_circuit_operator' retrieved from /home/airflow/.local/lib/python3.12/site-packages/airflow/example_dags/example_short_circuit_operator.py
[2025-10-30T20:34:51.984+0000] {logging_mixin.py:188} INFO - [2025-10-30T20:34:51.984+0000] {dag.py:3096} INFO - Sync 1 DAGs
[2025-10-30T20:34:52.012+0000] {logging_mixin.py:188} INFO - [2025-10-30T20:34:52.012+0000] {dag.py:3954} INFO - Setting next_dagrun for example_short_circuit_operator to 2025-10-29 00:00:00+00:00, run_after=2025-10-30 00:00:00+00:00
[2025-10-30T20:34:52.039+0000] {processor.py:183} INFO - Processing /home/airflow/.local/lib/python3.12/site-packages/airflow/example_dags/example_short_circuit_operator.py took 0.107 seconds
[2025-10-30T20:35:22.436+0000] {processor.py:161} INFO - Started process (PID=736) to work on /home/airflow/.local/lib/python3.12/site-packages/airflow/example_dags/example_short_circuit_operator.py
[2025-10-30T20:35:22.437+0000] {processor.py:830} INFO - Processing file /home/airflow/.local/lib/python3.12/site-packages/airflow/example_dags/example_short_circuit_operator.py for tasks to queue
[2025-10-30T20:35:22.440+0000] {logging_mixin.py:188} INFO - [2025-10-30T20:35:22.440+0000] {dagbag.py:545} INFO - Filling up the DagBag from /home/airflow/.local/lib/python3.12/site-packages/airflow/example_dags/example_short_circuit_operator.py
[2025-10-30T20:35:22.452+0000] {processor.py:840} INFO - DAG(s) 'example_short_circuit_operator' retrieved from /home/airflow/.local/lib/python3.12/site-packages/airflow/example_dags/example_short_circuit_operator.py
[2025-10-30T20:35:22.483+0000] {logging_mixin.py:188} INFO - [2025-10-30T20:35:22.482+0000] {dag.py:3096} INFO - Sync 1 DAGs
[2025-10-30T20:35:22.513+0000] {logging_mixin.py:188} INFO - [2025-10-30T20:35:22.513+0000] {dag.py:3954} INFO - Setting next_dagrun for example_short_circuit_operator to 2025-10-29 00:00:00+00:00, run_after=2025-10-30 00:00:00+00:00
[2025-10-30T20:35:22.537+0000] {processor.py:183} INFO - Processing /home/airflow/.local/lib/python3.12/site-packages/airflow/example_dags/example_short_circuit_operator.py took 0.110 seconds
[2025-10-30T20:35:53.300+0000] {processor.py:161} INFO - Started process (PID=794) to work on /home/airflow/.local/lib/python3.12/site-packages/airflow/example_dags/example_short_circuit_operator.py
[2025-10-30T20:35:53.301+0000] {processor.py:830} INFO - Processing file /home/airflow/.local/lib/python3.12/site-packages/airflow/example_dags/example_short_circuit_operator.py for tasks to queue
[2025-10-30T20:35:53.304+0000] {logging_mixin.py:188} INFO - [2025-10-30T20:35:53.304+0000] {dagbag.py:545} INFO - Filling up the DagBag from /home/airflow/.local/lib/python3.12/site-packages/airflow/example_dags/example_short_circuit_operator.py
[2025-10-30T20:35:53.319+0000] {processor.py:840} INFO - DAG(s) 'example_short_circuit_operator' retrieved from /home/airflow/.local/lib/python3.12/site-packages/airflow/example_dags/example_short_circuit_operator.py
[2025-10-30T20:35:53.351+0000] {logging_mixin.py:188} INFO - [2025-10-30T20:35:53.351+0000] {dag.py:3096} INFO - Sync 1 DAGs
[2025-10-30T20:35:53.380+0000] {logging_mixin.py:188} INFO - [2025-10-30T20:35:53.380+0000] {dag.py:3954} INFO - Setting next_dagrun for example_short_circuit_operator to 2025-10-29 00:00:00+00:00, run_after=2025-10-30 00:00:00+00:00
[2025-10-30T20:35:53.409+0000] {processor.py:183} INFO - Processing /home/airflow/.local/lib/python3.12/site-packages/airflow/example_dags/example_short_circuit_operator.py took 0.118 seconds
[2025-10-30T20:36:23.755+0000] {processor.py:161} INFO - Started process (PID=852) to work on /home/airflow/.local/lib/python3.12/site-packages/airflow/example_dags/example_short_circuit_operator.py
[2025-10-30T20:36:23.756+0000] {processor.py:830} INFO - Processing file /home/airflow/.local/lib/python3.12/site-packages/airflow/example_dags/example_short_circuit_operator.py for tasks to queue
[2025-10-30T20:36:23.758+0000] {logging_mixin.py:188} INFO - [2025-10-30T20:36:23.758+0000] {dagbag.py:545} INFO - Filling up the DagBag from /home/airflow/.local/lib/python3.12/site-packages/airflow/example_dags/example_short_circuit_operator.py
[2025-10-30T20:36:23.777+0000] {processor.py:840} INFO - DAG(s) 'example_short_circuit_operator' retrieved from /home/airflow/.local/lib/python3.12/site-packages/airflow/example_dags/example_short_circuit_operator.py
[2025-10-30T20:36:23.806+0000] {logging_mixin.py:188} INFO - [2025-10-30T20:36:23.806+0000] {dag.py:3096} INFO - Sync 1 DAGs
[2025-10-30T20:36:23.846+0000] {logging_mixin.py:188} INFO - [2025-10-30T20:36:23.845+0000] {dag.py:3954} INFO - Setting next_dagrun for example_short_circuit_operator to 2025-10-29 00:00:00+00:00, run_after=2025-10-30 00:00:00+00:00
[2025-10-30T20:36:23.875+0000] {processor.py:183} INFO - Processing /home/airflow/.local/lib/python3.12/site-packages/airflow/example_dags/example_short_circuit_operator.py took 0.128 seconds
[2025-10-30T20:36:54.041+0000] {processor.py:161} INFO - Started process (PID=910) to work on /home/airflow/.local/lib/python3.12/site-packages/airflow/example_dags/example_short_circuit_operator.py
[2025-10-30T20:36:54.042+0000] {processor.py:830} INFO - Processing file /home/airflow/.local/lib/python3.12/site-packages/airflow/example_dags/example_short_circuit_operator.py for tasks to queue
[2025-10-30T20:36:54.044+0000] {logging_mixin.py:188} INFO - [2025-10-30T20:36:54.044+0000] {dagbag.py:545} INFO - Filling up the DagBag from /home/airflow/.local/lib/python3.12/site-packages/airflow/example_dags/example_short_circuit_operator.py
[2025-10-30T20:36:54.053+0000] {processor.py:840} INFO - DAG(s) 'example_short_circuit_operator' retrieved from /home/airflow/.local/lib/python3.12/site-packages/airflow/example_dags/example_short_circuit_operator.py
[2025-10-30T20:36:54.083+0000] {logging_mixin.py:188} INFO - [2025-10-30T20:36:54.083+0000] {dag.py:3096} INFO - Sync 1 DAGs
[2025-10-30T20:36:54.111+0000] {logging_mixin.py:188} INFO - [2025-10-30T20:36:54.111+0000] {dag.py:3954} INFO - Setting next_dagrun for example_short_circuit_operator to 2025-10-29 00:00:00+00:00, run_after=2025-10-30 00:00:00+00:00
[2025-10-30T20:36:54.138+0000] {processor.py:183} INFO - Processing /home/airflow/.local/lib/python3.12/site-packages/airflow/example_dags/example_short_circuit_operator.py took 0.104 seconds
[2025-10-30T20:37:24.440+0000] {processor.py:161} INFO - Started process (PID=968) to work on /home/airflow/.local/lib/python3.12/site-packages/airflow/example_dags/example_short_circuit_operator.py
[2025-10-30T20:37:24.441+0000] {processor.py:830} INFO - Processing file /home/airflow/.local/lib/python3.12/site-packages/airflow/example_dags/example_short_circuit_operator.py for tasks to queue
[2025-10-30T20:37:24.444+0000] {logging_mixin.py:188} INFO - [2025-10-30T20:37:24.443+0000] {dagbag.py:545} INFO - Filling up the DagBag from /home/airflow/.local/lib/python3.12/site-packages/airflow/example_dags/example_short_circuit_operator.py
[2025-10-30T20:37:24.453+0000] {processor.py:840} INFO - DAG(s) 'example_short_circuit_operator' retrieved from /home/airflow/.local/lib/python3.12/site-packages/airflow/example_dags/example_short_circuit_operator.py
[2025-10-30T20:37:24.486+0000] {logging_mixin.py:188} INFO - [2025-10-30T20:37:24.486+0000] {dag.py:3096} INFO - Sync 1 DAGs
[2025-10-30T20:37:24.513+0000] {logging_mixin.py:188} INFO - [2025-10-30T20:37:24.512+0000] {dag.py:3954} INFO - Setting next_dagrun for example_short_circuit_operator to 2025-10-29 00:00:00+00:00, run_after=2025-10-30 00:00:00+00:00
[2025-10-30T20:37:24.537+0000] {processor.py:183} INFO - Processing /home/airflow/.local/lib/python3.12/site-packages/airflow/example_dags/example_short_circuit_operator.py took 0.104 seconds
[2025-10-30T20:37:54.619+0000] {processor.py:161} INFO - Started process (PID=1026) to work on /home/airflow/.local/lib/python3.12/site-packages/airflow/example_dags/example_short_circuit_operator.py
[2025-10-30T20:37:54.621+0000] {processor.py:830} INFO - Processing file /home/airflow/.local/lib/python3.12/site-packages/airflow/example_dags/example_short_circuit_operator.py for tasks to queue
[2025-10-30T20:37:54.624+0000] {logging_mixin.py:188} INFO - [2025-10-30T20:37:54.623+0000] {dagbag.py:545} INFO - Filling up the DagBag from /home/airflow/.local/lib/python3.12/site-packages/airflow/example_dags/example_short_circuit_operator.py
[2025-10-30T20:37:54.635+0000] {processor.py:840} INFO - DAG(s) 'example_short_circuit_operator' retrieved from /home/airflow/.local/lib/python3.12/site-packages/airflow/example_dags/example_short_circuit_operator.py
[2025-10-30T20:37:54.665+0000] {logging_mixin.py:188} INFO - [2025-10-30T20:37:54.665+0000] {dag.py:3096} INFO - Sync 1 DAGs
[2025-10-30T20:37:54.697+0000] {logging_mixin.py:188} INFO - [2025-10-30T20:37:54.697+0000] {dag.py:3954} INFO - Setting next_dagrun for example_short_circuit_operator to 2025-10-29 00:00:00+00:00, run_after=2025-10-30 00:00:00+00:00
[2025-10-30T20:37:54.726+0000] {processor.py:183} INFO - Processing /home/airflow/.local/lib/python3.12/site-packages/airflow/example_dags/example_short_circuit_operator.py took 0.115 seconds
[2025-10-30T20:38:25.309+0000] {processor.py:161} INFO - Started process (PID=1084) to work on /home/airflow/.local/lib/python3.12/site-packages/airflow/example_dags/example_short_circuit_operator.py
[2025-10-30T20:38:25.310+0000] {processor.py:830} INFO - Processing file /home/airflow/.local/lib/python3.12/site-packages/airflow/example_dags/example_short_circuit_operator.py for tasks to queue
[2025-10-30T20:38:25.313+0000] {logging_mixin.py:188} INFO - [2025-10-30T20:38:25.312+0000] {dagbag.py:545} INFO - Filling up the DagBag from /home/airflow/.local/lib/python3.12/site-packages/airflow/example_dags/example_short_circuit_operator.py
[2025-10-30T20:38:25.325+0000] {processor.py:840} INFO - DAG(s) 'example_short_circuit_operator' retrieved from /home/airflow/.local/lib/python3.12/site-packages/airflow/example_dags/example_short_circuit_operator.py
[2025-10-30T20:38:25.359+0000] {logging_mixin.py:188} INFO - [2025-10-30T20:38:25.359+0000] {dag.py:3096} INFO - Sync 1 DAGs
[2025-10-30T20:38:25.385+0000] {logging_mixin.py:188} INFO - [2025-10-30T20:38:25.385+0000] {dag.py:3954} INFO - Setting next_dagrun for example_short_circuit_operator to 2025-10-29 00:00:00+00:00, run_after=2025-10-30 00:00:00+00:00
[2025-10-30T20:38:25.414+0000] {processor.py:183} INFO - Processing /home/airflow/.local/lib/python3.12/site-packages/airflow/example_dags/example_short_circuit_operator.py took 0.114 seconds
[2025-10-30T20:38:55.563+0000] {processor.py:161} INFO - Started process (PID=1142) to work on /home/airflow/.local/lib/python3.12/site-packages/airflow/example_dags/example_short_circuit_operator.py
[2025-10-30T20:38:55.565+0000] {processor.py:830} INFO - Processing file /home/airflow/.local/lib/python3.12/site-packages/airflow/example_dags/example_short_circuit_operator.py for tasks to queue
[2025-10-30T20:38:55.567+0000] {logging_mixin.py:188} INFO - [2025-10-30T20:38:55.567+0000] {dagbag.py:545} INFO - Filling up the DagBag from /home/airflow/.local/lib/python3.12/site-packages/airflow/example_dags/example_short_circuit_operator.py
[2025-10-30T20:38:55.579+0000] {processor.py:840} INFO - DAG(s) 'example_short_circuit_operator' retrieved from /home/airflow/.local/lib/python3.12/site-packages/airflow/example_dags/example_short_circuit_operator.py
[2025-10-30T20:38:55.610+0000] {logging_mixin.py:188} INFO - [2025-10-30T20:38:55.610+0000] {dag.py:3096} INFO - Sync 1 DAGs
[2025-10-30T20:38:55.640+0000] {logging_mixin.py:188} INFO - [2025-10-30T20:38:55.640+0000] {dag.py:3954} INFO - Setting next_dagrun for example_short_circuit_operator to 2025-10-29 00:00:00+00:00, run_after=2025-10-30 00:00:00+00:00
[2025-10-30T20:38:55.667+0000] {processor.py:183} INFO - Processing /home/airflow/.local/lib/python3.12/site-packages/airflow/example_dags/example_short_circuit_operator.py took 0.117 seconds
[2025-10-30T20:39:25.781+0000] {processor.py:161} INFO - Started process (PID=1201) to work on /home/airflow/.local/lib/python3.12/site-packages/airflow/example_dags/example_short_circuit_operator.py
[2025-10-30T20:39:25.783+0000] {processor.py:830} INFO - Processing file /home/airflow/.local/lib/python3.12/site-packages/airflow/example_dags/example_short_circuit_operator.py for tasks to queue
[2025-10-30T20:39:25.786+0000] {logging_mixin.py:188} INFO - [2025-10-30T20:39:25.785+0000] {dagbag.py:545} INFO - Filling up the DagBag from /home/airflow/.local/lib/python3.12/site-packages/airflow/example_dags/example_short_circuit_operator.py
[2025-10-30T20:39:25.797+0000] {processor.py:840} INFO - DAG(s) 'example_short_circuit_operator' retrieved from /home/airflow/.local/lib/python3.12/site-packages/airflow/example_dags/example_short_circuit_operator.py
[2025-10-30T20:39:25.831+0000] {logging_mixin.py:188} INFO - [2025-10-30T20:39:25.831+0000] {dag.py:3096} INFO - Sync 1 DAGs
[2025-10-30T20:39:25.860+0000] {logging_mixin.py:188} INFO - [2025-10-30T20:39:25.860+0000] {dag.py:3954} INFO - Setting next_dagrun for example_short_circuit_operator to 2025-10-29 00:00:00+00:00, run_after=2025-10-30 00:00:00+00:00
[2025-10-30T20:39:25.885+0000] {processor.py:183} INFO - Processing /home/airflow/.local/lib/python3.12/site-packages/airflow/example_dags/example_short_circuit_operator.py took 0.112 seconds
[2025-10-30T20:39:56.450+0000] {processor.py:161} INFO - Started process (PID=1259) to work on /home/airflow/.local/lib/python3.12/site-packages/airflow/example_dags/example_short_circuit_operator.py
[2025-10-30T20:39:56.452+0000] {processor.py:830} INFO - Processing file /home/airflow/.local/lib/python3.12/site-packages/airflow/example_dags/example_short_circuit_operator.py for tasks to queue
[2025-10-30T20:39:56.456+0000] {logging_mixin.py:188} INFO - [2025-10-30T20:39:56.455+0000] {dagbag.py:545} INFO - Filling up the DagBag from /home/airflow/.local/lib/python3.12/site-packages/airflow/example_dags/example_short_circuit_operator.py
[2025-10-30T20:39:56.470+0000] {processor.py:840} INFO - DAG(s) 'example_short_circuit_operator' retrieved from /home/airflow/.local/lib/python3.12/site-packages/airflow/example_dags/example_short_circuit_operator.py
[2025-10-30T20:39:56.509+0000] {logging_mixin.py:188} INFO - [2025-10-30T20:39:56.508+0000] {dag.py:3096} INFO - Sync 1 DAGs
[2025-10-30T20:39:56.548+0000] {logging_mixin.py:188} INFO - [2025-10-30T20:39:56.547+0000] {dag.py:3954} INFO - Setting next_dagrun for example_short_circuit_operator to 2025-10-29 00:00:00+00:00, run_after=2025-10-30 00:00:00+00:00
[2025-10-30T20:39:56.584+0000] {processor.py:183} INFO - Processing /home/airflow/.local/lib/python3.12/site-packages/airflow/example_dags/example_short_circuit_operator.py took 0.146 seconds
[2025-10-30T20:40:27.008+0000] {processor.py:161} INFO - Started process (PID=1317) to work on /home/airflow/.local/lib/python3.12/site-packages/airflow/example_dags/example_short_circuit_operator.py
[2025-10-30T20:40:27.010+0000] {processor.py:830} INFO - Processing file /home/airflow/.local/lib/python3.12/site-packages/airflow/example_dags/example_short_circuit_operator.py for tasks to queue
[2025-10-30T20:40:27.013+0000] {logging_mixin.py:188} INFO - [2025-10-30T20:40:27.013+0000] {dagbag.py:545} INFO - Filling up the DagBag from /home/airflow/.local/lib/python3.12/site-packages/airflow/example_dags/example_short_circuit_operator.py
[2025-10-30T20:40:27.026+0000] {processor.py:840} INFO - DAG(s) 'example_short_circuit_operator' retrieved from /home/airflow/.local/lib/python3.12/site-packages/airflow/example_dags/example_short_circuit_operator.py
[2025-10-30T20:40:27.070+0000] {logging_mixin.py:188} INFO - [2025-10-30T20:40:27.070+0000] {dag.py:3096} INFO - Sync 1 DAGs
[2025-10-30T20:40:27.101+0000] {logging_mixin.py:188} INFO - [2025-10-30T20:40:27.101+0000] {dag.py:3954} INFO - Setting next_dagrun for example_short_circuit_operator to 2025-10-29 00:00:00+00:00, run_after=2025-10-30 00:00:00+00:00
[2025-10-30T20:40:27.127+0000] {processor.py:183} INFO - Processing /home/airflow/.local/lib/python3.12/site-packages/airflow/example_dags/example_short_circuit_operator.py took 0.127 seconds
[2025-10-30T20:40:58.330+0000] {processor.py:161} INFO - Started process (PID=1375) to work on /home/airflow/.local/lib/python3.12/site-packages/airflow/example_dags/example_short_circuit_operator.py
[2025-10-30T20:40:58.350+0000] {processor.py:830} INFO - Processing file /home/airflow/.local/lib/python3.12/site-packages/airflow/example_dags/example_short_circuit_operator.py for tasks to queue
[2025-10-30T20:40:58.402+0000] {logging_mixin.py:188} INFO - [2025-10-30T20:40:58.384+0000] {dagbag.py:545} INFO - Filling up the DagBag from /home/airflow/.local/lib/python3.12/site-packages/airflow/example_dags/example_short_circuit_operator.py
[2025-10-30T20:40:58.560+0000] {processor.py:840} INFO - DAG(s) 'example_short_circuit_operator' retrieved from /home/airflow/.local/lib/python3.12/site-packages/airflow/example_dags/example_short_circuit_operator.py
[2025-10-30T20:40:58.700+0000] {logging_mixin.py:188} INFO - [2025-10-30T20:40:58.699+0000] {dag.py:3096} INFO - Sync 1 DAGs
[2025-10-30T20:40:58.826+0000] {logging_mixin.py:188} INFO - [2025-10-30T20:40:58.825+0000] {dag.py:3954} INFO - Setting next_dagrun for example_short_circuit_operator to 2025-10-29 00:00:00+00:00, run_after=2025-10-30 00:00:00+00:00
[2025-10-30T20:40:58.869+0000] {processor.py:183} INFO - Processing /home/airflow/.local/lib/python3.12/site-packages/airflow/example_dags/example_short_circuit_operator.py took 0.649 seconds
[2025-10-30T20:41:29.306+0000] {processor.py:161} INFO - Started process (PID=1433) to work on /home/airflow/.local/lib/python3.12/site-packages/airflow/example_dags/example_short_circuit_operator.py
[2025-10-30T20:41:29.308+0000] {processor.py:830} INFO - Processing file /home/airflow/.local/lib/python3.12/site-packages/airflow/example_dags/example_short_circuit_operator.py for tasks to queue
[2025-10-30T20:41:29.315+0000] {logging_mixin.py:188} INFO - [2025-10-30T20:41:29.314+0000] {dagbag.py:545} INFO - Filling up the DagBag from /home/airflow/.local/lib/python3.12/site-packages/airflow/example_dags/example_short_circuit_operator.py
[2025-10-30T20:41:29.338+0000] {processor.py:840} INFO - DAG(s) 'example_short_circuit_operator' retrieved from /home/airflow/.local/lib/python3.12/site-packages/airflow/example_dags/example_short_circuit_operator.py
[2025-10-30T20:41:29.389+0000] {logging_mixin.py:188} INFO - [2025-10-30T20:41:29.388+0000] {dag.py:3096} INFO - Sync 1 DAGs
[2025-10-30T20:41:29.446+0000] {logging_mixin.py:188} INFO - [2025-10-30T20:41:29.446+0000] {dag.py:3954} INFO - Setting next_dagrun for example_short_circuit_operator to 2025-10-29 00:00:00+00:00, run_after=2025-10-30 00:00:00+00:00
[2025-10-30T20:41:30.221+0000] {processor.py:183} INFO - Processing /home/airflow/.local/lib/python3.12/site-packages/airflow/example_dags/example_short_circuit_operator.py took 0.932 seconds
[2025-10-30T20:42:00.703+0000] {processor.py:161} INFO - Started process (PID=1490) to work on /home/airflow/.local/lib/python3.12/site-packages/airflow/example_dags/example_short_circuit_operator.py
[2025-10-30T20:42:00.705+0000] {processor.py:830} INFO - Processing file /home/airflow/.local/lib/python3.12/site-packages/airflow/example_dags/example_short_circuit_operator.py for tasks to queue
[2025-10-30T20:42:00.708+0000] {logging_mixin.py:188} INFO - [2025-10-30T20:42:00.707+0000] {dagbag.py:545} INFO - Filling up the DagBag from /home/airflow/.local/lib/python3.12/site-packages/airflow/example_dags/example_short_circuit_operator.py
[2025-10-30T20:42:00.718+0000] {processor.py:840} INFO - DAG(s) 'example_short_circuit_operator' retrieved from /home/airflow/.local/lib/python3.12/site-packages/airflow/example_dags/example_short_circuit_operator.py
[2025-10-30T20:42:00.750+0000] {logging_mixin.py:188} INFO - [2025-10-30T20:42:00.749+0000] {dag.py:3096} INFO - Sync 1 DAGs
[2025-10-30T20:42:00.782+0000] {logging_mixin.py:188} INFO - [2025-10-30T20:42:00.781+0000] {dag.py:3954} INFO - Setting next_dagrun for example_short_circuit_operator to 2025-10-29 00:00:00+00:00, run_after=2025-10-30 00:00:00+00:00
[2025-10-30T20:42:00.818+0000] {processor.py:183} INFO - Processing /home/airflow/.local/lib/python3.12/site-packages/airflow/example_dags/example_short_circuit_operator.py took 0.123 seconds
[2025-10-30T20:42:31.601+0000] {processor.py:161} INFO - Started process (PID=1548) to work on /home/airflow/.local/lib/python3.12/site-packages/airflow/example_dags/example_short_circuit_operator.py
[2025-10-30T20:42:31.603+0000] {processor.py:830} INFO - Processing file /home/airflow/.local/lib/python3.12/site-packages/airflow/example_dags/example_short_circuit_operator.py for tasks to queue
[2025-10-30T20:42:31.609+0000] {logging_mixin.py:188} INFO - [2025-10-30T20:42:31.608+0000] {dagbag.py:545} INFO - Filling up the DagBag from /home/airflow/.local/lib/python3.12/site-packages/airflow/example_dags/example_short_circuit_operator.py
[2025-10-30T20:42:31.625+0000] {processor.py:840} INFO - DAG(s) 'example_short_circuit_operator' retrieved from /home/airflow/.local/lib/python3.12/site-packages/airflow/example_dags/example_short_circuit_operator.py
[2025-10-30T20:42:31.686+0000] {logging_mixin.py:188} INFO - [2025-10-30T20:42:31.686+0000] {dag.py:3096} INFO - Sync 1 DAGs
[2025-10-30T20:42:31.779+0000] {logging_mixin.py:188} INFO - [2025-10-30T20:42:31.779+0000] {dag.py:3954} INFO - Setting next_dagrun for example_short_circuit_operator to 2025-10-29 00:00:00+00:00, run_after=2025-10-30 00:00:00+00:00
[2025-10-30T20:42:31.812+0000] {processor.py:183} INFO - Processing /home/airflow/.local/lib/python3.12/site-packages/airflow/example_dags/example_short_circuit_operator.py took 0.225 seconds
[2025-10-30T21:06:25.915+0000] {processor.py:161} INFO - Started process (PID=98) to work on /home/airflow/.local/lib/python3.12/site-packages/airflow/example_dags/example_short_circuit_operator.py
[2025-10-30T21:06:25.921+0000] {processor.py:830} INFO - Processing file /home/airflow/.local/lib/python3.12/site-packages/airflow/example_dags/example_short_circuit_operator.py for tasks to queue
[2025-10-30T21:06:25.928+0000] {logging_mixin.py:188} INFO - [2025-10-30T21:06:25.926+0000] {dagbag.py:545} INFO - Filling up the DagBag from /home/airflow/.local/lib/python3.12/site-packages/airflow/example_dags/example_short_circuit_operator.py
[2025-10-30T21:06:25.959+0000] {processor.py:840} INFO - DAG(s) 'example_short_circuit_operator' retrieved from /home/airflow/.local/lib/python3.12/site-packages/airflow/example_dags/example_short_circuit_operator.py
[2025-10-30T21:06:26.219+0000] {logging_mixin.py:188} INFO - [2025-10-30T21:06:26.218+0000] {dag.py:3096} INFO - Sync 1 DAGs
[2025-10-30T21:06:26.270+0000] {logging_mixin.py:188} INFO - [2025-10-30T21:06:26.270+0000] {dag.py:3954} INFO - Setting next_dagrun for example_short_circuit_operator to 2025-10-29 00:00:00+00:00, run_after=2025-10-30 00:00:00+00:00
[2025-10-30T21:06:26.317+0000] {processor.py:183} INFO - Processing /home/airflow/.local/lib/python3.12/site-packages/airflow/example_dags/example_short_circuit_operator.py took 0.419 seconds
[2025-10-30T21:06:57.013+0000] {processor.py:161} INFO - Started process (PID=157) to work on /home/airflow/.local/lib/python3.12/site-packages/airflow/example_dags/example_short_circuit_operator.py
[2025-10-30T21:06:57.019+0000] {processor.py:830} INFO - Processing file /home/airflow/.local/lib/python3.12/site-packages/airflow/example_dags/example_short_circuit_operator.py for tasks to queue
[2025-10-30T21:06:57.028+0000] {logging_mixin.py:188} INFO - [2025-10-30T21:06:57.027+0000] {dagbag.py:545} INFO - Filling up the DagBag from /home/airflow/.local/lib/python3.12/site-packages/airflow/example_dags/example_short_circuit_operator.py
[2025-10-30T21:06:57.054+0000] {processor.py:840} INFO - DAG(s) 'example_short_circuit_operator' retrieved from /home/airflow/.local/lib/python3.12/site-packages/airflow/example_dags/example_short_circuit_operator.py
[2025-10-30T21:06:57.135+0000] {logging_mixin.py:188} INFO - [2025-10-30T21:06:57.134+0000] {dag.py:3096} INFO - Sync 1 DAGs
[2025-10-30T21:06:57.196+0000] {logging_mixin.py:188} INFO - [2025-10-30T21:06:57.195+0000] {dag.py:3954} INFO - Setting next_dagrun for example_short_circuit_operator to 2025-10-29 00:00:00+00:00, run_after=2025-10-30 00:00:00+00:00
[2025-10-30T21:06:57.259+0000] {processor.py:183} INFO - Processing /home/airflow/.local/lib/python3.12/site-packages/airflow/example_dags/example_short_circuit_operator.py took 0.271 seconds
[2025-10-30T21:07:27.680+0000] {processor.py:161} INFO - Started process (PID=219) to work on /home/airflow/.local/lib/python3.12/site-packages/airflow/example_dags/example_short_circuit_operator.py
[2025-10-30T21:07:27.684+0000] {processor.py:830} INFO - Processing file /home/airflow/.local/lib/python3.12/site-packages/airflow/example_dags/example_short_circuit_operator.py for tasks to queue
[2025-10-30T21:07:27.688+0000] {logging_mixin.py:188} INFO - [2025-10-30T21:07:27.687+0000] {dagbag.py:545} INFO - Filling up the DagBag from /home/airflow/.local/lib/python3.12/site-packages/airflow/example_dags/example_short_circuit_operator.py
[2025-10-30T21:07:27.709+0000] {processor.py:840} INFO - DAG(s) 'example_short_circuit_operator' retrieved from /home/airflow/.local/lib/python3.12/site-packages/airflow/example_dags/example_short_circuit_operator.py
[2025-10-30T21:07:27.845+0000] {logging_mixin.py:188} INFO - [2025-10-30T21:07:27.845+0000] {dag.py:3096} INFO - Sync 1 DAGs
[2025-10-30T21:07:27.930+0000] {logging_mixin.py:188} INFO - [2025-10-30T21:07:27.929+0000] {dag.py:3954} INFO - Setting next_dagrun for example_short_circuit_operator to 2025-10-29 00:00:00+00:00, run_after=2025-10-30 00:00:00+00:00
[2025-10-30T21:07:28.145+0000] {processor.py:183} INFO - Processing /home/airflow/.local/lib/python3.12/site-packages/airflow/example_dags/example_short_circuit_operator.py took 0.479 seconds
[2025-10-30T21:07:58.548+0000] {processor.py:161} INFO - Started process (PID=278) to work on /home/airflow/.local/lib/python3.12/site-packages/airflow/example_dags/example_short_circuit_operator.py
[2025-10-30T21:07:58.551+0000] {processor.py:830} INFO - Processing file /home/airflow/.local/lib/python3.12/site-packages/airflow/example_dags/example_short_circuit_operator.py for tasks to queue
[2025-10-30T21:07:58.555+0000] {logging_mixin.py:188} INFO - [2025-10-30T21:07:58.555+0000] {dagbag.py:545} INFO - Filling up the DagBag from /home/airflow/.local/lib/python3.12/site-packages/airflow/example_dags/example_short_circuit_operator.py
[2025-10-30T21:07:58.575+0000] {processor.py:840} INFO - DAG(s) 'example_short_circuit_operator' retrieved from /home/airflow/.local/lib/python3.12/site-packages/airflow/example_dags/example_short_circuit_operator.py
[2025-10-30T21:07:58.658+0000] {logging_mixin.py:188} INFO - [2025-10-30T21:07:58.657+0000] {dag.py:3096} INFO - Sync 1 DAGs
[2025-10-30T21:07:58.758+0000] {logging_mixin.py:188} INFO - [2025-10-30T21:07:58.758+0000] {dag.py:3954} INFO - Setting next_dagrun for example_short_circuit_operator to 2025-10-29 00:00:00+00:00, run_after=2025-10-30 00:00:00+00:00
[2025-10-30T21:07:58.830+0000] {processor.py:183} INFO - Processing /home/airflow/.local/lib/python3.12/site-packages/airflow/example_dags/example_short_circuit_operator.py took 0.295 seconds
[2025-10-30T21:08:29.431+0000] {processor.py:161} INFO - Started process (PID=337) to work on /home/airflow/.local/lib/python3.12/site-packages/airflow/example_dags/example_short_circuit_operator.py
[2025-10-30T21:08:29.454+0000] {processor.py:830} INFO - Processing file /home/airflow/.local/lib/python3.12/site-packages/airflow/example_dags/example_short_circuit_operator.py for tasks to queue
[2025-10-30T21:08:29.457+0000] {logging_mixin.py:188} INFO - [2025-10-30T21:08:29.457+0000] {dagbag.py:545} INFO - Filling up the DagBag from /home/airflow/.local/lib/python3.12/site-packages/airflow/example_dags/example_short_circuit_operator.py
[2025-10-30T21:08:29.489+0000] {processor.py:840} INFO - DAG(s) 'example_short_circuit_operator' retrieved from /home/airflow/.local/lib/python3.12/site-packages/airflow/example_dags/example_short_circuit_operator.py
[2025-10-30T21:08:29.558+0000] {logging_mixin.py:188} INFO - [2025-10-30T21:08:29.557+0000] {dag.py:3096} INFO - Sync 1 DAGs
[2025-10-30T21:08:29.646+0000] {logging_mixin.py:188} INFO - [2025-10-30T21:08:29.646+0000] {dag.py:3954} INFO - Setting next_dagrun for example_short_circuit_operator to 2025-10-29 00:00:00+00:00, run_after=2025-10-30 00:00:00+00:00
[2025-10-30T21:08:29.706+0000] {processor.py:183} INFO - Processing /home/airflow/.local/lib/python3.12/site-packages/airflow/example_dags/example_short_circuit_operator.py took 0.284 seconds
[2025-10-30T21:09:15.787+0000] {processor.py:161} INFO - Started process (PID=403) to work on /home/airflow/.local/lib/python3.12/site-packages/airflow/example_dags/example_short_circuit_operator.py
[2025-10-30T21:09:15.793+0000] {processor.py:830} INFO - Processing file /home/airflow/.local/lib/python3.12/site-packages/airflow/example_dags/example_short_circuit_operator.py for tasks to queue
[2025-10-30T21:09:15.799+0000] {logging_mixin.py:188} INFO - [2025-10-30T21:09:15.798+0000] {dagbag.py:545} INFO - Filling up the DagBag from /home/airflow/.local/lib/python3.12/site-packages/airflow/example_dags/example_short_circuit_operator.py
[2025-10-30T21:09:15.843+0000] {processor.py:840} INFO - DAG(s) 'example_short_circuit_operator' retrieved from /home/airflow/.local/lib/python3.12/site-packages/airflow/example_dags/example_short_circuit_operator.py
[2025-10-30T21:09:16.234+0000] {logging_mixin.py:188} INFO - [2025-10-30T21:09:16.233+0000] {dag.py:3096} INFO - Sync 1 DAGs
[2025-10-30T21:09:16.431+0000] {logging_mixin.py:188} INFO - [2025-10-30T21:09:16.431+0000] {dag.py:3954} INFO - Setting next_dagrun for example_short_circuit_operator to 2025-10-29 00:00:00+00:00, run_after=2025-10-30 00:00:00+00:00
[2025-10-30T21:09:16.555+0000] {processor.py:183} INFO - Processing /home/airflow/.local/lib/python3.12/site-packages/airflow/example_dags/example_short_circuit_operator.py took 0.791 seconds
[2025-10-30T21:09:51.460+0000] {processor.py:161} INFO - Started process (PID=464) to work on /home/airflow/.local/lib/python3.12/site-packages/airflow/example_dags/example_short_circuit_operator.py
[2025-10-30T21:09:51.464+0000] {processor.py:830} INFO - Processing file /home/airflow/.local/lib/python3.12/site-packages/airflow/example_dags/example_short_circuit_operator.py for tasks to queue
[2025-10-30T21:09:51.473+0000] {logging_mixin.py:188} INFO - [2025-10-30T21:09:51.472+0000] {dagbag.py:545} INFO - Filling up the DagBag from /home/airflow/.local/lib/python3.12/site-packages/airflow/example_dags/example_short_circuit_operator.py
[2025-10-30T21:09:51.504+0000] {processor.py:840} INFO - DAG(s) 'example_short_circuit_operator' retrieved from /home/airflow/.local/lib/python3.12/site-packages/airflow/example_dags/example_short_circuit_operator.py
[2025-10-30T21:09:51.608+0000] {logging_mixin.py:188} INFO - [2025-10-30T21:09:51.607+0000] {dag.py:3096} INFO - Sync 1 DAGs
[2025-10-30T21:09:51.676+0000] {logging_mixin.py:188} INFO - [2025-10-30T21:09:51.675+0000] {dag.py:3954} INFO - Setting next_dagrun for example_short_circuit_operator to 2025-10-29 00:00:00+00:00, run_after=2025-10-30 00:00:00+00:00
[2025-10-30T21:09:51.732+0000] {processor.py:183} INFO - Processing /home/airflow/.local/lib/python3.12/site-packages/airflow/example_dags/example_short_circuit_operator.py took 0.293 seconds
