[2025-10-30T20:29:40.761+0000] {processor.py:161} INFO - Started process (PID=84) to work on /home/airflow/.local/lib/python3.12/site-packages/airflow/example_dags/example_subdag_operator.py
[2025-10-30T20:29:40.763+0000] {processor.py:830} INFO - Processing file /home/airflow/.local/lib/python3.12/site-packages/airflow/example_dags/example_subdag_operator.py for tasks to queue
[2025-10-30T20:29:40.771+0000] {logging_mixin.py:188} INFO - [2025-10-30T20:29:40.770+0000] {dagbag.py:545} INFO - Filling up the DagBag from /home/airflow/.local/lib/python3.12/site-packages/airflow/example_dags/example_subdag_operator.py
[2025-10-30T20:29:40.918+0000] {processor.py:840} INFO - DAG(s) 'example_subdag_operator.section-1', 'example_subdag_operator.section-2', 'example_subdag_operator' retrieved from /home/airflow/.local/lib/python3.12/site-packages/airflow/example_dags/example_subdag_operator.py
[2025-10-30T20:29:41.376+0000] {logging_mixin.py:188} INFO - [2025-10-30T20:29:41.374+0000] {dag.py:3096} INFO - Sync 3 DAGs
[2025-10-30T20:29:41.447+0000] {logging_mixin.py:188} INFO - [2025-10-30T20:29:41.446+0000] {dag.py:3954} INFO - Setting next_dagrun for example_subdag_operator to 2022-01-01 00:00:00+00:00, run_after=2022-01-01 00:00:00+00:00
[2025-10-30T20:29:41.453+0000] {logging_mixin.py:188} INFO - [2025-10-30T20:29:41.453+0000] {dag.py:3954} INFO - Setting next_dagrun for example_subdag_operator.section-1 to None, run_after=None
[2025-10-30T20:29:41.456+0000] {logging_mixin.py:188} INFO - [2025-10-30T20:29:41.456+0000] {dag.py:3954} INFO - Setting next_dagrun for example_subdag_operator.section-2 to None, run_after=None
[2025-10-30T20:29:41.477+0000] {logging_mixin.py:188} INFO - [2025-10-30T20:29:41.476+0000] {dag.py:3096} INFO - Sync 2 DAGs
[2025-10-30T20:29:41.487+0000] {logging_mixin.py:188} INFO - [2025-10-30T20:29:41.487+0000] {dag.py:3954} INFO - Setting next_dagrun for example_subdag_operator.section-1 to None, run_after=None
[2025-10-30T20:29:41.488+0000] {logging_mixin.py:188} INFO - [2025-10-30T20:29:41.488+0000] {dag.py:3954} INFO - Setting next_dagrun for example_subdag_operator.section-2 to None, run_after=None
[2025-10-30T20:29:41.518+0000] {processor.py:183} INFO - Processing /home/airflow/.local/lib/python3.12/site-packages/airflow/example_dags/example_subdag_operator.py took 0.772 seconds
[2025-10-30T20:30:12.325+0000] {processor.py:161} INFO - Started process (PID=142) to work on /home/airflow/.local/lib/python3.12/site-packages/airflow/example_dags/example_subdag_operator.py
[2025-10-30T20:30:12.327+0000] {processor.py:830} INFO - Processing file /home/airflow/.local/lib/python3.12/site-packages/airflow/example_dags/example_subdag_operator.py for tasks to queue
[2025-10-30T20:30:12.330+0000] {logging_mixin.py:188} INFO - [2025-10-30T20:30:12.330+0000] {dagbag.py:545} INFO - Filling up the DagBag from /home/airflow/.local/lib/python3.12/site-packages/airflow/example_dags/example_subdag_operator.py
[2025-10-30T20:30:12.365+0000] {processor.py:840} INFO - DAG(s) 'example_subdag_operator.section-1', 'example_subdag_operator.section-2', 'example_subdag_operator' retrieved from /home/airflow/.local/lib/python3.12/site-packages/airflow/example_dags/example_subdag_operator.py
[2025-10-30T20:30:12.385+0000] {logging_mixin.py:188} INFO - [2025-10-30T20:30:12.385+0000] {dag.py:3096} INFO - Sync 3 DAGs
[2025-10-30T20:30:12.412+0000] {logging_mixin.py:188} INFO - [2025-10-30T20:30:12.412+0000] {dag.py:3954} INFO - Setting next_dagrun for example_subdag_operator to 2022-01-01 00:00:00+00:00, run_after=2022-01-01 00:00:00+00:00
[2025-10-30T20:30:12.417+0000] {logging_mixin.py:188} INFO - [2025-10-30T20:30:12.417+0000] {dag.py:3954} INFO - Setting next_dagrun for example_subdag_operator.section-1 to None, run_after=None
[2025-10-30T20:30:12.421+0000] {logging_mixin.py:188} INFO - [2025-10-30T20:30:12.421+0000] {dag.py:3954} INFO - Setting next_dagrun for example_subdag_operator.section-2 to None, run_after=None
[2025-10-30T20:30:12.430+0000] {logging_mixin.py:188} INFO - [2025-10-30T20:30:12.429+0000] {dag.py:3096} INFO - Sync 2 DAGs
[2025-10-30T20:30:12.437+0000] {logging_mixin.py:188} INFO - [2025-10-30T20:30:12.437+0000] {dag.py:3954} INFO - Setting next_dagrun for example_subdag_operator.section-1 to None, run_after=None
[2025-10-30T20:30:12.438+0000] {logging_mixin.py:188} INFO - [2025-10-30T20:30:12.438+0000] {dag.py:3954} INFO - Setting next_dagrun for example_subdag_operator.section-2 to None, run_after=None
[2025-10-30T20:30:12.455+0000] {processor.py:183} INFO - Processing /home/airflow/.local/lib/python3.12/site-packages/airflow/example_dags/example_subdag_operator.py took 0.138 seconds
[2025-10-30T20:30:42.493+0000] {processor.py:161} INFO - Started process (PID=201) to work on /home/airflow/.local/lib/python3.12/site-packages/airflow/example_dags/example_subdag_operator.py
[2025-10-30T20:30:42.495+0000] {processor.py:830} INFO - Processing file /home/airflow/.local/lib/python3.12/site-packages/airflow/example_dags/example_subdag_operator.py for tasks to queue
[2025-10-30T20:30:42.498+0000] {logging_mixin.py:188} INFO - [2025-10-30T20:30:42.497+0000] {dagbag.py:545} INFO - Filling up the DagBag from /home/airflow/.local/lib/python3.12/site-packages/airflow/example_dags/example_subdag_operator.py
[2025-10-30T20:30:42.542+0000] {processor.py:840} INFO - DAG(s) 'example_subdag_operator.section-1', 'example_subdag_operator.section-2', 'example_subdag_operator' retrieved from /home/airflow/.local/lib/python3.12/site-packages/airflow/example_dags/example_subdag_operator.py
[2025-10-30T20:30:42.570+0000] {logging_mixin.py:188} INFO - [2025-10-30T20:30:42.570+0000] {dag.py:3096} INFO - Sync 3 DAGs
[2025-10-30T20:30:42.604+0000] {logging_mixin.py:188} INFO - [2025-10-30T20:30:42.603+0000] {dag.py:3954} INFO - Setting next_dagrun for example_subdag_operator to 2022-01-01 00:00:00+00:00, run_after=2022-01-01 00:00:00+00:00
[2025-10-30T20:30:42.610+0000] {logging_mixin.py:188} INFO - [2025-10-30T20:30:42.610+0000] {dag.py:3954} INFO - Setting next_dagrun for example_subdag_operator.section-1 to None, run_after=None
[2025-10-30T20:30:42.615+0000] {logging_mixin.py:188} INFO - [2025-10-30T20:30:42.615+0000] {dag.py:3954} INFO - Setting next_dagrun for example_subdag_operator.section-2 to None, run_after=None
[2025-10-30T20:30:42.629+0000] {logging_mixin.py:188} INFO - [2025-10-30T20:30:42.629+0000] {dag.py:3096} INFO - Sync 2 DAGs
[2025-10-30T20:30:42.637+0000] {logging_mixin.py:188} INFO - [2025-10-30T20:30:42.637+0000] {dag.py:3954} INFO - Setting next_dagrun for example_subdag_operator.section-1 to None, run_after=None
[2025-10-30T20:30:42.638+0000] {logging_mixin.py:188} INFO - [2025-10-30T20:30:42.638+0000] {dag.py:3954} INFO - Setting next_dagrun for example_subdag_operator.section-2 to None, run_after=None
[2025-10-30T20:30:42.656+0000] {processor.py:183} INFO - Processing /home/airflow/.local/lib/python3.12/site-packages/airflow/example_dags/example_subdag_operator.py took 0.173 seconds
[2025-10-30T20:31:13.708+0000] {processor.py:161} INFO - Started process (PID=259) to work on /home/airflow/.local/lib/python3.12/site-packages/airflow/example_dags/example_subdag_operator.py
[2025-10-30T20:31:13.712+0000] {processor.py:830} INFO - Processing file /home/airflow/.local/lib/python3.12/site-packages/airflow/example_dags/example_subdag_operator.py for tasks to queue
[2025-10-30T20:31:13.720+0000] {logging_mixin.py:188} INFO - [2025-10-30T20:31:13.719+0000] {dagbag.py:545} INFO - Filling up the DagBag from /home/airflow/.local/lib/python3.12/site-packages/airflow/example_dags/example_subdag_operator.py
[2025-10-30T20:31:14.039+0000] {processor.py:840} INFO - DAG(s) 'example_subdag_operator.section-1', 'example_subdag_operator.section-2', 'example_subdag_operator' retrieved from /home/airflow/.local/lib/python3.12/site-packages/airflow/example_dags/example_subdag_operator.py
[2025-10-30T20:31:14.142+0000] {logging_mixin.py:188} INFO - [2025-10-30T20:31:14.141+0000] {dag.py:3096} INFO - Sync 3 DAGs
[2025-10-30T20:31:14.259+0000] {logging_mixin.py:188} INFO - [2025-10-30T20:31:14.258+0000] {dag.py:3954} INFO - Setting next_dagrun for example_subdag_operator to 2022-01-01 00:00:00+00:00, run_after=2022-01-01 00:00:00+00:00
[2025-10-30T20:31:14.270+0000] {logging_mixin.py:188} INFO - [2025-10-30T20:31:14.270+0000] {dag.py:3954} INFO - Setting next_dagrun for example_subdag_operator.section-1 to None, run_after=None
[2025-10-30T20:31:14.274+0000] {logging_mixin.py:188} INFO - [2025-10-30T20:31:14.273+0000] {dag.py:3954} INFO - Setting next_dagrun for example_subdag_operator.section-2 to None, run_after=None
[2025-10-30T20:31:14.296+0000] {logging_mixin.py:188} INFO - [2025-10-30T20:31:14.295+0000] {dag.py:3096} INFO - Sync 2 DAGs
[2025-10-30T20:31:14.313+0000] {logging_mixin.py:188} INFO - [2025-10-30T20:31:14.312+0000] {dag.py:3954} INFO - Setting next_dagrun for example_subdag_operator.section-1 to None, run_after=None
[2025-10-30T20:31:14.314+0000] {logging_mixin.py:188} INFO - [2025-10-30T20:31:14.313+0000] {dag.py:3954} INFO - Setting next_dagrun for example_subdag_operator.section-2 to None, run_after=None
[2025-10-30T20:31:14.356+0000] {processor.py:183} INFO - Processing /home/airflow/.local/lib/python3.12/site-packages/airflow/example_dags/example_subdag_operator.py took 0.740 seconds
[2025-10-30T20:31:44.534+0000] {processor.py:161} INFO - Started process (PID=317) to work on /home/airflow/.local/lib/python3.12/site-packages/airflow/example_dags/example_subdag_operator.py
[2025-10-30T20:31:44.536+0000] {processor.py:830} INFO - Processing file /home/airflow/.local/lib/python3.12/site-packages/airflow/example_dags/example_subdag_operator.py for tasks to queue
[2025-10-30T20:31:44.538+0000] {logging_mixin.py:188} INFO - [2025-10-30T20:31:44.538+0000] {dagbag.py:545} INFO - Filling up the DagBag from /home/airflow/.local/lib/python3.12/site-packages/airflow/example_dags/example_subdag_operator.py
[2025-10-30T20:31:44.574+0000] {processor.py:840} INFO - DAG(s) 'example_subdag_operator.section-1', 'example_subdag_operator.section-2', 'example_subdag_operator' retrieved from /home/airflow/.local/lib/python3.12/site-packages/airflow/example_dags/example_subdag_operator.py
[2025-10-30T20:31:44.609+0000] {logging_mixin.py:188} INFO - [2025-10-30T20:31:44.608+0000] {dag.py:3096} INFO - Sync 3 DAGs
[2025-10-30T20:31:44.652+0000] {logging_mixin.py:188} INFO - [2025-10-30T20:31:44.651+0000] {dag.py:3954} INFO - Setting next_dagrun for example_subdag_operator to 2022-01-01 00:00:00+00:00, run_after=2022-01-01 00:00:00+00:00
[2025-10-30T20:31:44.661+0000] {logging_mixin.py:188} INFO - [2025-10-30T20:31:44.660+0000] {dag.py:3954} INFO - Setting next_dagrun for example_subdag_operator.section-1 to None, run_after=None
[2025-10-30T20:31:44.663+0000] {logging_mixin.py:188} INFO - [2025-10-30T20:31:44.663+0000] {dag.py:3954} INFO - Setting next_dagrun for example_subdag_operator.section-2 to None, run_after=None
[2025-10-30T20:31:44.677+0000] {logging_mixin.py:188} INFO - [2025-10-30T20:31:44.676+0000] {dag.py:3096} INFO - Sync 2 DAGs
[2025-10-30T20:31:44.688+0000] {logging_mixin.py:188} INFO - [2025-10-30T20:31:44.688+0000] {dag.py:3954} INFO - Setting next_dagrun for example_subdag_operator.section-1 to None, run_after=None
[2025-10-30T20:31:44.689+0000] {logging_mixin.py:188} INFO - [2025-10-30T20:31:44.689+0000] {dag.py:3954} INFO - Setting next_dagrun for example_subdag_operator.section-2 to None, run_after=None
[2025-10-30T20:31:44.714+0000] {processor.py:183} INFO - Processing /home/airflow/.local/lib/python3.12/site-packages/airflow/example_dags/example_subdag_operator.py took 0.187 seconds
[2025-10-30T20:32:15.182+0000] {processor.py:161} INFO - Started process (PID=375) to work on /home/airflow/.local/lib/python3.12/site-packages/airflow/example_dags/example_subdag_operator.py
[2025-10-30T20:32:15.185+0000] {processor.py:830} INFO - Processing file /home/airflow/.local/lib/python3.12/site-packages/airflow/example_dags/example_subdag_operator.py for tasks to queue
[2025-10-30T20:32:15.188+0000] {logging_mixin.py:188} INFO - [2025-10-30T20:32:15.188+0000] {dagbag.py:545} INFO - Filling up the DagBag from /home/airflow/.local/lib/python3.12/site-packages/airflow/example_dags/example_subdag_operator.py
[2025-10-30T20:32:15.221+0000] {processor.py:840} INFO - DAG(s) 'example_subdag_operator.section-1', 'example_subdag_operator.section-2', 'example_subdag_operator' retrieved from /home/airflow/.local/lib/python3.12/site-packages/airflow/example_dags/example_subdag_operator.py
[2025-10-30T20:32:15.244+0000] {logging_mixin.py:188} INFO - [2025-10-30T20:32:15.244+0000] {dag.py:3096} INFO - Sync 3 DAGs
[2025-10-30T20:32:15.273+0000] {logging_mixin.py:188} INFO - [2025-10-30T20:32:15.273+0000] {dag.py:3954} INFO - Setting next_dagrun for example_subdag_operator to 2022-01-01 00:00:00+00:00, run_after=2022-01-01 00:00:00+00:00
[2025-10-30T20:32:15.279+0000] {logging_mixin.py:188} INFO - [2025-10-30T20:32:15.279+0000] {dag.py:3954} INFO - Setting next_dagrun for example_subdag_operator.section-1 to None, run_after=None
[2025-10-30T20:32:15.280+0000] {logging_mixin.py:188} INFO - [2025-10-30T20:32:15.280+0000] {dag.py:3954} INFO - Setting next_dagrun for example_subdag_operator.section-2 to None, run_after=None
[2025-10-30T20:32:15.289+0000] {logging_mixin.py:188} INFO - [2025-10-30T20:32:15.289+0000] {dag.py:3096} INFO - Sync 2 DAGs
[2025-10-30T20:32:15.295+0000] {logging_mixin.py:188} INFO - [2025-10-30T20:32:15.295+0000] {dag.py:3954} INFO - Setting next_dagrun for example_subdag_operator.section-1 to None, run_after=None
[2025-10-30T20:32:15.299+0000] {logging_mixin.py:188} INFO - [2025-10-30T20:32:15.299+0000] {dag.py:3954} INFO - Setting next_dagrun for example_subdag_operator.section-2 to None, run_after=None
[2025-10-30T20:32:15.318+0000] {processor.py:183} INFO - Processing /home/airflow/.local/lib/python3.12/site-packages/airflow/example_dags/example_subdag_operator.py took 0.143 seconds
[2025-10-30T20:32:45.930+0000] {processor.py:161} INFO - Started process (PID=433) to work on /home/airflow/.local/lib/python3.12/site-packages/airflow/example_dags/example_subdag_operator.py
[2025-10-30T20:32:45.933+0000] {processor.py:830} INFO - Processing file /home/airflow/.local/lib/python3.12/site-packages/airflow/example_dags/example_subdag_operator.py for tasks to queue
[2025-10-30T20:32:45.937+0000] {logging_mixin.py:188} INFO - [2025-10-30T20:32:45.936+0000] {dagbag.py:545} INFO - Filling up the DagBag from /home/airflow/.local/lib/python3.12/site-packages/airflow/example_dags/example_subdag_operator.py
[2025-10-30T20:32:45.970+0000] {processor.py:840} INFO - DAG(s) 'example_subdag_operator.section-1', 'example_subdag_operator.section-2', 'example_subdag_operator' retrieved from /home/airflow/.local/lib/python3.12/site-packages/airflow/example_dags/example_subdag_operator.py
[2025-10-30T20:32:45.991+0000] {logging_mixin.py:188} INFO - [2025-10-30T20:32:45.990+0000] {dag.py:3096} INFO - Sync 3 DAGs
[2025-10-30T20:32:46.017+0000] {logging_mixin.py:188} INFO - [2025-10-30T20:32:46.017+0000] {dag.py:3954} INFO - Setting next_dagrun for example_subdag_operator to 2022-01-01 00:00:00+00:00, run_after=2022-01-01 00:00:00+00:00
[2025-10-30T20:32:46.025+0000] {logging_mixin.py:188} INFO - [2025-10-30T20:32:46.024+0000] {dag.py:3954} INFO - Setting next_dagrun for example_subdag_operator.section-1 to None, run_after=None
[2025-10-30T20:32:46.026+0000] {logging_mixin.py:188} INFO - [2025-10-30T20:32:46.026+0000] {dag.py:3954} INFO - Setting next_dagrun for example_subdag_operator.section-2 to None, run_after=None
[2025-10-30T20:32:46.035+0000] {logging_mixin.py:188} INFO - [2025-10-30T20:32:46.035+0000] {dag.py:3096} INFO - Sync 2 DAGs
[2025-10-30T20:32:46.042+0000] {logging_mixin.py:188} INFO - [2025-10-30T20:32:46.041+0000] {dag.py:3954} INFO - Setting next_dagrun for example_subdag_operator.section-1 to None, run_after=None
[2025-10-30T20:32:46.042+0000] {logging_mixin.py:188} INFO - [2025-10-30T20:32:46.042+0000] {dag.py:3954} INFO - Setting next_dagrun for example_subdag_operator.section-2 to None, run_after=None
[2025-10-30T20:32:46.060+0000] {processor.py:183} INFO - Processing /home/airflow/.local/lib/python3.12/site-packages/airflow/example_dags/example_subdag_operator.py took 0.137 seconds
[2025-10-30T20:33:16.178+0000] {processor.py:161} INFO - Started process (PID=491) to work on /home/airflow/.local/lib/python3.12/site-packages/airflow/example_dags/example_subdag_operator.py
[2025-10-30T20:33:16.180+0000] {processor.py:830} INFO - Processing file /home/airflow/.local/lib/python3.12/site-packages/airflow/example_dags/example_subdag_operator.py for tasks to queue
[2025-10-30T20:33:16.183+0000] {logging_mixin.py:188} INFO - [2025-10-30T20:33:16.182+0000] {dagbag.py:545} INFO - Filling up the DagBag from /home/airflow/.local/lib/python3.12/site-packages/airflow/example_dags/example_subdag_operator.py
[2025-10-30T20:33:16.219+0000] {processor.py:840} INFO - DAG(s) 'example_subdag_operator.section-1', 'example_subdag_operator.section-2', 'example_subdag_operator' retrieved from /home/airflow/.local/lib/python3.12/site-packages/airflow/example_dags/example_subdag_operator.py
[2025-10-30T20:33:16.245+0000] {logging_mixin.py:188} INFO - [2025-10-30T20:33:16.245+0000] {dag.py:3096} INFO - Sync 3 DAGs
[2025-10-30T20:33:16.277+0000] {logging_mixin.py:188} INFO - [2025-10-30T20:33:16.276+0000] {dag.py:3954} INFO - Setting next_dagrun for example_subdag_operator to 2022-01-01 00:00:00+00:00, run_after=2022-01-01 00:00:00+00:00
[2025-10-30T20:33:16.283+0000] {logging_mixin.py:188} INFO - [2025-10-30T20:33:16.282+0000] {dag.py:3954} INFO - Setting next_dagrun for example_subdag_operator.section-1 to None, run_after=None
[2025-10-30T20:33:16.285+0000] {logging_mixin.py:188} INFO - [2025-10-30T20:33:16.284+0000] {dag.py:3954} INFO - Setting next_dagrun for example_subdag_operator.section-2 to None, run_after=None
[2025-10-30T20:33:16.296+0000] {logging_mixin.py:188} INFO - [2025-10-30T20:33:16.296+0000] {dag.py:3096} INFO - Sync 2 DAGs
[2025-10-30T20:33:16.306+0000] {logging_mixin.py:188} INFO - [2025-10-30T20:33:16.305+0000] {dag.py:3954} INFO - Setting next_dagrun for example_subdag_operator.section-1 to None, run_after=None
[2025-10-30T20:33:16.309+0000] {logging_mixin.py:188} INFO - [2025-10-30T20:33:16.308+0000] {dag.py:3954} INFO - Setting next_dagrun for example_subdag_operator.section-2 to None, run_after=None
[2025-10-30T20:33:16.326+0000] {processor.py:183} INFO - Processing /home/airflow/.local/lib/python3.12/site-packages/airflow/example_dags/example_subdag_operator.py took 0.157 seconds
[2025-10-30T20:33:47.133+0000] {processor.py:161} INFO - Started process (PID=549) to work on /home/airflow/.local/lib/python3.12/site-packages/airflow/example_dags/example_subdag_operator.py
[2025-10-30T20:33:47.134+0000] {processor.py:830} INFO - Processing file /home/airflow/.local/lib/python3.12/site-packages/airflow/example_dags/example_subdag_operator.py for tasks to queue
[2025-10-30T20:33:47.137+0000] {logging_mixin.py:188} INFO - [2025-10-30T20:33:47.136+0000] {dagbag.py:545} INFO - Filling up the DagBag from /home/airflow/.local/lib/python3.12/site-packages/airflow/example_dags/example_subdag_operator.py
[2025-10-30T20:33:47.171+0000] {processor.py:840} INFO - DAG(s) 'example_subdag_operator.section-1', 'example_subdag_operator.section-2', 'example_subdag_operator' retrieved from /home/airflow/.local/lib/python3.12/site-packages/airflow/example_dags/example_subdag_operator.py
[2025-10-30T20:33:47.196+0000] {logging_mixin.py:188} INFO - [2025-10-30T20:33:47.196+0000] {dag.py:3096} INFO - Sync 3 DAGs
[2025-10-30T20:33:47.226+0000] {logging_mixin.py:188} INFO - [2025-10-30T20:33:47.225+0000] {dag.py:3954} INFO - Setting next_dagrun for example_subdag_operator to 2022-01-01 00:00:00+00:00, run_after=2022-01-01 00:00:00+00:00
[2025-10-30T20:33:47.232+0000] {logging_mixin.py:188} INFO - [2025-10-30T20:33:47.231+0000] {dag.py:3954} INFO - Setting next_dagrun for example_subdag_operator.section-1 to None, run_after=None
[2025-10-30T20:33:47.234+0000] {logging_mixin.py:188} INFO - [2025-10-30T20:33:47.233+0000] {dag.py:3954} INFO - Setting next_dagrun for example_subdag_operator.section-2 to None, run_after=None
[2025-10-30T20:33:47.244+0000] {logging_mixin.py:188} INFO - [2025-10-30T20:33:47.243+0000] {dag.py:3096} INFO - Sync 2 DAGs
[2025-10-30T20:33:47.253+0000] {logging_mixin.py:188} INFO - [2025-10-30T20:33:47.253+0000] {dag.py:3954} INFO - Setting next_dagrun for example_subdag_operator.section-1 to None, run_after=None
[2025-10-30T20:33:47.254+0000] {logging_mixin.py:188} INFO - [2025-10-30T20:33:47.254+0000] {dag.py:3954} INFO - Setting next_dagrun for example_subdag_operator.section-2 to None, run_after=None
[2025-10-30T20:33:47.274+0000] {processor.py:183} INFO - Processing /home/airflow/.local/lib/python3.12/site-packages/airflow/example_dags/example_subdag_operator.py took 0.149 seconds
[2025-10-30T20:34:17.524+0000] {processor.py:161} INFO - Started process (PID=607) to work on /home/airflow/.local/lib/python3.12/site-packages/airflow/example_dags/example_subdag_operator.py
[2025-10-30T20:34:17.526+0000] {processor.py:830} INFO - Processing file /home/airflow/.local/lib/python3.12/site-packages/airflow/example_dags/example_subdag_operator.py for tasks to queue
[2025-10-30T20:34:17.528+0000] {logging_mixin.py:188} INFO - [2025-10-30T20:34:17.528+0000] {dagbag.py:545} INFO - Filling up the DagBag from /home/airflow/.local/lib/python3.12/site-packages/airflow/example_dags/example_subdag_operator.py
[2025-10-30T20:34:17.563+0000] {processor.py:840} INFO - DAG(s) 'example_subdag_operator.section-1', 'example_subdag_operator.section-2', 'example_subdag_operator' retrieved from /home/airflow/.local/lib/python3.12/site-packages/airflow/example_dags/example_subdag_operator.py
[2025-10-30T20:34:17.586+0000] {logging_mixin.py:188} INFO - [2025-10-30T20:34:17.585+0000] {dag.py:3096} INFO - Sync 3 DAGs
[2025-10-30T20:34:17.613+0000] {logging_mixin.py:188} INFO - [2025-10-30T20:34:17.613+0000] {dag.py:3954} INFO - Setting next_dagrun for example_subdag_operator to 2022-01-01 00:00:00+00:00, run_after=2022-01-01 00:00:00+00:00
[2025-10-30T20:34:17.619+0000] {logging_mixin.py:188} INFO - [2025-10-30T20:34:17.619+0000] {dag.py:3954} INFO - Setting next_dagrun for example_subdag_operator.section-1 to None, run_after=None
[2025-10-30T20:34:17.621+0000] {logging_mixin.py:188} INFO - [2025-10-30T20:34:17.621+0000] {dag.py:3954} INFO - Setting next_dagrun for example_subdag_operator.section-2 to None, run_after=None
[2025-10-30T20:34:17.630+0000] {logging_mixin.py:188} INFO - [2025-10-30T20:34:17.629+0000] {dag.py:3096} INFO - Sync 2 DAGs
[2025-10-30T20:34:17.639+0000] {logging_mixin.py:188} INFO - [2025-10-30T20:34:17.639+0000] {dag.py:3954} INFO - Setting next_dagrun for example_subdag_operator.section-1 to None, run_after=None
[2025-10-30T20:34:17.640+0000] {logging_mixin.py:188} INFO - [2025-10-30T20:34:17.640+0000] {dag.py:3954} INFO - Setting next_dagrun for example_subdag_operator.section-2 to None, run_after=None
[2025-10-30T20:34:17.656+0000] {processor.py:183} INFO - Processing /home/airflow/.local/lib/python3.12/site-packages/airflow/example_dags/example_subdag_operator.py took 0.141 seconds
[2025-10-30T20:34:48.172+0000] {processor.py:161} INFO - Started process (PID=665) to work on /home/airflow/.local/lib/python3.12/site-packages/airflow/example_dags/example_subdag_operator.py
[2025-10-30T20:34:48.173+0000] {processor.py:830} INFO - Processing file /home/airflow/.local/lib/python3.12/site-packages/airflow/example_dags/example_subdag_operator.py for tasks to queue
[2025-10-30T20:34:48.175+0000] {logging_mixin.py:188} INFO - [2025-10-30T20:34:48.175+0000] {dagbag.py:545} INFO - Filling up the DagBag from /home/airflow/.local/lib/python3.12/site-packages/airflow/example_dags/example_subdag_operator.py
[2025-10-30T20:34:48.205+0000] {processor.py:840} INFO - DAG(s) 'example_subdag_operator.section-1', 'example_subdag_operator.section-2', 'example_subdag_operator' retrieved from /home/airflow/.local/lib/python3.12/site-packages/airflow/example_dags/example_subdag_operator.py
[2025-10-30T20:34:48.226+0000] {logging_mixin.py:188} INFO - [2025-10-30T20:34:48.226+0000] {dag.py:3096} INFO - Sync 3 DAGs
[2025-10-30T20:34:48.252+0000] {logging_mixin.py:188} INFO - [2025-10-30T20:34:48.252+0000] {dag.py:3954} INFO - Setting next_dagrun for example_subdag_operator to 2022-01-01 00:00:00+00:00, run_after=2022-01-01 00:00:00+00:00
[2025-10-30T20:34:48.257+0000] {logging_mixin.py:188} INFO - [2025-10-30T20:34:48.257+0000] {dag.py:3954} INFO - Setting next_dagrun for example_subdag_operator.section-1 to None, run_after=None
[2025-10-30T20:34:48.259+0000] {logging_mixin.py:188} INFO - [2025-10-30T20:34:48.259+0000] {dag.py:3954} INFO - Setting next_dagrun for example_subdag_operator.section-2 to None, run_after=None
[2025-10-30T20:34:48.267+0000] {logging_mixin.py:188} INFO - [2025-10-30T20:34:48.267+0000] {dag.py:3096} INFO - Sync 2 DAGs
[2025-10-30T20:34:48.277+0000] {logging_mixin.py:188} INFO - [2025-10-30T20:34:48.276+0000] {dag.py:3954} INFO - Setting next_dagrun for example_subdag_operator.section-1 to None, run_after=None
[2025-10-30T20:34:48.277+0000] {logging_mixin.py:188} INFO - [2025-10-30T20:34:48.277+0000] {dag.py:3954} INFO - Setting next_dagrun for example_subdag_operator.section-2 to None, run_after=None
[2025-10-30T20:34:48.297+0000] {processor.py:183} INFO - Processing /home/airflow/.local/lib/python3.12/site-packages/airflow/example_dags/example_subdag_operator.py took 0.132 seconds
[2025-10-30T20:35:18.647+0000] {processor.py:161} INFO - Started process (PID=723) to work on /home/airflow/.local/lib/python3.12/site-packages/airflow/example_dags/example_subdag_operator.py
[2025-10-30T20:35:18.648+0000] {processor.py:830} INFO - Processing file /home/airflow/.local/lib/python3.12/site-packages/airflow/example_dags/example_subdag_operator.py for tasks to queue
[2025-10-30T20:35:18.651+0000] {logging_mixin.py:188} INFO - [2025-10-30T20:35:18.650+0000] {dagbag.py:545} INFO - Filling up the DagBag from /home/airflow/.local/lib/python3.12/site-packages/airflow/example_dags/example_subdag_operator.py
[2025-10-30T20:35:18.682+0000] {processor.py:840} INFO - DAG(s) 'example_subdag_operator.section-1', 'example_subdag_operator.section-2', 'example_subdag_operator' retrieved from /home/airflow/.local/lib/python3.12/site-packages/airflow/example_dags/example_subdag_operator.py
[2025-10-30T20:35:18.703+0000] {logging_mixin.py:188} INFO - [2025-10-30T20:35:18.703+0000] {dag.py:3096} INFO - Sync 3 DAGs
[2025-10-30T20:35:18.730+0000] {logging_mixin.py:188} INFO - [2025-10-30T20:35:18.730+0000] {dag.py:3954} INFO - Setting next_dagrun for example_subdag_operator to 2022-01-01 00:00:00+00:00, run_after=2022-01-01 00:00:00+00:00
[2025-10-30T20:35:18.738+0000] {logging_mixin.py:188} INFO - [2025-10-30T20:35:18.737+0000] {dag.py:3954} INFO - Setting next_dagrun for example_subdag_operator.section-1 to None, run_after=None
[2025-10-30T20:35:18.739+0000] {logging_mixin.py:188} INFO - [2025-10-30T20:35:18.739+0000] {dag.py:3954} INFO - Setting next_dagrun for example_subdag_operator.section-2 to None, run_after=None
[2025-10-30T20:35:18.748+0000] {logging_mixin.py:188} INFO - [2025-10-30T20:35:18.747+0000] {dag.py:3096} INFO - Sync 2 DAGs
[2025-10-30T20:35:18.756+0000] {logging_mixin.py:188} INFO - [2025-10-30T20:35:18.756+0000] {dag.py:3954} INFO - Setting next_dagrun for example_subdag_operator.section-1 to None, run_after=None
[2025-10-30T20:35:18.758+0000] {logging_mixin.py:188} INFO - [2025-10-30T20:35:18.758+0000] {dag.py:3954} INFO - Setting next_dagrun for example_subdag_operator.section-2 to None, run_after=None
[2025-10-30T20:35:18.773+0000] {processor.py:183} INFO - Processing /home/airflow/.local/lib/python3.12/site-packages/airflow/example_dags/example_subdag_operator.py took 0.133 seconds
[2025-10-30T20:35:49.369+0000] {processor.py:161} INFO - Started process (PID=781) to work on /home/airflow/.local/lib/python3.12/site-packages/airflow/example_dags/example_subdag_operator.py
[2025-10-30T20:35:49.370+0000] {processor.py:830} INFO - Processing file /home/airflow/.local/lib/python3.12/site-packages/airflow/example_dags/example_subdag_operator.py for tasks to queue
[2025-10-30T20:35:49.374+0000] {logging_mixin.py:188} INFO - [2025-10-30T20:35:49.374+0000] {dagbag.py:545} INFO - Filling up the DagBag from /home/airflow/.local/lib/python3.12/site-packages/airflow/example_dags/example_subdag_operator.py
[2025-10-30T20:35:49.424+0000] {processor.py:840} INFO - DAG(s) 'example_subdag_operator.section-1', 'example_subdag_operator.section-2', 'example_subdag_operator' retrieved from /home/airflow/.local/lib/python3.12/site-packages/airflow/example_dags/example_subdag_operator.py
[2025-10-30T20:35:49.459+0000] {logging_mixin.py:188} INFO - [2025-10-30T20:35:49.458+0000] {dag.py:3096} INFO - Sync 3 DAGs
[2025-10-30T20:35:49.501+0000] {logging_mixin.py:188} INFO - [2025-10-30T20:35:49.500+0000] {dag.py:3954} INFO - Setting next_dagrun for example_subdag_operator to 2022-01-01 00:00:00+00:00, run_after=2022-01-01 00:00:00+00:00
[2025-10-30T20:35:49.507+0000] {logging_mixin.py:188} INFO - [2025-10-30T20:35:49.507+0000] {dag.py:3954} INFO - Setting next_dagrun for example_subdag_operator.section-1 to None, run_after=None
[2025-10-30T20:35:49.512+0000] {logging_mixin.py:188} INFO - [2025-10-30T20:35:49.511+0000] {dag.py:3954} INFO - Setting next_dagrun for example_subdag_operator.section-2 to None, run_after=None
[2025-10-30T20:35:49.528+0000] {logging_mixin.py:188} INFO - [2025-10-30T20:35:49.527+0000] {dag.py:3096} INFO - Sync 2 DAGs
[2025-10-30T20:35:49.538+0000] {logging_mixin.py:188} INFO - [2025-10-30T20:35:49.538+0000] {dag.py:3954} INFO - Setting next_dagrun for example_subdag_operator.section-1 to None, run_after=None
[2025-10-30T20:35:49.539+0000] {logging_mixin.py:188} INFO - [2025-10-30T20:35:49.539+0000] {dag.py:3954} INFO - Setting next_dagrun for example_subdag_operator.section-2 to None, run_after=None
[2025-10-30T20:35:49.562+0000] {processor.py:183} INFO - Processing /home/airflow/.local/lib/python3.12/site-packages/airflow/example_dags/example_subdag_operator.py took 0.206 seconds
[2025-10-30T20:36:19.861+0000] {processor.py:161} INFO - Started process (PID=839) to work on /home/airflow/.local/lib/python3.12/site-packages/airflow/example_dags/example_subdag_operator.py
[2025-10-30T20:36:19.862+0000] {processor.py:830} INFO - Processing file /home/airflow/.local/lib/python3.12/site-packages/airflow/example_dags/example_subdag_operator.py for tasks to queue
[2025-10-30T20:36:19.866+0000] {logging_mixin.py:188} INFO - [2025-10-30T20:36:19.865+0000] {dagbag.py:545} INFO - Filling up the DagBag from /home/airflow/.local/lib/python3.12/site-packages/airflow/example_dags/example_subdag_operator.py
[2025-10-30T20:36:19.916+0000] {processor.py:840} INFO - DAG(s) 'example_subdag_operator.section-1', 'example_subdag_operator.section-2', 'example_subdag_operator' retrieved from /home/airflow/.local/lib/python3.12/site-packages/airflow/example_dags/example_subdag_operator.py
[2025-10-30T20:36:19.947+0000] {logging_mixin.py:188} INFO - [2025-10-30T20:36:19.947+0000] {dag.py:3096} INFO - Sync 3 DAGs
[2025-10-30T20:36:19.991+0000] {logging_mixin.py:188} INFO - [2025-10-30T20:36:19.991+0000] {dag.py:3954} INFO - Setting next_dagrun for example_subdag_operator to 2022-01-01 00:00:00+00:00, run_after=2022-01-01 00:00:00+00:00
[2025-10-30T20:36:19.999+0000] {logging_mixin.py:188} INFO - [2025-10-30T20:36:19.999+0000] {dag.py:3954} INFO - Setting next_dagrun for example_subdag_operator.section-1 to None, run_after=None
[2025-10-30T20:36:20.002+0000] {logging_mixin.py:188} INFO - [2025-10-30T20:36:20.002+0000] {dag.py:3954} INFO - Setting next_dagrun for example_subdag_operator.section-2 to None, run_after=None
[2025-10-30T20:36:20.016+0000] {logging_mixin.py:188} INFO - [2025-10-30T20:36:20.016+0000] {dag.py:3096} INFO - Sync 2 DAGs
[2025-10-30T20:36:20.028+0000] {logging_mixin.py:188} INFO - [2025-10-30T20:36:20.028+0000] {dag.py:3954} INFO - Setting next_dagrun for example_subdag_operator.section-1 to None, run_after=None
[2025-10-30T20:36:20.030+0000] {logging_mixin.py:188} INFO - [2025-10-30T20:36:20.030+0000] {dag.py:3954} INFO - Setting next_dagrun for example_subdag_operator.section-2 to None, run_after=None
[2025-10-30T20:36:20.050+0000] {processor.py:183} INFO - Processing /home/airflow/.local/lib/python3.12/site-packages/airflow/example_dags/example_subdag_operator.py took 0.202 seconds
[2025-10-30T20:36:50.164+0000] {processor.py:161} INFO - Started process (PID=897) to work on /home/airflow/.local/lib/python3.12/site-packages/airflow/example_dags/example_subdag_operator.py
[2025-10-30T20:36:50.166+0000] {processor.py:830} INFO - Processing file /home/airflow/.local/lib/python3.12/site-packages/airflow/example_dags/example_subdag_operator.py for tasks to queue
[2025-10-30T20:36:50.173+0000] {logging_mixin.py:188} INFO - [2025-10-30T20:36:50.172+0000] {dagbag.py:545} INFO - Filling up the DagBag from /home/airflow/.local/lib/python3.12/site-packages/airflow/example_dags/example_subdag_operator.py
[2025-10-30T20:36:50.222+0000] {processor.py:840} INFO - DAG(s) 'example_subdag_operator.section-1', 'example_subdag_operator.section-2', 'example_subdag_operator' retrieved from /home/airflow/.local/lib/python3.12/site-packages/airflow/example_dags/example_subdag_operator.py
[2025-10-30T20:36:50.257+0000] {logging_mixin.py:188} INFO - [2025-10-30T20:36:50.257+0000] {dag.py:3096} INFO - Sync 3 DAGs
[2025-10-30T20:36:50.293+0000] {logging_mixin.py:188} INFO - [2025-10-30T20:36:50.293+0000] {dag.py:3954} INFO - Setting next_dagrun for example_subdag_operator to 2022-01-01 00:00:00+00:00, run_after=2022-01-01 00:00:00+00:00
[2025-10-30T20:36:50.298+0000] {logging_mixin.py:188} INFO - [2025-10-30T20:36:50.298+0000] {dag.py:3954} INFO - Setting next_dagrun for example_subdag_operator.section-1 to None, run_after=None
[2025-10-30T20:36:50.300+0000] {logging_mixin.py:188} INFO - [2025-10-30T20:36:50.300+0000] {dag.py:3954} INFO - Setting next_dagrun for example_subdag_operator.section-2 to None, run_after=None
[2025-10-30T20:36:50.309+0000] {logging_mixin.py:188} INFO - [2025-10-30T20:36:50.309+0000] {dag.py:3096} INFO - Sync 2 DAGs
[2025-10-30T20:36:50.316+0000] {logging_mixin.py:188} INFO - [2025-10-30T20:36:50.316+0000] {dag.py:3954} INFO - Setting next_dagrun for example_subdag_operator.section-1 to None, run_after=None
[2025-10-30T20:36:50.317+0000] {logging_mixin.py:188} INFO - [2025-10-30T20:36:50.317+0000] {dag.py:3954} INFO - Setting next_dagrun for example_subdag_operator.section-2 to None, run_after=None
[2025-10-30T20:36:50.334+0000] {processor.py:183} INFO - Processing /home/airflow/.local/lib/python3.12/site-packages/airflow/example_dags/example_subdag_operator.py took 0.180 seconds
[2025-10-30T20:37:20.547+0000] {processor.py:161} INFO - Started process (PID=955) to work on /home/airflow/.local/lib/python3.12/site-packages/airflow/example_dags/example_subdag_operator.py
[2025-10-30T20:37:20.548+0000] {processor.py:830} INFO - Processing file /home/airflow/.local/lib/python3.12/site-packages/airflow/example_dags/example_subdag_operator.py for tasks to queue
[2025-10-30T20:37:20.553+0000] {logging_mixin.py:188} INFO - [2025-10-30T20:37:20.552+0000] {dagbag.py:545} INFO - Filling up the DagBag from /home/airflow/.local/lib/python3.12/site-packages/airflow/example_dags/example_subdag_operator.py
[2025-10-30T20:37:20.593+0000] {processor.py:840} INFO - DAG(s) 'example_subdag_operator.section-1', 'example_subdag_operator.section-2', 'example_subdag_operator' retrieved from /home/airflow/.local/lib/python3.12/site-packages/airflow/example_dags/example_subdag_operator.py
[2025-10-30T20:37:20.619+0000] {logging_mixin.py:188} INFO - [2025-10-30T20:37:20.618+0000] {dag.py:3096} INFO - Sync 3 DAGs
[2025-10-30T20:37:20.656+0000] {logging_mixin.py:188} INFO - [2025-10-30T20:37:20.656+0000] {dag.py:3954} INFO - Setting next_dagrun for example_subdag_operator to 2022-01-01 00:00:00+00:00, run_after=2022-01-01 00:00:00+00:00
[2025-10-30T20:37:20.662+0000] {logging_mixin.py:188} INFO - [2025-10-30T20:37:20.662+0000] {dag.py:3954} INFO - Setting next_dagrun for example_subdag_operator.section-1 to None, run_after=None
[2025-10-30T20:37:20.664+0000] {logging_mixin.py:188} INFO - [2025-10-30T20:37:20.663+0000] {dag.py:3954} INFO - Setting next_dagrun for example_subdag_operator.section-2 to None, run_after=None
[2025-10-30T20:37:20.675+0000] {logging_mixin.py:188} INFO - [2025-10-30T20:37:20.675+0000] {dag.py:3096} INFO - Sync 2 DAGs
[2025-10-30T20:37:20.683+0000] {logging_mixin.py:188} INFO - [2025-10-30T20:37:20.683+0000] {dag.py:3954} INFO - Setting next_dagrun for example_subdag_operator.section-1 to None, run_after=None
[2025-10-30T20:37:20.684+0000] {logging_mixin.py:188} INFO - [2025-10-30T20:37:20.684+0000] {dag.py:3954} INFO - Setting next_dagrun for example_subdag_operator.section-2 to None, run_after=None
[2025-10-30T20:37:20.701+0000] {processor.py:183} INFO - Processing /home/airflow/.local/lib/python3.12/site-packages/airflow/example_dags/example_subdag_operator.py took 0.163 seconds
[2025-10-30T20:37:50.868+0000] {processor.py:161} INFO - Started process (PID=1013) to work on /home/airflow/.local/lib/python3.12/site-packages/airflow/example_dags/example_subdag_operator.py
[2025-10-30T20:37:50.870+0000] {processor.py:830} INFO - Processing file /home/airflow/.local/lib/python3.12/site-packages/airflow/example_dags/example_subdag_operator.py for tasks to queue
[2025-10-30T20:37:50.872+0000] {logging_mixin.py:188} INFO - [2025-10-30T20:37:50.872+0000] {dagbag.py:545} INFO - Filling up the DagBag from /home/airflow/.local/lib/python3.12/site-packages/airflow/example_dags/example_subdag_operator.py
[2025-10-30T20:37:50.910+0000] {processor.py:840} INFO - DAG(s) 'example_subdag_operator.section-1', 'example_subdag_operator.section-2', 'example_subdag_operator' retrieved from /home/airflow/.local/lib/python3.12/site-packages/airflow/example_dags/example_subdag_operator.py
[2025-10-30T20:37:50.931+0000] {logging_mixin.py:188} INFO - [2025-10-30T20:37:50.930+0000] {dag.py:3096} INFO - Sync 3 DAGs
[2025-10-30T20:37:50.961+0000] {logging_mixin.py:188} INFO - [2025-10-30T20:37:50.961+0000] {dag.py:3954} INFO - Setting next_dagrun for example_subdag_operator to 2022-01-01 00:00:00+00:00, run_after=2022-01-01 00:00:00+00:00
[2025-10-30T20:37:50.966+0000] {logging_mixin.py:188} INFO - [2025-10-30T20:37:50.966+0000] {dag.py:3954} INFO - Setting next_dagrun for example_subdag_operator.section-1 to None, run_after=None
[2025-10-30T20:37:50.968+0000] {logging_mixin.py:188} INFO - [2025-10-30T20:37:50.968+0000] {dag.py:3954} INFO - Setting next_dagrun for example_subdag_operator.section-2 to None, run_after=None
[2025-10-30T20:37:50.977+0000] {logging_mixin.py:188} INFO - [2025-10-30T20:37:50.976+0000] {dag.py:3096} INFO - Sync 2 DAGs
[2025-10-30T20:37:50.985+0000] {logging_mixin.py:188} INFO - [2025-10-30T20:37:50.984+0000] {dag.py:3954} INFO - Setting next_dagrun for example_subdag_operator.section-1 to None, run_after=None
[2025-10-30T20:37:50.985+0000] {logging_mixin.py:188} INFO - [2025-10-30T20:37:50.985+0000] {dag.py:3954} INFO - Setting next_dagrun for example_subdag_operator.section-2 to None, run_after=None
[2025-10-30T20:37:50.999+0000] {processor.py:183} INFO - Processing /home/airflow/.local/lib/python3.12/site-packages/airflow/example_dags/example_subdag_operator.py took 0.142 seconds
[2025-10-30T20:38:21.480+0000] {processor.py:161} INFO - Started process (PID=1071) to work on /home/airflow/.local/lib/python3.12/site-packages/airflow/example_dags/example_subdag_operator.py
[2025-10-30T20:38:21.483+0000] {processor.py:830} INFO - Processing file /home/airflow/.local/lib/python3.12/site-packages/airflow/example_dags/example_subdag_operator.py for tasks to queue
[2025-10-30T20:38:21.486+0000] {logging_mixin.py:188} INFO - [2025-10-30T20:38:21.485+0000] {dagbag.py:545} INFO - Filling up the DagBag from /home/airflow/.local/lib/python3.12/site-packages/airflow/example_dags/example_subdag_operator.py
[2025-10-30T20:38:21.516+0000] {processor.py:840} INFO - DAG(s) 'example_subdag_operator.section-1', 'example_subdag_operator.section-2', 'example_subdag_operator' retrieved from /home/airflow/.local/lib/python3.12/site-packages/airflow/example_dags/example_subdag_operator.py
[2025-10-30T20:38:21.536+0000] {logging_mixin.py:188} INFO - [2025-10-30T20:38:21.536+0000] {dag.py:3096} INFO - Sync 3 DAGs
[2025-10-30T20:38:21.563+0000] {logging_mixin.py:188} INFO - [2025-10-30T20:38:21.563+0000] {dag.py:3954} INFO - Setting next_dagrun for example_subdag_operator to 2022-01-01 00:00:00+00:00, run_after=2022-01-01 00:00:00+00:00
[2025-10-30T20:38:21.568+0000] {logging_mixin.py:188} INFO - [2025-10-30T20:38:21.568+0000] {dag.py:3954} INFO - Setting next_dagrun for example_subdag_operator.section-1 to None, run_after=None
[2025-10-30T20:38:21.570+0000] {logging_mixin.py:188} INFO - [2025-10-30T20:38:21.570+0000] {dag.py:3954} INFO - Setting next_dagrun for example_subdag_operator.section-2 to None, run_after=None
[2025-10-30T20:38:21.579+0000] {logging_mixin.py:188} INFO - [2025-10-30T20:38:21.579+0000] {dag.py:3096} INFO - Sync 2 DAGs
[2025-10-30T20:38:21.585+0000] {logging_mixin.py:188} INFO - [2025-10-30T20:38:21.585+0000] {dag.py:3954} INFO - Setting next_dagrun for example_subdag_operator.section-1 to None, run_after=None
[2025-10-30T20:38:21.586+0000] {logging_mixin.py:188} INFO - [2025-10-30T20:38:21.586+0000] {dag.py:3954} INFO - Setting next_dagrun for example_subdag_operator.section-2 to None, run_after=None
[2025-10-30T20:38:21.601+0000] {processor.py:183} INFO - Processing /home/airflow/.local/lib/python3.12/site-packages/airflow/example_dags/example_subdag_operator.py took 0.129 seconds
[2025-10-30T20:38:51.738+0000] {processor.py:161} INFO - Started process (PID=1129) to work on /home/airflow/.local/lib/python3.12/site-packages/airflow/example_dags/example_subdag_operator.py
[2025-10-30T20:38:51.740+0000] {processor.py:830} INFO - Processing file /home/airflow/.local/lib/python3.12/site-packages/airflow/example_dags/example_subdag_operator.py for tasks to queue
[2025-10-30T20:38:51.743+0000] {logging_mixin.py:188} INFO - [2025-10-30T20:38:51.743+0000] {dagbag.py:545} INFO - Filling up the DagBag from /home/airflow/.local/lib/python3.12/site-packages/airflow/example_dags/example_subdag_operator.py
[2025-10-30T20:38:51.778+0000] {processor.py:840} INFO - DAG(s) 'example_subdag_operator.section-1', 'example_subdag_operator.section-2', 'example_subdag_operator' retrieved from /home/airflow/.local/lib/python3.12/site-packages/airflow/example_dags/example_subdag_operator.py
[2025-10-30T20:38:51.808+0000] {logging_mixin.py:188} INFO - [2025-10-30T20:38:51.808+0000] {dag.py:3096} INFO - Sync 3 DAGs
[2025-10-30T20:38:51.841+0000] {logging_mixin.py:188} INFO - [2025-10-30T20:38:51.840+0000] {dag.py:3954} INFO - Setting next_dagrun for example_subdag_operator to 2022-01-01 00:00:00+00:00, run_after=2022-01-01 00:00:00+00:00
[2025-10-30T20:38:51.846+0000] {logging_mixin.py:188} INFO - [2025-10-30T20:38:51.845+0000] {dag.py:3954} INFO - Setting next_dagrun for example_subdag_operator.section-1 to None, run_after=None
[2025-10-30T20:38:51.848+0000] {logging_mixin.py:188} INFO - [2025-10-30T20:38:51.847+0000] {dag.py:3954} INFO - Setting next_dagrun for example_subdag_operator.section-2 to None, run_after=None
[2025-10-30T20:38:51.857+0000] {logging_mixin.py:188} INFO - [2025-10-30T20:38:51.857+0000] {dag.py:3096} INFO - Sync 2 DAGs
[2025-10-30T20:38:51.865+0000] {logging_mixin.py:188} INFO - [2025-10-30T20:38:51.865+0000] {dag.py:3954} INFO - Setting next_dagrun for example_subdag_operator.section-1 to None, run_after=None
[2025-10-30T20:38:51.866+0000] {logging_mixin.py:188} INFO - [2025-10-30T20:38:51.865+0000] {dag.py:3954} INFO - Setting next_dagrun for example_subdag_operator.section-2 to None, run_after=None
[2025-10-30T20:38:51.880+0000] {processor.py:183} INFO - Processing /home/airflow/.local/lib/python3.12/site-packages/airflow/example_dags/example_subdag_operator.py took 0.150 seconds
[2025-10-30T20:39:21.960+0000] {processor.py:161} INFO - Started process (PID=1188) to work on /home/airflow/.local/lib/python3.12/site-packages/airflow/example_dags/example_subdag_operator.py
[2025-10-30T20:39:21.962+0000] {processor.py:830} INFO - Processing file /home/airflow/.local/lib/python3.12/site-packages/airflow/example_dags/example_subdag_operator.py for tasks to queue
[2025-10-30T20:39:21.965+0000] {logging_mixin.py:188} INFO - [2025-10-30T20:39:21.964+0000] {dagbag.py:545} INFO - Filling up the DagBag from /home/airflow/.local/lib/python3.12/site-packages/airflow/example_dags/example_subdag_operator.py
[2025-10-30T20:39:22.004+0000] {processor.py:840} INFO - DAG(s) 'example_subdag_operator.section-1', 'example_subdag_operator.section-2', 'example_subdag_operator' retrieved from /home/airflow/.local/lib/python3.12/site-packages/airflow/example_dags/example_subdag_operator.py
[2025-10-30T20:39:22.033+0000] {logging_mixin.py:188} INFO - [2025-10-30T20:39:22.032+0000] {dag.py:3096} INFO - Sync 3 DAGs
[2025-10-30T20:39:22.065+0000] {logging_mixin.py:188} INFO - [2025-10-30T20:39:22.065+0000] {dag.py:3954} INFO - Setting next_dagrun for example_subdag_operator to 2022-01-01 00:00:00+00:00, run_after=2022-01-01 00:00:00+00:00
[2025-10-30T20:39:22.070+0000] {logging_mixin.py:188} INFO - [2025-10-30T20:39:22.070+0000] {dag.py:3954} INFO - Setting next_dagrun for example_subdag_operator.section-1 to None, run_after=None
[2025-10-30T20:39:22.072+0000] {logging_mixin.py:188} INFO - [2025-10-30T20:39:22.072+0000] {dag.py:3954} INFO - Setting next_dagrun for example_subdag_operator.section-2 to None, run_after=None
[2025-10-30T20:39:22.082+0000] {logging_mixin.py:188} INFO - [2025-10-30T20:39:22.082+0000] {dag.py:3096} INFO - Sync 2 DAGs
[2025-10-30T20:39:22.091+0000] {logging_mixin.py:188} INFO - [2025-10-30T20:39:22.091+0000] {dag.py:3954} INFO - Setting next_dagrun for example_subdag_operator.section-1 to None, run_after=None
[2025-10-30T20:39:22.092+0000] {logging_mixin.py:188} INFO - [2025-10-30T20:39:22.092+0000] {dag.py:3954} INFO - Setting next_dagrun for example_subdag_operator.section-2 to None, run_after=None
[2025-10-30T20:39:22.106+0000] {processor.py:183} INFO - Processing /home/airflow/.local/lib/python3.12/site-packages/airflow/example_dags/example_subdag_operator.py took 0.153 seconds
[2025-10-30T20:39:53.026+0000] {processor.py:161} INFO - Started process (PID=1246) to work on /home/airflow/.local/lib/python3.12/site-packages/airflow/example_dags/example_subdag_operator.py
[2025-10-30T20:39:53.059+0000] {processor.py:830} INFO - Processing file /home/airflow/.local/lib/python3.12/site-packages/airflow/example_dags/example_subdag_operator.py for tasks to queue
[2025-10-30T20:39:53.065+0000] {logging_mixin.py:188} INFO - [2025-10-30T20:39:53.065+0000] {dagbag.py:545} INFO - Filling up the DagBag from /home/airflow/.local/lib/python3.12/site-packages/airflow/example_dags/example_subdag_operator.py
[2025-10-30T20:39:53.209+0000] {processor.py:840} INFO - DAG(s) 'example_subdag_operator.section-1', 'example_subdag_operator.section-2', 'example_subdag_operator' retrieved from /home/airflow/.local/lib/python3.12/site-packages/airflow/example_dags/example_subdag_operator.py
[2025-10-30T20:39:53.245+0000] {logging_mixin.py:188} INFO - [2025-10-30T20:39:53.244+0000] {dag.py:3096} INFO - Sync 3 DAGs
[2025-10-30T20:39:53.295+0000] {logging_mixin.py:188} INFO - [2025-10-30T20:39:53.294+0000] {dag.py:3954} INFO - Setting next_dagrun for example_subdag_operator to 2022-01-01 00:00:00+00:00, run_after=2022-01-01 00:00:00+00:00
[2025-10-30T20:39:53.307+0000] {logging_mixin.py:188} INFO - [2025-10-30T20:39:53.306+0000] {dag.py:3954} INFO - Setting next_dagrun for example_subdag_operator.section-1 to None, run_after=None
[2025-10-30T20:39:53.310+0000] {logging_mixin.py:188} INFO - [2025-10-30T20:39:53.310+0000] {dag.py:3954} INFO - Setting next_dagrun for example_subdag_operator.section-2 to None, run_after=None
[2025-10-30T20:39:53.328+0000] {logging_mixin.py:188} INFO - [2025-10-30T20:39:53.328+0000] {dag.py:3096} INFO - Sync 2 DAGs
[2025-10-30T20:39:53.339+0000] {logging_mixin.py:188} INFO - [2025-10-30T20:39:53.338+0000] {dag.py:3954} INFO - Setting next_dagrun for example_subdag_operator.section-1 to None, run_after=None
[2025-10-30T20:39:53.340+0000] {logging_mixin.py:188} INFO - [2025-10-30T20:39:53.339+0000] {dag.py:3954} INFO - Setting next_dagrun for example_subdag_operator.section-2 to None, run_after=None
[2025-10-30T20:39:53.361+0000] {processor.py:183} INFO - Processing /home/airflow/.local/lib/python3.12/site-packages/airflow/example_dags/example_subdag_operator.py took 0.350 seconds
[2025-10-30T20:40:23.979+0000] {processor.py:161} INFO - Started process (PID=1304) to work on /home/airflow/.local/lib/python3.12/site-packages/airflow/example_dags/example_subdag_operator.py
[2025-10-30T20:40:23.980+0000] {processor.py:830} INFO - Processing file /home/airflow/.local/lib/python3.12/site-packages/airflow/example_dags/example_subdag_operator.py for tasks to queue
[2025-10-30T20:40:23.983+0000] {logging_mixin.py:188} INFO - [2025-10-30T20:40:23.982+0000] {dagbag.py:545} INFO - Filling up the DagBag from /home/airflow/.local/lib/python3.12/site-packages/airflow/example_dags/example_subdag_operator.py
[2025-10-30T20:40:24.014+0000] {processor.py:840} INFO - DAG(s) 'example_subdag_operator.section-1', 'example_subdag_operator.section-2', 'example_subdag_operator' retrieved from /home/airflow/.local/lib/python3.12/site-packages/airflow/example_dags/example_subdag_operator.py
[2025-10-30T20:40:24.037+0000] {logging_mixin.py:188} INFO - [2025-10-30T20:40:24.037+0000] {dag.py:3096} INFO - Sync 3 DAGs
[2025-10-30T20:40:24.070+0000] {logging_mixin.py:188} INFO - [2025-10-30T20:40:24.070+0000] {dag.py:3954} INFO - Setting next_dagrun for example_subdag_operator to 2022-01-01 00:00:00+00:00, run_after=2022-01-01 00:00:00+00:00
[2025-10-30T20:40:24.267+0000] {logging_mixin.py:188} INFO - [2025-10-30T20:40:24.267+0000] {dag.py:3954} INFO - Setting next_dagrun for example_subdag_operator.section-1 to None, run_after=None
[2025-10-30T20:40:24.270+0000] {logging_mixin.py:188} INFO - [2025-10-30T20:40:24.269+0000] {dag.py:3954} INFO - Setting next_dagrun for example_subdag_operator.section-2 to None, run_after=None
[2025-10-30T20:40:24.281+0000] {logging_mixin.py:188} INFO - [2025-10-30T20:40:24.281+0000] {dag.py:3096} INFO - Sync 2 DAGs
[2025-10-30T20:40:24.292+0000] {logging_mixin.py:188} INFO - [2025-10-30T20:40:24.291+0000] {dag.py:3954} INFO - Setting next_dagrun for example_subdag_operator.section-1 to None, run_after=None
[2025-10-30T20:40:24.293+0000] {logging_mixin.py:188} INFO - [2025-10-30T20:40:24.292+0000] {dag.py:3954} INFO - Setting next_dagrun for example_subdag_operator.section-2 to None, run_after=None
[2025-10-30T20:40:24.309+0000] {processor.py:183} INFO - Processing /home/airflow/.local/lib/python3.12/site-packages/airflow/example_dags/example_subdag_operator.py took 0.338 seconds
[2025-10-30T20:40:54.767+0000] {processor.py:161} INFO - Started process (PID=1362) to work on /home/airflow/.local/lib/python3.12/site-packages/airflow/example_dags/example_subdag_operator.py
[2025-10-30T20:40:54.770+0000] {processor.py:830} INFO - Processing file /home/airflow/.local/lib/python3.12/site-packages/airflow/example_dags/example_subdag_operator.py for tasks to queue
[2025-10-30T20:40:54.774+0000] {logging_mixin.py:188} INFO - [2025-10-30T20:40:54.773+0000] {dagbag.py:545} INFO - Filling up the DagBag from /home/airflow/.local/lib/python3.12/site-packages/airflow/example_dags/example_subdag_operator.py
[2025-10-30T20:40:54.822+0000] {processor.py:840} INFO - DAG(s) 'example_subdag_operator.section-1', 'example_subdag_operator.section-2', 'example_subdag_operator' retrieved from /home/airflow/.local/lib/python3.12/site-packages/airflow/example_dags/example_subdag_operator.py
[2025-10-30T20:40:54.860+0000] {logging_mixin.py:188} INFO - [2025-10-30T20:40:54.859+0000] {dag.py:3096} INFO - Sync 3 DAGs
[2025-10-30T20:40:54.902+0000] {logging_mixin.py:188} INFO - [2025-10-30T20:40:54.902+0000] {dag.py:3954} INFO - Setting next_dagrun for example_subdag_operator to 2022-01-01 00:00:00+00:00, run_after=2022-01-01 00:00:00+00:00
[2025-10-30T20:40:54.910+0000] {logging_mixin.py:188} INFO - [2025-10-30T20:40:54.909+0000] {dag.py:3954} INFO - Setting next_dagrun for example_subdag_operator.section-1 to None, run_after=None
[2025-10-30T20:40:54.912+0000] {logging_mixin.py:188} INFO - [2025-10-30T20:40:54.911+0000] {dag.py:3954} INFO - Setting next_dagrun for example_subdag_operator.section-2 to None, run_after=None
[2025-10-30T20:40:54.924+0000] {logging_mixin.py:188} INFO - [2025-10-30T20:40:54.924+0000] {dag.py:3096} INFO - Sync 2 DAGs
[2025-10-30T20:40:55.225+0000] {logging_mixin.py:188} INFO - [2025-10-30T20:40:55.224+0000] {dag.py:3954} INFO - Setting next_dagrun for example_subdag_operator.section-1 to None, run_after=None
[2025-10-30T20:40:55.229+0000] {logging_mixin.py:188} INFO - [2025-10-30T20:40:55.228+0000] {dag.py:3954} INFO - Setting next_dagrun for example_subdag_operator.section-2 to None, run_after=None
[2025-10-30T20:40:55.264+0000] {processor.py:183} INFO - Processing /home/airflow/.local/lib/python3.12/site-packages/airflow/example_dags/example_subdag_operator.py took 0.506 seconds
[2025-10-30T20:41:25.331+0000] {processor.py:161} INFO - Started process (PID=1420) to work on /home/airflow/.local/lib/python3.12/site-packages/airflow/example_dags/example_subdag_operator.py
[2025-10-30T20:41:25.332+0000] {processor.py:830} INFO - Processing file /home/airflow/.local/lib/python3.12/site-packages/airflow/example_dags/example_subdag_operator.py for tasks to queue
[2025-10-30T20:41:25.335+0000] {logging_mixin.py:188} INFO - [2025-10-30T20:41:25.335+0000] {dagbag.py:545} INFO - Filling up the DagBag from /home/airflow/.local/lib/python3.12/site-packages/airflow/example_dags/example_subdag_operator.py
[2025-10-30T20:41:25.366+0000] {processor.py:840} INFO - DAG(s) 'example_subdag_operator.section-1', 'example_subdag_operator.section-2', 'example_subdag_operator' retrieved from /home/airflow/.local/lib/python3.12/site-packages/airflow/example_dags/example_subdag_operator.py
[2025-10-30T20:41:25.386+0000] {logging_mixin.py:188} INFO - [2025-10-30T20:41:25.385+0000] {dag.py:3096} INFO - Sync 3 DAGs
[2025-10-30T20:41:25.411+0000] {logging_mixin.py:188} INFO - [2025-10-30T20:41:25.411+0000] {dag.py:3954} INFO - Setting next_dagrun for example_subdag_operator to 2022-01-01 00:00:00+00:00, run_after=2022-01-01 00:00:00+00:00
[2025-10-30T20:41:25.416+0000] {logging_mixin.py:188} INFO - [2025-10-30T20:41:25.416+0000] {dag.py:3954} INFO - Setting next_dagrun for example_subdag_operator.section-1 to None, run_after=None
[2025-10-30T20:41:25.418+0000] {logging_mixin.py:188} INFO - [2025-10-30T20:41:25.418+0000] {dag.py:3954} INFO - Setting next_dagrun for example_subdag_operator.section-2 to None, run_after=None
[2025-10-30T20:41:25.426+0000] {logging_mixin.py:188} INFO - [2025-10-30T20:41:25.426+0000] {dag.py:3096} INFO - Sync 2 DAGs
[2025-10-30T20:41:25.434+0000] {logging_mixin.py:188} INFO - [2025-10-30T20:41:25.433+0000] {dag.py:3954} INFO - Setting next_dagrun for example_subdag_operator.section-1 to None, run_after=None
[2025-10-30T20:41:25.434+0000] {logging_mixin.py:188} INFO - [2025-10-30T20:41:25.434+0000] {dag.py:3954} INFO - Setting next_dagrun for example_subdag_operator.section-2 to None, run_after=None
[2025-10-30T20:41:25.453+0000] {processor.py:183} INFO - Processing /home/airflow/.local/lib/python3.12/site-packages/airflow/example_dags/example_subdag_operator.py took 0.130 seconds
[2025-10-30T20:41:56.072+0000] {processor.py:161} INFO - Started process (PID=1477) to work on /home/airflow/.local/lib/python3.12/site-packages/airflow/example_dags/example_subdag_operator.py
[2025-10-30T20:41:56.079+0000] {processor.py:830} INFO - Processing file /home/airflow/.local/lib/python3.12/site-packages/airflow/example_dags/example_subdag_operator.py for tasks to queue
[2025-10-30T20:41:56.090+0000] {logging_mixin.py:188} INFO - [2025-10-30T20:41:56.089+0000] {dagbag.py:545} INFO - Filling up the DagBag from /home/airflow/.local/lib/python3.12/site-packages/airflow/example_dags/example_subdag_operator.py
[2025-10-30T20:41:56.149+0000] {processor.py:840} INFO - DAG(s) 'example_subdag_operator.section-1', 'example_subdag_operator.section-2', 'example_subdag_operator' retrieved from /home/airflow/.local/lib/python3.12/site-packages/airflow/example_dags/example_subdag_operator.py
[2025-10-30T20:41:56.173+0000] {logging_mixin.py:188} INFO - [2025-10-30T20:41:56.173+0000] {dag.py:3096} INFO - Sync 3 DAGs
[2025-10-30T20:41:56.220+0000] {logging_mixin.py:188} INFO - [2025-10-30T20:41:56.220+0000] {dag.py:3954} INFO - Setting next_dagrun for example_subdag_operator to 2022-01-01 00:00:00+00:00, run_after=2022-01-01 00:00:00+00:00
[2025-10-30T20:41:56.235+0000] {logging_mixin.py:188} INFO - [2025-10-30T20:41:56.234+0000] {dag.py:3954} INFO - Setting next_dagrun for example_subdag_operator.section-1 to None, run_after=None
[2025-10-30T20:41:56.237+0000] {logging_mixin.py:188} INFO - [2025-10-30T20:41:56.237+0000] {dag.py:3954} INFO - Setting next_dagrun for example_subdag_operator.section-2 to None, run_after=None
[2025-10-30T20:41:56.250+0000] {logging_mixin.py:188} INFO - [2025-10-30T20:41:56.249+0000] {dag.py:3096} INFO - Sync 2 DAGs
[2025-10-30T20:41:56.259+0000] {logging_mixin.py:188} INFO - [2025-10-30T20:41:56.259+0000] {dag.py:3954} INFO - Setting next_dagrun for example_subdag_operator.section-1 to None, run_after=None
[2025-10-30T20:41:56.260+0000] {logging_mixin.py:188} INFO - [2025-10-30T20:41:56.260+0000] {dag.py:3954} INFO - Setting next_dagrun for example_subdag_operator.section-2 to None, run_after=None
[2025-10-30T20:41:56.282+0000] {processor.py:183} INFO - Processing /home/airflow/.local/lib/python3.12/site-packages/airflow/example_dags/example_subdag_operator.py took 0.227 seconds
[2025-10-30T20:42:26.493+0000] {processor.py:161} INFO - Started process (PID=1535) to work on /home/airflow/.local/lib/python3.12/site-packages/airflow/example_dags/example_subdag_operator.py
[2025-10-30T20:42:26.495+0000] {processor.py:830} INFO - Processing file /home/airflow/.local/lib/python3.12/site-packages/airflow/example_dags/example_subdag_operator.py for tasks to queue
[2025-10-30T20:42:26.498+0000] {logging_mixin.py:188} INFO - [2025-10-30T20:42:26.497+0000] {dagbag.py:545} INFO - Filling up the DagBag from /home/airflow/.local/lib/python3.12/site-packages/airflow/example_dags/example_subdag_operator.py
[2025-10-30T20:42:26.537+0000] {processor.py:840} INFO - DAG(s) 'example_subdag_operator.section-1', 'example_subdag_operator.section-2', 'example_subdag_operator' retrieved from /home/airflow/.local/lib/python3.12/site-packages/airflow/example_dags/example_subdag_operator.py
[2025-10-30T20:42:26.560+0000] {logging_mixin.py:188} INFO - [2025-10-30T20:42:26.560+0000] {dag.py:3096} INFO - Sync 3 DAGs
[2025-10-30T20:42:26.594+0000] {logging_mixin.py:188} INFO - [2025-10-30T20:42:26.594+0000] {dag.py:3954} INFO - Setting next_dagrun for example_subdag_operator to 2022-01-01 00:00:00+00:00, run_after=2022-01-01 00:00:00+00:00
[2025-10-30T20:42:26.600+0000] {logging_mixin.py:188} INFO - [2025-10-30T20:42:26.600+0000] {dag.py:3954} INFO - Setting next_dagrun for example_subdag_operator.section-1 to None, run_after=None
[2025-10-30T20:42:26.602+0000] {logging_mixin.py:188} INFO - [2025-10-30T20:42:26.602+0000] {dag.py:3954} INFO - Setting next_dagrun for example_subdag_operator.section-2 to None, run_after=None
[2025-10-30T20:42:26.615+0000] {logging_mixin.py:188} INFO - [2025-10-30T20:42:26.615+0000] {dag.py:3096} INFO - Sync 2 DAGs
[2025-10-30T20:42:26.623+0000] {logging_mixin.py:188} INFO - [2025-10-30T20:42:26.623+0000] {dag.py:3954} INFO - Setting next_dagrun for example_subdag_operator.section-1 to None, run_after=None
[2025-10-30T20:42:26.624+0000] {logging_mixin.py:188} INFO - [2025-10-30T20:42:26.623+0000] {dag.py:3954} INFO - Setting next_dagrun for example_subdag_operator.section-2 to None, run_after=None
[2025-10-30T20:42:26.642+0000] {processor.py:183} INFO - Processing /home/airflow/.local/lib/python3.12/site-packages/airflow/example_dags/example_subdag_operator.py took 0.158 seconds
[2025-10-30T21:06:21.131+0000] {processor.py:161} INFO - Started process (PID=85) to work on /home/airflow/.local/lib/python3.12/site-packages/airflow/example_dags/example_subdag_operator.py
[2025-10-30T21:06:21.141+0000] {processor.py:830} INFO - Processing file /home/airflow/.local/lib/python3.12/site-packages/airflow/example_dags/example_subdag_operator.py for tasks to queue
[2025-10-30T21:06:21.151+0000] {logging_mixin.py:188} INFO - [2025-10-30T21:06:21.149+0000] {dagbag.py:545} INFO - Filling up the DagBag from /home/airflow/.local/lib/python3.12/site-packages/airflow/example_dags/example_subdag_operator.py
[2025-10-30T21:06:21.265+0000] {processor.py:840} INFO - DAG(s) 'example_subdag_operator.section-1', 'example_subdag_operator.section-2', 'example_subdag_operator' retrieved from /home/airflow/.local/lib/python3.12/site-packages/airflow/example_dags/example_subdag_operator.py
[2025-10-30T21:06:21.631+0000] {logging_mixin.py:188} INFO - [2025-10-30T21:06:21.631+0000] {dag.py:3096} INFO - Sync 3 DAGs
[2025-10-30T21:06:21.691+0000] {logging_mixin.py:188} INFO - [2025-10-30T21:06:21.690+0000] {dag.py:3954} INFO - Setting next_dagrun for example_subdag_operator to 2022-01-01 00:00:00+00:00, run_after=2022-01-01 00:00:00+00:00
[2025-10-30T21:06:21.699+0000] {logging_mixin.py:188} INFO - [2025-10-30T21:06:21.699+0000] {dag.py:3954} INFO - Setting next_dagrun for example_subdag_operator.section-1 to None, run_after=None
[2025-10-30T21:06:21.702+0000] {logging_mixin.py:188} INFO - [2025-10-30T21:06:21.702+0000] {dag.py:3954} INFO - Setting next_dagrun for example_subdag_operator.section-2 to None, run_after=None
[2025-10-30T21:06:21.729+0000] {logging_mixin.py:188} INFO - [2025-10-30T21:06:21.729+0000] {dag.py:3096} INFO - Sync 2 DAGs
[2025-10-30T21:06:21.743+0000] {logging_mixin.py:188} INFO - [2025-10-30T21:06:21.742+0000] {dag.py:3954} INFO - Setting next_dagrun for example_subdag_operator.section-1 to None, run_after=None
[2025-10-30T21:06:21.744+0000] {logging_mixin.py:188} INFO - [2025-10-30T21:06:21.744+0000] {dag.py:3954} INFO - Setting next_dagrun for example_subdag_operator.section-2 to None, run_after=None
[2025-10-30T21:06:21.778+0000] {processor.py:183} INFO - Processing /home/airflow/.local/lib/python3.12/site-packages/airflow/example_dags/example_subdag_operator.py took 0.679 seconds
[2025-10-30T21:06:52.073+0000] {processor.py:161} INFO - Started process (PID=144) to work on /home/airflow/.local/lib/python3.12/site-packages/airflow/example_dags/example_subdag_operator.py
[2025-10-30T21:06:52.081+0000] {processor.py:830} INFO - Processing file /home/airflow/.local/lib/python3.12/site-packages/airflow/example_dags/example_subdag_operator.py for tasks to queue
[2025-10-30T21:06:52.130+0000] {logging_mixin.py:188} INFO - [2025-10-30T21:06:52.123+0000] {dagbag.py:545} INFO - Filling up the DagBag from /home/airflow/.local/lib/python3.12/site-packages/airflow/example_dags/example_subdag_operator.py
[2025-10-30T21:06:52.276+0000] {processor.py:840} INFO - DAG(s) 'example_subdag_operator.section-1', 'example_subdag_operator.section-2', 'example_subdag_operator' retrieved from /home/airflow/.local/lib/python3.12/site-packages/airflow/example_dags/example_subdag_operator.py
[2025-10-30T21:06:52.347+0000] {logging_mixin.py:188} INFO - [2025-10-30T21:06:52.345+0000] {dag.py:3096} INFO - Sync 3 DAGs
[2025-10-30T21:06:52.430+0000] {logging_mixin.py:188} INFO - [2025-10-30T21:06:52.429+0000] {dag.py:3954} INFO - Setting next_dagrun for example_subdag_operator to 2022-01-01 00:00:00+00:00, run_after=2022-01-01 00:00:00+00:00
[2025-10-30T21:06:52.440+0000] {logging_mixin.py:188} INFO - [2025-10-30T21:06:52.439+0000] {dag.py:3954} INFO - Setting next_dagrun for example_subdag_operator.section-1 to None, run_after=None
[2025-10-30T21:06:52.443+0000] {logging_mixin.py:188} INFO - [2025-10-30T21:06:52.443+0000] {dag.py:3954} INFO - Setting next_dagrun for example_subdag_operator.section-2 to None, run_after=None
[2025-10-30T21:06:52.465+0000] {logging_mixin.py:188} INFO - [2025-10-30T21:06:52.464+0000] {dag.py:3096} INFO - Sync 2 DAGs
[2025-10-30T21:06:52.477+0000] {logging_mixin.py:188} INFO - [2025-10-30T21:06:52.477+0000] {dag.py:3954} INFO - Setting next_dagrun for example_subdag_operator.section-1 to None, run_after=None
[2025-10-30T21:06:52.480+0000] {logging_mixin.py:188} INFO - [2025-10-30T21:06:52.480+0000] {dag.py:3954} INFO - Setting next_dagrun for example_subdag_operator.section-2 to None, run_after=None
[2025-10-30T21:06:52.514+0000] {processor.py:183} INFO - Processing /home/airflow/.local/lib/python3.12/site-packages/airflow/example_dags/example_subdag_operator.py took 0.456 seconds
[2025-10-30T21:07:22.693+0000] {processor.py:161} INFO - Started process (PID=206) to work on /home/airflow/.local/lib/python3.12/site-packages/airflow/example_dags/example_subdag_operator.py
[2025-10-30T21:07:22.697+0000] {processor.py:830} INFO - Processing file /home/airflow/.local/lib/python3.12/site-packages/airflow/example_dags/example_subdag_operator.py for tasks to queue
[2025-10-30T21:07:22.708+0000] {logging_mixin.py:188} INFO - [2025-10-30T21:07:22.707+0000] {dagbag.py:545} INFO - Filling up the DagBag from /home/airflow/.local/lib/python3.12/site-packages/airflow/example_dags/example_subdag_operator.py
[2025-10-30T21:07:22.797+0000] {processor.py:840} INFO - DAG(s) 'example_subdag_operator.section-1', 'example_subdag_operator.section-2', 'example_subdag_operator' retrieved from /home/airflow/.local/lib/python3.12/site-packages/airflow/example_dags/example_subdag_operator.py
[2025-10-30T21:07:22.847+0000] {logging_mixin.py:188} INFO - [2025-10-30T21:07:22.846+0000] {dag.py:3096} INFO - Sync 3 DAGs
[2025-10-30T21:07:22.899+0000] {logging_mixin.py:188} INFO - [2025-10-30T21:07:22.899+0000] {dag.py:3954} INFO - Setting next_dagrun for example_subdag_operator to 2022-01-01 00:00:00+00:00, run_after=2022-01-01 00:00:00+00:00
[2025-10-30T21:07:22.912+0000] {logging_mixin.py:188} INFO - [2025-10-30T21:07:22.912+0000] {dag.py:3954} INFO - Setting next_dagrun for example_subdag_operator.section-1 to None, run_after=None
[2025-10-30T21:07:22.917+0000] {logging_mixin.py:188} INFO - [2025-10-30T21:07:22.917+0000] {dag.py:3954} INFO - Setting next_dagrun for example_subdag_operator.section-2 to None, run_after=None
[2025-10-30T21:07:22.936+0000] {logging_mixin.py:188} INFO - [2025-10-30T21:07:22.935+0000] {dag.py:3096} INFO - Sync 2 DAGs
[2025-10-30T21:07:22.949+0000] {logging_mixin.py:188} INFO - [2025-10-30T21:07:22.949+0000] {dag.py:3954} INFO - Setting next_dagrun for example_subdag_operator.section-1 to None, run_after=None
[2025-10-30T21:07:22.951+0000] {logging_mixin.py:188} INFO - [2025-10-30T21:07:22.950+0000] {dag.py:3954} INFO - Setting next_dagrun for example_subdag_operator.section-2 to None, run_after=None
[2025-10-30T21:07:22.983+0000] {processor.py:183} INFO - Processing /home/airflow/.local/lib/python3.12/site-packages/airflow/example_dags/example_subdag_operator.py took 0.307 seconds
[2025-10-30T21:07:53.108+0000] {processor.py:161} INFO - Started process (PID=265) to work on /home/airflow/.local/lib/python3.12/site-packages/airflow/example_dags/example_subdag_operator.py
[2025-10-30T21:07:53.112+0000] {processor.py:830} INFO - Processing file /home/airflow/.local/lib/python3.12/site-packages/airflow/example_dags/example_subdag_operator.py for tasks to queue
[2025-10-30T21:07:53.116+0000] {logging_mixin.py:188} INFO - [2025-10-30T21:07:53.115+0000] {dagbag.py:545} INFO - Filling up the DagBag from /home/airflow/.local/lib/python3.12/site-packages/airflow/example_dags/example_subdag_operator.py
[2025-10-30T21:07:53.181+0000] {processor.py:840} INFO - DAG(s) 'example_subdag_operator.section-1', 'example_subdag_operator.section-2', 'example_subdag_operator' retrieved from /home/airflow/.local/lib/python3.12/site-packages/airflow/example_dags/example_subdag_operator.py
[2025-10-30T21:07:53.229+0000] {logging_mixin.py:188} INFO - [2025-10-30T21:07:53.229+0000] {dag.py:3096} INFO - Sync 3 DAGs
[2025-10-30T21:07:53.277+0000] {logging_mixin.py:188} INFO - [2025-10-30T21:07:53.277+0000] {dag.py:3954} INFO - Setting next_dagrun for example_subdag_operator to 2022-01-01 00:00:00+00:00, run_after=2022-01-01 00:00:00+00:00
[2025-10-30T21:07:53.284+0000] {logging_mixin.py:188} INFO - [2025-10-30T21:07:53.283+0000] {dag.py:3954} INFO - Setting next_dagrun for example_subdag_operator.section-1 to None, run_after=None
[2025-10-30T21:07:53.286+0000] {logging_mixin.py:188} INFO - [2025-10-30T21:07:53.286+0000] {dag.py:3954} INFO - Setting next_dagrun for example_subdag_operator.section-2 to None, run_after=None
[2025-10-30T21:07:53.299+0000] {logging_mixin.py:188} INFO - [2025-10-30T21:07:53.298+0000] {dag.py:3096} INFO - Sync 2 DAGs
[2025-10-30T21:07:53.310+0000] {logging_mixin.py:188} INFO - [2025-10-30T21:07:53.310+0000] {dag.py:3954} INFO - Setting next_dagrun for example_subdag_operator.section-1 to None, run_after=None
[2025-10-30T21:07:53.311+0000] {logging_mixin.py:188} INFO - [2025-10-30T21:07:53.310+0000] {dag.py:3954} INFO - Setting next_dagrun for example_subdag_operator.section-2 to None, run_after=None
[2025-10-30T21:07:53.340+0000] {processor.py:183} INFO - Processing /home/airflow/.local/lib/python3.12/site-packages/airflow/example_dags/example_subdag_operator.py took 0.245 seconds
[2025-10-30T21:08:23.530+0000] {processor.py:161} INFO - Started process (PID=325) to work on /home/airflow/.local/lib/python3.12/site-packages/airflow/example_dags/example_subdag_operator.py
[2025-10-30T21:08:23.533+0000] {processor.py:830} INFO - Processing file /home/airflow/.local/lib/python3.12/site-packages/airflow/example_dags/example_subdag_operator.py for tasks to queue
[2025-10-30T21:08:23.535+0000] {logging_mixin.py:188} INFO - [2025-10-30T21:08:23.535+0000] {dagbag.py:545} INFO - Filling up the DagBag from /home/airflow/.local/lib/python3.12/site-packages/airflow/example_dags/example_subdag_operator.py
[2025-10-30T21:08:23.568+0000] {processor.py:840} INFO - DAG(s) 'example_subdag_operator.section-1', 'example_subdag_operator.section-2', 'example_subdag_operator' retrieved from /home/airflow/.local/lib/python3.12/site-packages/airflow/example_dags/example_subdag_operator.py
[2025-10-30T21:08:23.594+0000] {logging_mixin.py:188} INFO - [2025-10-30T21:08:23.593+0000] {dag.py:3096} INFO - Sync 3 DAGs
[2025-10-30T21:08:23.630+0000] {logging_mixin.py:188} INFO - [2025-10-30T21:08:23.629+0000] {dag.py:3954} INFO - Setting next_dagrun for example_subdag_operator to 2022-01-01 00:00:00+00:00, run_after=2022-01-01 00:00:00+00:00
[2025-10-30T21:08:23.637+0000] {logging_mixin.py:188} INFO - [2025-10-30T21:08:23.636+0000] {dag.py:3954} INFO - Setting next_dagrun for example_subdag_operator.section-1 to None, run_after=None
[2025-10-30T21:08:23.640+0000] {logging_mixin.py:188} INFO - [2025-10-30T21:08:23.639+0000] {dag.py:3954} INFO - Setting next_dagrun for example_subdag_operator.section-2 to None, run_after=None
[2025-10-30T21:08:23.652+0000] {logging_mixin.py:188} INFO - [2025-10-30T21:08:23.652+0000] {dag.py:3096} INFO - Sync 2 DAGs
[2025-10-30T21:08:23.660+0000] {logging_mixin.py:188} INFO - [2025-10-30T21:08:23.660+0000] {dag.py:3954} INFO - Setting next_dagrun for example_subdag_operator.section-1 to None, run_after=None
[2025-10-30T21:08:23.661+0000] {logging_mixin.py:188} INFO - [2025-10-30T21:08:23.661+0000] {dag.py:3954} INFO - Setting next_dagrun for example_subdag_operator.section-2 to None, run_after=None
[2025-10-30T21:08:23.677+0000] {processor.py:183} INFO - Processing /home/airflow/.local/lib/python3.12/site-packages/airflow/example_dags/example_subdag_operator.py took 0.155 seconds
[2025-10-30T21:09:07.698+0000] {processor.py:161} INFO - Started process (PID=384) to work on /home/airflow/.local/lib/python3.12/site-packages/airflow/example_dags/example_subdag_operator.py
[2025-10-30T21:09:07.708+0000] {processor.py:830} INFO - Processing file /home/airflow/.local/lib/python3.12/site-packages/airflow/example_dags/example_subdag_operator.py for tasks to queue
[2025-10-30T21:09:07.715+0000] {logging_mixin.py:188} INFO - [2025-10-30T21:09:07.713+0000] {dagbag.py:545} INFO - Filling up the DagBag from /home/airflow/.local/lib/python3.12/site-packages/airflow/example_dags/example_subdag_operator.py
[2025-10-30T21:09:07.800+0000] {processor.py:840} INFO - DAG(s) 'example_subdag_operator.section-1', 'example_subdag_operator.section-2', 'example_subdag_operator' retrieved from /home/airflow/.local/lib/python3.12/site-packages/airflow/example_dags/example_subdag_operator.py
[2025-10-30T21:09:07.853+0000] {logging_mixin.py:188} INFO - [2025-10-30T21:09:07.853+0000] {dag.py:3096} INFO - Sync 3 DAGs
[2025-10-30T21:09:07.927+0000] {logging_mixin.py:188} INFO - [2025-10-30T21:09:07.926+0000] {dag.py:3954} INFO - Setting next_dagrun for example_subdag_operator to 2022-01-01 00:00:00+00:00, run_after=2022-01-01 00:00:00+00:00
[2025-10-30T21:09:07.942+0000] {logging_mixin.py:188} INFO - [2025-10-30T21:09:07.941+0000] {dag.py:3954} INFO - Setting next_dagrun for example_subdag_operator.section-1 to None, run_after=None
[2025-10-30T21:09:07.946+0000] {logging_mixin.py:188} INFO - [2025-10-30T21:09:07.945+0000] {dag.py:3954} INFO - Setting next_dagrun for example_subdag_operator.section-2 to None, run_after=None
[2025-10-30T21:09:07.961+0000] {logging_mixin.py:188} INFO - [2025-10-30T21:09:07.960+0000] {dag.py:3096} INFO - Sync 2 DAGs
[2025-10-30T21:09:07.972+0000] {logging_mixin.py:188} INFO - [2025-10-30T21:09:07.971+0000] {dag.py:3954} INFO - Setting next_dagrun for example_subdag_operator.section-1 to None, run_after=None
[2025-10-30T21:09:07.973+0000] {logging_mixin.py:188} INFO - [2025-10-30T21:09:07.973+0000] {dag.py:3954} INFO - Setting next_dagrun for example_subdag_operator.section-2 to None, run_after=None
[2025-10-30T21:09:08.003+0000] {processor.py:183} INFO - Processing /home/airflow/.local/lib/python3.12/site-packages/airflow/example_dags/example_subdag_operator.py took 0.335 seconds
[2025-10-30T21:09:44.509+0000] {processor.py:161} INFO - Started process (PID=443) to work on /home/airflow/.local/lib/python3.12/site-packages/airflow/example_dags/example_subdag_operator.py
[2025-10-30T21:09:44.513+0000] {processor.py:830} INFO - Processing file /home/airflow/.local/lib/python3.12/site-packages/airflow/example_dags/example_subdag_operator.py for tasks to queue
[2025-10-30T21:09:44.528+0000] {logging_mixin.py:188} INFO - [2025-10-30T21:09:44.522+0000] {dagbag.py:545} INFO - Filling up the DagBag from /home/airflow/.local/lib/python3.12/site-packages/airflow/example_dags/example_subdag_operator.py
[2025-10-30T21:09:44.665+0000] {processor.py:840} INFO - DAG(s) 'example_subdag_operator.section-1', 'example_subdag_operator.section-2', 'example_subdag_operator' retrieved from /home/airflow/.local/lib/python3.12/site-packages/airflow/example_dags/example_subdag_operator.py
[2025-10-30T21:09:44.799+0000] {logging_mixin.py:188} INFO - [2025-10-30T21:09:44.781+0000] {dag.py:3096} INFO - Sync 3 DAGs
[2025-10-30T21:09:45.075+0000] {logging_mixin.py:188} INFO - [2025-10-30T21:09:45.074+0000] {dag.py:3954} INFO - Setting next_dagrun for example_subdag_operator to 2022-01-01 00:00:00+00:00, run_after=2022-01-01 00:00:00+00:00
[2025-10-30T21:09:45.190+0000] {logging_mixin.py:188} INFO - [2025-10-30T21:09:45.189+0000] {dag.py:3954} INFO - Setting next_dagrun for example_subdag_operator.section-1 to None, run_after=None
[2025-10-30T21:09:45.209+0000] {logging_mixin.py:188} INFO - [2025-10-30T21:09:45.207+0000] {dag.py:3954} INFO - Setting next_dagrun for example_subdag_operator.section-2 to None, run_after=None
[2025-10-30T21:09:45.326+0000] {logging_mixin.py:188} INFO - [2025-10-30T21:09:45.325+0000] {dag.py:3096} INFO - Sync 2 DAGs
[2025-10-30T21:09:45.361+0000] {logging_mixin.py:188} INFO - [2025-10-30T21:09:45.361+0000] {dag.py:3954} INFO - Setting next_dagrun for example_subdag_operator.section-1 to None, run_after=None
[2025-10-30T21:09:45.364+0000] {logging_mixin.py:188} INFO - [2025-10-30T21:09:45.363+0000] {dag.py:3954} INFO - Setting next_dagrun for example_subdag_operator.section-2 to None, run_after=None
[2025-10-30T21:09:45.455+0000] {processor.py:183} INFO - Processing /home/airflow/.local/lib/python3.12/site-packages/airflow/example_dags/example_subdag_operator.py took 0.965 seconds
