[2025-10-30T20:29:32.083+0000] {processor.py:161} INFO - Started process (PID=62) to work on /home/airflow/.local/lib/python3.12/site-packages/airflow/example_dags/example_dag_decorator.py
[2025-10-30T20:29:32.086+0000] {processor.py:830} INFO - Processing file /home/airflow/.local/lib/python3.12/site-packages/airflow/example_dags/example_dag_decorator.py for tasks to queue
[2025-10-30T20:29:32.090+0000] {logging_mixin.py:188} INFO - [2025-10-30T20:29:32.089+0000] {dagbag.py:545} INFO - Filling up the DagBag from /home/airflow/.local/lib/python3.12/site-packages/airflow/example_dags/example_dag_decorator.py
[2025-10-30T20:29:33.926+0000] {processor.py:840} INFO - DAG(s) 'example_dag_decorator' retrieved from /home/airflow/.local/lib/python3.12/site-packages/airflow/example_dags/example_dag_decorator.py
[2025-10-30T20:29:34.376+0000] {logging_mixin.py:188} INFO - [2025-10-30T20:29:34.376+0000] {dag.py:3096} INFO - Sync 1 DAGs
[2025-10-30T20:29:34.405+0000] {logging_mixin.py:188} INFO - [2025-10-30T20:29:34.405+0000] {dag.py:3954} INFO - Setting next_dagrun for example_dag_decorator to None, run_after=None
[2025-10-30T20:29:34.475+0000] {processor.py:183} INFO - Processing /home/airflow/.local/lib/python3.12/site-packages/airflow/example_dags/example_dag_decorator.py took 2.406 seconds
[2025-10-30T20:30:04.722+0000] {processor.py:161} INFO - Started process (PID=127) to work on /home/airflow/.local/lib/python3.12/site-packages/airflow/example_dags/example_dag_decorator.py
[2025-10-30T20:30:04.724+0000] {processor.py:830} INFO - Processing file /home/airflow/.local/lib/python3.12/site-packages/airflow/example_dags/example_dag_decorator.py for tasks to queue
[2025-10-30T20:30:04.727+0000] {logging_mixin.py:188} INFO - [2025-10-30T20:30:04.726+0000] {dagbag.py:545} INFO - Filling up the DagBag from /home/airflow/.local/lib/python3.12/site-packages/airflow/example_dags/example_dag_decorator.py
[2025-10-30T20:30:05.195+0000] {processor.py:840} INFO - DAG(s) 'example_dag_decorator' retrieved from /home/airflow/.local/lib/python3.12/site-packages/airflow/example_dags/example_dag_decorator.py
[2025-10-30T20:30:05.397+0000] {logging_mixin.py:188} INFO - [2025-10-30T20:30:05.396+0000] {dag.py:3096} INFO - Sync 1 DAGs
[2025-10-30T20:30:05.425+0000] {logging_mixin.py:188} INFO - [2025-10-30T20:30:05.424+0000] {dag.py:3954} INFO - Setting next_dagrun for example_dag_decorator to None, run_after=None
[2025-10-30T20:30:05.483+0000] {processor.py:183} INFO - Processing /home/airflow/.local/lib/python3.12/site-packages/airflow/example_dags/example_dag_decorator.py took 0.769 seconds
[2025-10-30T20:30:35.593+0000] {processor.py:161} INFO - Started process (PID=186) to work on /home/airflow/.local/lib/python3.12/site-packages/airflow/example_dags/example_dag_decorator.py
[2025-10-30T20:30:35.594+0000] {processor.py:830} INFO - Processing file /home/airflow/.local/lib/python3.12/site-packages/airflow/example_dags/example_dag_decorator.py for tasks to queue
[2025-10-30T20:30:35.597+0000] {logging_mixin.py:188} INFO - [2025-10-30T20:30:35.596+0000] {dagbag.py:545} INFO - Filling up the DagBag from /home/airflow/.local/lib/python3.12/site-packages/airflow/example_dags/example_dag_decorator.py
[2025-10-30T20:30:35.738+0000] {processor.py:840} INFO - DAG(s) 'example_dag_decorator' retrieved from /home/airflow/.local/lib/python3.12/site-packages/airflow/example_dags/example_dag_decorator.py
[2025-10-30T20:30:35.871+0000] {logging_mixin.py:188} INFO - [2025-10-30T20:30:35.870+0000] {dag.py:3096} INFO - Sync 1 DAGs
[2025-10-30T20:30:35.883+0000] {logging_mixin.py:188} INFO - [2025-10-30T20:30:35.883+0000] {dag.py:3954} INFO - Setting next_dagrun for example_dag_decorator to None, run_after=None
[2025-10-30T20:30:35.906+0000] {processor.py:183} INFO - Processing /home/airflow/.local/lib/python3.12/site-packages/airflow/example_dags/example_dag_decorator.py took 0.320 seconds
[2025-10-30T20:31:06.168+0000] {processor.py:161} INFO - Started process (PID=245) to work on /home/airflow/.local/lib/python3.12/site-packages/airflow/example_dags/example_dag_decorator.py
[2025-10-30T20:31:06.173+0000] {processor.py:830} INFO - Processing file /home/airflow/.local/lib/python3.12/site-packages/airflow/example_dags/example_dag_decorator.py for tasks to queue
[2025-10-30T20:31:06.185+0000] {logging_mixin.py:188} INFO - [2025-10-30T20:31:06.184+0000] {dagbag.py:545} INFO - Filling up the DagBag from /home/airflow/.local/lib/python3.12/site-packages/airflow/example_dags/example_dag_decorator.py
[2025-10-30T20:31:06.505+0000] {processor.py:840} INFO - DAG(s) 'example_dag_decorator' retrieved from /home/airflow/.local/lib/python3.12/site-packages/airflow/example_dags/example_dag_decorator.py
[2025-10-30T20:31:06.912+0000] {logging_mixin.py:188} INFO - [2025-10-30T20:31:06.912+0000] {dag.py:3096} INFO - Sync 1 DAGs
[2025-10-30T20:31:06.945+0000] {logging_mixin.py:188} INFO - [2025-10-30T20:31:06.944+0000] {dag.py:3954} INFO - Setting next_dagrun for example_dag_decorator to None, run_after=None
[2025-10-30T20:31:06.998+0000] {processor.py:183} INFO - Processing /home/airflow/.local/lib/python3.12/site-packages/airflow/example_dags/example_dag_decorator.py took 0.845 seconds
[2025-10-30T20:31:37.220+0000] {processor.py:161} INFO - Started process (PID=303) to work on /home/airflow/.local/lib/python3.12/site-packages/airflow/example_dags/example_dag_decorator.py
[2025-10-30T20:31:37.221+0000] {processor.py:830} INFO - Processing file /home/airflow/.local/lib/python3.12/site-packages/airflow/example_dags/example_dag_decorator.py for tasks to queue
[2025-10-30T20:31:37.224+0000] {logging_mixin.py:188} INFO - [2025-10-30T20:31:37.223+0000] {dagbag.py:545} INFO - Filling up the DagBag from /home/airflow/.local/lib/python3.12/site-packages/airflow/example_dags/example_dag_decorator.py
[2025-10-30T20:31:37.393+0000] {processor.py:840} INFO - DAG(s) 'example_dag_decorator' retrieved from /home/airflow/.local/lib/python3.12/site-packages/airflow/example_dags/example_dag_decorator.py
[2025-10-30T20:31:37.601+0000] {logging_mixin.py:188} INFO - [2025-10-30T20:31:37.601+0000] {dag.py:3096} INFO - Sync 1 DAGs
[2025-10-30T20:31:37.613+0000] {logging_mixin.py:188} INFO - [2025-10-30T20:31:37.613+0000] {dag.py:3954} INFO - Setting next_dagrun for example_dag_decorator to None, run_after=None
[2025-10-30T20:31:37.637+0000] {processor.py:183} INFO - Processing /home/airflow/.local/lib/python3.12/site-packages/airflow/example_dags/example_dag_decorator.py took 0.426 seconds
[2025-10-30T20:32:07.680+0000] {processor.py:161} INFO - Started process (PID=361) to work on /home/airflow/.local/lib/python3.12/site-packages/airflow/example_dags/example_dag_decorator.py
[2025-10-30T20:32:07.682+0000] {processor.py:830} INFO - Processing file /home/airflow/.local/lib/python3.12/site-packages/airflow/example_dags/example_dag_decorator.py for tasks to queue
[2025-10-30T20:32:07.687+0000] {logging_mixin.py:188} INFO - [2025-10-30T20:32:07.686+0000] {dagbag.py:545} INFO - Filling up the DagBag from /home/airflow/.local/lib/python3.12/site-packages/airflow/example_dags/example_dag_decorator.py
[2025-10-30T20:32:07.958+0000] {processor.py:840} INFO - DAG(s) 'example_dag_decorator' retrieved from /home/airflow/.local/lib/python3.12/site-packages/airflow/example_dags/example_dag_decorator.py
[2025-10-30T20:32:08.203+0000] {logging_mixin.py:188} INFO - [2025-10-30T20:32:08.202+0000] {dag.py:3096} INFO - Sync 1 DAGs
[2025-10-30T20:32:08.221+0000] {logging_mixin.py:188} INFO - [2025-10-30T20:32:08.220+0000] {dag.py:3954} INFO - Setting next_dagrun for example_dag_decorator to None, run_after=None
[2025-10-30T20:32:08.257+0000] {processor.py:183} INFO - Processing /home/airflow/.local/lib/python3.12/site-packages/airflow/example_dags/example_dag_decorator.py took 0.591 seconds
[2025-10-30T20:32:38.809+0000] {processor.py:161} INFO - Started process (PID=419) to work on /home/airflow/.local/lib/python3.12/site-packages/airflow/example_dags/example_dag_decorator.py
[2025-10-30T20:32:38.811+0000] {processor.py:830} INFO - Processing file /home/airflow/.local/lib/python3.12/site-packages/airflow/example_dags/example_dag_decorator.py for tasks to queue
[2025-10-30T20:32:38.813+0000] {logging_mixin.py:188} INFO - [2025-10-30T20:32:38.813+0000] {dagbag.py:545} INFO - Filling up the DagBag from /home/airflow/.local/lib/python3.12/site-packages/airflow/example_dags/example_dag_decorator.py
[2025-10-30T20:32:38.950+0000] {processor.py:840} INFO - DAG(s) 'example_dag_decorator' retrieved from /home/airflow/.local/lib/python3.12/site-packages/airflow/example_dags/example_dag_decorator.py
[2025-10-30T20:32:39.083+0000] {logging_mixin.py:188} INFO - [2025-10-30T20:32:39.083+0000] {dag.py:3096} INFO - Sync 1 DAGs
[2025-10-30T20:32:39.096+0000] {logging_mixin.py:188} INFO - [2025-10-30T20:32:39.096+0000] {dag.py:3954} INFO - Setting next_dagrun for example_dag_decorator to None, run_after=None
[2025-10-30T20:32:39.117+0000] {processor.py:183} INFO - Processing /home/airflow/.local/lib/python3.12/site-packages/airflow/example_dags/example_dag_decorator.py took 0.318 seconds
[2025-10-30T20:33:09.933+0000] {processor.py:161} INFO - Started process (PID=477) to work on /home/airflow/.local/lib/python3.12/site-packages/airflow/example_dags/example_dag_decorator.py
[2025-10-30T20:33:09.935+0000] {processor.py:830} INFO - Processing file /home/airflow/.local/lib/python3.12/site-packages/airflow/example_dags/example_dag_decorator.py for tasks to queue
[2025-10-30T20:33:09.939+0000] {logging_mixin.py:188} INFO - [2025-10-30T20:33:09.939+0000] {dagbag.py:545} INFO - Filling up the DagBag from /home/airflow/.local/lib/python3.12/site-packages/airflow/example_dags/example_dag_decorator.py
[2025-10-30T20:33:10.102+0000] {processor.py:840} INFO - DAG(s) 'example_dag_decorator' retrieved from /home/airflow/.local/lib/python3.12/site-packages/airflow/example_dags/example_dag_decorator.py
[2025-10-30T20:33:10.246+0000] {logging_mixin.py:188} INFO - [2025-10-30T20:33:10.246+0000] {dag.py:3096} INFO - Sync 1 DAGs
[2025-10-30T20:33:10.259+0000] {logging_mixin.py:188} INFO - [2025-10-30T20:33:10.259+0000] {dag.py:3954} INFO - Setting next_dagrun for example_dag_decorator to None, run_after=None
[2025-10-30T20:33:10.285+0000] {processor.py:183} INFO - Processing /home/airflow/.local/lib/python3.12/site-packages/airflow/example_dags/example_dag_decorator.py took 0.364 seconds
[2025-10-30T20:33:41.088+0000] {processor.py:161} INFO - Started process (PID=535) to work on /home/airflow/.local/lib/python3.12/site-packages/airflow/example_dags/example_dag_decorator.py
[2025-10-30T20:33:41.090+0000] {processor.py:830} INFO - Processing file /home/airflow/.local/lib/python3.12/site-packages/airflow/example_dags/example_dag_decorator.py for tasks to queue
[2025-10-30T20:33:41.093+0000] {logging_mixin.py:188} INFO - [2025-10-30T20:33:41.093+0000] {dagbag.py:545} INFO - Filling up the DagBag from /home/airflow/.local/lib/python3.12/site-packages/airflow/example_dags/example_dag_decorator.py
[2025-10-30T20:33:41.235+0000] {processor.py:840} INFO - DAG(s) 'example_dag_decorator' retrieved from /home/airflow/.local/lib/python3.12/site-packages/airflow/example_dags/example_dag_decorator.py
[2025-10-30T20:33:41.384+0000] {logging_mixin.py:188} INFO - [2025-10-30T20:33:41.383+0000] {dag.py:3096} INFO - Sync 1 DAGs
[2025-10-30T20:33:41.396+0000] {logging_mixin.py:188} INFO - [2025-10-30T20:33:41.396+0000] {dag.py:3954} INFO - Setting next_dagrun for example_dag_decorator to None, run_after=None
[2025-10-30T20:33:41.419+0000] {processor.py:183} INFO - Processing /home/airflow/.local/lib/python3.12/site-packages/airflow/example_dags/example_dag_decorator.py took 0.340 seconds
[2025-10-30T20:34:11.502+0000] {processor.py:161} INFO - Started process (PID=594) to work on /home/airflow/.local/lib/python3.12/site-packages/airflow/example_dags/example_dag_decorator.py
[2025-10-30T20:34:11.503+0000] {processor.py:830} INFO - Processing file /home/airflow/.local/lib/python3.12/site-packages/airflow/example_dags/example_dag_decorator.py for tasks to queue
[2025-10-30T20:34:11.506+0000] {logging_mixin.py:188} INFO - [2025-10-30T20:34:11.505+0000] {dagbag.py:545} INFO - Filling up the DagBag from /home/airflow/.local/lib/python3.12/site-packages/airflow/example_dags/example_dag_decorator.py
[2025-10-30T20:34:11.637+0000] {processor.py:840} INFO - DAG(s) 'example_dag_decorator' retrieved from /home/airflow/.local/lib/python3.12/site-packages/airflow/example_dags/example_dag_decorator.py
[2025-10-30T20:34:11.767+0000] {logging_mixin.py:188} INFO - [2025-10-30T20:34:11.767+0000] {dag.py:3096} INFO - Sync 1 DAGs
[2025-10-30T20:34:11.781+0000] {logging_mixin.py:188} INFO - [2025-10-30T20:34:11.781+0000] {dag.py:3954} INFO - Setting next_dagrun for example_dag_decorator to None, run_after=None
[2025-10-30T20:34:11.807+0000] {processor.py:183} INFO - Processing /home/airflow/.local/lib/python3.12/site-packages/airflow/example_dags/example_dag_decorator.py took 0.313 seconds
[2025-10-30T20:34:41.930+0000] {processor.py:161} INFO - Started process (PID=651) to work on /home/airflow/.local/lib/python3.12/site-packages/airflow/example_dags/example_dag_decorator.py
[2025-10-30T20:34:41.931+0000] {processor.py:830} INFO - Processing file /home/airflow/.local/lib/python3.12/site-packages/airflow/example_dags/example_dag_decorator.py for tasks to queue
[2025-10-30T20:34:41.933+0000] {logging_mixin.py:188} INFO - [2025-10-30T20:34:41.933+0000] {dagbag.py:545} INFO - Filling up the DagBag from /home/airflow/.local/lib/python3.12/site-packages/airflow/example_dags/example_dag_decorator.py
[2025-10-30T20:34:42.095+0000] {processor.py:840} INFO - DAG(s) 'example_dag_decorator' retrieved from /home/airflow/.local/lib/python3.12/site-packages/airflow/example_dags/example_dag_decorator.py
[2025-10-30T20:34:42.296+0000] {logging_mixin.py:188} INFO - [2025-10-30T20:34:42.295+0000] {dag.py:3096} INFO - Sync 1 DAGs
[2025-10-30T20:34:42.324+0000] {logging_mixin.py:188} INFO - [2025-10-30T20:34:42.323+0000] {dag.py:3954} INFO - Setting next_dagrun for example_dag_decorator to None, run_after=None
[2025-10-30T20:34:42.421+0000] {processor.py:183} INFO - Processing /home/airflow/.local/lib/python3.12/site-packages/airflow/example_dags/example_dag_decorator.py took 0.499 seconds
[2025-10-30T20:35:12.603+0000] {processor.py:161} INFO - Started process (PID=711) to work on /home/airflow/.local/lib/python3.12/site-packages/airflow/example_dags/example_dag_decorator.py
[2025-10-30T20:35:12.604+0000] {processor.py:830} INFO - Processing file /home/airflow/.local/lib/python3.12/site-packages/airflow/example_dags/example_dag_decorator.py for tasks to queue
[2025-10-30T20:35:12.607+0000] {logging_mixin.py:188} INFO - [2025-10-30T20:35:12.606+0000] {dagbag.py:545} INFO - Filling up the DagBag from /home/airflow/.local/lib/python3.12/site-packages/airflow/example_dags/example_dag_decorator.py
[2025-10-30T20:35:12.744+0000] {processor.py:840} INFO - DAG(s) 'example_dag_decorator' retrieved from /home/airflow/.local/lib/python3.12/site-packages/airflow/example_dags/example_dag_decorator.py
[2025-10-30T20:35:12.867+0000] {logging_mixin.py:188} INFO - [2025-10-30T20:35:12.867+0000] {dag.py:3096} INFO - Sync 1 DAGs
[2025-10-30T20:35:12.880+0000] {logging_mixin.py:188} INFO - [2025-10-30T20:35:12.880+0000] {dag.py:3954} INFO - Setting next_dagrun for example_dag_decorator to None, run_after=None
[2025-10-30T20:35:12.902+0000] {processor.py:183} INFO - Processing /home/airflow/.local/lib/python3.12/site-packages/airflow/example_dags/example_dag_decorator.py took 0.309 seconds
[2025-10-30T20:35:42.981+0000] {processor.py:161} INFO - Started process (PID=769) to work on /home/airflow/.local/lib/python3.12/site-packages/airflow/example_dags/example_dag_decorator.py
[2025-10-30T20:35:42.982+0000] {processor.py:830} INFO - Processing file /home/airflow/.local/lib/python3.12/site-packages/airflow/example_dags/example_dag_decorator.py for tasks to queue
[2025-10-30T20:35:42.985+0000] {logging_mixin.py:188} INFO - [2025-10-30T20:35:42.985+0000] {dagbag.py:545} INFO - Filling up the DagBag from /home/airflow/.local/lib/python3.12/site-packages/airflow/example_dags/example_dag_decorator.py
[2025-10-30T20:35:43.116+0000] {processor.py:840} INFO - DAG(s) 'example_dag_decorator' retrieved from /home/airflow/.local/lib/python3.12/site-packages/airflow/example_dags/example_dag_decorator.py
[2025-10-30T20:35:43.384+0000] {logging_mixin.py:188} INFO - [2025-10-30T20:35:43.384+0000] {dag.py:3096} INFO - Sync 1 DAGs
[2025-10-30T20:35:43.396+0000] {logging_mixin.py:188} INFO - [2025-10-30T20:35:43.396+0000] {dag.py:3954} INFO - Setting next_dagrun for example_dag_decorator to None, run_after=None
[2025-10-30T20:35:43.418+0000] {processor.py:183} INFO - Processing /home/airflow/.local/lib/python3.12/site-packages/airflow/example_dags/example_dag_decorator.py took 0.444 seconds
[2025-10-30T20:36:13.481+0000] {processor.py:161} INFO - Started process (PID=825) to work on /home/airflow/.local/lib/python3.12/site-packages/airflow/example_dags/example_dag_decorator.py
[2025-10-30T20:36:13.483+0000] {processor.py:830} INFO - Processing file /home/airflow/.local/lib/python3.12/site-packages/airflow/example_dags/example_dag_decorator.py for tasks to queue
[2025-10-30T20:36:13.486+0000] {logging_mixin.py:188} INFO - [2025-10-30T20:36:13.485+0000] {dagbag.py:545} INFO - Filling up the DagBag from /home/airflow/.local/lib/python3.12/site-packages/airflow/example_dags/example_dag_decorator.py
[2025-10-30T20:36:13.645+0000] {processor.py:840} INFO - DAG(s) 'example_dag_decorator' retrieved from /home/airflow/.local/lib/python3.12/site-packages/airflow/example_dags/example_dag_decorator.py
[2025-10-30T20:36:13.922+0000] {logging_mixin.py:188} INFO - [2025-10-30T20:36:13.922+0000] {dag.py:3096} INFO - Sync 1 DAGs
[2025-10-30T20:36:13.935+0000] {logging_mixin.py:188} INFO - [2025-10-30T20:36:13.935+0000] {dag.py:3954} INFO - Setting next_dagrun for example_dag_decorator to None, run_after=None
[2025-10-30T20:36:13.960+0000] {processor.py:183} INFO - Processing /home/airflow/.local/lib/python3.12/site-packages/airflow/example_dags/example_dag_decorator.py took 0.490 seconds
[2025-10-30T20:36:44.081+0000] {processor.py:161} INFO - Started process (PID=883) to work on /home/airflow/.local/lib/python3.12/site-packages/airflow/example_dags/example_dag_decorator.py
[2025-10-30T20:36:44.083+0000] {processor.py:830} INFO - Processing file /home/airflow/.local/lib/python3.12/site-packages/airflow/example_dags/example_dag_decorator.py for tasks to queue
[2025-10-30T20:36:44.086+0000] {logging_mixin.py:188} INFO - [2025-10-30T20:36:44.086+0000] {dagbag.py:545} INFO - Filling up the DagBag from /home/airflow/.local/lib/python3.12/site-packages/airflow/example_dags/example_dag_decorator.py
[2025-10-30T20:36:44.220+0000] {processor.py:840} INFO - DAG(s) 'example_dag_decorator' retrieved from /home/airflow/.local/lib/python3.12/site-packages/airflow/example_dags/example_dag_decorator.py
[2025-10-30T20:36:44.520+0000] {logging_mixin.py:188} INFO - [2025-10-30T20:36:44.520+0000] {dag.py:3096} INFO - Sync 1 DAGs
[2025-10-30T20:36:44.533+0000] {logging_mixin.py:188} INFO - [2025-10-30T20:36:44.533+0000] {dag.py:3954} INFO - Setting next_dagrun for example_dag_decorator to None, run_after=None
[2025-10-30T20:36:44.555+0000] {processor.py:183} INFO - Processing /home/airflow/.local/lib/python3.12/site-packages/airflow/example_dags/example_dag_decorator.py took 0.483 seconds
[2025-10-30T20:37:14.690+0000] {processor.py:161} INFO - Started process (PID=944) to work on /home/airflow/.local/lib/python3.12/site-packages/airflow/example_dags/example_dag_decorator.py
[2025-10-30T20:37:14.692+0000] {processor.py:830} INFO - Processing file /home/airflow/.local/lib/python3.12/site-packages/airflow/example_dags/example_dag_decorator.py for tasks to queue
[2025-10-30T20:37:14.695+0000] {logging_mixin.py:188} INFO - [2025-10-30T20:37:14.695+0000] {dagbag.py:545} INFO - Filling up the DagBag from /home/airflow/.local/lib/python3.12/site-packages/airflow/example_dags/example_dag_decorator.py
[2025-10-30T20:37:14.865+0000] {processor.py:840} INFO - DAG(s) 'example_dag_decorator' retrieved from /home/airflow/.local/lib/python3.12/site-packages/airflow/example_dags/example_dag_decorator.py
[2025-10-30T20:37:15.204+0000] {logging_mixin.py:188} INFO - [2025-10-30T20:37:15.204+0000] {dag.py:3096} INFO - Sync 1 DAGs
[2025-10-30T20:37:15.217+0000] {logging_mixin.py:188} INFO - [2025-10-30T20:37:15.217+0000] {dag.py:3954} INFO - Setting next_dagrun for example_dag_decorator to None, run_after=None
[2025-10-30T20:37:15.237+0000] {processor.py:183} INFO - Processing /home/airflow/.local/lib/python3.12/site-packages/airflow/example_dags/example_dag_decorator.py took 0.556 seconds
[2025-10-30T20:37:45.301+0000] {processor.py:161} INFO - Started process (PID=1003) to work on /home/airflow/.local/lib/python3.12/site-packages/airflow/example_dags/example_dag_decorator.py
[2025-10-30T20:37:45.302+0000] {processor.py:830} INFO - Processing file /home/airflow/.local/lib/python3.12/site-packages/airflow/example_dags/example_dag_decorator.py for tasks to queue
[2025-10-30T20:37:45.305+0000] {logging_mixin.py:188} INFO - [2025-10-30T20:37:45.305+0000] {dagbag.py:545} INFO - Filling up the DagBag from /home/airflow/.local/lib/python3.12/site-packages/airflow/example_dags/example_dag_decorator.py
[2025-10-30T20:37:45.449+0000] {processor.py:840} INFO - DAG(s) 'example_dag_decorator' retrieved from /home/airflow/.local/lib/python3.12/site-packages/airflow/example_dags/example_dag_decorator.py
[2025-10-30T20:37:45.755+0000] {logging_mixin.py:188} INFO - [2025-10-30T20:37:45.755+0000] {dag.py:3096} INFO - Sync 1 DAGs
[2025-10-30T20:37:45.767+0000] {logging_mixin.py:188} INFO - [2025-10-30T20:37:45.767+0000] {dag.py:3954} INFO - Setting next_dagrun for example_dag_decorator to None, run_after=None
[2025-10-30T20:37:45.789+0000] {processor.py:183} INFO - Processing /home/airflow/.local/lib/python3.12/site-packages/airflow/example_dags/example_dag_decorator.py took 0.498 seconds
[2025-10-30T20:38:16.662+0000] {processor.py:161} INFO - Started process (PID=1061) to work on /home/airflow/.local/lib/python3.12/site-packages/airflow/example_dags/example_dag_decorator.py
[2025-10-30T20:38:16.663+0000] {processor.py:830} INFO - Processing file /home/airflow/.local/lib/python3.12/site-packages/airflow/example_dags/example_dag_decorator.py for tasks to queue
[2025-10-30T20:38:16.665+0000] {logging_mixin.py:188} INFO - [2025-10-30T20:38:16.665+0000] {dagbag.py:545} INFO - Filling up the DagBag from /home/airflow/.local/lib/python3.12/site-packages/airflow/example_dags/example_dag_decorator.py
[2025-10-30T20:38:16.793+0000] {processor.py:840} INFO - DAG(s) 'example_dag_decorator' retrieved from /home/airflow/.local/lib/python3.12/site-packages/airflow/example_dags/example_dag_decorator.py
[2025-10-30T20:38:17.088+0000] {logging_mixin.py:188} INFO - [2025-10-30T20:38:17.087+0000] {dag.py:3096} INFO - Sync 1 DAGs
[2025-10-30T20:38:17.101+0000] {logging_mixin.py:188} INFO - [2025-10-30T20:38:17.101+0000] {dag.py:3954} INFO - Setting next_dagrun for example_dag_decorator to None, run_after=None
[2025-10-30T20:38:17.125+0000] {processor.py:183} INFO - Processing /home/airflow/.local/lib/python3.12/site-packages/airflow/example_dags/example_dag_decorator.py took 0.471 seconds
[2025-10-30T20:38:47.171+0000] {processor.py:161} INFO - Started process (PID=1120) to work on /home/airflow/.local/lib/python3.12/site-packages/airflow/example_dags/example_dag_decorator.py
[2025-10-30T20:38:47.175+0000] {processor.py:830} INFO - Processing file /home/airflow/.local/lib/python3.12/site-packages/airflow/example_dags/example_dag_decorator.py for tasks to queue
[2025-10-30T20:38:47.177+0000] {logging_mixin.py:188} INFO - [2025-10-30T20:38:47.177+0000] {dagbag.py:545} INFO - Filling up the DagBag from /home/airflow/.local/lib/python3.12/site-packages/airflow/example_dags/example_dag_decorator.py
[2025-10-30T20:38:47.462+0000] {processor.py:840} INFO - DAG(s) 'example_dag_decorator' retrieved from /home/airflow/.local/lib/python3.12/site-packages/airflow/example_dags/example_dag_decorator.py
[2025-10-30T20:38:47.580+0000] {logging_mixin.py:188} INFO - [2025-10-30T20:38:47.579+0000] {dag.py:3096} INFO - Sync 1 DAGs
[2025-10-30T20:38:47.591+0000] {logging_mixin.py:188} INFO - [2025-10-30T20:38:47.591+0000] {dag.py:3954} INFO - Setting next_dagrun for example_dag_decorator to None, run_after=None
[2025-10-30T20:38:47.613+0000] {processor.py:183} INFO - Processing /home/airflow/.local/lib/python3.12/site-packages/airflow/example_dags/example_dag_decorator.py took 0.449 seconds
[2025-10-30T20:39:18.011+0000] {processor.py:161} INFO - Started process (PID=1178) to work on /home/airflow/.local/lib/python3.12/site-packages/airflow/example_dags/example_dag_decorator.py
[2025-10-30T20:39:18.013+0000] {processor.py:830} INFO - Processing file /home/airflow/.local/lib/python3.12/site-packages/airflow/example_dags/example_dag_decorator.py for tasks to queue
[2025-10-30T20:39:18.016+0000] {logging_mixin.py:188} INFO - [2025-10-30T20:39:18.016+0000] {dagbag.py:545} INFO - Filling up the DagBag from /home/airflow/.local/lib/python3.12/site-packages/airflow/example_dags/example_dag_decorator.py
[2025-10-30T20:39:18.173+0000] {processor.py:840} INFO - DAG(s) 'example_dag_decorator' retrieved from /home/airflow/.local/lib/python3.12/site-packages/airflow/example_dags/example_dag_decorator.py
[2025-10-30T20:39:18.481+0000] {logging_mixin.py:188} INFO - [2025-10-30T20:39:18.481+0000] {dag.py:3096} INFO - Sync 1 DAGs
[2025-10-30T20:39:18.493+0000] {logging_mixin.py:188} INFO - [2025-10-30T20:39:18.493+0000] {dag.py:3954} INFO - Setting next_dagrun for example_dag_decorator to None, run_after=None
[2025-10-30T20:39:18.517+0000] {processor.py:183} INFO - Processing /home/airflow/.local/lib/python3.12/site-packages/airflow/example_dags/example_dag_decorator.py took 0.518 seconds
[2025-10-30T20:39:48.903+0000] {processor.py:161} INFO - Started process (PID=1237) to work on /home/airflow/.local/lib/python3.12/site-packages/airflow/example_dags/example_dag_decorator.py
[2025-10-30T20:39:48.906+0000] {processor.py:830} INFO - Processing file /home/airflow/.local/lib/python3.12/site-packages/airflow/example_dags/example_dag_decorator.py for tasks to queue
[2025-10-30T20:39:48.909+0000] {logging_mixin.py:188} INFO - [2025-10-30T20:39:48.909+0000] {dagbag.py:545} INFO - Filling up the DagBag from /home/airflow/.local/lib/python3.12/site-packages/airflow/example_dags/example_dag_decorator.py
[2025-10-30T20:39:49.377+0000] {processor.py:840} INFO - DAG(s) 'example_dag_decorator' retrieved from /home/airflow/.local/lib/python3.12/site-packages/airflow/example_dags/example_dag_decorator.py
[2025-10-30T20:39:50.601+0000] {logging_mixin.py:188} INFO - [2025-10-30T20:39:50.600+0000] {dag.py:3096} INFO - Sync 1 DAGs
[2025-10-30T20:39:50.636+0000] {logging_mixin.py:188} INFO - [2025-10-30T20:39:50.636+0000] {dag.py:3954} INFO - Setting next_dagrun for example_dag_decorator to None, run_after=None
[2025-10-30T20:39:50.684+0000] {processor.py:183} INFO - Processing /home/airflow/.local/lib/python3.12/site-packages/airflow/example_dags/example_dag_decorator.py took 1.795 seconds
[2025-10-30T20:40:20.989+0000] {processor.py:161} INFO - Started process (PID=1299) to work on /home/airflow/.local/lib/python3.12/site-packages/airflow/example_dags/example_dag_decorator.py
[2025-10-30T20:40:20.990+0000] {processor.py:830} INFO - Processing file /home/airflow/.local/lib/python3.12/site-packages/airflow/example_dags/example_dag_decorator.py for tasks to queue
[2025-10-30T20:40:20.994+0000] {logging_mixin.py:188} INFO - [2025-10-30T20:40:20.993+0000] {dagbag.py:545} INFO - Filling up the DagBag from /home/airflow/.local/lib/python3.12/site-packages/airflow/example_dags/example_dag_decorator.py
[2025-10-30T20:40:21.186+0000] {processor.py:840} INFO - DAG(s) 'example_dag_decorator' retrieved from /home/airflow/.local/lib/python3.12/site-packages/airflow/example_dags/example_dag_decorator.py
[2025-10-30T20:40:21.752+0000] {logging_mixin.py:188} INFO - [2025-10-30T20:40:21.751+0000] {dag.py:3096} INFO - Sync 1 DAGs
[2025-10-30T20:40:21.772+0000] {logging_mixin.py:188} INFO - [2025-10-30T20:40:21.772+0000] {dag.py:3954} INFO - Setting next_dagrun for example_dag_decorator to None, run_after=None
[2025-10-30T20:40:21.808+0000] {processor.py:183} INFO - Processing /home/airflow/.local/lib/python3.12/site-packages/airflow/example_dags/example_dag_decorator.py took 0.831 seconds
[2025-10-30T20:40:52.642+0000] {processor.py:161} INFO - Started process (PID=1358) to work on /home/airflow/.local/lib/python3.12/site-packages/airflow/example_dags/example_dag_decorator.py
[2025-10-30T20:40:52.657+0000] {processor.py:830} INFO - Processing file /home/airflow/.local/lib/python3.12/site-packages/airflow/example_dags/example_dag_decorator.py for tasks to queue
[2025-10-30T20:40:52.673+0000] {logging_mixin.py:188} INFO - [2025-10-30T20:40:52.672+0000] {dagbag.py:545} INFO - Filling up the DagBag from /home/airflow/.local/lib/python3.12/site-packages/airflow/example_dags/example_dag_decorator.py
[2025-10-30T20:40:53.556+0000] {processor.py:840} INFO - DAG(s) 'example_dag_decorator' retrieved from /home/airflow/.local/lib/python3.12/site-packages/airflow/example_dags/example_dag_decorator.py
[2025-10-30T20:40:53.843+0000] {logging_mixin.py:188} INFO - [2025-10-30T20:40:53.843+0000] {dag.py:3096} INFO - Sync 1 DAGs
[2025-10-30T20:40:53.899+0000] {logging_mixin.py:188} INFO - [2025-10-30T20:40:53.898+0000] {dag.py:3954} INFO - Setting next_dagrun for example_dag_decorator to None, run_after=None
[2025-10-30T20:40:53.960+0000] {processor.py:183} INFO - Processing /home/airflow/.local/lib/python3.12/site-packages/airflow/example_dags/example_dag_decorator.py took 1.332 seconds
[2025-10-30T20:41:24.803+0000] {processor.py:161} INFO - Started process (PID=1417) to work on /home/airflow/.local/lib/python3.12/site-packages/airflow/example_dags/example_dag_decorator.py
[2025-10-30T20:41:24.805+0000] {processor.py:830} INFO - Processing file /home/airflow/.local/lib/python3.12/site-packages/airflow/example_dags/example_dag_decorator.py for tasks to queue
[2025-10-30T20:41:24.808+0000] {logging_mixin.py:188} INFO - [2025-10-30T20:41:24.807+0000] {dagbag.py:545} INFO - Filling up the DagBag from /home/airflow/.local/lib/python3.12/site-packages/airflow/example_dags/example_dag_decorator.py
[2025-10-30T20:41:25.132+0000] {processor.py:840} INFO - DAG(s) 'example_dag_decorator' retrieved from /home/airflow/.local/lib/python3.12/site-packages/airflow/example_dags/example_dag_decorator.py
[2025-10-30T20:41:25.264+0000] {logging_mixin.py:188} INFO - [2025-10-30T20:41:25.264+0000] {dag.py:3096} INFO - Sync 1 DAGs
[2025-10-30T20:41:25.276+0000] {logging_mixin.py:188} INFO - [2025-10-30T20:41:25.276+0000] {dag.py:3954} INFO - Setting next_dagrun for example_dag_decorator to None, run_after=None
[2025-10-30T20:41:25.299+0000] {processor.py:183} INFO - Processing /home/airflow/.local/lib/python3.12/site-packages/airflow/example_dags/example_dag_decorator.py took 0.504 seconds
[2025-10-30T20:41:55.391+0000] {processor.py:161} INFO - Started process (PID=1476) to work on /home/airflow/.local/lib/python3.12/site-packages/airflow/example_dags/example_dag_decorator.py
[2025-10-30T20:41:55.393+0000] {processor.py:830} INFO - Processing file /home/airflow/.local/lib/python3.12/site-packages/airflow/example_dags/example_dag_decorator.py for tasks to queue
[2025-10-30T20:41:55.395+0000] {logging_mixin.py:188} INFO - [2025-10-30T20:41:55.395+0000] {dagbag.py:545} INFO - Filling up the DagBag from /home/airflow/.local/lib/python3.12/site-packages/airflow/example_dags/example_dag_decorator.py
[2025-10-30T20:41:55.738+0000] {processor.py:840} INFO - DAG(s) 'example_dag_decorator' retrieved from /home/airflow/.local/lib/python3.12/site-packages/airflow/example_dags/example_dag_decorator.py
[2025-10-30T20:41:55.948+0000] {logging_mixin.py:188} INFO - [2025-10-30T20:41:55.946+0000] {dag.py:3096} INFO - Sync 1 DAGs
[2025-10-30T20:41:55.968+0000] {logging_mixin.py:188} INFO - [2025-10-30T20:41:55.968+0000] {dag.py:3954} INFO - Setting next_dagrun for example_dag_decorator to None, run_after=None
[2025-10-30T20:41:56.014+0000] {processor.py:183} INFO - Processing /home/airflow/.local/lib/python3.12/site-packages/airflow/example_dags/example_dag_decorator.py took 0.630 seconds
[2025-10-30T20:42:26.486+0000] {processor.py:161} INFO - Started process (PID=1534) to work on /home/airflow/.local/lib/python3.12/site-packages/airflow/example_dags/example_dag_decorator.py
[2025-10-30T20:42:26.488+0000] {processor.py:830} INFO - Processing file /home/airflow/.local/lib/python3.12/site-packages/airflow/example_dags/example_dag_decorator.py for tasks to queue
[2025-10-30T20:42:26.491+0000] {logging_mixin.py:188} INFO - [2025-10-30T20:42:26.491+0000] {dagbag.py:545} INFO - Filling up the DagBag from /home/airflow/.local/lib/python3.12/site-packages/airflow/example_dags/example_dag_decorator.py
[2025-10-30T20:42:26.832+0000] {processor.py:840} INFO - DAG(s) 'example_dag_decorator' retrieved from /home/airflow/.local/lib/python3.12/site-packages/airflow/example_dags/example_dag_decorator.py
[2025-10-30T20:42:26.979+0000] {logging_mixin.py:188} INFO - [2025-10-30T20:42:26.979+0000] {dag.py:3096} INFO - Sync 1 DAGs
[2025-10-30T20:42:26.990+0000] {logging_mixin.py:188} INFO - [2025-10-30T20:42:26.990+0000] {dag.py:3954} INFO - Setting next_dagrun for example_dag_decorator to None, run_after=None
[2025-10-30T20:42:27.011+0000] {processor.py:183} INFO - Processing /home/airflow/.local/lib/python3.12/site-packages/airflow/example_dags/example_dag_decorator.py took 0.533 seconds
[2025-10-30T21:06:11.465+0000] {processor.py:161} INFO - Started process (PID=69) to work on /home/airflow/.local/lib/python3.12/site-packages/airflow/example_dags/example_dag_decorator.py
[2025-10-30T21:06:11.486+0000] {processor.py:830} INFO - Processing file /home/airflow/.local/lib/python3.12/site-packages/airflow/example_dags/example_dag_decorator.py for tasks to queue
[2025-10-30T21:06:11.524+0000] {logging_mixin.py:188} INFO - [2025-10-30T21:06:11.522+0000] {dagbag.py:545} INFO - Filling up the DagBag from /home/airflow/.local/lib/python3.12/site-packages/airflow/example_dags/example_dag_decorator.py
[2025-10-30T21:06:12.839+0000] {processor.py:840} INFO - DAG(s) 'example_dag_decorator' retrieved from /home/airflow/.local/lib/python3.12/site-packages/airflow/example_dags/example_dag_decorator.py
[2025-10-30T21:06:13.275+0000] {logging_mixin.py:188} INFO - [2025-10-30T21:06:13.274+0000] {dag.py:3096} INFO - Sync 1 DAGs
[2025-10-30T21:06:13.310+0000] {logging_mixin.py:188} INFO - [2025-10-30T21:06:13.310+0000] {dag.py:3954} INFO - Setting next_dagrun for example_dag_decorator to None, run_after=None
[2025-10-30T21:06:13.362+0000] {processor.py:183} INFO - Processing /home/airflow/.local/lib/python3.12/site-packages/airflow/example_dags/example_dag_decorator.py took 1.926 seconds
[2025-10-30T21:06:43.471+0000] {processor.py:161} INFO - Started process (PID=128) to work on /home/airflow/.local/lib/python3.12/site-packages/airflow/example_dags/example_dag_decorator.py
[2025-10-30T21:06:43.476+0000] {processor.py:830} INFO - Processing file /home/airflow/.local/lib/python3.12/site-packages/airflow/example_dags/example_dag_decorator.py for tasks to queue
[2025-10-30T21:06:43.498+0000] {logging_mixin.py:188} INFO - [2025-10-30T21:06:43.497+0000] {dagbag.py:545} INFO - Filling up the DagBag from /home/airflow/.local/lib/python3.12/site-packages/airflow/example_dags/example_dag_decorator.py
[2025-10-30T21:06:43.887+0000] {processor.py:840} INFO - DAG(s) 'example_dag_decorator' retrieved from /home/airflow/.local/lib/python3.12/site-packages/airflow/example_dags/example_dag_decorator.py
[2025-10-30T21:06:44.144+0000] {logging_mixin.py:188} INFO - [2025-10-30T21:06:44.144+0000] {dag.py:3096} INFO - Sync 1 DAGs
[2025-10-30T21:06:44.170+0000] {logging_mixin.py:188} INFO - [2025-10-30T21:06:44.169+0000] {dag.py:3954} INFO - Setting next_dagrun for example_dag_decorator to None, run_after=None
[2025-10-30T21:06:44.209+0000] {processor.py:183} INFO - Processing /home/airflow/.local/lib/python3.12/site-packages/airflow/example_dags/example_dag_decorator.py took 0.782 seconds
[2025-10-30T21:07:14.431+0000] {processor.py:161} INFO - Started process (PID=188) to work on /home/airflow/.local/lib/python3.12/site-packages/airflow/example_dags/example_dag_decorator.py
[2025-10-30T21:07:14.434+0000] {processor.py:830} INFO - Processing file /home/airflow/.local/lib/python3.12/site-packages/airflow/example_dags/example_dag_decorator.py for tasks to queue
[2025-10-30T21:07:14.438+0000] {logging_mixin.py:188} INFO - [2025-10-30T21:07:14.437+0000] {dagbag.py:545} INFO - Filling up the DagBag from /home/airflow/.local/lib/python3.12/site-packages/airflow/example_dags/example_dag_decorator.py
[2025-10-30T21:07:14.947+0000] {processor.py:840} INFO - DAG(s) 'example_dag_decorator' retrieved from /home/airflow/.local/lib/python3.12/site-packages/airflow/example_dags/example_dag_decorator.py
[2025-10-30T21:07:15.479+0000] {logging_mixin.py:188} INFO - [2025-10-30T21:07:15.478+0000] {dag.py:3096} INFO - Sync 1 DAGs
[2025-10-30T21:07:15.714+0000] {logging_mixin.py:188} INFO - [2025-10-30T21:07:15.709+0000] {dag.py:3954} INFO - Setting next_dagrun for example_dag_decorator to None, run_after=None
[2025-10-30T21:07:15.872+0000] {processor.py:183} INFO - Processing /home/airflow/.local/lib/python3.12/site-packages/airflow/example_dags/example_dag_decorator.py took 1.453 seconds
[2025-10-30T21:07:46.233+0000] {processor.py:161} INFO - Started process (PID=251) to work on /home/airflow/.local/lib/python3.12/site-packages/airflow/example_dags/example_dag_decorator.py
[2025-10-30T21:07:46.236+0000] {processor.py:830} INFO - Processing file /home/airflow/.local/lib/python3.12/site-packages/airflow/example_dags/example_dag_decorator.py for tasks to queue
[2025-10-30T21:07:46.240+0000] {logging_mixin.py:188} INFO - [2025-10-30T21:07:46.239+0000] {dagbag.py:545} INFO - Filling up the DagBag from /home/airflow/.local/lib/python3.12/site-packages/airflow/example_dags/example_dag_decorator.py
[2025-10-30T21:07:46.486+0000] {processor.py:840} INFO - DAG(s) 'example_dag_decorator' retrieved from /home/airflow/.local/lib/python3.12/site-packages/airflow/example_dags/example_dag_decorator.py
[2025-10-30T21:07:46.989+0000] {logging_mixin.py:188} INFO - [2025-10-30T21:07:46.988+0000] {dag.py:3096} INFO - Sync 1 DAGs
[2025-10-30T21:07:47.015+0000] {logging_mixin.py:188} INFO - [2025-10-30T21:07:47.015+0000] {dag.py:3954} INFO - Setting next_dagrun for example_dag_decorator to None, run_after=None
[2025-10-30T21:07:47.070+0000] {processor.py:183} INFO - Processing /home/airflow/.local/lib/python3.12/site-packages/airflow/example_dags/example_dag_decorator.py took 0.850 seconds
[2025-10-30T21:08:17.188+0000] {processor.py:161} INFO - Started process (PID=313) to work on /home/airflow/.local/lib/python3.12/site-packages/airflow/example_dags/example_dag_decorator.py
[2025-10-30T21:08:17.190+0000] {processor.py:830} INFO - Processing file /home/airflow/.local/lib/python3.12/site-packages/airflow/example_dags/example_dag_decorator.py for tasks to queue
[2025-10-30T21:08:17.193+0000] {logging_mixin.py:188} INFO - [2025-10-30T21:08:17.192+0000] {dagbag.py:545} INFO - Filling up the DagBag from /home/airflow/.local/lib/python3.12/site-packages/airflow/example_dags/example_dag_decorator.py
[2025-10-30T21:08:17.390+0000] {processor.py:840} INFO - DAG(s) 'example_dag_decorator' retrieved from /home/airflow/.local/lib/python3.12/site-packages/airflow/example_dags/example_dag_decorator.py
[2025-10-30T21:08:17.578+0000] {logging_mixin.py:188} INFO - [2025-10-30T21:08:17.578+0000] {dag.py:3096} INFO - Sync 1 DAGs
[2025-10-30T21:08:17.596+0000] {logging_mixin.py:188} INFO - [2025-10-30T21:08:17.595+0000] {dag.py:3954} INFO - Setting next_dagrun for example_dag_decorator to None, run_after=None
[2025-10-30T21:08:17.622+0000] {processor.py:183} INFO - Processing /home/airflow/.local/lib/python3.12/site-packages/airflow/example_dags/example_dag_decorator.py took 0.442 seconds
[2025-10-30T21:09:00.509+0000] {processor.py:161} INFO - Started process (PID=373) to work on /home/airflow/.local/lib/python3.12/site-packages/airflow/example_dags/example_dag_decorator.py
[2025-10-30T21:09:00.513+0000] {processor.py:830} INFO - Processing file /home/airflow/.local/lib/python3.12/site-packages/airflow/example_dags/example_dag_decorator.py for tasks to queue
[2025-10-30T21:09:00.521+0000] {logging_mixin.py:188} INFO - [2025-10-30T21:09:00.520+0000] {dagbag.py:545} INFO - Filling up the DagBag from /home/airflow/.local/lib/python3.12/site-packages/airflow/example_dags/example_dag_decorator.py
[2025-10-30T21:09:01.497+0000] {processor.py:840} INFO - DAG(s) 'example_dag_decorator' retrieved from /home/airflow/.local/lib/python3.12/site-packages/airflow/example_dags/example_dag_decorator.py
[2025-10-30T21:09:02.565+0000] {logging_mixin.py:188} INFO - [2025-10-30T21:09:02.563+0000] {dag.py:3096} INFO - Sync 1 DAGs
[2025-10-30T21:09:02.661+0000] {logging_mixin.py:188} INFO - [2025-10-30T21:09:02.659+0000] {dag.py:3954} INFO - Setting next_dagrun for example_dag_decorator to None, run_after=None
[2025-10-30T21:09:02.810+0000] {processor.py:183} INFO - Processing /home/airflow/.local/lib/python3.12/site-packages/airflow/example_dags/example_dag_decorator.py took 2.313 seconds
[2025-10-30T21:09:33.511+0000] {processor.py:161} INFO - Started process (PID=428) to work on /home/airflow/.local/lib/python3.12/site-packages/airflow/example_dags/example_dag_decorator.py
[2025-10-30T21:09:33.596+0000] {processor.py:830} INFO - Processing file /home/airflow/.local/lib/python3.12/site-packages/airflow/example_dags/example_dag_decorator.py for tasks to queue
[2025-10-30T21:09:33.651+0000] {logging_mixin.py:188} INFO - [2025-10-30T21:09:33.650+0000] {dagbag.py:545} INFO - Filling up the DagBag from /home/airflow/.local/lib/python3.12/site-packages/airflow/example_dags/example_dag_decorator.py
[2025-10-30T21:09:34.455+0000] {processor.py:840} INFO - DAG(s) 'example_dag_decorator' retrieved from /home/airflow/.local/lib/python3.12/site-packages/airflow/example_dags/example_dag_decorator.py
[2025-10-30T21:09:35.281+0000] {logging_mixin.py:188} INFO - [2025-10-30T21:09:35.280+0000] {dag.py:3096} INFO - Sync 1 DAGs
[2025-10-30T21:09:35.353+0000] {logging_mixin.py:188} INFO - [2025-10-30T21:09:35.348+0000] {dag.py:3954} INFO - Setting next_dagrun for example_dag_decorator to None, run_after=None
[2025-10-30T21:09:35.421+0000] {processor.py:183} INFO - Processing /home/airflow/.local/lib/python3.12/site-packages/airflow/example_dags/example_dag_decorator.py took 2.035 seconds
