[2025-10-30T20:29:44.962+0000] {processor.py:161} INFO - Started process (PID=96) to work on /home/airflow/.local/lib/python3.12/site-packages/airflow/example_dags/example_branch_labels.py
[2025-10-30T20:29:44.964+0000] {processor.py:830} INFO - Processing file /home/airflow/.local/lib/python3.12/site-packages/airflow/example_dags/example_branch_labels.py for tasks to queue
[2025-10-30T20:29:44.969+0000] {logging_mixin.py:188} INFO - [2025-10-30T20:29:44.968+0000] {dagbag.py:545} INFO - Filling up the DagBag from /home/airflow/.local/lib/python3.12/site-packages/airflow/example_dags/example_branch_labels.py
[2025-10-30T20:29:45.056+0000] {processor.py:840} INFO - DAG(s) 'example_branch_labels' retrieved from /home/airflow/.local/lib/python3.12/site-packages/airflow/example_dags/example_branch_labels.py
[2025-10-30T20:29:45.491+0000] {logging_mixin.py:188} INFO - [2025-10-30T20:29:45.490+0000] {dag.py:3096} INFO - Sync 1 DAGs
[2025-10-30T20:29:45.546+0000] {logging_mixin.py:188} INFO - [2025-10-30T20:29:45.545+0000] {dag.py:3954} INFO - Setting next_dagrun for example_branch_labels to 2025-10-29 00:00:00+00:00, run_after=2025-10-30 00:00:00+00:00
[2025-10-30T20:29:45.589+0000] {processor.py:183} INFO - Processing /home/airflow/.local/lib/python3.12/site-packages/airflow/example_dags/example_branch_labels.py took 0.642 seconds
[2025-10-30T20:30:16.080+0000] {processor.py:161} INFO - Started process (PID=154) to work on /home/airflow/.local/lib/python3.12/site-packages/airflow/example_dags/example_branch_labels.py
[2025-10-30T20:30:16.082+0000] {processor.py:830} INFO - Processing file /home/airflow/.local/lib/python3.12/site-packages/airflow/example_dags/example_branch_labels.py for tasks to queue
[2025-10-30T20:30:16.085+0000] {logging_mixin.py:188} INFO - [2025-10-30T20:30:16.084+0000] {dagbag.py:545} INFO - Filling up the DagBag from /home/airflow/.local/lib/python3.12/site-packages/airflow/example_dags/example_branch_labels.py
[2025-10-30T20:30:16.097+0000] {processor.py:840} INFO - DAG(s) 'example_branch_labels' retrieved from /home/airflow/.local/lib/python3.12/site-packages/airflow/example_dags/example_branch_labels.py
[2025-10-30T20:30:16.127+0000] {logging_mixin.py:188} INFO - [2025-10-30T20:30:16.127+0000] {dag.py:3096} INFO - Sync 1 DAGs
[2025-10-30T20:30:16.154+0000] {logging_mixin.py:188} INFO - [2025-10-30T20:30:16.153+0000] {dag.py:3954} INFO - Setting next_dagrun for example_branch_labels to 2025-10-29 00:00:00+00:00, run_after=2025-10-30 00:00:00+00:00
[2025-10-30T20:30:16.177+0000] {processor.py:183} INFO - Processing /home/airflow/.local/lib/python3.12/site-packages/airflow/example_dags/example_branch_labels.py took 0.105 seconds
[2025-10-30T20:30:46.285+0000] {processor.py:161} INFO - Started process (PID=213) to work on /home/airflow/.local/lib/python3.12/site-packages/airflow/example_dags/example_branch_labels.py
[2025-10-30T20:30:46.287+0000] {processor.py:830} INFO - Processing file /home/airflow/.local/lib/python3.12/site-packages/airflow/example_dags/example_branch_labels.py for tasks to queue
[2025-10-30T20:30:46.290+0000] {logging_mixin.py:188} INFO - [2025-10-30T20:30:46.290+0000] {dagbag.py:545} INFO - Filling up the DagBag from /home/airflow/.local/lib/python3.12/site-packages/airflow/example_dags/example_branch_labels.py
[2025-10-30T20:30:46.307+0000] {processor.py:840} INFO - DAG(s) 'example_branch_labels' retrieved from /home/airflow/.local/lib/python3.12/site-packages/airflow/example_dags/example_branch_labels.py
[2025-10-30T20:30:46.357+0000] {logging_mixin.py:188} INFO - [2025-10-30T20:30:46.357+0000] {dag.py:3096} INFO - Sync 1 DAGs
[2025-10-30T20:30:46.404+0000] {logging_mixin.py:188} INFO - [2025-10-30T20:30:46.404+0000] {dag.py:3954} INFO - Setting next_dagrun for example_branch_labels to 2025-10-29 00:00:00+00:00, run_after=2025-10-30 00:00:00+00:00
[2025-10-30T20:30:46.443+0000] {processor.py:183} INFO - Processing /home/airflow/.local/lib/python3.12/site-packages/airflow/example_dags/example_branch_labels.py took 0.172 seconds
[2025-10-30T20:31:17.029+0000] {processor.py:161} INFO - Started process (PID=271) to work on /home/airflow/.local/lib/python3.12/site-packages/airflow/example_dags/example_branch_labels.py
[2025-10-30T20:31:17.033+0000] {processor.py:830} INFO - Processing file /home/airflow/.local/lib/python3.12/site-packages/airflow/example_dags/example_branch_labels.py for tasks to queue
[2025-10-30T20:31:17.037+0000] {logging_mixin.py:188} INFO - [2025-10-30T20:31:17.036+0000] {dagbag.py:545} INFO - Filling up the DagBag from /home/airflow/.local/lib/python3.12/site-packages/airflow/example_dags/example_branch_labels.py
[2025-10-30T20:31:17.051+0000] {processor.py:840} INFO - DAG(s) 'example_branch_labels' retrieved from /home/airflow/.local/lib/python3.12/site-packages/airflow/example_dags/example_branch_labels.py
[2025-10-30T20:31:17.096+0000] {logging_mixin.py:188} INFO - [2025-10-30T20:31:17.095+0000] {dag.py:3096} INFO - Sync 1 DAGs
[2025-10-30T20:31:17.139+0000] {logging_mixin.py:188} INFO - [2025-10-30T20:31:17.139+0000] {dag.py:3954} INFO - Setting next_dagrun for example_branch_labels to 2025-10-29 00:00:00+00:00, run_after=2025-10-30 00:00:00+00:00
[2025-10-30T20:31:17.172+0000] {processor.py:183} INFO - Processing /home/airflow/.local/lib/python3.12/site-packages/airflow/example_dags/example_branch_labels.py took 0.152 seconds
[2025-10-30T20:31:48.029+0000] {processor.py:161} INFO - Started process (PID=329) to work on /home/airflow/.local/lib/python3.12/site-packages/airflow/example_dags/example_branch_labels.py
[2025-10-30T20:31:48.032+0000] {processor.py:830} INFO - Processing file /home/airflow/.local/lib/python3.12/site-packages/airflow/example_dags/example_branch_labels.py for tasks to queue
[2025-10-30T20:31:48.036+0000] {logging_mixin.py:188} INFO - [2025-10-30T20:31:48.036+0000] {dagbag.py:545} INFO - Filling up the DagBag from /home/airflow/.local/lib/python3.12/site-packages/airflow/example_dags/example_branch_labels.py
[2025-10-30T20:31:48.060+0000] {processor.py:840} INFO - DAG(s) 'example_branch_labels' retrieved from /home/airflow/.local/lib/python3.12/site-packages/airflow/example_dags/example_branch_labels.py
[2025-10-30T20:31:48.127+0000] {logging_mixin.py:188} INFO - [2025-10-30T20:31:48.126+0000] {dag.py:3096} INFO - Sync 1 DAGs
[2025-10-30T20:31:48.186+0000] {logging_mixin.py:188} INFO - [2025-10-30T20:31:48.185+0000] {dag.py:3954} INFO - Setting next_dagrun for example_branch_labels to 2025-10-29 00:00:00+00:00, run_after=2025-10-30 00:00:00+00:00
[2025-10-30T20:31:48.232+0000] {processor.py:183} INFO - Processing /home/airflow/.local/lib/python3.12/site-packages/airflow/example_dags/example_branch_labels.py took 0.215 seconds
[2025-10-30T20:32:19.049+0000] {processor.py:161} INFO - Started process (PID=387) to work on /home/airflow/.local/lib/python3.12/site-packages/airflow/example_dags/example_branch_labels.py
[2025-10-30T20:32:19.050+0000] {processor.py:830} INFO - Processing file /home/airflow/.local/lib/python3.12/site-packages/airflow/example_dags/example_branch_labels.py for tasks to queue
[2025-10-30T20:32:19.052+0000] {logging_mixin.py:188} INFO - [2025-10-30T20:32:19.052+0000] {dagbag.py:545} INFO - Filling up the DagBag from /home/airflow/.local/lib/python3.12/site-packages/airflow/example_dags/example_branch_labels.py
[2025-10-30T20:32:19.064+0000] {processor.py:840} INFO - DAG(s) 'example_branch_labels' retrieved from /home/airflow/.local/lib/python3.12/site-packages/airflow/example_dags/example_branch_labels.py
[2025-10-30T20:32:19.096+0000] {logging_mixin.py:188} INFO - [2025-10-30T20:32:19.095+0000] {dag.py:3096} INFO - Sync 1 DAGs
[2025-10-30T20:32:19.130+0000] {logging_mixin.py:188} INFO - [2025-10-30T20:32:19.129+0000] {dag.py:3954} INFO - Setting next_dagrun for example_branch_labels to 2025-10-29 00:00:00+00:00, run_after=2025-10-30 00:00:00+00:00
[2025-10-30T20:32:19.163+0000] {processor.py:183} INFO - Processing /home/airflow/.local/lib/python3.12/site-packages/airflow/example_dags/example_branch_labels.py took 0.121 seconds
[2025-10-30T20:32:49.735+0000] {processor.py:161} INFO - Started process (PID=445) to work on /home/airflow/.local/lib/python3.12/site-packages/airflow/example_dags/example_branch_labels.py
[2025-10-30T20:32:49.739+0000] {processor.py:830} INFO - Processing file /home/airflow/.local/lib/python3.12/site-packages/airflow/example_dags/example_branch_labels.py for tasks to queue
[2025-10-30T20:32:49.742+0000] {logging_mixin.py:188} INFO - [2025-10-30T20:32:49.742+0000] {dagbag.py:545} INFO - Filling up the DagBag from /home/airflow/.local/lib/python3.12/site-packages/airflow/example_dags/example_branch_labels.py
[2025-10-30T20:32:49.756+0000] {processor.py:840} INFO - DAG(s) 'example_branch_labels' retrieved from /home/airflow/.local/lib/python3.12/site-packages/airflow/example_dags/example_branch_labels.py
[2025-10-30T20:32:49.786+0000] {logging_mixin.py:188} INFO - [2025-10-30T20:32:49.786+0000] {dag.py:3096} INFO - Sync 1 DAGs
[2025-10-30T20:32:49.814+0000] {logging_mixin.py:188} INFO - [2025-10-30T20:32:49.813+0000] {dag.py:3954} INFO - Setting next_dagrun for example_branch_labels to 2025-10-29 00:00:00+00:00, run_after=2025-10-30 00:00:00+00:00
[2025-10-30T20:32:49.835+0000] {processor.py:183} INFO - Processing /home/airflow/.local/lib/python3.12/site-packages/airflow/example_dags/example_branch_labels.py took 0.111 seconds
[2025-10-30T20:33:20.090+0000] {processor.py:161} INFO - Started process (PID=503) to work on /home/airflow/.local/lib/python3.12/site-packages/airflow/example_dags/example_branch_labels.py
[2025-10-30T20:33:20.092+0000] {processor.py:830} INFO - Processing file /home/airflow/.local/lib/python3.12/site-packages/airflow/example_dags/example_branch_labels.py for tasks to queue
[2025-10-30T20:33:20.094+0000] {logging_mixin.py:188} INFO - [2025-10-30T20:33:20.094+0000] {dagbag.py:545} INFO - Filling up the DagBag from /home/airflow/.local/lib/python3.12/site-packages/airflow/example_dags/example_branch_labels.py
[2025-10-30T20:33:20.106+0000] {processor.py:840} INFO - DAG(s) 'example_branch_labels' retrieved from /home/airflow/.local/lib/python3.12/site-packages/airflow/example_dags/example_branch_labels.py
[2025-10-30T20:33:20.135+0000] {logging_mixin.py:188} INFO - [2025-10-30T20:33:20.135+0000] {dag.py:3096} INFO - Sync 1 DAGs
[2025-10-30T20:33:20.164+0000] {logging_mixin.py:188} INFO - [2025-10-30T20:33:20.164+0000] {dag.py:3954} INFO - Setting next_dagrun for example_branch_labels to 2025-10-29 00:00:00+00:00, run_after=2025-10-30 00:00:00+00:00
[2025-10-30T20:33:20.187+0000] {processor.py:183} INFO - Processing /home/airflow/.local/lib/python3.12/site-packages/airflow/example_dags/example_branch_labels.py took 0.107 seconds
[2025-10-30T20:33:50.955+0000] {processor.py:161} INFO - Started process (PID=561) to work on /home/airflow/.local/lib/python3.12/site-packages/airflow/example_dags/example_branch_labels.py
[2025-10-30T20:33:50.957+0000] {processor.py:830} INFO - Processing file /home/airflow/.local/lib/python3.12/site-packages/airflow/example_dags/example_branch_labels.py for tasks to queue
[2025-10-30T20:33:50.960+0000] {logging_mixin.py:188} INFO - [2025-10-30T20:33:50.959+0000] {dagbag.py:545} INFO - Filling up the DagBag from /home/airflow/.local/lib/python3.12/site-packages/airflow/example_dags/example_branch_labels.py
[2025-10-30T20:33:50.971+0000] {processor.py:840} INFO - DAG(s) 'example_branch_labels' retrieved from /home/airflow/.local/lib/python3.12/site-packages/airflow/example_dags/example_branch_labels.py
[2025-10-30T20:33:51.004+0000] {logging_mixin.py:188} INFO - [2025-10-30T20:33:51.004+0000] {dag.py:3096} INFO - Sync 1 DAGs
[2025-10-30T20:33:51.033+0000] {logging_mixin.py:188} INFO - [2025-10-30T20:33:51.032+0000] {dag.py:3954} INFO - Setting next_dagrun for example_branch_labels to 2025-10-29 00:00:00+00:00, run_after=2025-10-30 00:00:00+00:00
[2025-10-30T20:33:51.056+0000] {processor.py:183} INFO - Processing /home/airflow/.local/lib/python3.12/site-packages/airflow/example_dags/example_branch_labels.py took 0.110 seconds
[2025-10-30T20:34:21.351+0000] {processor.py:161} INFO - Started process (PID=619) to work on /home/airflow/.local/lib/python3.12/site-packages/airflow/example_dags/example_branch_labels.py
[2025-10-30T20:34:21.353+0000] {processor.py:830} INFO - Processing file /home/airflow/.local/lib/python3.12/site-packages/airflow/example_dags/example_branch_labels.py for tasks to queue
[2025-10-30T20:34:21.355+0000] {logging_mixin.py:188} INFO - [2025-10-30T20:34:21.355+0000] {dagbag.py:545} INFO - Filling up the DagBag from /home/airflow/.local/lib/python3.12/site-packages/airflow/example_dags/example_branch_labels.py
[2025-10-30T20:34:21.369+0000] {processor.py:840} INFO - DAG(s) 'example_branch_labels' retrieved from /home/airflow/.local/lib/python3.12/site-packages/airflow/example_dags/example_branch_labels.py
[2025-10-30T20:34:21.407+0000] {logging_mixin.py:188} INFO - [2025-10-30T20:34:21.407+0000] {dag.py:3096} INFO - Sync 1 DAGs
[2025-10-30T20:34:21.438+0000] {logging_mixin.py:188} INFO - [2025-10-30T20:34:21.438+0000] {dag.py:3954} INFO - Setting next_dagrun for example_branch_labels to 2025-10-29 00:00:00+00:00, run_after=2025-10-30 00:00:00+00:00
[2025-10-30T20:34:21.462+0000] {processor.py:183} INFO - Processing /home/airflow/.local/lib/python3.12/site-packages/airflow/example_dags/example_branch_labels.py took 0.120 seconds
[2025-10-30T20:34:51.933+0000] {processor.py:161} INFO - Started process (PID=677) to work on /home/airflow/.local/lib/python3.12/site-packages/airflow/example_dags/example_branch_labels.py
[2025-10-30T20:34:51.934+0000] {processor.py:830} INFO - Processing file /home/airflow/.local/lib/python3.12/site-packages/airflow/example_dags/example_branch_labels.py for tasks to queue
[2025-10-30T20:34:51.936+0000] {logging_mixin.py:188} INFO - [2025-10-30T20:34:51.936+0000] {dagbag.py:545} INFO - Filling up the DagBag from /home/airflow/.local/lib/python3.12/site-packages/airflow/example_dags/example_branch_labels.py
[2025-10-30T20:34:51.946+0000] {processor.py:840} INFO - DAG(s) 'example_branch_labels' retrieved from /home/airflow/.local/lib/python3.12/site-packages/airflow/example_dags/example_branch_labels.py
[2025-10-30T20:34:51.974+0000] {logging_mixin.py:188} INFO - [2025-10-30T20:34:51.974+0000] {dag.py:3096} INFO - Sync 1 DAGs
[2025-10-30T20:34:52.003+0000] {logging_mixin.py:188} INFO - [2025-10-30T20:34:52.003+0000] {dag.py:3954} INFO - Setting next_dagrun for example_branch_labels to 2025-10-29 00:00:00+00:00, run_after=2025-10-30 00:00:00+00:00
[2025-10-30T20:34:52.029+0000] {processor.py:183} INFO - Processing /home/airflow/.local/lib/python3.12/site-packages/airflow/example_dags/example_branch_labels.py took 0.103 seconds
[2025-10-30T20:35:22.428+0000] {processor.py:161} INFO - Started process (PID=735) to work on /home/airflow/.local/lib/python3.12/site-packages/airflow/example_dags/example_branch_labels.py
[2025-10-30T20:35:22.429+0000] {processor.py:830} INFO - Processing file /home/airflow/.local/lib/python3.12/site-packages/airflow/example_dags/example_branch_labels.py for tasks to queue
[2025-10-30T20:35:22.432+0000] {logging_mixin.py:188} INFO - [2025-10-30T20:35:22.431+0000] {dagbag.py:545} INFO - Filling up the DagBag from /home/airflow/.local/lib/python3.12/site-packages/airflow/example_dags/example_branch_labels.py
[2025-10-30T20:35:22.443+0000] {processor.py:840} INFO - DAG(s) 'example_branch_labels' retrieved from /home/airflow/.local/lib/python3.12/site-packages/airflow/example_dags/example_branch_labels.py
[2025-10-30T20:35:22.474+0000] {logging_mixin.py:188} INFO - [2025-10-30T20:35:22.474+0000] {dag.py:3096} INFO - Sync 1 DAGs
[2025-10-30T20:35:22.502+0000] {logging_mixin.py:188} INFO - [2025-10-30T20:35:22.502+0000] {dag.py:3954} INFO - Setting next_dagrun for example_branch_labels to 2025-10-29 00:00:00+00:00, run_after=2025-10-30 00:00:00+00:00
[2025-10-30T20:35:22.524+0000] {processor.py:183} INFO - Processing /home/airflow/.local/lib/python3.12/site-packages/airflow/example_dags/example_branch_labels.py took 0.106 seconds
[2025-10-30T20:35:53.292+0000] {processor.py:161} INFO - Started process (PID=793) to work on /home/airflow/.local/lib/python3.12/site-packages/airflow/example_dags/example_branch_labels.py
[2025-10-30T20:35:53.293+0000] {processor.py:830} INFO - Processing file /home/airflow/.local/lib/python3.12/site-packages/airflow/example_dags/example_branch_labels.py for tasks to queue
[2025-10-30T20:35:53.301+0000] {logging_mixin.py:188} INFO - [2025-10-30T20:35:53.300+0000] {dagbag.py:545} INFO - Filling up the DagBag from /home/airflow/.local/lib/python3.12/site-packages/airflow/example_dags/example_branch_labels.py
[2025-10-30T20:35:53.313+0000] {processor.py:840} INFO - DAG(s) 'example_branch_labels' retrieved from /home/airflow/.local/lib/python3.12/site-packages/airflow/example_dags/example_branch_labels.py
[2025-10-30T20:35:53.344+0000] {logging_mixin.py:188} INFO - [2025-10-30T20:35:53.344+0000] {dag.py:3096} INFO - Sync 1 DAGs
[2025-10-30T20:35:53.373+0000] {logging_mixin.py:188} INFO - [2025-10-30T20:35:53.373+0000] {dag.py:3954} INFO - Setting next_dagrun for example_branch_labels to 2025-10-29 00:00:00+00:00, run_after=2025-10-30 00:00:00+00:00
[2025-10-30T20:35:53.401+0000] {processor.py:183} INFO - Processing /home/airflow/.local/lib/python3.12/site-packages/airflow/example_dags/example_branch_labels.py took 0.120 seconds
[2025-10-30T20:36:23.752+0000] {processor.py:161} INFO - Started process (PID=851) to work on /home/airflow/.local/lib/python3.12/site-packages/airflow/example_dags/example_branch_labels.py
[2025-10-30T20:36:23.753+0000] {processor.py:830} INFO - Processing file /home/airflow/.local/lib/python3.12/site-packages/airflow/example_dags/example_branch_labels.py for tasks to queue
[2025-10-30T20:36:23.756+0000] {logging_mixin.py:188} INFO - [2025-10-30T20:36:23.755+0000] {dagbag.py:545} INFO - Filling up the DagBag from /home/airflow/.local/lib/python3.12/site-packages/airflow/example_dags/example_branch_labels.py
[2025-10-30T20:36:23.767+0000] {processor.py:840} INFO - DAG(s) 'example_branch_labels' retrieved from /home/airflow/.local/lib/python3.12/site-packages/airflow/example_dags/example_branch_labels.py
[2025-10-30T20:36:23.796+0000] {logging_mixin.py:188} INFO - [2025-10-30T20:36:23.796+0000] {dag.py:3096} INFO - Sync 1 DAGs
[2025-10-30T20:36:23.831+0000] {logging_mixin.py:188} INFO - [2025-10-30T20:36:23.830+0000] {dag.py:3954} INFO - Setting next_dagrun for example_branch_labels to 2025-10-29 00:00:00+00:00, run_after=2025-10-30 00:00:00+00:00
[2025-10-30T20:36:23.860+0000] {processor.py:183} INFO - Processing /home/airflow/.local/lib/python3.12/site-packages/airflow/example_dags/example_branch_labels.py took 0.122 seconds
[2025-10-30T20:36:54.031+0000] {processor.py:161} INFO - Started process (PID=909) to work on /home/airflow/.local/lib/python3.12/site-packages/airflow/example_dags/example_branch_labels.py
[2025-10-30T20:36:54.032+0000] {processor.py:830} INFO - Processing file /home/airflow/.local/lib/python3.12/site-packages/airflow/example_dags/example_branch_labels.py for tasks to queue
[2025-10-30T20:36:54.035+0000] {logging_mixin.py:188} INFO - [2025-10-30T20:36:54.034+0000] {dagbag.py:545} INFO - Filling up the DagBag from /home/airflow/.local/lib/python3.12/site-packages/airflow/example_dags/example_branch_labels.py
[2025-10-30T20:36:54.044+0000] {processor.py:840} INFO - DAG(s) 'example_branch_labels' retrieved from /home/airflow/.local/lib/python3.12/site-packages/airflow/example_dags/example_branch_labels.py
[2025-10-30T20:36:54.074+0000] {logging_mixin.py:188} INFO - [2025-10-30T20:36:54.074+0000] {dag.py:3096} INFO - Sync 1 DAGs
[2025-10-30T20:36:54.103+0000] {logging_mixin.py:188} INFO - [2025-10-30T20:36:54.103+0000] {dag.py:3954} INFO - Setting next_dagrun for example_branch_labels to 2025-10-29 00:00:00+00:00, run_after=2025-10-30 00:00:00+00:00
[2025-10-30T20:36:54.129+0000] {processor.py:183} INFO - Processing /home/airflow/.local/lib/python3.12/site-packages/airflow/example_dags/example_branch_labels.py took 0.105 seconds
[2025-10-30T20:37:24.434+0000] {processor.py:161} INFO - Started process (PID=967) to work on /home/airflow/.local/lib/python3.12/site-packages/airflow/example_dags/example_branch_labels.py
[2025-10-30T20:37:24.436+0000] {processor.py:830} INFO - Processing file /home/airflow/.local/lib/python3.12/site-packages/airflow/example_dags/example_branch_labels.py for tasks to queue
[2025-10-30T20:37:24.439+0000] {logging_mixin.py:188} INFO - [2025-10-30T20:37:24.438+0000] {dagbag.py:545} INFO - Filling up the DagBag from /home/airflow/.local/lib/python3.12/site-packages/airflow/example_dags/example_branch_labels.py
[2025-10-30T20:37:24.448+0000] {processor.py:840} INFO - DAG(s) 'example_branch_labels' retrieved from /home/airflow/.local/lib/python3.12/site-packages/airflow/example_dags/example_branch_labels.py
[2025-10-30T20:37:24.478+0000] {logging_mixin.py:188} INFO - [2025-10-30T20:37:24.478+0000] {dag.py:3096} INFO - Sync 1 DAGs
[2025-10-30T20:37:24.507+0000] {logging_mixin.py:188} INFO - [2025-10-30T20:37:24.507+0000] {dag.py:3954} INFO - Setting next_dagrun for example_branch_labels to 2025-10-29 00:00:00+00:00, run_after=2025-10-30 00:00:00+00:00
[2025-10-30T20:37:24.530+0000] {processor.py:183} INFO - Processing /home/airflow/.local/lib/python3.12/site-packages/airflow/example_dags/example_branch_labels.py took 0.104 seconds
[2025-10-30T20:37:54.612+0000] {processor.py:161} INFO - Started process (PID=1025) to work on /home/airflow/.local/lib/python3.12/site-packages/airflow/example_dags/example_branch_labels.py
[2025-10-30T20:37:54.614+0000] {processor.py:830} INFO - Processing file /home/airflow/.local/lib/python3.12/site-packages/airflow/example_dags/example_branch_labels.py for tasks to queue
[2025-10-30T20:37:54.617+0000] {logging_mixin.py:188} INFO - [2025-10-30T20:37:54.617+0000] {dagbag.py:545} INFO - Filling up the DagBag from /home/airflow/.local/lib/python3.12/site-packages/airflow/example_dags/example_branch_labels.py
[2025-10-30T20:37:54.630+0000] {processor.py:840} INFO - DAG(s) 'example_branch_labels' retrieved from /home/airflow/.local/lib/python3.12/site-packages/airflow/example_dags/example_branch_labels.py
[2025-10-30T20:37:54.659+0000] {logging_mixin.py:188} INFO - [2025-10-30T20:37:54.659+0000] {dag.py:3096} INFO - Sync 1 DAGs
[2025-10-30T20:37:54.689+0000] {logging_mixin.py:188} INFO - [2025-10-30T20:37:54.689+0000] {dag.py:3954} INFO - Setting next_dagrun for example_branch_labels to 2025-10-29 00:00:00+00:00, run_after=2025-10-30 00:00:00+00:00
[2025-10-30T20:37:54.716+0000] {processor.py:183} INFO - Processing /home/airflow/.local/lib/python3.12/site-packages/airflow/example_dags/example_branch_labels.py took 0.113 seconds
[2025-10-30T20:38:25.302+0000] {processor.py:161} INFO - Started process (PID=1083) to work on /home/airflow/.local/lib/python3.12/site-packages/airflow/example_dags/example_branch_labels.py
[2025-10-30T20:38:25.308+0000] {processor.py:830} INFO - Processing file /home/airflow/.local/lib/python3.12/site-packages/airflow/example_dags/example_branch_labels.py for tasks to queue
[2025-10-30T20:38:25.310+0000] {logging_mixin.py:188} INFO - [2025-10-30T20:38:25.310+0000] {dagbag.py:545} INFO - Filling up the DagBag from /home/airflow/.local/lib/python3.12/site-packages/airflow/example_dags/example_branch_labels.py
[2025-10-30T20:38:25.324+0000] {processor.py:840} INFO - DAG(s) 'example_branch_labels' retrieved from /home/airflow/.local/lib/python3.12/site-packages/airflow/example_dags/example_branch_labels.py
[2025-10-30T20:38:25.356+0000] {logging_mixin.py:188} INFO - [2025-10-30T20:38:25.356+0000] {dag.py:3096} INFO - Sync 1 DAGs
[2025-10-30T20:38:25.384+0000] {logging_mixin.py:188} INFO - [2025-10-30T20:38:25.384+0000] {dag.py:3954} INFO - Setting next_dagrun for example_branch_labels to 2025-10-29 00:00:00+00:00, run_after=2025-10-30 00:00:00+00:00
[2025-10-30T20:38:25.415+0000] {processor.py:183} INFO - Processing /home/airflow/.local/lib/python3.12/site-packages/airflow/example_dags/example_branch_labels.py took 0.122 seconds
[2025-10-30T20:38:55.552+0000] {processor.py:161} INFO - Started process (PID=1141) to work on /home/airflow/.local/lib/python3.12/site-packages/airflow/example_dags/example_branch_labels.py
[2025-10-30T20:38:55.555+0000] {processor.py:830} INFO - Processing file /home/airflow/.local/lib/python3.12/site-packages/airflow/example_dags/example_branch_labels.py for tasks to queue
[2025-10-30T20:38:55.560+0000] {logging_mixin.py:188} INFO - [2025-10-30T20:38:55.559+0000] {dagbag.py:545} INFO - Filling up the DagBag from /home/airflow/.local/lib/python3.12/site-packages/airflow/example_dags/example_branch_labels.py
[2025-10-30T20:38:55.572+0000] {processor.py:840} INFO - DAG(s) 'example_branch_labels' retrieved from /home/airflow/.local/lib/python3.12/site-packages/airflow/example_dags/example_branch_labels.py
[2025-10-30T20:38:55.605+0000] {logging_mixin.py:188} INFO - [2025-10-30T20:38:55.605+0000] {dag.py:3096} INFO - Sync 1 DAGs
[2025-10-30T20:38:55.635+0000] {logging_mixin.py:188} INFO - [2025-10-30T20:38:55.634+0000] {dag.py:3954} INFO - Setting next_dagrun for example_branch_labels to 2025-10-29 00:00:00+00:00, run_after=2025-10-30 00:00:00+00:00
[2025-10-30T20:38:55.663+0000] {processor.py:183} INFO - Processing /home/airflow/.local/lib/python3.12/site-packages/airflow/example_dags/example_branch_labels.py took 0.122 seconds
[2025-10-30T20:39:25.774+0000] {processor.py:161} INFO - Started process (PID=1200) to work on /home/airflow/.local/lib/python3.12/site-packages/airflow/example_dags/example_branch_labels.py
[2025-10-30T20:39:25.775+0000] {processor.py:830} INFO - Processing file /home/airflow/.local/lib/python3.12/site-packages/airflow/example_dags/example_branch_labels.py for tasks to queue
[2025-10-30T20:39:25.778+0000] {logging_mixin.py:188} INFO - [2025-10-30T20:39:25.778+0000] {dagbag.py:545} INFO - Filling up the DagBag from /home/airflow/.local/lib/python3.12/site-packages/airflow/example_dags/example_branch_labels.py
[2025-10-30T20:39:25.790+0000] {processor.py:840} INFO - DAG(s) 'example_branch_labels' retrieved from /home/airflow/.local/lib/python3.12/site-packages/airflow/example_dags/example_branch_labels.py
[2025-10-30T20:39:25.823+0000] {logging_mixin.py:188} INFO - [2025-10-30T20:39:25.822+0000] {dag.py:3096} INFO - Sync 1 DAGs
[2025-10-30T20:39:25.851+0000] {logging_mixin.py:188} INFO - [2025-10-30T20:39:25.851+0000] {dag.py:3954} INFO - Setting next_dagrun for example_branch_labels to 2025-10-29 00:00:00+00:00, run_after=2025-10-30 00:00:00+00:00
[2025-10-30T20:39:25.875+0000] {processor.py:183} INFO - Processing /home/airflow/.local/lib/python3.12/site-packages/airflow/example_dags/example_branch_labels.py took 0.111 seconds
[2025-10-30T20:39:56.438+0000] {processor.py:161} INFO - Started process (PID=1258) to work on /home/airflow/.local/lib/python3.12/site-packages/airflow/example_dags/example_branch_labels.py
[2025-10-30T20:39:56.440+0000] {processor.py:830} INFO - Processing file /home/airflow/.local/lib/python3.12/site-packages/airflow/example_dags/example_branch_labels.py for tasks to queue
[2025-10-30T20:39:56.443+0000] {logging_mixin.py:188} INFO - [2025-10-30T20:39:56.442+0000] {dagbag.py:545} INFO - Filling up the DagBag from /home/airflow/.local/lib/python3.12/site-packages/airflow/example_dags/example_branch_labels.py
[2025-10-30T20:39:56.459+0000] {processor.py:840} INFO - DAG(s) 'example_branch_labels' retrieved from /home/airflow/.local/lib/python3.12/site-packages/airflow/example_dags/example_branch_labels.py
[2025-10-30T20:39:56.499+0000] {logging_mixin.py:188} INFO - [2025-10-30T20:39:56.498+0000] {dag.py:3096} INFO - Sync 1 DAGs
[2025-10-30T20:39:56.538+0000] {logging_mixin.py:188} INFO - [2025-10-30T20:39:56.538+0000] {dag.py:3954} INFO - Setting next_dagrun for example_branch_labels to 2025-10-29 00:00:00+00:00, run_after=2025-10-30 00:00:00+00:00
[2025-10-30T20:39:56.571+0000] {processor.py:183} INFO - Processing /home/airflow/.local/lib/python3.12/site-packages/airflow/example_dags/example_branch_labels.py took 0.144 seconds
[2025-10-30T20:40:26.997+0000] {processor.py:161} INFO - Started process (PID=1316) to work on /home/airflow/.local/lib/python3.12/site-packages/airflow/example_dags/example_branch_labels.py
[2025-10-30T20:40:26.998+0000] {processor.py:830} INFO - Processing file /home/airflow/.local/lib/python3.12/site-packages/airflow/example_dags/example_branch_labels.py for tasks to queue
[2025-10-30T20:40:27.001+0000] {logging_mixin.py:188} INFO - [2025-10-30T20:40:27.001+0000] {dagbag.py:545} INFO - Filling up the DagBag from /home/airflow/.local/lib/python3.12/site-packages/airflow/example_dags/example_branch_labels.py
[2025-10-30T20:40:27.014+0000] {processor.py:840} INFO - DAG(s) 'example_branch_labels' retrieved from /home/airflow/.local/lib/python3.12/site-packages/airflow/example_dags/example_branch_labels.py
[2025-10-30T20:40:27.055+0000] {logging_mixin.py:188} INFO - [2025-10-30T20:40:27.055+0000] {dag.py:3096} INFO - Sync 1 DAGs
[2025-10-30T20:40:27.090+0000] {logging_mixin.py:188} INFO - [2025-10-30T20:40:27.089+0000] {dag.py:3954} INFO - Setting next_dagrun for example_branch_labels to 2025-10-29 00:00:00+00:00, run_after=2025-10-30 00:00:00+00:00
[2025-10-30T20:40:27.113+0000] {processor.py:183} INFO - Processing /home/airflow/.local/lib/python3.12/site-packages/airflow/example_dags/example_branch_labels.py took 0.125 seconds
[2025-10-30T20:40:57.388+0000] {processor.py:161} INFO - Started process (PID=1374) to work on /home/airflow/.local/lib/python3.12/site-packages/airflow/example_dags/example_branch_labels.py
[2025-10-30T20:40:57.391+0000] {processor.py:830} INFO - Processing file /home/airflow/.local/lib/python3.12/site-packages/airflow/example_dags/example_branch_labels.py for tasks to queue
[2025-10-30T20:40:57.394+0000] {logging_mixin.py:188} INFO - [2025-10-30T20:40:57.394+0000] {dagbag.py:545} INFO - Filling up the DagBag from /home/airflow/.local/lib/python3.12/site-packages/airflow/example_dags/example_branch_labels.py
[2025-10-30T20:40:57.413+0000] {processor.py:840} INFO - DAG(s) 'example_branch_labels' retrieved from /home/airflow/.local/lib/python3.12/site-packages/airflow/example_dags/example_branch_labels.py
[2025-10-30T20:40:57.473+0000] {logging_mixin.py:188} INFO - [2025-10-30T20:40:57.473+0000] {dag.py:3096} INFO - Sync 1 DAGs
[2025-10-30T20:40:58.939+0000] {logging_mixin.py:188} INFO - [2025-10-30T20:40:58.938+0000] {dag.py:3954} INFO - Setting next_dagrun for example_branch_labels to 2025-10-29 00:00:00+00:00, run_after=2025-10-30 00:00:00+00:00
[2025-10-30T20:40:59.015+0000] {processor.py:183} INFO - Processing /home/airflow/.local/lib/python3.12/site-packages/airflow/example_dags/example_branch_labels.py took 1.639 seconds
[2025-10-30T20:41:29.290+0000] {processor.py:161} INFO - Started process (PID=1432) to work on /home/airflow/.local/lib/python3.12/site-packages/airflow/example_dags/example_branch_labels.py
[2025-10-30T20:41:29.292+0000] {processor.py:830} INFO - Processing file /home/airflow/.local/lib/python3.12/site-packages/airflow/example_dags/example_branch_labels.py for tasks to queue
[2025-10-30T20:41:29.297+0000] {logging_mixin.py:188} INFO - [2025-10-30T20:41:29.296+0000] {dagbag.py:545} INFO - Filling up the DagBag from /home/airflow/.local/lib/python3.12/site-packages/airflow/example_dags/example_branch_labels.py
[2025-10-30T20:41:29.323+0000] {processor.py:840} INFO - DAG(s) 'example_branch_labels' retrieved from /home/airflow/.local/lib/python3.12/site-packages/airflow/example_dags/example_branch_labels.py
[2025-10-30T20:41:29.379+0000] {logging_mixin.py:188} INFO - [2025-10-30T20:41:29.379+0000] {dag.py:3096} INFO - Sync 1 DAGs
[2025-10-30T20:41:29.428+0000] {logging_mixin.py:188} INFO - [2025-10-30T20:41:29.427+0000] {dag.py:3954} INFO - Setting next_dagrun for example_branch_labels to 2025-10-29 00:00:00+00:00, run_after=2025-10-30 00:00:00+00:00
[2025-10-30T20:41:30.297+0000] {processor.py:183} INFO - Processing /home/airflow/.local/lib/python3.12/site-packages/airflow/example_dags/example_branch_labels.py took 1.024 seconds
[2025-10-30T20:42:00.695+0000] {processor.py:161} INFO - Started process (PID=1489) to work on /home/airflow/.local/lib/python3.12/site-packages/airflow/example_dags/example_branch_labels.py
[2025-10-30T20:42:00.698+0000] {processor.py:830} INFO - Processing file /home/airflow/.local/lib/python3.12/site-packages/airflow/example_dags/example_branch_labels.py for tasks to queue
[2025-10-30T20:42:00.701+0000] {logging_mixin.py:188} INFO - [2025-10-30T20:42:00.700+0000] {dagbag.py:545} INFO - Filling up the DagBag from /home/airflow/.local/lib/python3.12/site-packages/airflow/example_dags/example_branch_labels.py
[2025-10-30T20:42:00.712+0000] {processor.py:840} INFO - DAG(s) 'example_branch_labels' retrieved from /home/airflow/.local/lib/python3.12/site-packages/airflow/example_dags/example_branch_labels.py
[2025-10-30T20:42:00.743+0000] {logging_mixin.py:188} INFO - [2025-10-30T20:42:00.743+0000] {dag.py:3096} INFO - Sync 1 DAGs
[2025-10-30T20:42:00.777+0000] {logging_mixin.py:188} INFO - [2025-10-30T20:42:00.777+0000] {dag.py:3954} INFO - Setting next_dagrun for example_branch_labels to 2025-10-29 00:00:00+00:00, run_after=2025-10-30 00:00:00+00:00
[2025-10-30T20:42:00.809+0000] {processor.py:183} INFO - Processing /home/airflow/.local/lib/python3.12/site-packages/airflow/example_dags/example_branch_labels.py took 0.122 seconds
[2025-10-30T20:42:31.590+0000] {processor.py:161} INFO - Started process (PID=1547) to work on /home/airflow/.local/lib/python3.12/site-packages/airflow/example_dags/example_branch_labels.py
[2025-10-30T20:42:31.593+0000] {processor.py:830} INFO - Processing file /home/airflow/.local/lib/python3.12/site-packages/airflow/example_dags/example_branch_labels.py for tasks to queue
[2025-10-30T20:42:31.598+0000] {logging_mixin.py:188} INFO - [2025-10-30T20:42:31.597+0000] {dagbag.py:545} INFO - Filling up the DagBag from /home/airflow/.local/lib/python3.12/site-packages/airflow/example_dags/example_branch_labels.py
[2025-10-30T20:42:31.621+0000] {processor.py:840} INFO - DAG(s) 'example_branch_labels' retrieved from /home/airflow/.local/lib/python3.12/site-packages/airflow/example_dags/example_branch_labels.py
[2025-10-30T20:42:31.678+0000] {logging_mixin.py:188} INFO - [2025-10-30T20:42:31.678+0000] {dag.py:3096} INFO - Sync 1 DAGs
[2025-10-30T20:42:31.772+0000] {logging_mixin.py:188} INFO - [2025-10-30T20:42:31.772+0000] {dag.py:3954} INFO - Setting next_dagrun for example_branch_labels to 2025-10-29 00:00:00+00:00, run_after=2025-10-30 00:00:00+00:00
[2025-10-30T20:42:31.803+0000] {processor.py:183} INFO - Processing /home/airflow/.local/lib/python3.12/site-packages/airflow/example_dags/example_branch_labels.py took 0.229 seconds
[2025-10-30T21:06:25.878+0000] {processor.py:161} INFO - Started process (PID=97) to work on /home/airflow/.local/lib/python3.12/site-packages/airflow/example_dags/example_branch_labels.py
[2025-10-30T21:06:25.883+0000] {processor.py:830} INFO - Processing file /home/airflow/.local/lib/python3.12/site-packages/airflow/example_dags/example_branch_labels.py for tasks to queue
[2025-10-30T21:06:25.890+0000] {logging_mixin.py:188} INFO - [2025-10-30T21:06:25.889+0000] {dagbag.py:545} INFO - Filling up the DagBag from /home/airflow/.local/lib/python3.12/site-packages/airflow/example_dags/example_branch_labels.py
[2025-10-30T21:06:25.916+0000] {processor.py:840} INFO - DAG(s) 'example_branch_labels' retrieved from /home/airflow/.local/lib/python3.12/site-packages/airflow/example_dags/example_branch_labels.py
[2025-10-30T21:06:26.203+0000] {logging_mixin.py:188} INFO - [2025-10-30T21:06:26.202+0000] {dag.py:3096} INFO - Sync 1 DAGs
[2025-10-30T21:06:26.255+0000] {logging_mixin.py:188} INFO - [2025-10-30T21:06:26.254+0000] {dag.py:3954} INFO - Setting next_dagrun for example_branch_labels to 2025-10-29 00:00:00+00:00, run_after=2025-10-30 00:00:00+00:00
[2025-10-30T21:06:26.294+0000] {processor.py:183} INFO - Processing /home/airflow/.local/lib/python3.12/site-packages/airflow/example_dags/example_branch_labels.py took 0.436 seconds
[2025-10-30T21:06:56.647+0000] {processor.py:161} INFO - Started process (PID=156) to work on /home/airflow/.local/lib/python3.12/site-packages/airflow/example_dags/example_branch_labels.py
[2025-10-30T21:06:56.651+0000] {processor.py:830} INFO - Processing file /home/airflow/.local/lib/python3.12/site-packages/airflow/example_dags/example_branch_labels.py for tasks to queue
[2025-10-30T21:06:56.656+0000] {logging_mixin.py:188} INFO - [2025-10-30T21:06:56.655+0000] {dagbag.py:545} INFO - Filling up the DagBag from /home/airflow/.local/lib/python3.12/site-packages/airflow/example_dags/example_branch_labels.py
[2025-10-30T21:06:56.676+0000] {processor.py:840} INFO - DAG(s) 'example_branch_labels' retrieved from /home/airflow/.local/lib/python3.12/site-packages/airflow/example_dags/example_branch_labels.py
[2025-10-30T21:06:56.759+0000] {logging_mixin.py:188} INFO - [2025-10-30T21:06:56.759+0000] {dag.py:3096} INFO - Sync 1 DAGs
[2025-10-30T21:06:57.059+0000] {logging_mixin.py:188} INFO - [2025-10-30T21:06:57.059+0000] {dag.py:3954} INFO - Setting next_dagrun for example_branch_labels to 2025-10-29 00:00:00+00:00, run_after=2025-10-30 00:00:00+00:00
[2025-10-30T21:06:57.131+0000] {processor.py:183} INFO - Processing /home/airflow/.local/lib/python3.12/site-packages/airflow/example_dags/example_branch_labels.py took 0.496 seconds
[2025-10-30T21:07:27.541+0000] {processor.py:161} INFO - Started process (PID=218) to work on /home/airflow/.local/lib/python3.12/site-packages/airflow/example_dags/example_branch_labels.py
[2025-10-30T21:07:27.544+0000] {processor.py:830} INFO - Processing file /home/airflow/.local/lib/python3.12/site-packages/airflow/example_dags/example_branch_labels.py for tasks to queue
[2025-10-30T21:07:27.549+0000] {logging_mixin.py:188} INFO - [2025-10-30T21:07:27.548+0000] {dagbag.py:545} INFO - Filling up the DagBag from /home/airflow/.local/lib/python3.12/site-packages/airflow/example_dags/example_branch_labels.py
[2025-10-30T21:07:27.579+0000] {processor.py:840} INFO - DAG(s) 'example_branch_labels' retrieved from /home/airflow/.local/lib/python3.12/site-packages/airflow/example_dags/example_branch_labels.py
[2025-10-30T21:07:27.672+0000] {logging_mixin.py:188} INFO - [2025-10-30T21:07:27.671+0000] {dag.py:3096} INFO - Sync 1 DAGs
[2025-10-30T21:07:27.733+0000] {logging_mixin.py:188} INFO - [2025-10-30T21:07:27.733+0000] {dag.py:3954} INFO - Setting next_dagrun for example_branch_labels to 2025-10-29 00:00:00+00:00, run_after=2025-10-30 00:00:00+00:00
[2025-10-30T21:07:27.866+0000] {processor.py:183} INFO - Processing /home/airflow/.local/lib/python3.12/site-packages/airflow/example_dags/example_branch_labels.py took 0.338 seconds
[2025-10-30T21:07:58.418+0000] {processor.py:161} INFO - Started process (PID=277) to work on /home/airflow/.local/lib/python3.12/site-packages/airflow/example_dags/example_branch_labels.py
[2025-10-30T21:07:58.421+0000] {processor.py:830} INFO - Processing file /home/airflow/.local/lib/python3.12/site-packages/airflow/example_dags/example_branch_labels.py for tasks to queue
[2025-10-30T21:07:58.425+0000] {logging_mixin.py:188} INFO - [2025-10-30T21:07:58.424+0000] {dagbag.py:545} INFO - Filling up the DagBag from /home/airflow/.local/lib/python3.12/site-packages/airflow/example_dags/example_branch_labels.py
[2025-10-30T21:07:58.449+0000] {processor.py:840} INFO - DAG(s) 'example_branch_labels' retrieved from /home/airflow/.local/lib/python3.12/site-packages/airflow/example_dags/example_branch_labels.py
[2025-10-30T21:07:58.522+0000] {logging_mixin.py:188} INFO - [2025-10-30T21:07:58.521+0000] {dag.py:3096} INFO - Sync 1 DAGs
[2025-10-30T21:07:58.571+0000] {logging_mixin.py:188} INFO - [2025-10-30T21:07:58.571+0000] {dag.py:3954} INFO - Setting next_dagrun for example_branch_labels to 2025-10-29 00:00:00+00:00, run_after=2025-10-30 00:00:00+00:00
[2025-10-30T21:07:58.615+0000] {processor.py:183} INFO - Processing /home/airflow/.local/lib/python3.12/site-packages/airflow/example_dags/example_branch_labels.py took 0.211 seconds
[2025-10-30T21:08:29.215+0000] {processor.py:161} INFO - Started process (PID=336) to work on /home/airflow/.local/lib/python3.12/site-packages/airflow/example_dags/example_branch_labels.py
[2025-10-30T21:08:29.217+0000] {processor.py:830} INFO - Processing file /home/airflow/.local/lib/python3.12/site-packages/airflow/example_dags/example_branch_labels.py for tasks to queue
[2025-10-30T21:08:29.220+0000] {logging_mixin.py:188} INFO - [2025-10-30T21:08:29.219+0000] {dagbag.py:545} INFO - Filling up the DagBag from /home/airflow/.local/lib/python3.12/site-packages/airflow/example_dags/example_branch_labels.py
[2025-10-30T21:08:29.237+0000] {processor.py:840} INFO - DAG(s) 'example_branch_labels' retrieved from /home/airflow/.local/lib/python3.12/site-packages/airflow/example_dags/example_branch_labels.py
[2025-10-30T21:08:29.280+0000] {logging_mixin.py:188} INFO - [2025-10-30T21:08:29.279+0000] {dag.py:3096} INFO - Sync 1 DAGs
[2025-10-30T21:08:29.323+0000] {logging_mixin.py:188} INFO - [2025-10-30T21:08:29.322+0000] {dag.py:3954} INFO - Setting next_dagrun for example_branch_labels to 2025-10-29 00:00:00+00:00, run_after=2025-10-30 00:00:00+00:00
[2025-10-30T21:08:29.393+0000] {processor.py:183} INFO - Processing /home/airflow/.local/lib/python3.12/site-packages/airflow/example_dags/example_branch_labels.py took 0.198 seconds
[2025-10-30T21:09:15.687+0000] {processor.py:161} INFO - Started process (PID=402) to work on /home/airflow/.local/lib/python3.12/site-packages/airflow/example_dags/example_branch_labels.py
[2025-10-30T21:09:15.691+0000] {processor.py:830} INFO - Processing file /home/airflow/.local/lib/python3.12/site-packages/airflow/example_dags/example_branch_labels.py for tasks to queue
[2025-10-30T21:09:15.702+0000] {logging_mixin.py:188} INFO - [2025-10-30T21:09:15.701+0000] {dagbag.py:545} INFO - Filling up the DagBag from /home/airflow/.local/lib/python3.12/site-packages/airflow/example_dags/example_branch_labels.py
[2025-10-30T21:09:15.760+0000] {processor.py:840} INFO - DAG(s) 'example_branch_labels' retrieved from /home/airflow/.local/lib/python3.12/site-packages/airflow/example_dags/example_branch_labels.py
[2025-10-30T21:09:15.878+0000] {logging_mixin.py:188} INFO - [2025-10-30T21:09:15.877+0000] {dag.py:3096} INFO - Sync 1 DAGs
[2025-10-30T21:09:16.163+0000] {logging_mixin.py:188} INFO - [2025-10-30T21:09:16.162+0000] {dag.py:3954} INFO - Setting next_dagrun for example_branch_labels to 2025-10-29 00:00:00+00:00, run_after=2025-10-30 00:00:00+00:00
[2025-10-30T21:09:16.319+0000] {processor.py:183} INFO - Processing /home/airflow/.local/lib/python3.12/site-packages/airflow/example_dags/example_branch_labels.py took 0.650 seconds
[2025-10-30T21:09:51.103+0000] {processor.py:161} INFO - Started process (PID=463) to work on /home/airflow/.local/lib/python3.12/site-packages/airflow/example_dags/example_branch_labels.py
[2025-10-30T21:09:51.108+0000] {processor.py:830} INFO - Processing file /home/airflow/.local/lib/python3.12/site-packages/airflow/example_dags/example_branch_labels.py for tasks to queue
[2025-10-30T21:09:51.114+0000] {logging_mixin.py:188} INFO - [2025-10-30T21:09:51.113+0000] {dagbag.py:545} INFO - Filling up the DagBag from /home/airflow/.local/lib/python3.12/site-packages/airflow/example_dags/example_branch_labels.py
[2025-10-30T21:09:51.159+0000] {processor.py:840} INFO - DAG(s) 'example_branch_labels' retrieved from /home/airflow/.local/lib/python3.12/site-packages/airflow/example_dags/example_branch_labels.py
[2025-10-30T21:09:51.243+0000] {logging_mixin.py:188} INFO - [2025-10-30T21:09:51.242+0000] {dag.py:3096} INFO - Sync 1 DAGs
[2025-10-30T21:09:51.340+0000] {logging_mixin.py:188} INFO - [2025-10-30T21:09:51.340+0000] {dag.py:3954} INFO - Setting next_dagrun for example_branch_labels to 2025-10-29 00:00:00+00:00, run_after=2025-10-30 00:00:00+00:00
[2025-10-30T21:09:51.393+0000] {processor.py:183} INFO - Processing /home/airflow/.local/lib/python3.12/site-packages/airflow/example_dags/example_branch_labels.py took 0.308 seconds
