[2025-10-30T20:29:38.304+0000] {processor.py:161} INFO - Started process (PID=81) to work on /home/airflow/.local/lib/python3.12/site-packages/airflow/example_dags/example_latest_only_with_trigger.py
[2025-10-30T20:29:38.307+0000] {processor.py:830} INFO - Processing file /home/airflow/.local/lib/python3.12/site-packages/airflow/example_dags/example_latest_only_with_trigger.py for tasks to queue
[2025-10-30T20:29:38.312+0000] {logging_mixin.py:188} INFO - [2025-10-30T20:29:38.311+0000] {dagbag.py:545} INFO - Filling up the DagBag from /home/airflow/.local/lib/python3.12/site-packages/airflow/example_dags/example_latest_only_with_trigger.py
[2025-10-30T20:29:38.332+0000] {processor.py:840} INFO - DAG(s) 'latest_only_with_trigger' retrieved from /home/airflow/.local/lib/python3.12/site-packages/airflow/example_dags/example_latest_only_with_trigger.py
[2025-10-30T20:29:38.821+0000] {logging_mixin.py:188} INFO - [2025-10-30T20:29:38.820+0000] {dag.py:3096} INFO - Sync 1 DAGs
[2025-10-30T20:29:39.033+0000] {logging_mixin.py:188} INFO - [2025-10-30T20:29:39.027+0000] {dag.py:3954} INFO - Setting next_dagrun for latest_only_with_trigger to 2025-10-30 16:00:00+00:00, run_after=2025-10-30 20:00:00+00:00
[2025-10-30T20:29:39.154+0000] {processor.py:183} INFO - Processing /home/airflow/.local/lib/python3.12/site-packages/airflow/example_dags/example_latest_only_with_trigger.py took 0.863 seconds
[2025-10-30T20:30:10.171+0000] {processor.py:161} INFO - Started process (PID=139) to work on /home/airflow/.local/lib/python3.12/site-packages/airflow/example_dags/example_latest_only_with_trigger.py
[2025-10-30T20:30:10.173+0000] {processor.py:830} INFO - Processing file /home/airflow/.local/lib/python3.12/site-packages/airflow/example_dags/example_latest_only_with_trigger.py for tasks to queue
[2025-10-30T20:30:10.176+0000] {logging_mixin.py:188} INFO - [2025-10-30T20:30:10.175+0000] {dagbag.py:545} INFO - Filling up the DagBag from /home/airflow/.local/lib/python3.12/site-packages/airflow/example_dags/example_latest_only_with_trigger.py
[2025-10-30T20:30:10.184+0000] {processor.py:840} INFO - DAG(s) 'latest_only_with_trigger' retrieved from /home/airflow/.local/lib/python3.12/site-packages/airflow/example_dags/example_latest_only_with_trigger.py
[2025-10-30T20:30:10.213+0000] {logging_mixin.py:188} INFO - [2025-10-30T20:30:10.213+0000] {dag.py:3096} INFO - Sync 1 DAGs
[2025-10-30T20:30:10.239+0000] {logging_mixin.py:188} INFO - [2025-10-30T20:30:10.239+0000] {dag.py:3954} INFO - Setting next_dagrun for latest_only_with_trigger to 2025-10-30 16:00:00+00:00, run_after=2025-10-30 20:00:00+00:00
[2025-10-30T20:30:10.262+0000] {processor.py:183} INFO - Processing /home/airflow/.local/lib/python3.12/site-packages/airflow/example_dags/example_latest_only_with_trigger.py took 0.098 seconds
[2025-10-30T20:30:40.801+0000] {processor.py:161} INFO - Started process (PID=198) to work on /home/airflow/.local/lib/python3.12/site-packages/airflow/example_dags/example_latest_only_with_trigger.py
[2025-10-30T20:30:40.807+0000] {processor.py:830} INFO - Processing file /home/airflow/.local/lib/python3.12/site-packages/airflow/example_dags/example_latest_only_with_trigger.py for tasks to queue
[2025-10-30T20:30:40.810+0000] {logging_mixin.py:188} INFO - [2025-10-30T20:30:40.809+0000] {dagbag.py:545} INFO - Filling up the DagBag from /home/airflow/.local/lib/python3.12/site-packages/airflow/example_dags/example_latest_only_with_trigger.py
[2025-10-30T20:30:40.824+0000] {processor.py:840} INFO - DAG(s) 'latest_only_with_trigger' retrieved from /home/airflow/.local/lib/python3.12/site-packages/airflow/example_dags/example_latest_only_with_trigger.py
[2025-10-30T20:30:40.872+0000] {logging_mixin.py:188} INFO - [2025-10-30T20:30:40.871+0000] {dag.py:3096} INFO - Sync 1 DAGs
[2025-10-30T20:30:40.916+0000] {logging_mixin.py:188} INFO - [2025-10-30T20:30:40.916+0000] {dag.py:3954} INFO - Setting next_dagrun for latest_only_with_trigger to 2025-10-30 16:00:00+00:00, run_after=2025-10-30 20:00:00+00:00
[2025-10-30T20:30:40.955+0000] {processor.py:183} INFO - Processing /home/airflow/.local/lib/python3.12/site-packages/airflow/example_dags/example_latest_only_with_trigger.py took 0.162 seconds
[2025-10-30T20:31:11.523+0000] {processor.py:161} INFO - Started process (PID=256) to work on /home/airflow/.local/lib/python3.12/site-packages/airflow/example_dags/example_latest_only_with_trigger.py
[2025-10-30T20:31:11.525+0000] {processor.py:830} INFO - Processing file /home/airflow/.local/lib/python3.12/site-packages/airflow/example_dags/example_latest_only_with_trigger.py for tasks to queue
[2025-10-30T20:31:11.529+0000] {logging_mixin.py:188} INFO - [2025-10-30T20:31:11.529+0000] {dagbag.py:545} INFO - Filling up the DagBag from /home/airflow/.local/lib/python3.12/site-packages/airflow/example_dags/example_latest_only_with_trigger.py
[2025-10-30T20:31:11.543+0000] {processor.py:840} INFO - DAG(s) 'latest_only_with_trigger' retrieved from /home/airflow/.local/lib/python3.12/site-packages/airflow/example_dags/example_latest_only_with_trigger.py
[2025-10-30T20:31:11.602+0000] {logging_mixin.py:188} INFO - [2025-10-30T20:31:11.601+0000] {dag.py:3096} INFO - Sync 1 DAGs
[2025-10-30T20:31:11.672+0000] {logging_mixin.py:188} INFO - [2025-10-30T20:31:11.671+0000] {dag.py:3954} INFO - Setting next_dagrun for latest_only_with_trigger to 2025-10-30 16:00:00+00:00, run_after=2025-10-30 20:00:00+00:00
[2025-10-30T20:31:11.729+0000] {processor.py:183} INFO - Processing /home/airflow/.local/lib/python3.12/site-packages/airflow/example_dags/example_latest_only_with_trigger.py took 0.219 seconds
[2025-10-30T20:31:42.233+0000] {processor.py:161} INFO - Started process (PID=314) to work on /home/airflow/.local/lib/python3.12/site-packages/airflow/example_dags/example_latest_only_with_trigger.py
[2025-10-30T20:31:42.234+0000] {processor.py:830} INFO - Processing file /home/airflow/.local/lib/python3.12/site-packages/airflow/example_dags/example_latest_only_with_trigger.py for tasks to queue
[2025-10-30T20:31:42.237+0000] {logging_mixin.py:188} INFO - [2025-10-30T20:31:42.237+0000] {dagbag.py:545} INFO - Filling up the DagBag from /home/airflow/.local/lib/python3.12/site-packages/airflow/example_dags/example_latest_only_with_trigger.py
[2025-10-30T20:31:42.247+0000] {processor.py:840} INFO - DAG(s) 'latest_only_with_trigger' retrieved from /home/airflow/.local/lib/python3.12/site-packages/airflow/example_dags/example_latest_only_with_trigger.py
[2025-10-30T20:31:42.288+0000] {logging_mixin.py:188} INFO - [2025-10-30T20:31:42.287+0000] {dag.py:3096} INFO - Sync 1 DAGs
[2025-10-30T20:31:42.358+0000] {logging_mixin.py:188} INFO - [2025-10-30T20:31:42.358+0000] {dag.py:3954} INFO - Setting next_dagrun for latest_only_with_trigger to 2025-10-30 16:00:00+00:00, run_after=2025-10-30 20:00:00+00:00
[2025-10-30T20:31:42.401+0000] {processor.py:183} INFO - Processing /home/airflow/.local/lib/python3.12/site-packages/airflow/example_dags/example_latest_only_with_trigger.py took 0.177 seconds
[2025-10-30T20:32:12.990+0000] {processor.py:161} INFO - Started process (PID=372) to work on /home/airflow/.local/lib/python3.12/site-packages/airflow/example_dags/example_latest_only_with_trigger.py
[2025-10-30T20:32:12.992+0000] {processor.py:830} INFO - Processing file /home/airflow/.local/lib/python3.12/site-packages/airflow/example_dags/example_latest_only_with_trigger.py for tasks to queue
[2025-10-30T20:32:12.995+0000] {logging_mixin.py:188} INFO - [2025-10-30T20:32:12.995+0000] {dagbag.py:545} INFO - Filling up the DagBag from /home/airflow/.local/lib/python3.12/site-packages/airflow/example_dags/example_latest_only_with_trigger.py
[2025-10-30T20:32:13.002+0000] {processor.py:840} INFO - DAG(s) 'latest_only_with_trigger' retrieved from /home/airflow/.local/lib/python3.12/site-packages/airflow/example_dags/example_latest_only_with_trigger.py
[2025-10-30T20:32:13.031+0000] {logging_mixin.py:188} INFO - [2025-10-30T20:32:13.030+0000] {dag.py:3096} INFO - Sync 1 DAGs
[2025-10-30T20:32:13.057+0000] {logging_mixin.py:188} INFO - [2025-10-30T20:32:13.057+0000] {dag.py:3954} INFO - Setting next_dagrun for latest_only_with_trigger to 2025-10-30 16:00:00+00:00, run_after=2025-10-30 20:00:00+00:00
[2025-10-30T20:32:13.081+0000] {processor.py:183} INFO - Processing /home/airflow/.local/lib/python3.12/site-packages/airflow/example_dags/example_latest_only_with_trigger.py took 0.100 seconds
[2025-10-30T20:32:43.783+0000] {processor.py:161} INFO - Started process (PID=430) to work on /home/airflow/.local/lib/python3.12/site-packages/airflow/example_dags/example_latest_only_with_trigger.py
[2025-10-30T20:32:43.784+0000] {processor.py:830} INFO - Processing file /home/airflow/.local/lib/python3.12/site-packages/airflow/example_dags/example_latest_only_with_trigger.py for tasks to queue
[2025-10-30T20:32:43.787+0000] {logging_mixin.py:188} INFO - [2025-10-30T20:32:43.786+0000] {dagbag.py:545} INFO - Filling up the DagBag from /home/airflow/.local/lib/python3.12/site-packages/airflow/example_dags/example_latest_only_with_trigger.py
[2025-10-30T20:32:43.795+0000] {processor.py:840} INFO - DAG(s) 'latest_only_with_trigger' retrieved from /home/airflow/.local/lib/python3.12/site-packages/airflow/example_dags/example_latest_only_with_trigger.py
[2025-10-30T20:32:43.826+0000] {logging_mixin.py:188} INFO - [2025-10-30T20:32:43.825+0000] {dag.py:3096} INFO - Sync 1 DAGs
[2025-10-30T20:32:43.856+0000] {logging_mixin.py:188} INFO - [2025-10-30T20:32:43.856+0000] {dag.py:3954} INFO - Setting next_dagrun for latest_only_with_trigger to 2025-10-30 16:00:00+00:00, run_after=2025-10-30 20:00:00+00:00
[2025-10-30T20:32:43.880+0000] {processor.py:183} INFO - Processing /home/airflow/.local/lib/python3.12/site-packages/airflow/example_dags/example_latest_only_with_trigger.py took 0.105 seconds
[2025-10-30T20:33:13.974+0000] {processor.py:161} INFO - Started process (PID=488) to work on /home/airflow/.local/lib/python3.12/site-packages/airflow/example_dags/example_latest_only_with_trigger.py
[2025-10-30T20:33:13.976+0000] {processor.py:830} INFO - Processing file /home/airflow/.local/lib/python3.12/site-packages/airflow/example_dags/example_latest_only_with_trigger.py for tasks to queue
[2025-10-30T20:33:13.979+0000] {logging_mixin.py:188} INFO - [2025-10-30T20:33:13.979+0000] {dagbag.py:545} INFO - Filling up the DagBag from /home/airflow/.local/lib/python3.12/site-packages/airflow/example_dags/example_latest_only_with_trigger.py
[2025-10-30T20:33:13.988+0000] {processor.py:840} INFO - DAG(s) 'latest_only_with_trigger' retrieved from /home/airflow/.local/lib/python3.12/site-packages/airflow/example_dags/example_latest_only_with_trigger.py
[2025-10-30T20:33:14.021+0000] {logging_mixin.py:188} INFO - [2025-10-30T20:33:14.021+0000] {dag.py:3096} INFO - Sync 1 DAGs
[2025-10-30T20:33:14.055+0000] {logging_mixin.py:188} INFO - [2025-10-30T20:33:14.055+0000] {dag.py:3954} INFO - Setting next_dagrun for latest_only_with_trigger to 2025-10-30 16:00:00+00:00, run_after=2025-10-30 20:00:00+00:00
[2025-10-30T20:33:14.083+0000] {processor.py:183} INFO - Processing /home/airflow/.local/lib/python3.12/site-packages/airflow/example_dags/example_latest_only_with_trigger.py took 0.117 seconds
[2025-10-30T20:33:44.975+0000] {processor.py:161} INFO - Started process (PID=546) to work on /home/airflow/.local/lib/python3.12/site-packages/airflow/example_dags/example_latest_only_with_trigger.py
[2025-10-30T20:33:44.977+0000] {processor.py:830} INFO - Processing file /home/airflow/.local/lib/python3.12/site-packages/airflow/example_dags/example_latest_only_with_trigger.py for tasks to queue
[2025-10-30T20:33:44.980+0000] {logging_mixin.py:188} INFO - [2025-10-30T20:33:44.980+0000] {dagbag.py:545} INFO - Filling up the DagBag from /home/airflow/.local/lib/python3.12/site-packages/airflow/example_dags/example_latest_only_with_trigger.py
[2025-10-30T20:33:44.989+0000] {processor.py:840} INFO - DAG(s) 'latest_only_with_trigger' retrieved from /home/airflow/.local/lib/python3.12/site-packages/airflow/example_dags/example_latest_only_with_trigger.py
[2025-10-30T20:33:45.015+0000] {logging_mixin.py:188} INFO - [2025-10-30T20:33:45.015+0000] {dag.py:3096} INFO - Sync 1 DAGs
[2025-10-30T20:33:45.042+0000] {logging_mixin.py:188} INFO - [2025-10-30T20:33:45.042+0000] {dag.py:3954} INFO - Setting next_dagrun for latest_only_with_trigger to 2025-10-30 16:00:00+00:00, run_after=2025-10-30 20:00:00+00:00
[2025-10-30T20:33:45.069+0000] {processor.py:183} INFO - Processing /home/airflow/.local/lib/python3.12/site-packages/airflow/example_dags/example_latest_only_with_trigger.py took 0.104 seconds
[2025-10-30T20:34:15.356+0000] {processor.py:161} INFO - Started process (PID=604) to work on /home/airflow/.local/lib/python3.12/site-packages/airflow/example_dags/example_latest_only_with_trigger.py
[2025-10-30T20:34:15.358+0000] {processor.py:830} INFO - Processing file /home/airflow/.local/lib/python3.12/site-packages/airflow/example_dags/example_latest_only_with_trigger.py for tasks to queue
[2025-10-30T20:34:15.360+0000] {logging_mixin.py:188} INFO - [2025-10-30T20:34:15.360+0000] {dagbag.py:545} INFO - Filling up the DagBag from /home/airflow/.local/lib/python3.12/site-packages/airflow/example_dags/example_latest_only_with_trigger.py
[2025-10-30T20:34:15.367+0000] {processor.py:840} INFO - DAG(s) 'latest_only_with_trigger' retrieved from /home/airflow/.local/lib/python3.12/site-packages/airflow/example_dags/example_latest_only_with_trigger.py
[2025-10-30T20:34:15.394+0000] {logging_mixin.py:188} INFO - [2025-10-30T20:34:15.393+0000] {dag.py:3096} INFO - Sync 1 DAGs
[2025-10-30T20:34:15.436+0000] {logging_mixin.py:188} INFO - [2025-10-30T20:34:15.436+0000] {dag.py:3954} INFO - Setting next_dagrun for latest_only_with_trigger to 2025-10-30 16:00:00+00:00, run_after=2025-10-30 20:00:00+00:00
[2025-10-30T20:34:15.472+0000] {processor.py:183} INFO - Processing /home/airflow/.local/lib/python3.12/site-packages/airflow/example_dags/example_latest_only_with_trigger.py took 0.125 seconds
[2025-10-30T20:34:46.022+0000] {processor.py:161} INFO - Started process (PID=662) to work on /home/airflow/.local/lib/python3.12/site-packages/airflow/example_dags/example_latest_only_with_trigger.py
[2025-10-30T20:34:46.024+0000] {processor.py:830} INFO - Processing file /home/airflow/.local/lib/python3.12/site-packages/airflow/example_dags/example_latest_only_with_trigger.py for tasks to queue
[2025-10-30T20:34:46.026+0000] {logging_mixin.py:188} INFO - [2025-10-30T20:34:46.026+0000] {dagbag.py:545} INFO - Filling up the DagBag from /home/airflow/.local/lib/python3.12/site-packages/airflow/example_dags/example_latest_only_with_trigger.py
[2025-10-30T20:34:46.034+0000] {processor.py:840} INFO - DAG(s) 'latest_only_with_trigger' retrieved from /home/airflow/.local/lib/python3.12/site-packages/airflow/example_dags/example_latest_only_with_trigger.py
[2025-10-30T20:34:46.061+0000] {logging_mixin.py:188} INFO - [2025-10-30T20:34:46.061+0000] {dag.py:3096} INFO - Sync 1 DAGs
[2025-10-30T20:34:46.089+0000] {logging_mixin.py:188} INFO - [2025-10-30T20:34:46.088+0000] {dag.py:3954} INFO - Setting next_dagrun for latest_only_with_trigger to 2025-10-30 16:00:00+00:00, run_after=2025-10-30 20:00:00+00:00
[2025-10-30T20:34:46.112+0000] {processor.py:183} INFO - Processing /home/airflow/.local/lib/python3.12/site-packages/airflow/example_dags/example_latest_only_with_trigger.py took 0.099 seconds
[2025-10-30T20:35:16.495+0000] {processor.py:161} INFO - Started process (PID=720) to work on /home/airflow/.local/lib/python3.12/site-packages/airflow/example_dags/example_latest_only_with_trigger.py
[2025-10-30T20:35:16.497+0000] {processor.py:830} INFO - Processing file /home/airflow/.local/lib/python3.12/site-packages/airflow/example_dags/example_latest_only_with_trigger.py for tasks to queue
[2025-10-30T20:35:16.499+0000] {logging_mixin.py:188} INFO - [2025-10-30T20:35:16.499+0000] {dagbag.py:545} INFO - Filling up the DagBag from /home/airflow/.local/lib/python3.12/site-packages/airflow/example_dags/example_latest_only_with_trigger.py
[2025-10-30T20:35:16.507+0000] {processor.py:840} INFO - DAG(s) 'latest_only_with_trigger' retrieved from /home/airflow/.local/lib/python3.12/site-packages/airflow/example_dags/example_latest_only_with_trigger.py
[2025-10-30T20:35:16.535+0000] {logging_mixin.py:188} INFO - [2025-10-30T20:35:16.535+0000] {dag.py:3096} INFO - Sync 1 DAGs
[2025-10-30T20:35:16.562+0000] {logging_mixin.py:188} INFO - [2025-10-30T20:35:16.562+0000] {dag.py:3954} INFO - Setting next_dagrun for latest_only_with_trigger to 2025-10-30 16:00:00+00:00, run_after=2025-10-30 20:00:00+00:00
[2025-10-30T20:35:16.588+0000] {processor.py:183} INFO - Processing /home/airflow/.local/lib/python3.12/site-packages/airflow/example_dags/example_latest_only_with_trigger.py took 0.102 seconds
[2025-10-30T20:35:47.136+0000] {processor.py:161} INFO - Started process (PID=778) to work on /home/airflow/.local/lib/python3.12/site-packages/airflow/example_dags/example_latest_only_with_trigger.py
[2025-10-30T20:35:47.137+0000] {processor.py:830} INFO - Processing file /home/airflow/.local/lib/python3.12/site-packages/airflow/example_dags/example_latest_only_with_trigger.py for tasks to queue
[2025-10-30T20:35:47.140+0000] {logging_mixin.py:188} INFO - [2025-10-30T20:35:47.139+0000] {dagbag.py:545} INFO - Filling up the DagBag from /home/airflow/.local/lib/python3.12/site-packages/airflow/example_dags/example_latest_only_with_trigger.py
[2025-10-30T20:35:47.149+0000] {processor.py:840} INFO - DAG(s) 'latest_only_with_trigger' retrieved from /home/airflow/.local/lib/python3.12/site-packages/airflow/example_dags/example_latest_only_with_trigger.py
[2025-10-30T20:35:47.193+0000] {logging_mixin.py:188} INFO - [2025-10-30T20:35:47.192+0000] {dag.py:3096} INFO - Sync 1 DAGs
[2025-10-30T20:35:47.259+0000] {logging_mixin.py:188} INFO - [2025-10-30T20:35:47.259+0000] {dag.py:3954} INFO - Setting next_dagrun for latest_only_with_trigger to 2025-10-30 16:00:00+00:00, run_after=2025-10-30 20:00:00+00:00
[2025-10-30T20:35:47.306+0000] {processor.py:183} INFO - Processing /home/airflow/.local/lib/python3.12/site-packages/airflow/example_dags/example_latest_only_with_trigger.py took 0.178 seconds
[2025-10-30T20:36:17.570+0000] {processor.py:161} INFO - Started process (PID=836) to work on /home/airflow/.local/lib/python3.12/site-packages/airflow/example_dags/example_latest_only_with_trigger.py
[2025-10-30T20:36:17.572+0000] {processor.py:830} INFO - Processing file /home/airflow/.local/lib/python3.12/site-packages/airflow/example_dags/example_latest_only_with_trigger.py for tasks to queue
[2025-10-30T20:36:17.576+0000] {logging_mixin.py:188} INFO - [2025-10-30T20:36:17.575+0000] {dagbag.py:545} INFO - Filling up the DagBag from /home/airflow/.local/lib/python3.12/site-packages/airflow/example_dags/example_latest_only_with_trigger.py
[2025-10-30T20:36:17.592+0000] {processor.py:840} INFO - DAG(s) 'latest_only_with_trigger' retrieved from /home/airflow/.local/lib/python3.12/site-packages/airflow/example_dags/example_latest_only_with_trigger.py
[2025-10-30T20:36:17.630+0000] {logging_mixin.py:188} INFO - [2025-10-30T20:36:17.629+0000] {dag.py:3096} INFO - Sync 1 DAGs
[2025-10-30T20:36:17.662+0000] {logging_mixin.py:188} INFO - [2025-10-30T20:36:17.662+0000] {dag.py:3954} INFO - Setting next_dagrun for latest_only_with_trigger to 2025-10-30 16:00:00+00:00, run_after=2025-10-30 20:00:00+00:00
[2025-10-30T20:36:17.688+0000] {processor.py:183} INFO - Processing /home/airflow/.local/lib/python3.12/site-packages/airflow/example_dags/example_latest_only_with_trigger.py took 0.132 seconds
[2025-10-30T20:36:48.008+0000] {processor.py:161} INFO - Started process (PID=894) to work on /home/airflow/.local/lib/python3.12/site-packages/airflow/example_dags/example_latest_only_with_trigger.py
[2025-10-30T20:36:48.010+0000] {processor.py:830} INFO - Processing file /home/airflow/.local/lib/python3.12/site-packages/airflow/example_dags/example_latest_only_with_trigger.py for tasks to queue
[2025-10-30T20:36:48.014+0000] {logging_mixin.py:188} INFO - [2025-10-30T20:36:48.013+0000] {dagbag.py:545} INFO - Filling up the DagBag from /home/airflow/.local/lib/python3.12/site-packages/airflow/example_dags/example_latest_only_with_trigger.py
[2025-10-30T20:36:48.022+0000] {processor.py:840} INFO - DAG(s) 'latest_only_with_trigger' retrieved from /home/airflow/.local/lib/python3.12/site-packages/airflow/example_dags/example_latest_only_with_trigger.py
[2025-10-30T20:36:48.051+0000] {logging_mixin.py:188} INFO - [2025-10-30T20:36:48.051+0000] {dag.py:3096} INFO - Sync 1 DAGs
[2025-10-30T20:36:48.080+0000] {logging_mixin.py:188} INFO - [2025-10-30T20:36:48.080+0000] {dag.py:3954} INFO - Setting next_dagrun for latest_only_with_trigger to 2025-10-30 16:00:00+00:00, run_after=2025-10-30 20:00:00+00:00
[2025-10-30T20:36:48.105+0000] {processor.py:183} INFO - Processing /home/airflow/.local/lib/python3.12/site-packages/airflow/example_dags/example_latest_only_with_trigger.py took 0.108 seconds
[2025-10-30T20:37:18.363+0000] {processor.py:161} INFO - Started process (PID=952) to work on /home/airflow/.local/lib/python3.12/site-packages/airflow/example_dags/example_latest_only_with_trigger.py
[2025-10-30T20:37:18.364+0000] {processor.py:830} INFO - Processing file /home/airflow/.local/lib/python3.12/site-packages/airflow/example_dags/example_latest_only_with_trigger.py for tasks to queue
[2025-10-30T20:37:18.367+0000] {logging_mixin.py:188} INFO - [2025-10-30T20:37:18.367+0000] {dagbag.py:545} INFO - Filling up the DagBag from /home/airflow/.local/lib/python3.12/site-packages/airflow/example_dags/example_latest_only_with_trigger.py
[2025-10-30T20:37:18.376+0000] {processor.py:840} INFO - DAG(s) 'latest_only_with_trigger' retrieved from /home/airflow/.local/lib/python3.12/site-packages/airflow/example_dags/example_latest_only_with_trigger.py
[2025-10-30T20:37:18.409+0000] {logging_mixin.py:188} INFO - [2025-10-30T20:37:18.408+0000] {dag.py:3096} INFO - Sync 1 DAGs
[2025-10-30T20:37:18.442+0000] {logging_mixin.py:188} INFO - [2025-10-30T20:37:18.441+0000] {dag.py:3954} INFO - Setting next_dagrun for latest_only_with_trigger to 2025-10-30 16:00:00+00:00, run_after=2025-10-30 20:00:00+00:00
[2025-10-30T20:37:18.477+0000] {processor.py:183} INFO - Processing /home/airflow/.local/lib/python3.12/site-packages/airflow/example_dags/example_latest_only_with_trigger.py took 0.124 seconds
[2025-10-30T20:37:48.667+0000] {processor.py:161} INFO - Started process (PID=1010) to work on /home/airflow/.local/lib/python3.12/site-packages/airflow/example_dags/example_latest_only_with_trigger.py
[2025-10-30T20:37:48.670+0000] {processor.py:830} INFO - Processing file /home/airflow/.local/lib/python3.12/site-packages/airflow/example_dags/example_latest_only_with_trigger.py for tasks to queue
[2025-10-30T20:37:48.672+0000] {logging_mixin.py:188} INFO - [2025-10-30T20:37:48.672+0000] {dagbag.py:545} INFO - Filling up the DagBag from /home/airflow/.local/lib/python3.12/site-packages/airflow/example_dags/example_latest_only_with_trigger.py
[2025-10-30T20:37:48.680+0000] {processor.py:840} INFO - DAG(s) 'latest_only_with_trigger' retrieved from /home/airflow/.local/lib/python3.12/site-packages/airflow/example_dags/example_latest_only_with_trigger.py
[2025-10-30T20:37:48.707+0000] {logging_mixin.py:188} INFO - [2025-10-30T20:37:48.707+0000] {dag.py:3096} INFO - Sync 1 DAGs
[2025-10-30T20:37:48.734+0000] {logging_mixin.py:188} INFO - [2025-10-30T20:37:48.733+0000] {dag.py:3954} INFO - Setting next_dagrun for latest_only_with_trigger to 2025-10-30 16:00:00+00:00, run_after=2025-10-30 20:00:00+00:00
[2025-10-30T20:37:48.760+0000] {processor.py:183} INFO - Processing /home/airflow/.local/lib/python3.12/site-packages/airflow/example_dags/example_latest_only_with_trigger.py took 0.101 seconds
[2025-10-30T20:38:19.335+0000] {processor.py:161} INFO - Started process (PID=1068) to work on /home/airflow/.local/lib/python3.12/site-packages/airflow/example_dags/example_latest_only_with_trigger.py
[2025-10-30T20:38:19.337+0000] {processor.py:830} INFO - Processing file /home/airflow/.local/lib/python3.12/site-packages/airflow/example_dags/example_latest_only_with_trigger.py for tasks to queue
[2025-10-30T20:38:19.339+0000] {logging_mixin.py:188} INFO - [2025-10-30T20:38:19.339+0000] {dagbag.py:545} INFO - Filling up the DagBag from /home/airflow/.local/lib/python3.12/site-packages/airflow/example_dags/example_latest_only_with_trigger.py
[2025-10-30T20:38:19.347+0000] {processor.py:840} INFO - DAG(s) 'latest_only_with_trigger' retrieved from /home/airflow/.local/lib/python3.12/site-packages/airflow/example_dags/example_latest_only_with_trigger.py
[2025-10-30T20:38:19.371+0000] {logging_mixin.py:188} INFO - [2025-10-30T20:38:19.371+0000] {dag.py:3096} INFO - Sync 1 DAGs
[2025-10-30T20:38:19.399+0000] {logging_mixin.py:188} INFO - [2025-10-30T20:38:19.399+0000] {dag.py:3954} INFO - Setting next_dagrun for latest_only_with_trigger to 2025-10-30 16:00:00+00:00, run_after=2025-10-30 20:00:00+00:00
[2025-10-30T20:38:19.427+0000] {processor.py:183} INFO - Processing /home/airflow/.local/lib/python3.12/site-packages/airflow/example_dags/example_latest_only_with_trigger.py took 0.099 seconds
[2025-10-30T20:38:49.469+0000] {processor.py:161} INFO - Started process (PID=1126) to work on /home/airflow/.local/lib/python3.12/site-packages/airflow/example_dags/example_latest_only_with_trigger.py
[2025-10-30T20:38:49.470+0000] {processor.py:830} INFO - Processing file /home/airflow/.local/lib/python3.12/site-packages/airflow/example_dags/example_latest_only_with_trigger.py for tasks to queue
[2025-10-30T20:38:49.473+0000] {logging_mixin.py:188} INFO - [2025-10-30T20:38:49.473+0000] {dagbag.py:545} INFO - Filling up the DagBag from /home/airflow/.local/lib/python3.12/site-packages/airflow/example_dags/example_latest_only_with_trigger.py
[2025-10-30T20:38:49.481+0000] {processor.py:840} INFO - DAG(s) 'latest_only_with_trigger' retrieved from /home/airflow/.local/lib/python3.12/site-packages/airflow/example_dags/example_latest_only_with_trigger.py
[2025-10-30T20:38:49.510+0000] {logging_mixin.py:188} INFO - [2025-10-30T20:38:49.509+0000] {dag.py:3096} INFO - Sync 1 DAGs
[2025-10-30T20:38:49.540+0000] {logging_mixin.py:188} INFO - [2025-10-30T20:38:49.540+0000] {dag.py:3954} INFO - Setting next_dagrun for latest_only_with_trigger to 2025-10-30 16:00:00+00:00, run_after=2025-10-30 20:00:00+00:00
[2025-10-30T20:38:49.568+0000] {processor.py:183} INFO - Processing /home/airflow/.local/lib/python3.12/site-packages/airflow/example_dags/example_latest_only_with_trigger.py took 0.108 seconds
[2025-10-30T20:39:19.817+0000] {processor.py:161} INFO - Started process (PID=1185) to work on /home/airflow/.local/lib/python3.12/site-packages/airflow/example_dags/example_latest_only_with_trigger.py
[2025-10-30T20:39:19.819+0000] {processor.py:830} INFO - Processing file /home/airflow/.local/lib/python3.12/site-packages/airflow/example_dags/example_latest_only_with_trigger.py for tasks to queue
[2025-10-30T20:39:19.823+0000] {logging_mixin.py:188} INFO - [2025-10-30T20:39:19.822+0000] {dagbag.py:545} INFO - Filling up the DagBag from /home/airflow/.local/lib/python3.12/site-packages/airflow/example_dags/example_latest_only_with_trigger.py
[2025-10-30T20:39:19.831+0000] {processor.py:840} INFO - DAG(s) 'latest_only_with_trigger' retrieved from /home/airflow/.local/lib/python3.12/site-packages/airflow/example_dags/example_latest_only_with_trigger.py
[2025-10-30T20:39:19.862+0000] {logging_mixin.py:188} INFO - [2025-10-30T20:39:19.862+0000] {dag.py:3096} INFO - Sync 1 DAGs
[2025-10-30T20:39:19.893+0000] {logging_mixin.py:188} INFO - [2025-10-30T20:39:19.892+0000] {dag.py:3954} INFO - Setting next_dagrun for latest_only_with_trigger to 2025-10-30 16:00:00+00:00, run_after=2025-10-30 20:00:00+00:00
[2025-10-30T20:39:19.920+0000] {processor.py:183} INFO - Processing /home/airflow/.local/lib/python3.12/site-packages/airflow/example_dags/example_latest_only_with_trigger.py took 0.112 seconds
[2025-10-30T20:39:50.697+0000] {processor.py:161} INFO - Started process (PID=1243) to work on /home/airflow/.local/lib/python3.12/site-packages/airflow/example_dags/example_latest_only_with_trigger.py
[2025-10-30T20:39:50.700+0000] {processor.py:830} INFO - Processing file /home/airflow/.local/lib/python3.12/site-packages/airflow/example_dags/example_latest_only_with_trigger.py for tasks to queue
[2025-10-30T20:39:50.704+0000] {logging_mixin.py:188} INFO - [2025-10-30T20:39:50.704+0000] {dagbag.py:545} INFO - Filling up the DagBag from /home/airflow/.local/lib/python3.12/site-packages/airflow/example_dags/example_latest_only_with_trigger.py
[2025-10-30T20:39:50.716+0000] {processor.py:840} INFO - DAG(s) 'latest_only_with_trigger' retrieved from /home/airflow/.local/lib/python3.12/site-packages/airflow/example_dags/example_latest_only_with_trigger.py
[2025-10-30T20:39:50.769+0000] {logging_mixin.py:188} INFO - [2025-10-30T20:39:50.769+0000] {dag.py:3096} INFO - Sync 1 DAGs
[2025-10-30T20:39:50.828+0000] {logging_mixin.py:188} INFO - [2025-10-30T20:39:50.827+0000] {dag.py:3954} INFO - Setting next_dagrun for latest_only_with_trigger to 2025-10-30 16:00:00+00:00, run_after=2025-10-30 20:00:00+00:00
[2025-10-30T20:39:50.874+0000] {processor.py:183} INFO - Processing /home/airflow/.local/lib/python3.12/site-packages/airflow/example_dags/example_latest_only_with_trigger.py took 0.190 seconds
[2025-10-30T20:40:21.440+0000] {processor.py:161} INFO - Started process (PID=1301) to work on /home/airflow/.local/lib/python3.12/site-packages/airflow/example_dags/example_latest_only_with_trigger.py
[2025-10-30T20:40:21.444+0000] {processor.py:830} INFO - Processing file /home/airflow/.local/lib/python3.12/site-packages/airflow/example_dags/example_latest_only_with_trigger.py for tasks to queue
[2025-10-30T20:40:21.448+0000] {logging_mixin.py:188} INFO - [2025-10-30T20:40:21.447+0000] {dagbag.py:545} INFO - Filling up the DagBag from /home/airflow/.local/lib/python3.12/site-packages/airflow/example_dags/example_latest_only_with_trigger.py
[2025-10-30T20:40:21.461+0000] {processor.py:840} INFO - DAG(s) 'latest_only_with_trigger' retrieved from /home/airflow/.local/lib/python3.12/site-packages/airflow/example_dags/example_latest_only_with_trigger.py
[2025-10-30T20:40:21.546+0000] {logging_mixin.py:188} INFO - [2025-10-30T20:40:21.545+0000] {dag.py:3096} INFO - Sync 1 DAGs
[2025-10-30T20:40:21.662+0000] {logging_mixin.py:188} INFO - [2025-10-30T20:40:21.662+0000] {dag.py:3954} INFO - Setting next_dagrun for latest_only_with_trigger to 2025-10-30 16:00:00+00:00, run_after=2025-10-30 20:00:00+00:00
[2025-10-30T20:40:21.893+0000] {processor.py:183} INFO - Processing /home/airflow/.local/lib/python3.12/site-packages/airflow/example_dags/example_latest_only_with_trigger.py took 0.468 seconds
[2025-10-30T20:40:52.655+0000] {processor.py:161} INFO - Started process (PID=1359) to work on /home/airflow/.local/lib/python3.12/site-packages/airflow/example_dags/example_latest_only_with_trigger.py
[2025-10-30T20:40:52.660+0000] {processor.py:830} INFO - Processing file /home/airflow/.local/lib/python3.12/site-packages/airflow/example_dags/example_latest_only_with_trigger.py for tasks to queue
[2025-10-30T20:40:52.671+0000] {logging_mixin.py:188} INFO - [2025-10-30T20:40:52.668+0000] {dagbag.py:545} INFO - Filling up the DagBag from /home/airflow/.local/lib/python3.12/site-packages/airflow/example_dags/example_latest_only_with_trigger.py
[2025-10-30T20:40:52.689+0000] {processor.py:840} INFO - DAG(s) 'latest_only_with_trigger' retrieved from /home/airflow/.local/lib/python3.12/site-packages/airflow/example_dags/example_latest_only_with_trigger.py
[2025-10-30T20:40:52.761+0000] {logging_mixin.py:188} INFO - [2025-10-30T20:40:52.761+0000] {dag.py:3096} INFO - Sync 1 DAGs
[2025-10-30T20:40:52.905+0000] {logging_mixin.py:188} INFO - [2025-10-30T20:40:52.904+0000] {dag.py:3954} INFO - Setting next_dagrun for latest_only_with_trigger to 2025-10-30 16:00:00+00:00, run_after=2025-10-30 20:00:00+00:00
[2025-10-30T20:40:52.967+0000] {processor.py:183} INFO - Processing /home/airflow/.local/lib/python3.12/site-packages/airflow/example_dags/example_latest_only_with_trigger.py took 0.334 seconds
[2025-10-30T20:41:23.782+0000] {processor.py:161} INFO - Started process (PID=1416) to work on /home/airflow/.local/lib/python3.12/site-packages/airflow/example_dags/example_latest_only_with_trigger.py
[2025-10-30T20:41:23.784+0000] {processor.py:830} INFO - Processing file /home/airflow/.local/lib/python3.12/site-packages/airflow/example_dags/example_latest_only_with_trigger.py for tasks to queue
[2025-10-30T20:41:23.788+0000] {logging_mixin.py:188} INFO - [2025-10-30T20:41:23.787+0000] {dagbag.py:545} INFO - Filling up the DagBag from /home/airflow/.local/lib/python3.12/site-packages/airflow/example_dags/example_latest_only_with_trigger.py
[2025-10-30T20:41:23.797+0000] {processor.py:840} INFO - DAG(s) 'latest_only_with_trigger' retrieved from /home/airflow/.local/lib/python3.12/site-packages/airflow/example_dags/example_latest_only_with_trigger.py
[2025-10-30T20:41:23.828+0000] {logging_mixin.py:188} INFO - [2025-10-30T20:41:23.827+0000] {dag.py:3096} INFO - Sync 1 DAGs
[2025-10-30T20:41:23.858+0000] {logging_mixin.py:188} INFO - [2025-10-30T20:41:23.857+0000] {dag.py:3954} INFO - Setting next_dagrun for latest_only_with_trigger to 2025-10-30 16:00:00+00:00, run_after=2025-10-30 20:00:00+00:00
[2025-10-30T20:41:23.893+0000] {processor.py:183} INFO - Processing /home/airflow/.local/lib/python3.12/site-packages/airflow/example_dags/example_latest_only_with_trigger.py took 0.122 seconds
[2025-10-30T20:41:54.010+0000] {processor.py:161} INFO - Started process (PID=1473) to work on /home/airflow/.local/lib/python3.12/site-packages/airflow/example_dags/example_latest_only_with_trigger.py
[2025-10-30T20:41:54.012+0000] {processor.py:830} INFO - Processing file /home/airflow/.local/lib/python3.12/site-packages/airflow/example_dags/example_latest_only_with_trigger.py for tasks to queue
[2025-10-30T20:41:54.015+0000] {logging_mixin.py:188} INFO - [2025-10-30T20:41:54.015+0000] {dagbag.py:545} INFO - Filling up the DagBag from /home/airflow/.local/lib/python3.12/site-packages/airflow/example_dags/example_latest_only_with_trigger.py
[2025-10-30T20:41:54.024+0000] {processor.py:840} INFO - DAG(s) 'latest_only_with_trigger' retrieved from /home/airflow/.local/lib/python3.12/site-packages/airflow/example_dags/example_latest_only_with_trigger.py
[2025-10-30T20:41:54.057+0000] {logging_mixin.py:188} INFO - [2025-10-30T20:41:54.056+0000] {dag.py:3096} INFO - Sync 1 DAGs
[2025-10-30T20:41:54.097+0000] {logging_mixin.py:188} INFO - [2025-10-30T20:41:54.097+0000] {dag.py:3954} INFO - Setting next_dagrun for latest_only_with_trigger to 2025-10-30 16:00:00+00:00, run_after=2025-10-30 20:00:00+00:00
[2025-10-30T20:41:54.128+0000] {processor.py:183} INFO - Processing /home/airflow/.local/lib/python3.12/site-packages/airflow/example_dags/example_latest_only_with_trigger.py took 0.127 seconds
[2025-10-30T20:42:24.218+0000] {processor.py:161} INFO - Started process (PID=1531) to work on /home/airflow/.local/lib/python3.12/site-packages/airflow/example_dags/example_latest_only_with_trigger.py
[2025-10-30T20:42:24.220+0000] {processor.py:830} INFO - Processing file /home/airflow/.local/lib/python3.12/site-packages/airflow/example_dags/example_latest_only_with_trigger.py for tasks to queue
[2025-10-30T20:42:24.223+0000] {logging_mixin.py:188} INFO - [2025-10-30T20:42:24.222+0000] {dagbag.py:545} INFO - Filling up the DagBag from /home/airflow/.local/lib/python3.12/site-packages/airflow/example_dags/example_latest_only_with_trigger.py
[2025-10-30T20:42:24.233+0000] {processor.py:840} INFO - DAG(s) 'latest_only_with_trigger' retrieved from /home/airflow/.local/lib/python3.12/site-packages/airflow/example_dags/example_latest_only_with_trigger.py
[2025-10-30T20:42:24.271+0000] {logging_mixin.py:188} INFO - [2025-10-30T20:42:24.270+0000] {dag.py:3096} INFO - Sync 1 DAGs
[2025-10-30T20:42:24.305+0000] {logging_mixin.py:188} INFO - [2025-10-30T20:42:24.305+0000] {dag.py:3954} INFO - Setting next_dagrun for latest_only_with_trigger to 2025-10-30 16:00:00+00:00, run_after=2025-10-30 20:00:00+00:00
[2025-10-30T20:42:24.329+0000] {processor.py:183} INFO - Processing /home/airflow/.local/lib/python3.12/site-packages/airflow/example_dags/example_latest_only_with_trigger.py took 0.122 seconds
[2025-10-30T21:06:18.367+0000] {processor.py:161} INFO - Started process (PID=82) to work on /home/airflow/.local/lib/python3.12/site-packages/airflow/example_dags/example_latest_only_with_trigger.py
[2025-10-30T21:06:18.373+0000] {processor.py:830} INFO - Processing file /home/airflow/.local/lib/python3.12/site-packages/airflow/example_dags/example_latest_only_with_trigger.py for tasks to queue
[2025-10-30T21:06:18.378+0000] {logging_mixin.py:188} INFO - [2025-10-30T21:06:18.377+0000] {dagbag.py:545} INFO - Filling up the DagBag from /home/airflow/.local/lib/python3.12/site-packages/airflow/example_dags/example_latest_only_with_trigger.py
[2025-10-30T21:06:18.397+0000] {processor.py:840} INFO - DAG(s) 'latest_only_with_trigger' retrieved from /home/airflow/.local/lib/python3.12/site-packages/airflow/example_dags/example_latest_only_with_trigger.py
[2025-10-30T21:06:18.722+0000] {logging_mixin.py:188} INFO - [2025-10-30T21:06:18.722+0000] {dag.py:3096} INFO - Sync 1 DAGs
[2025-10-30T21:06:18.841+0000] {logging_mixin.py:188} INFO - [2025-10-30T21:06:18.840+0000] {dag.py:3954} INFO - Setting next_dagrun for latest_only_with_trigger to 2025-10-30 16:00:00+00:00, run_after=2025-10-30 20:00:00+00:00
[2025-10-30T21:06:18.902+0000] {processor.py:183} INFO - Processing /home/airflow/.local/lib/python3.12/site-packages/airflow/example_dags/example_latest_only_with_trigger.py took 0.548 seconds
[2025-10-30T21:06:49.741+0000] {processor.py:161} INFO - Started process (PID=140) to work on /home/airflow/.local/lib/python3.12/site-packages/airflow/example_dags/example_latest_only_with_trigger.py
[2025-10-30T21:06:49.745+0000] {processor.py:830} INFO - Processing file /home/airflow/.local/lib/python3.12/site-packages/airflow/example_dags/example_latest_only_with_trigger.py for tasks to queue
[2025-10-30T21:06:49.749+0000] {logging_mixin.py:188} INFO - [2025-10-30T21:06:49.748+0000] {dagbag.py:545} INFO - Filling up the DagBag from /home/airflow/.local/lib/python3.12/site-packages/airflow/example_dags/example_latest_only_with_trigger.py
[2025-10-30T21:06:49.764+0000] {processor.py:840} INFO - DAG(s) 'latest_only_with_trigger' retrieved from /home/airflow/.local/lib/python3.12/site-packages/airflow/example_dags/example_latest_only_with_trigger.py
[2025-10-30T21:06:49.811+0000] {logging_mixin.py:188} INFO - [2025-10-30T21:06:49.811+0000] {dag.py:3096} INFO - Sync 1 DAGs
[2025-10-30T21:06:49.858+0000] {logging_mixin.py:188} INFO - [2025-10-30T21:06:49.857+0000] {dag.py:3954} INFO - Setting next_dagrun for latest_only_with_trigger to 2025-10-30 16:00:00+00:00, run_after=2025-10-30 20:00:00+00:00
[2025-10-30T21:06:49.908+0000] {processor.py:183} INFO - Processing /home/airflow/.local/lib/python3.12/site-packages/airflow/example_dags/example_latest_only_with_trigger.py took 0.179 seconds
[2025-10-30T21:07:20.143+0000] {processor.py:161} INFO - Started process (PID=203) to work on /home/airflow/.local/lib/python3.12/site-packages/airflow/example_dags/example_latest_only_with_trigger.py
[2025-10-30T21:07:20.150+0000] {processor.py:830} INFO - Processing file /home/airflow/.local/lib/python3.12/site-packages/airflow/example_dags/example_latest_only_with_trigger.py for tasks to queue
[2025-10-30T21:07:20.156+0000] {logging_mixin.py:188} INFO - [2025-10-30T21:07:20.155+0000] {dagbag.py:545} INFO - Filling up the DagBag from /home/airflow/.local/lib/python3.12/site-packages/airflow/example_dags/example_latest_only_with_trigger.py
[2025-10-30T21:07:20.173+0000] {processor.py:840} INFO - DAG(s) 'latest_only_with_trigger' retrieved from /home/airflow/.local/lib/python3.12/site-packages/airflow/example_dags/example_latest_only_with_trigger.py
[2025-10-30T21:07:20.239+0000] {logging_mixin.py:188} INFO - [2025-10-30T21:07:20.238+0000] {dag.py:3096} INFO - Sync 1 DAGs
[2025-10-30T21:07:20.313+0000] {logging_mixin.py:188} INFO - [2025-10-30T21:07:20.312+0000] {dag.py:3954} INFO - Setting next_dagrun for latest_only_with_trigger to 2025-10-30 16:00:00+00:00, run_after=2025-10-30 20:00:00+00:00
[2025-10-30T21:07:20.370+0000] {processor.py:183} INFO - Processing /home/airflow/.local/lib/python3.12/site-packages/airflow/example_dags/example_latest_only_with_trigger.py took 0.245 seconds
[2025-10-30T21:07:50.627+0000] {processor.py:161} INFO - Started process (PID=262) to work on /home/airflow/.local/lib/python3.12/site-packages/airflow/example_dags/example_latest_only_with_trigger.py
[2025-10-30T21:07:50.630+0000] {processor.py:830} INFO - Processing file /home/airflow/.local/lib/python3.12/site-packages/airflow/example_dags/example_latest_only_with_trigger.py for tasks to queue
[2025-10-30T21:07:50.634+0000] {logging_mixin.py:188} INFO - [2025-10-30T21:07:50.633+0000] {dagbag.py:545} INFO - Filling up the DagBag from /home/airflow/.local/lib/python3.12/site-packages/airflow/example_dags/example_latest_only_with_trigger.py
[2025-10-30T21:07:50.652+0000] {processor.py:840} INFO - DAG(s) 'latest_only_with_trigger' retrieved from /home/airflow/.local/lib/python3.12/site-packages/airflow/example_dags/example_latest_only_with_trigger.py
[2025-10-30T21:07:50.694+0000] {logging_mixin.py:188} INFO - [2025-10-30T21:07:50.694+0000] {dag.py:3096} INFO - Sync 1 DAGs
[2025-10-30T21:07:50.741+0000] {logging_mixin.py:188} INFO - [2025-10-30T21:07:50.740+0000] {dag.py:3954} INFO - Setting next_dagrun for latest_only_with_trigger to 2025-10-30 16:00:00+00:00, run_after=2025-10-30 20:00:00+00:00
[2025-10-30T21:07:50.776+0000] {processor.py:183} INFO - Processing /home/airflow/.local/lib/python3.12/site-packages/airflow/example_dags/example_latest_only_with_trigger.py took 0.163 seconds
[2025-10-30T21:08:21.144+0000] {processor.py:161} INFO - Started process (PID=321) to work on /home/airflow/.local/lib/python3.12/site-packages/airflow/example_dags/example_latest_only_with_trigger.py
[2025-10-30T21:08:21.150+0000] {processor.py:830} INFO - Processing file /home/airflow/.local/lib/python3.12/site-packages/airflow/example_dags/example_latest_only_with_trigger.py for tasks to queue
[2025-10-30T21:08:21.155+0000] {logging_mixin.py:188} INFO - [2025-10-30T21:08:21.154+0000] {dagbag.py:545} INFO - Filling up the DagBag from /home/airflow/.local/lib/python3.12/site-packages/airflow/example_dags/example_latest_only_with_trigger.py
[2025-10-30T21:08:21.165+0000] {processor.py:840} INFO - DAG(s) 'latest_only_with_trigger' retrieved from /home/airflow/.local/lib/python3.12/site-packages/airflow/example_dags/example_latest_only_with_trigger.py
[2025-10-30T21:08:21.206+0000] {logging_mixin.py:188} INFO - [2025-10-30T21:08:21.206+0000] {dag.py:3096} INFO - Sync 1 DAGs
[2025-10-30T21:08:21.271+0000] {logging_mixin.py:188} INFO - [2025-10-30T21:08:21.270+0000] {dag.py:3954} INFO - Setting next_dagrun for latest_only_with_trigger to 2025-10-30 16:00:00+00:00, run_after=2025-10-30 20:00:00+00:00
[2025-10-30T21:08:21.299+0000] {processor.py:183} INFO - Processing /home/airflow/.local/lib/python3.12/site-packages/airflow/example_dags/example_latest_only_with_trigger.py took 0.166 seconds
[2025-10-30T21:09:07.114+0000] {processor.py:161} INFO - Started process (PID=381) to work on /home/airflow/.local/lib/python3.12/site-packages/airflow/example_dags/example_latest_only_with_trigger.py
[2025-10-30T21:09:07.118+0000] {processor.py:830} INFO - Processing file /home/airflow/.local/lib/python3.12/site-packages/airflow/example_dags/example_latest_only_with_trigger.py for tasks to queue
[2025-10-30T21:09:07.125+0000] {logging_mixin.py:188} INFO - [2025-10-30T21:09:07.123+0000] {dagbag.py:545} INFO - Filling up the DagBag from /home/airflow/.local/lib/python3.12/site-packages/airflow/example_dags/example_latest_only_with_trigger.py
[2025-10-30T21:09:07.148+0000] {processor.py:840} INFO - DAG(s) 'latest_only_with_trigger' retrieved from /home/airflow/.local/lib/python3.12/site-packages/airflow/example_dags/example_latest_only_with_trigger.py
[2025-10-30T21:09:07.218+0000] {logging_mixin.py:188} INFO - [2025-10-30T21:09:07.217+0000] {dag.py:3096} INFO - Sync 1 DAGs
[2025-10-30T21:09:07.289+0000] {logging_mixin.py:188} INFO - [2025-10-30T21:09:07.288+0000] {dag.py:3954} INFO - Setting next_dagrun for latest_only_with_trigger to 2025-10-30 16:00:00+00:00, run_after=2025-10-30 20:00:00+00:00
[2025-10-30T21:09:07.356+0000] {processor.py:183} INFO - Processing /home/airflow/.local/lib/python3.12/site-packages/airflow/example_dags/example_latest_only_with_trigger.py took 0.261 seconds
[2025-10-30T21:09:39.409+0000] {processor.py:161} INFO - Started process (PID=440) to work on /home/airflow/.local/lib/python3.12/site-packages/airflow/example_dags/example_latest_only_with_trigger.py
[2025-10-30T21:09:39.415+0000] {processor.py:830} INFO - Processing file /home/airflow/.local/lib/python3.12/site-packages/airflow/example_dags/example_latest_only_with_trigger.py for tasks to queue
[2025-10-30T21:09:39.421+0000] {logging_mixin.py:188} INFO - [2025-10-30T21:09:39.419+0000] {dagbag.py:545} INFO - Filling up the DagBag from /home/airflow/.local/lib/python3.12/site-packages/airflow/example_dags/example_latest_only_with_trigger.py
[2025-10-30T21:09:39.465+0000] {processor.py:840} INFO - DAG(s) 'latest_only_with_trigger' retrieved from /home/airflow/.local/lib/python3.12/site-packages/airflow/example_dags/example_latest_only_with_trigger.py
[2025-10-30T21:09:40.070+0000] {logging_mixin.py:188} INFO - [2025-10-30T21:09:40.064+0000] {dag.py:3096} INFO - Sync 1 DAGs
[2025-10-30T21:09:40.215+0000] {logging_mixin.py:188} INFO - [2025-10-30T21:09:40.213+0000] {dag.py:3954} INFO - Setting next_dagrun for latest_only_with_trigger to 2025-10-30 16:00:00+00:00, run_after=2025-10-30 20:00:00+00:00
[2025-10-30T21:09:40.373+0000] {processor.py:183} INFO - Processing /home/airflow/.local/lib/python3.12/site-packages/airflow/example_dags/example_latest_only_with_trigger.py took 0.985 seconds
