[2025-10-30T20:29:29.997+0000] {processor.py:161} INFO - Started process (PID=60) to work on /home/airflow/.local/lib/python3.12/site-packages/airflow/example_dags/example_display_name.py
[2025-10-30T20:29:30.030+0000] {processor.py:830} INFO - Processing file /home/airflow/.local/lib/python3.12/site-packages/airflow/example_dags/example_display_name.py for tasks to queue
[2025-10-30T20:29:30.165+0000] {logging_mixin.py:188} INFO - [2025-10-30T20:29:30.162+0000] {dagbag.py:545} INFO - Filling up the DagBag from /home/airflow/.local/lib/python3.12/site-packages/airflow/example_dags/example_display_name.py
[2025-10-30T20:29:30.350+0000] {processor.py:840} INFO - DAG(s) 'example_display_name' retrieved from /home/airflow/.local/lib/python3.12/site-packages/airflow/example_dags/example_display_name.py
[2025-10-30T20:29:31.638+0000] {logging_mixin.py:188} INFO - [2025-10-30T20:29:31.636+0000] {dag.py:3096} INFO - Sync 1 DAGs
[2025-10-30T20:29:31.676+0000] {logging_mixin.py:188} INFO - [2025-10-30T20:29:31.675+0000] {dag.py:3954} INFO - Setting next_dagrun for example_display_name to None, run_after=None
[2025-10-30T20:29:31.956+0000] {processor.py:183} INFO - Processing /home/airflow/.local/lib/python3.12/site-packages/airflow/example_dags/example_display_name.py took 2.142 seconds
[2025-10-30T20:30:02.487+0000] {processor.py:161} INFO - Started process (PID=124) to work on /home/airflow/.local/lib/python3.12/site-packages/airflow/example_dags/example_display_name.py
[2025-10-30T20:30:02.488+0000] {processor.py:830} INFO - Processing file /home/airflow/.local/lib/python3.12/site-packages/airflow/example_dags/example_display_name.py for tasks to queue
[2025-10-30T20:30:02.491+0000] {logging_mixin.py:188} INFO - [2025-10-30T20:30:02.491+0000] {dagbag.py:545} INFO - Filling up the DagBag from /home/airflow/.local/lib/python3.12/site-packages/airflow/example_dags/example_display_name.py
[2025-10-30T20:30:02.502+0000] {processor.py:840} INFO - DAG(s) 'example_display_name' retrieved from /home/airflow/.local/lib/python3.12/site-packages/airflow/example_dags/example_display_name.py
[2025-10-30T20:30:02.538+0000] {logging_mixin.py:188} INFO - [2025-10-30T20:30:02.537+0000] {dag.py:3096} INFO - Sync 1 DAGs
[2025-10-30T20:30:02.563+0000] {logging_mixin.py:188} INFO - [2025-10-30T20:30:02.563+0000] {dag.py:3954} INFO - Setting next_dagrun for example_display_name to None, run_after=None
[2025-10-30T20:30:02.657+0000] {processor.py:183} INFO - Processing /home/airflow/.local/lib/python3.12/site-packages/airflow/example_dags/example_display_name.py took 0.179 seconds
[2025-10-30T20:30:33.437+0000] {processor.py:161} INFO - Started process (PID=183) to work on /home/airflow/.local/lib/python3.12/site-packages/airflow/example_dags/example_display_name.py
[2025-10-30T20:30:33.439+0000] {processor.py:830} INFO - Processing file /home/airflow/.local/lib/python3.12/site-packages/airflow/example_dags/example_display_name.py for tasks to queue
[2025-10-30T20:30:33.442+0000] {logging_mixin.py:188} INFO - [2025-10-30T20:30:33.441+0000] {dagbag.py:545} INFO - Filling up the DagBag from /home/airflow/.local/lib/python3.12/site-packages/airflow/example_dags/example_display_name.py
[2025-10-30T20:30:33.452+0000] {processor.py:840} INFO - DAG(s) 'example_display_name' retrieved from /home/airflow/.local/lib/python3.12/site-packages/airflow/example_dags/example_display_name.py
[2025-10-30T20:30:33.488+0000] {logging_mixin.py:188} INFO - [2025-10-30T20:30:33.488+0000] {dag.py:3096} INFO - Sync 1 DAGs
[2025-10-30T20:30:33.507+0000] {logging_mixin.py:188} INFO - [2025-10-30T20:30:33.507+0000] {dag.py:3954} INFO - Setting next_dagrun for example_display_name to None, run_after=None
[2025-10-30T20:30:33.539+0000] {processor.py:183} INFO - Processing /home/airflow/.local/lib/python3.12/site-packages/airflow/example_dags/example_display_name.py took 0.114 seconds
[2025-10-30T20:31:03.816+0000] {processor.py:161} INFO - Started process (PID=241) to work on /home/airflow/.local/lib/python3.12/site-packages/airflow/example_dags/example_display_name.py
[2025-10-30T20:31:03.820+0000] {processor.py:830} INFO - Processing file /home/airflow/.local/lib/python3.12/site-packages/airflow/example_dags/example_display_name.py for tasks to queue
[2025-10-30T20:31:03.826+0000] {logging_mixin.py:188} INFO - [2025-10-30T20:31:03.826+0000] {dagbag.py:545} INFO - Filling up the DagBag from /home/airflow/.local/lib/python3.12/site-packages/airflow/example_dags/example_display_name.py
[2025-10-30T20:31:03.848+0000] {processor.py:840} INFO - DAG(s) 'example_display_name' retrieved from /home/airflow/.local/lib/python3.12/site-packages/airflow/example_dags/example_display_name.py
[2025-10-30T20:31:03.924+0000] {logging_mixin.py:188} INFO - [2025-10-30T20:31:03.924+0000] {dag.py:3096} INFO - Sync 1 DAGs
[2025-10-30T20:31:03.978+0000] {logging_mixin.py:188} INFO - [2025-10-30T20:31:03.975+0000] {dag.py:3954} INFO - Setting next_dagrun for example_display_name to None, run_after=None
[2025-10-30T20:31:04.255+0000] {processor.py:183} INFO - Processing /home/airflow/.local/lib/python3.12/site-packages/airflow/example_dags/example_display_name.py took 0.458 seconds
[2025-10-30T20:31:34.900+0000] {processor.py:161} INFO - Started process (PID=299) to work on /home/airflow/.local/lib/python3.12/site-packages/airflow/example_dags/example_display_name.py
[2025-10-30T20:31:34.902+0000] {processor.py:830} INFO - Processing file /home/airflow/.local/lib/python3.12/site-packages/airflow/example_dags/example_display_name.py for tasks to queue
[2025-10-30T20:31:34.906+0000] {logging_mixin.py:188} INFO - [2025-10-30T20:31:34.905+0000] {dagbag.py:545} INFO - Filling up the DagBag from /home/airflow/.local/lib/python3.12/site-packages/airflow/example_dags/example_display_name.py
[2025-10-30T20:31:34.916+0000] {processor.py:840} INFO - DAG(s) 'example_display_name' retrieved from /home/airflow/.local/lib/python3.12/site-packages/airflow/example_dags/example_display_name.py
[2025-10-30T20:31:34.958+0000] {logging_mixin.py:188} INFO - [2025-10-30T20:31:34.957+0000] {dag.py:3096} INFO - Sync 1 DAGs
[2025-10-30T20:31:34.981+0000] {logging_mixin.py:188} INFO - [2025-10-30T20:31:34.981+0000] {dag.py:3954} INFO - Setting next_dagrun for example_display_name to None, run_after=None
[2025-10-30T20:31:35.017+0000] {processor.py:183} INFO - Processing /home/airflow/.local/lib/python3.12/site-packages/airflow/example_dags/example_display_name.py took 0.127 seconds
[2025-10-30T20:32:05.279+0000] {processor.py:161} INFO - Started process (PID=357) to work on /home/airflow/.local/lib/python3.12/site-packages/airflow/example_dags/example_display_name.py
[2025-10-30T20:32:05.281+0000] {processor.py:830} INFO - Processing file /home/airflow/.local/lib/python3.12/site-packages/airflow/example_dags/example_display_name.py for tasks to queue
[2025-10-30T20:32:05.287+0000] {logging_mixin.py:188} INFO - [2025-10-30T20:32:05.286+0000] {dagbag.py:545} INFO - Filling up the DagBag from /home/airflow/.local/lib/python3.12/site-packages/airflow/example_dags/example_display_name.py
[2025-10-30T20:32:05.299+0000] {processor.py:840} INFO - DAG(s) 'example_display_name' retrieved from /home/airflow/.local/lib/python3.12/site-packages/airflow/example_dags/example_display_name.py
[2025-10-30T20:32:05.349+0000] {logging_mixin.py:188} INFO - [2025-10-30T20:32:05.348+0000] {dag.py:3096} INFO - Sync 1 DAGs
[2025-10-30T20:32:05.377+0000] {logging_mixin.py:188} INFO - [2025-10-30T20:32:05.377+0000] {dag.py:3954} INFO - Setting next_dagrun for example_display_name to None, run_after=None
[2025-10-30T20:32:05.425+0000] {processor.py:183} INFO - Processing /home/airflow/.local/lib/python3.12/site-packages/airflow/example_dags/example_display_name.py took 0.157 seconds
[2025-10-30T20:32:35.490+0000] {processor.py:161} INFO - Started process (PID=415) to work on /home/airflow/.local/lib/python3.12/site-packages/airflow/example_dags/example_display_name.py
[2025-10-30T20:32:35.492+0000] {processor.py:830} INFO - Processing file /home/airflow/.local/lib/python3.12/site-packages/airflow/example_dags/example_display_name.py for tasks to queue
[2025-10-30T20:32:35.495+0000] {logging_mixin.py:188} INFO - [2025-10-30T20:32:35.495+0000] {dagbag.py:545} INFO - Filling up the DagBag from /home/airflow/.local/lib/python3.12/site-packages/airflow/example_dags/example_display_name.py
[2025-10-30T20:32:35.506+0000] {processor.py:840} INFO - DAG(s) 'example_display_name' retrieved from /home/airflow/.local/lib/python3.12/site-packages/airflow/example_dags/example_display_name.py
[2025-10-30T20:32:35.538+0000] {logging_mixin.py:188} INFO - [2025-10-30T20:32:35.537+0000] {dag.py:3096} INFO - Sync 1 DAGs
[2025-10-30T20:32:35.553+0000] {logging_mixin.py:188} INFO - [2025-10-30T20:32:35.553+0000] {dag.py:3954} INFO - Setting next_dagrun for example_display_name to None, run_after=None
[2025-10-30T20:32:35.577+0000] {processor.py:183} INFO - Processing /home/airflow/.local/lib/python3.12/site-packages/airflow/example_dags/example_display_name.py took 0.096 seconds
[2025-10-30T20:33:05.622+0000] {processor.py:161} INFO - Started process (PID=473) to work on /home/airflow/.local/lib/python3.12/site-packages/airflow/example_dags/example_display_name.py
[2025-10-30T20:33:05.624+0000] {processor.py:830} INFO - Processing file /home/airflow/.local/lib/python3.12/site-packages/airflow/example_dags/example_display_name.py for tasks to queue
[2025-10-30T20:33:05.628+0000] {logging_mixin.py:188} INFO - [2025-10-30T20:33:05.627+0000] {dagbag.py:545} INFO - Filling up the DagBag from /home/airflow/.local/lib/python3.12/site-packages/airflow/example_dags/example_display_name.py
[2025-10-30T20:33:05.636+0000] {processor.py:840} INFO - DAG(s) 'example_display_name' retrieved from /home/airflow/.local/lib/python3.12/site-packages/airflow/example_dags/example_display_name.py
[2025-10-30T20:33:05.670+0000] {logging_mixin.py:188} INFO - [2025-10-30T20:33:05.669+0000] {dag.py:3096} INFO - Sync 1 DAGs
[2025-10-30T20:33:05.688+0000] {logging_mixin.py:188} INFO - [2025-10-30T20:33:05.688+0000] {dag.py:3954} INFO - Setting next_dagrun for example_display_name to None, run_after=None
[2025-10-30T20:33:05.713+0000] {processor.py:183} INFO - Processing /home/airflow/.local/lib/python3.12/site-packages/airflow/example_dags/example_display_name.py took 0.100 seconds
[2025-10-30T20:33:35.778+0000] {processor.py:161} INFO - Started process (PID=531) to work on /home/airflow/.local/lib/python3.12/site-packages/airflow/example_dags/example_display_name.py
[2025-10-30T20:33:35.780+0000] {processor.py:830} INFO - Processing file /home/airflow/.local/lib/python3.12/site-packages/airflow/example_dags/example_display_name.py for tasks to queue
[2025-10-30T20:33:35.783+0000] {logging_mixin.py:188} INFO - [2025-10-30T20:33:35.783+0000] {dagbag.py:545} INFO - Filling up the DagBag from /home/airflow/.local/lib/python3.12/site-packages/airflow/example_dags/example_display_name.py
[2025-10-30T20:33:35.792+0000] {processor.py:840} INFO - DAG(s) 'example_display_name' retrieved from /home/airflow/.local/lib/python3.12/site-packages/airflow/example_dags/example_display_name.py
[2025-10-30T20:33:35.829+0000] {logging_mixin.py:188} INFO - [2025-10-30T20:33:35.829+0000] {dag.py:3096} INFO - Sync 1 DAGs
[2025-10-30T20:33:35.851+0000] {logging_mixin.py:188} INFO - [2025-10-30T20:33:35.850+0000] {dag.py:3954} INFO - Setting next_dagrun for example_display_name to None, run_after=None
[2025-10-30T20:33:35.881+0000] {processor.py:183} INFO - Processing /home/airflow/.local/lib/python3.12/site-packages/airflow/example_dags/example_display_name.py took 0.112 seconds
[2025-10-30T20:34:06.205+0000] {processor.py:161} INFO - Started process (PID=589) to work on /home/airflow/.local/lib/python3.12/site-packages/airflow/example_dags/example_display_name.py
[2025-10-30T20:34:06.207+0000] {processor.py:830} INFO - Processing file /home/airflow/.local/lib/python3.12/site-packages/airflow/example_dags/example_display_name.py for tasks to queue
[2025-10-30T20:34:06.212+0000] {logging_mixin.py:188} INFO - [2025-10-30T20:34:06.211+0000] {dagbag.py:545} INFO - Filling up the DagBag from /home/airflow/.local/lib/python3.12/site-packages/airflow/example_dags/example_display_name.py
[2025-10-30T20:34:06.224+0000] {processor.py:840} INFO - DAG(s) 'example_display_name' retrieved from /home/airflow/.local/lib/python3.12/site-packages/airflow/example_dags/example_display_name.py
[2025-10-30T20:34:06.260+0000] {logging_mixin.py:188} INFO - [2025-10-30T20:34:06.260+0000] {dag.py:3096} INFO - Sync 1 DAGs
[2025-10-30T20:34:06.284+0000] {logging_mixin.py:188} INFO - [2025-10-30T20:34:06.284+0000] {dag.py:3954} INFO - Setting next_dagrun for example_display_name to None, run_after=None
[2025-10-30T20:34:06.317+0000] {processor.py:183} INFO - Processing /home/airflow/.local/lib/python3.12/site-packages/airflow/example_dags/example_display_name.py took 0.135 seconds
[2025-10-30T20:34:36.666+0000] {processor.py:161} INFO - Started process (PID=647) to work on /home/airflow/.local/lib/python3.12/site-packages/airflow/example_dags/example_display_name.py
[2025-10-30T20:34:36.667+0000] {processor.py:830} INFO - Processing file /home/airflow/.local/lib/python3.12/site-packages/airflow/example_dags/example_display_name.py for tasks to queue
[2025-10-30T20:34:36.670+0000] {logging_mixin.py:188} INFO - [2025-10-30T20:34:36.669+0000] {dagbag.py:545} INFO - Filling up the DagBag from /home/airflow/.local/lib/python3.12/site-packages/airflow/example_dags/example_display_name.py
[2025-10-30T20:34:36.678+0000] {processor.py:840} INFO - DAG(s) 'example_display_name' retrieved from /home/airflow/.local/lib/python3.12/site-packages/airflow/example_dags/example_display_name.py
[2025-10-30T20:34:36.708+0000] {logging_mixin.py:188} INFO - [2025-10-30T20:34:36.707+0000] {dag.py:3096} INFO - Sync 1 DAGs
[2025-10-30T20:34:36.725+0000] {logging_mixin.py:188} INFO - [2025-10-30T20:34:36.725+0000] {dag.py:3954} INFO - Setting next_dagrun for example_display_name to None, run_after=None
[2025-10-30T20:34:36.750+0000] {processor.py:183} INFO - Processing /home/airflow/.local/lib/python3.12/site-packages/airflow/example_dags/example_display_name.py took 0.092 seconds
[2025-10-30T20:35:07.137+0000] {processor.py:161} INFO - Started process (PID=705) to work on /home/airflow/.local/lib/python3.12/site-packages/airflow/example_dags/example_display_name.py
[2025-10-30T20:35:07.140+0000] {processor.py:830} INFO - Processing file /home/airflow/.local/lib/python3.12/site-packages/airflow/example_dags/example_display_name.py for tasks to queue
[2025-10-30T20:35:07.147+0000] {logging_mixin.py:188} INFO - [2025-10-30T20:35:07.147+0000] {dagbag.py:545} INFO - Filling up the DagBag from /home/airflow/.local/lib/python3.12/site-packages/airflow/example_dags/example_display_name.py
[2025-10-30T20:35:07.156+0000] {processor.py:840} INFO - DAG(s) 'example_display_name' retrieved from /home/airflow/.local/lib/python3.12/site-packages/airflow/example_dags/example_display_name.py
[2025-10-30T20:35:07.182+0000] {logging_mixin.py:188} INFO - [2025-10-30T20:35:07.182+0000] {dag.py:3096} INFO - Sync 1 DAGs
[2025-10-30T20:35:07.199+0000] {logging_mixin.py:188} INFO - [2025-10-30T20:35:07.198+0000] {dag.py:3954} INFO - Setting next_dagrun for example_display_name to None, run_after=None
[2025-10-30T20:35:07.223+0000] {processor.py:183} INFO - Processing /home/airflow/.local/lib/python3.12/site-packages/airflow/example_dags/example_display_name.py took 0.094 seconds
[2025-10-30T20:35:37.644+0000] {processor.py:161} INFO - Started process (PID=763) to work on /home/airflow/.local/lib/python3.12/site-packages/airflow/example_dags/example_display_name.py
[2025-10-30T20:35:37.645+0000] {processor.py:830} INFO - Processing file /home/airflow/.local/lib/python3.12/site-packages/airflow/example_dags/example_display_name.py for tasks to queue
[2025-10-30T20:35:37.648+0000] {logging_mixin.py:188} INFO - [2025-10-30T20:35:37.647+0000] {dagbag.py:545} INFO - Filling up the DagBag from /home/airflow/.local/lib/python3.12/site-packages/airflow/example_dags/example_display_name.py
[2025-10-30T20:35:37.656+0000] {processor.py:840} INFO - DAG(s) 'example_display_name' retrieved from /home/airflow/.local/lib/python3.12/site-packages/airflow/example_dags/example_display_name.py
[2025-10-30T20:35:37.682+0000] {logging_mixin.py:188} INFO - [2025-10-30T20:35:37.682+0000] {dag.py:3096} INFO - Sync 1 DAGs
[2025-10-30T20:35:37.697+0000] {logging_mixin.py:188} INFO - [2025-10-30T20:35:37.697+0000] {dag.py:3954} INFO - Setting next_dagrun for example_display_name to None, run_after=None
[2025-10-30T20:35:37.721+0000] {processor.py:183} INFO - Processing /home/airflow/.local/lib/python3.12/site-packages/airflow/example_dags/example_display_name.py took 0.086 seconds
[2025-10-30T20:36:08.224+0000] {processor.py:161} INFO - Started process (PID=821) to work on /home/airflow/.local/lib/python3.12/site-packages/airflow/example_dags/example_display_name.py
[2025-10-30T20:36:08.225+0000] {processor.py:830} INFO - Processing file /home/airflow/.local/lib/python3.12/site-packages/airflow/example_dags/example_display_name.py for tasks to queue
[2025-10-30T20:36:08.228+0000] {logging_mixin.py:188} INFO - [2025-10-30T20:36:08.228+0000] {dagbag.py:545} INFO - Filling up the DagBag from /home/airflow/.local/lib/python3.12/site-packages/airflow/example_dags/example_display_name.py
[2025-10-30T20:36:08.237+0000] {processor.py:840} INFO - DAG(s) 'example_display_name' retrieved from /home/airflow/.local/lib/python3.12/site-packages/airflow/example_dags/example_display_name.py
[2025-10-30T20:36:08.271+0000] {logging_mixin.py:188} INFO - [2025-10-30T20:36:08.270+0000] {dag.py:3096} INFO - Sync 1 DAGs
[2025-10-30T20:36:08.288+0000] {logging_mixin.py:188} INFO - [2025-10-30T20:36:08.287+0000] {dag.py:3954} INFO - Setting next_dagrun for example_display_name to None, run_after=None
[2025-10-30T20:36:08.313+0000] {processor.py:183} INFO - Processing /home/airflow/.local/lib/python3.12/site-packages/airflow/example_dags/example_display_name.py took 0.098 seconds
[2025-10-30T20:36:38.799+0000] {processor.py:161} INFO - Started process (PID=879) to work on /home/airflow/.local/lib/python3.12/site-packages/airflow/example_dags/example_display_name.py
[2025-10-30T20:36:38.802+0000] {processor.py:830} INFO - Processing file /home/airflow/.local/lib/python3.12/site-packages/airflow/example_dags/example_display_name.py for tasks to queue
[2025-10-30T20:36:38.804+0000] {logging_mixin.py:188} INFO - [2025-10-30T20:36:38.804+0000] {dagbag.py:545} INFO - Filling up the DagBag from /home/airflow/.local/lib/python3.12/site-packages/airflow/example_dags/example_display_name.py
[2025-10-30T20:36:38.811+0000] {processor.py:840} INFO - DAG(s) 'example_display_name' retrieved from /home/airflow/.local/lib/python3.12/site-packages/airflow/example_dags/example_display_name.py
[2025-10-30T20:36:38.836+0000] {logging_mixin.py:188} INFO - [2025-10-30T20:36:38.836+0000] {dag.py:3096} INFO - Sync 1 DAGs
[2025-10-30T20:36:38.854+0000] {logging_mixin.py:188} INFO - [2025-10-30T20:36:38.853+0000] {dag.py:3954} INFO - Setting next_dagrun for example_display_name to None, run_after=None
[2025-10-30T20:36:38.881+0000] {processor.py:183} INFO - Processing /home/airflow/.local/lib/python3.12/site-packages/airflow/example_dags/example_display_name.py took 0.089 seconds
[2025-10-30T20:37:09.090+0000] {processor.py:161} INFO - Started process (PID=937) to work on /home/airflow/.local/lib/python3.12/site-packages/airflow/example_dags/example_display_name.py
[2025-10-30T20:37:09.091+0000] {processor.py:830} INFO - Processing file /home/airflow/.local/lib/python3.12/site-packages/airflow/example_dags/example_display_name.py for tasks to queue
[2025-10-30T20:37:09.094+0000] {logging_mixin.py:188} INFO - [2025-10-30T20:37:09.094+0000] {dagbag.py:545} INFO - Filling up the DagBag from /home/airflow/.local/lib/python3.12/site-packages/airflow/example_dags/example_display_name.py
[2025-10-30T20:37:09.103+0000] {processor.py:840} INFO - DAG(s) 'example_display_name' retrieved from /home/airflow/.local/lib/python3.12/site-packages/airflow/example_dags/example_display_name.py
[2025-10-30T20:37:09.132+0000] {logging_mixin.py:188} INFO - [2025-10-30T20:37:09.132+0000] {dag.py:3096} INFO - Sync 1 DAGs
[2025-10-30T20:37:09.150+0000] {logging_mixin.py:188} INFO - [2025-10-30T20:37:09.150+0000] {dag.py:3954} INFO - Setting next_dagrun for example_display_name to None, run_after=None
[2025-10-30T20:37:09.174+0000] {processor.py:183} INFO - Processing /home/airflow/.local/lib/python3.12/site-packages/airflow/example_dags/example_display_name.py took 0.094 seconds
[2025-10-30T20:37:39.642+0000] {processor.py:161} INFO - Started process (PID=995) to work on /home/airflow/.local/lib/python3.12/site-packages/airflow/example_dags/example_display_name.py
[2025-10-30T20:37:39.644+0000] {processor.py:830} INFO - Processing file /home/airflow/.local/lib/python3.12/site-packages/airflow/example_dags/example_display_name.py for tasks to queue
[2025-10-30T20:37:39.647+0000] {logging_mixin.py:188} INFO - [2025-10-30T20:37:39.647+0000] {dagbag.py:545} INFO - Filling up the DagBag from /home/airflow/.local/lib/python3.12/site-packages/airflow/example_dags/example_display_name.py
[2025-10-30T20:37:39.656+0000] {processor.py:840} INFO - DAG(s) 'example_display_name' retrieved from /home/airflow/.local/lib/python3.12/site-packages/airflow/example_dags/example_display_name.py
[2025-10-30T20:37:39.684+0000] {logging_mixin.py:188} INFO - [2025-10-30T20:37:39.684+0000] {dag.py:3096} INFO - Sync 1 DAGs
[2025-10-30T20:37:39.701+0000] {logging_mixin.py:188} INFO - [2025-10-30T20:37:39.700+0000] {dag.py:3954} INFO - Setting next_dagrun for example_display_name to None, run_after=None
[2025-10-30T20:37:39.725+0000] {processor.py:183} INFO - Processing /home/airflow/.local/lib/python3.12/site-packages/airflow/example_dags/example_display_name.py took 0.095 seconds
[2025-10-30T20:38:10.041+0000] {processor.py:161} INFO - Started process (PID=1053) to work on /home/airflow/.local/lib/python3.12/site-packages/airflow/example_dags/example_display_name.py
[2025-10-30T20:38:10.044+0000] {processor.py:830} INFO - Processing file /home/airflow/.local/lib/python3.12/site-packages/airflow/example_dags/example_display_name.py for tasks to queue
[2025-10-30T20:38:10.046+0000] {logging_mixin.py:188} INFO - [2025-10-30T20:38:10.046+0000] {dagbag.py:545} INFO - Filling up the DagBag from /home/airflow/.local/lib/python3.12/site-packages/airflow/example_dags/example_display_name.py
[2025-10-30T20:38:10.055+0000] {processor.py:840} INFO - DAG(s) 'example_display_name' retrieved from /home/airflow/.local/lib/python3.12/site-packages/airflow/example_dags/example_display_name.py
[2025-10-30T20:38:10.083+0000] {logging_mixin.py:188} INFO - [2025-10-30T20:38:10.082+0000] {dag.py:3096} INFO - Sync 1 DAGs
[2025-10-30T20:38:10.099+0000] {logging_mixin.py:188} INFO - [2025-10-30T20:38:10.099+0000] {dag.py:3954} INFO - Setting next_dagrun for example_display_name to None, run_after=None
[2025-10-30T20:38:10.123+0000] {processor.py:183} INFO - Processing /home/airflow/.local/lib/python3.12/site-packages/airflow/example_dags/example_display_name.py took 0.091 seconds
[2025-10-30T20:38:40.249+0000] {processor.py:161} INFO - Started process (PID=1111) to work on /home/airflow/.local/lib/python3.12/site-packages/airflow/example_dags/example_display_name.py
[2025-10-30T20:38:40.250+0000] {processor.py:830} INFO - Processing file /home/airflow/.local/lib/python3.12/site-packages/airflow/example_dags/example_display_name.py for tasks to queue
[2025-10-30T20:38:40.253+0000] {logging_mixin.py:188} INFO - [2025-10-30T20:38:40.252+0000] {dagbag.py:545} INFO - Filling up the DagBag from /home/airflow/.local/lib/python3.12/site-packages/airflow/example_dags/example_display_name.py
[2025-10-30T20:38:40.260+0000] {processor.py:840} INFO - DAG(s) 'example_display_name' retrieved from /home/airflow/.local/lib/python3.12/site-packages/airflow/example_dags/example_display_name.py
[2025-10-30T20:38:40.284+0000] {logging_mixin.py:188} INFO - [2025-10-30T20:38:40.284+0000] {dag.py:3096} INFO - Sync 1 DAGs
[2025-10-30T20:38:40.300+0000] {logging_mixin.py:188} INFO - [2025-10-30T20:38:40.300+0000] {dag.py:3954} INFO - Setting next_dagrun for example_display_name to None, run_after=None
[2025-10-30T20:38:40.325+0000] {processor.py:183} INFO - Processing /home/airflow/.local/lib/python3.12/site-packages/airflow/example_dags/example_display_name.py took 0.083 seconds
[2025-10-30T20:39:10.914+0000] {processor.py:161} INFO - Started process (PID=1168) to work on /home/airflow/.local/lib/python3.12/site-packages/airflow/example_dags/example_display_name.py
[2025-10-30T20:39:10.918+0000] {processor.py:830} INFO - Processing file /home/airflow/.local/lib/python3.12/site-packages/airflow/example_dags/example_display_name.py for tasks to queue
[2025-10-30T20:39:10.923+0000] {logging_mixin.py:188} INFO - [2025-10-30T20:39:10.922+0000] {dagbag.py:545} INFO - Filling up the DagBag from /home/airflow/.local/lib/python3.12/site-packages/airflow/example_dags/example_display_name.py
[2025-10-30T20:39:10.933+0000] {processor.py:840} INFO - DAG(s) 'example_display_name' retrieved from /home/airflow/.local/lib/python3.12/site-packages/airflow/example_dags/example_display_name.py
[2025-10-30T20:39:10.975+0000] {logging_mixin.py:188} INFO - [2025-10-30T20:39:10.975+0000] {dag.py:3096} INFO - Sync 1 DAGs
[2025-10-30T20:39:10.995+0000] {logging_mixin.py:188} INFO - [2025-10-30T20:39:10.995+0000] {dag.py:3954} INFO - Setting next_dagrun for example_display_name to None, run_after=None
[2025-10-30T20:39:11.023+0000] {processor.py:183} INFO - Processing /home/airflow/.local/lib/python3.12/site-packages/airflow/example_dags/example_display_name.py took 0.123 seconds
[2025-10-30T20:39:41.250+0000] {processor.py:161} INFO - Started process (PID=1226) to work on /home/airflow/.local/lib/python3.12/site-packages/airflow/example_dags/example_display_name.py
[2025-10-30T20:39:41.257+0000] {processor.py:830} INFO - Processing file /home/airflow/.local/lib/python3.12/site-packages/airflow/example_dags/example_display_name.py for tasks to queue
[2025-10-30T20:39:41.260+0000] {logging_mixin.py:188} INFO - [2025-10-30T20:39:41.260+0000] {dagbag.py:545} INFO - Filling up the DagBag from /home/airflow/.local/lib/python3.12/site-packages/airflow/example_dags/example_display_name.py
[2025-10-30T20:39:41.272+0000] {processor.py:840} INFO - DAG(s) 'example_display_name' retrieved from /home/airflow/.local/lib/python3.12/site-packages/airflow/example_dags/example_display_name.py
[2025-10-30T20:39:41.333+0000] {logging_mixin.py:188} INFO - [2025-10-30T20:39:41.332+0000] {dag.py:3096} INFO - Sync 1 DAGs
[2025-10-30T20:39:41.372+0000] {logging_mixin.py:188} INFO - [2025-10-30T20:39:41.372+0000] {dag.py:3954} INFO - Setting next_dagrun for example_display_name to None, run_after=None
[2025-10-30T20:39:41.409+0000] {processor.py:183} INFO - Processing /home/airflow/.local/lib/python3.12/site-packages/airflow/example_dags/example_display_name.py took 0.173 seconds
[2025-10-30T20:40:12.293+0000] {processor.py:161} INFO - Started process (PID=1284) to work on /home/airflow/.local/lib/python3.12/site-packages/airflow/example_dags/example_display_name.py
[2025-10-30T20:40:12.296+0000] {processor.py:830} INFO - Processing file /home/airflow/.local/lib/python3.12/site-packages/airflow/example_dags/example_display_name.py for tasks to queue
[2025-10-30T20:40:12.299+0000] {logging_mixin.py:188} INFO - [2025-10-30T20:40:12.298+0000] {dagbag.py:545} INFO - Filling up the DagBag from /home/airflow/.local/lib/python3.12/site-packages/airflow/example_dags/example_display_name.py
[2025-10-30T20:40:12.306+0000] {processor.py:840} INFO - DAG(s) 'example_display_name' retrieved from /home/airflow/.local/lib/python3.12/site-packages/airflow/example_dags/example_display_name.py
[2025-10-30T20:40:12.333+0000] {logging_mixin.py:188} INFO - [2025-10-30T20:40:12.333+0000] {dag.py:3096} INFO - Sync 1 DAGs
[2025-10-30T20:40:12.350+0000] {logging_mixin.py:188} INFO - [2025-10-30T20:40:12.350+0000] {dag.py:3954} INFO - Setting next_dagrun for example_display_name to None, run_after=None
[2025-10-30T20:40:12.374+0000] {processor.py:183} INFO - Processing /home/airflow/.local/lib/python3.12/site-packages/airflow/example_dags/example_display_name.py took 0.094 seconds
[2025-10-30T20:40:42.513+0000] {processor.py:161} INFO - Started process (PID=1342) to work on /home/airflow/.local/lib/python3.12/site-packages/airflow/example_dags/example_display_name.py
[2025-10-30T20:40:42.515+0000] {processor.py:830} INFO - Processing file /home/airflow/.local/lib/python3.12/site-packages/airflow/example_dags/example_display_name.py for tasks to queue
[2025-10-30T20:40:42.517+0000] {logging_mixin.py:188} INFO - [2025-10-30T20:40:42.516+0000] {dagbag.py:545} INFO - Filling up the DagBag from /home/airflow/.local/lib/python3.12/site-packages/airflow/example_dags/example_display_name.py
[2025-10-30T20:40:42.524+0000] {processor.py:840} INFO - DAG(s) 'example_display_name' retrieved from /home/airflow/.local/lib/python3.12/site-packages/airflow/example_dags/example_display_name.py
[2025-10-30T20:40:42.547+0000] {logging_mixin.py:188} INFO - [2025-10-30T20:40:42.546+0000] {dag.py:3096} INFO - Sync 1 DAGs
[2025-10-30T20:40:42.562+0000] {logging_mixin.py:188} INFO - [2025-10-30T20:40:42.562+0000] {dag.py:3954} INFO - Setting next_dagrun for example_display_name to None, run_after=None
[2025-10-30T20:40:42.587+0000] {processor.py:183} INFO - Processing /home/airflow/.local/lib/python3.12/site-packages/airflow/example_dags/example_display_name.py took 0.082 seconds
[2025-10-30T20:41:12.986+0000] {processor.py:161} INFO - Started process (PID=1400) to work on /home/airflow/.local/lib/python3.12/site-packages/airflow/example_dags/example_display_name.py
[2025-10-30T20:41:12.988+0000] {processor.py:830} INFO - Processing file /home/airflow/.local/lib/python3.12/site-packages/airflow/example_dags/example_display_name.py for tasks to queue
[2025-10-30T20:41:12.990+0000] {logging_mixin.py:188} INFO - [2025-10-30T20:41:12.990+0000] {dagbag.py:545} INFO - Filling up the DagBag from /home/airflow/.local/lib/python3.12/site-packages/airflow/example_dags/example_display_name.py
[2025-10-30T20:41:12.997+0000] {processor.py:840} INFO - DAG(s) 'example_display_name' retrieved from /home/airflow/.local/lib/python3.12/site-packages/airflow/example_dags/example_display_name.py
[2025-10-30T20:41:13.023+0000] {logging_mixin.py:188} INFO - [2025-10-30T20:41:13.023+0000] {dag.py:3096} INFO - Sync 1 DAGs
[2025-10-30T20:41:13.040+0000] {logging_mixin.py:188} INFO - [2025-10-30T20:41:13.040+0000] {dag.py:3954} INFO - Setting next_dagrun for example_display_name to None, run_after=None
[2025-10-30T20:41:13.064+0000] {processor.py:183} INFO - Processing /home/airflow/.local/lib/python3.12/site-packages/airflow/example_dags/example_display_name.py took 0.087 seconds
[2025-10-30T20:41:43.103+0000] {processor.py:161} INFO - Started process (PID=1457) to work on /home/airflow/.local/lib/python3.12/site-packages/airflow/example_dags/example_display_name.py
[2025-10-30T20:41:43.105+0000] {processor.py:830} INFO - Processing file /home/airflow/.local/lib/python3.12/site-packages/airflow/example_dags/example_display_name.py for tasks to queue
[2025-10-30T20:41:43.109+0000] {logging_mixin.py:188} INFO - [2025-10-30T20:41:43.108+0000] {dagbag.py:545} INFO - Filling up the DagBag from /home/airflow/.local/lib/python3.12/site-packages/airflow/example_dags/example_display_name.py
[2025-10-30T20:41:43.118+0000] {processor.py:840} INFO - DAG(s) 'example_display_name' retrieved from /home/airflow/.local/lib/python3.12/site-packages/airflow/example_dags/example_display_name.py
[2025-10-30T20:41:43.148+0000] {logging_mixin.py:188} INFO - [2025-10-30T20:41:43.148+0000] {dag.py:3096} INFO - Sync 1 DAGs
[2025-10-30T20:41:43.164+0000] {logging_mixin.py:188} INFO - [2025-10-30T20:41:43.164+0000] {dag.py:3954} INFO - Setting next_dagrun for example_display_name to None, run_after=None
[2025-10-30T20:41:43.189+0000] {processor.py:183} INFO - Processing /home/airflow/.local/lib/python3.12/site-packages/airflow/example_dags/example_display_name.py took 0.098 seconds
[2025-10-30T20:42:14.057+0000] {processor.py:161} INFO - Started process (PID=1515) to work on /home/airflow/.local/lib/python3.12/site-packages/airflow/example_dags/example_display_name.py
[2025-10-30T20:42:14.060+0000] {processor.py:830} INFO - Processing file /home/airflow/.local/lib/python3.12/site-packages/airflow/example_dags/example_display_name.py for tasks to queue
[2025-10-30T20:42:14.063+0000] {logging_mixin.py:188} INFO - [2025-10-30T20:42:14.062+0000] {dagbag.py:545} INFO - Filling up the DagBag from /home/airflow/.local/lib/python3.12/site-packages/airflow/example_dags/example_display_name.py
[2025-10-30T20:42:14.071+0000] {processor.py:840} INFO - DAG(s) 'example_display_name' retrieved from /home/airflow/.local/lib/python3.12/site-packages/airflow/example_dags/example_display_name.py
[2025-10-30T20:42:14.097+0000] {logging_mixin.py:188} INFO - [2025-10-30T20:42:14.097+0000] {dag.py:3096} INFO - Sync 1 DAGs
[2025-10-30T20:42:14.277+0000] {logging_mixin.py:188} INFO - [2025-10-30T20:42:14.277+0000] {dag.py:3954} INFO - Setting next_dagrun for example_display_name to None, run_after=None
[2025-10-30T20:42:14.303+0000] {processor.py:183} INFO - Processing /home/airflow/.local/lib/python3.12/site-packages/airflow/example_dags/example_display_name.py took 0.255 seconds
[2025-10-30T20:42:44.780+0000] {processor.py:161} INFO - Started process (PID=1573) to work on /home/airflow/.local/lib/python3.12/site-packages/airflow/example_dags/example_display_name.py
[2025-10-30T20:42:44.782+0000] {processor.py:830} INFO - Processing file /home/airflow/.local/lib/python3.12/site-packages/airflow/example_dags/example_display_name.py for tasks to queue
[2025-10-30T20:42:44.785+0000] {logging_mixin.py:188} INFO - [2025-10-30T20:42:44.785+0000] {dagbag.py:545} INFO - Filling up the DagBag from /home/airflow/.local/lib/python3.12/site-packages/airflow/example_dags/example_display_name.py
[2025-10-30T20:42:44.794+0000] {processor.py:840} INFO - DAG(s) 'example_display_name' retrieved from /home/airflow/.local/lib/python3.12/site-packages/airflow/example_dags/example_display_name.py
[2025-10-30T20:42:44.827+0000] {logging_mixin.py:188} INFO - [2025-10-30T20:42:44.826+0000] {dag.py:3096} INFO - Sync 1 DAGs
[2025-10-30T20:42:44.847+0000] {logging_mixin.py:188} INFO - [2025-10-30T20:42:44.846+0000] {dag.py:3954} INFO - Setting next_dagrun for example_display_name to None, run_after=None
[2025-10-30T20:42:44.874+0000] {processor.py:183} INFO - Processing /home/airflow/.local/lib/python3.12/site-packages/airflow/example_dags/example_display_name.py took 0.102 seconds
[2025-10-30T21:06:09.750+0000] {processor.py:161} INFO - Started process (PID=67) to work on /home/airflow/.local/lib/python3.12/site-packages/airflow/example_dags/example_display_name.py
[2025-10-30T21:06:09.760+0000] {processor.py:830} INFO - Processing file /home/airflow/.local/lib/python3.12/site-packages/airflow/example_dags/example_display_name.py for tasks to queue
[2025-10-30T21:06:09.791+0000] {logging_mixin.py:188} INFO - [2025-10-30T21:06:09.790+0000] {dagbag.py:545} INFO - Filling up the DagBag from /home/airflow/.local/lib/python3.12/site-packages/airflow/example_dags/example_display_name.py
[2025-10-30T21:06:09.844+0000] {processor.py:840} INFO - DAG(s) 'example_display_name' retrieved from /home/airflow/.local/lib/python3.12/site-packages/airflow/example_dags/example_display_name.py
[2025-10-30T21:06:10.761+0000] {logging_mixin.py:188} INFO - [2025-10-30T21:06:10.761+0000] {dag.py:3096} INFO - Sync 1 DAGs
[2025-10-30T21:06:10.810+0000] {logging_mixin.py:188} INFO - [2025-10-30T21:06:10.810+0000] {dag.py:3954} INFO - Setting next_dagrun for example_display_name to None, run_after=None
[2025-10-30T21:06:10.973+0000] {processor.py:183} INFO - Processing /home/airflow/.local/lib/python3.12/site-packages/airflow/example_dags/example_display_name.py took 1.251 seconds
[2025-10-30T21:06:41.157+0000] {processor.py:161} INFO - Started process (PID=125) to work on /home/airflow/.local/lib/python3.12/site-packages/airflow/example_dags/example_display_name.py
[2025-10-30T21:06:41.163+0000] {processor.py:830} INFO - Processing file /home/airflow/.local/lib/python3.12/site-packages/airflow/example_dags/example_display_name.py for tasks to queue
[2025-10-30T21:06:41.167+0000] {logging_mixin.py:188} INFO - [2025-10-30T21:06:41.167+0000] {dagbag.py:545} INFO - Filling up the DagBag from /home/airflow/.local/lib/python3.12/site-packages/airflow/example_dags/example_display_name.py
[2025-10-30T21:06:41.186+0000] {processor.py:840} INFO - DAG(s) 'example_display_name' retrieved from /home/airflow/.local/lib/python3.12/site-packages/airflow/example_dags/example_display_name.py
[2025-10-30T21:06:41.257+0000] {logging_mixin.py:188} INFO - [2025-10-30T21:06:41.257+0000] {dag.py:3096} INFO - Sync 1 DAGs
[2025-10-30T21:06:41.309+0000] {logging_mixin.py:188} INFO - [2025-10-30T21:06:41.309+0000] {dag.py:3954} INFO - Setting next_dagrun for example_display_name to None, run_after=None
[2025-10-30T21:06:41.351+0000] {processor.py:183} INFO - Processing /home/airflow/.local/lib/python3.12/site-packages/airflow/example_dags/example_display_name.py took 0.213 seconds
[2025-10-30T21:07:12.212+0000] {processor.py:161} INFO - Started process (PID=184) to work on /home/airflow/.local/lib/python3.12/site-packages/airflow/example_dags/example_display_name.py
[2025-10-30T21:07:12.216+0000] {processor.py:830} INFO - Processing file /home/airflow/.local/lib/python3.12/site-packages/airflow/example_dags/example_display_name.py for tasks to queue
[2025-10-30T21:07:12.250+0000] {logging_mixin.py:188} INFO - [2025-10-30T21:07:12.240+0000] {dagbag.py:545} INFO - Filling up the DagBag from /home/airflow/.local/lib/python3.12/site-packages/airflow/example_dags/example_display_name.py
[2025-10-30T21:07:12.377+0000] {processor.py:840} INFO - DAG(s) 'example_display_name' retrieved from /home/airflow/.local/lib/python3.12/site-packages/airflow/example_dags/example_display_name.py
[2025-10-30T21:07:12.503+0000] {logging_mixin.py:188} INFO - [2025-10-30T21:07:12.502+0000] {dag.py:3096} INFO - Sync 1 DAGs
[2025-10-30T21:07:12.606+0000] {logging_mixin.py:188} INFO - [2025-10-30T21:07:12.606+0000] {dag.py:3954} INFO - Setting next_dagrun for example_display_name to None, run_after=None
[2025-10-30T21:07:12.697+0000] {processor.py:183} INFO - Processing /home/airflow/.local/lib/python3.12/site-packages/airflow/example_dags/example_display_name.py took 0.722 seconds
[2025-10-30T21:07:42.778+0000] {processor.py:161} INFO - Started process (PID=246) to work on /home/airflow/.local/lib/python3.12/site-packages/airflow/example_dags/example_display_name.py
[2025-10-30T21:07:42.780+0000] {processor.py:830} INFO - Processing file /home/airflow/.local/lib/python3.12/site-packages/airflow/example_dags/example_display_name.py for tasks to queue
[2025-10-30T21:07:42.783+0000] {logging_mixin.py:188} INFO - [2025-10-30T21:07:42.782+0000] {dagbag.py:545} INFO - Filling up the DagBag from /home/airflow/.local/lib/python3.12/site-packages/airflow/example_dags/example_display_name.py
[2025-10-30T21:07:42.796+0000] {processor.py:840} INFO - DAG(s) 'example_display_name' retrieved from /home/airflow/.local/lib/python3.12/site-packages/airflow/example_dags/example_display_name.py
[2025-10-30T21:07:42.831+0000] {logging_mixin.py:188} INFO - [2025-10-30T21:07:42.830+0000] {dag.py:3096} INFO - Sync 1 DAGs
[2025-10-30T21:07:42.864+0000] {logging_mixin.py:188} INFO - [2025-10-30T21:07:42.863+0000] {dag.py:3954} INFO - Setting next_dagrun for example_display_name to None, run_after=None
[2025-10-30T21:07:42.905+0000] {processor.py:183} INFO - Processing /home/airflow/.local/lib/python3.12/site-packages/airflow/example_dags/example_display_name.py took 0.141 seconds
[2025-10-30T21:08:13.719+0000] {processor.py:161} INFO - Started process (PID=303) to work on /home/airflow/.local/lib/python3.12/site-packages/airflow/example_dags/example_display_name.py
[2025-10-30T21:08:13.721+0000] {processor.py:830} INFO - Processing file /home/airflow/.local/lib/python3.12/site-packages/airflow/example_dags/example_display_name.py for tasks to queue
[2025-10-30T21:08:13.727+0000] {logging_mixin.py:188} INFO - [2025-10-30T21:08:13.724+0000] {dagbag.py:545} INFO - Filling up the DagBag from /home/airflow/.local/lib/python3.12/site-packages/airflow/example_dags/example_display_name.py
[2025-10-30T21:08:13.770+0000] {processor.py:840} INFO - DAG(s) 'example_display_name' retrieved from /home/airflow/.local/lib/python3.12/site-packages/airflow/example_dags/example_display_name.py
[2025-10-30T21:08:13.863+0000] {logging_mixin.py:188} INFO - [2025-10-30T21:08:13.862+0000] {dag.py:3096} INFO - Sync 1 DAGs
[2025-10-30T21:08:13.913+0000] {logging_mixin.py:188} INFO - [2025-10-30T21:08:13.911+0000] {dag.py:3954} INFO - Setting next_dagrun for example_display_name to None, run_after=None
[2025-10-30T21:08:13.963+0000] {processor.py:183} INFO - Processing /home/airflow/.local/lib/python3.12/site-packages/airflow/example_dags/example_display_name.py took 0.255 seconds
[2025-10-30T21:08:44.764+0000] {processor.py:161} INFO - Started process (PID=363) to work on /home/airflow/.local/lib/python3.12/site-packages/airflow/example_dags/example_display_name.py
[2025-10-30T21:08:44.768+0000] {processor.py:830} INFO - Processing file /home/airflow/.local/lib/python3.12/site-packages/airflow/example_dags/example_display_name.py for tasks to queue
[2025-10-30T21:08:44.778+0000] {logging_mixin.py:188} INFO - [2025-10-30T21:08:44.776+0000] {dagbag.py:545} INFO - Filling up the DagBag from /home/airflow/.local/lib/python3.12/site-packages/airflow/example_dags/example_display_name.py
[2025-10-30T21:08:44.812+0000] {processor.py:840} INFO - DAG(s) 'example_display_name' retrieved from /home/airflow/.local/lib/python3.12/site-packages/airflow/example_dags/example_display_name.py
[2025-10-30T21:08:45.075+0000] {logging_mixin.py:188} INFO - [2025-10-30T21:08:45.074+0000] {dag.py:3096} INFO - Sync 1 DAGs
[2025-10-30T21:08:45.134+0000] {logging_mixin.py:188} INFO - [2025-10-30T21:08:45.133+0000] {dag.py:3954} INFO - Setting next_dagrun for example_display_name to None, run_after=None
[2025-10-30T21:08:45.237+0000] {processor.py:183} INFO - Processing /home/airflow/.local/lib/python3.12/site-packages/airflow/example_dags/example_display_name.py took 0.514 seconds
[2025-10-30T21:09:18.610+0000] {processor.py:161} INFO - Started process (PID=410) to work on /home/airflow/.local/lib/python3.12/site-packages/airflow/example_dags/example_display_name.py
[2025-10-30T21:09:18.615+0000] {processor.py:830} INFO - Processing file /home/airflow/.local/lib/python3.12/site-packages/airflow/example_dags/example_display_name.py for tasks to queue
[2025-10-30T21:09:18.621+0000] {logging_mixin.py:188} INFO - [2025-10-30T21:09:18.620+0000] {dagbag.py:545} INFO - Filling up the DagBag from /home/airflow/.local/lib/python3.12/site-packages/airflow/example_dags/example_display_name.py
[2025-10-30T21:09:18.641+0000] {processor.py:840} INFO - DAG(s) 'example_display_name' retrieved from /home/airflow/.local/lib/python3.12/site-packages/airflow/example_dags/example_display_name.py
[2025-10-30T21:09:18.769+0000] {logging_mixin.py:188} INFO - [2025-10-30T21:09:18.768+0000] {dag.py:3096} INFO - Sync 1 DAGs
[2025-10-30T21:09:18.816+0000] {logging_mixin.py:188} INFO - [2025-10-30T21:09:18.815+0000] {dag.py:3954} INFO - Setting next_dagrun for example_display_name to None, run_after=None
[2025-10-30T21:09:18.898+0000] {processor.py:183} INFO - Processing /home/airflow/.local/lib/python3.12/site-packages/airflow/example_dags/example_display_name.py took 0.306 seconds
[2025-10-30T21:09:49.583+0000] {processor.py:161} INFO - Started process (PID=456) to work on /home/airflow/.local/lib/python3.12/site-packages/airflow/example_dags/example_display_name.py
[2025-10-30T21:09:49.596+0000] {processor.py:830} INFO - Processing file /home/airflow/.local/lib/python3.12/site-packages/airflow/example_dags/example_display_name.py for tasks to queue
[2025-10-30T21:09:49.608+0000] {logging_mixin.py:188} INFO - [2025-10-30T21:09:49.606+0000] {dagbag.py:545} INFO - Filling up the DagBag from /home/airflow/.local/lib/python3.12/site-packages/airflow/example_dags/example_display_name.py
[2025-10-30T21:09:49.641+0000] {processor.py:840} INFO - DAG(s) 'example_display_name' retrieved from /home/airflow/.local/lib/python3.12/site-packages/airflow/example_dags/example_display_name.py
[2025-10-30T21:09:49.912+0000] {logging_mixin.py:188} INFO - [2025-10-30T21:09:49.908+0000] {dag.py:3096} INFO - Sync 1 DAGs
[2025-10-30T21:09:49.993+0000] {logging_mixin.py:188} INFO - [2025-10-30T21:09:49.992+0000] {dag.py:3954} INFO - Setting next_dagrun for example_display_name to None, run_after=None
[2025-10-30T21:09:50.058+0000] {processor.py:183} INFO - Processing /home/airflow/.local/lib/python3.12/site-packages/airflow/example_dags/example_display_name.py took 0.500 seconds
