[2025-10-30T20:29:37.047+0000] {processor.py:161} INFO - Started process (PID=78) to work on /home/airflow/.local/lib/python3.12/site-packages/airflow/example_dags/example_xcomargs.py
[2025-10-30T20:29:37.049+0000] {processor.py:830} INFO - Processing file /home/airflow/.local/lib/python3.12/site-packages/airflow/example_dags/example_xcomargs.py for tasks to queue
[2025-10-30T20:29:37.054+0000] {logging_mixin.py:188} INFO - [2025-10-30T20:29:37.053+0000] {dagbag.py:545} INFO - Filling up the DagBag from /home/airflow/.local/lib/python3.12/site-packages/airflow/example_dags/example_xcomargs.py
[2025-10-30T20:29:37.084+0000] {processor.py:840} INFO - DAG(s) 'example_xcom_args_with_operators', 'example_xcom_args' retrieved from /home/airflow/.local/lib/python3.12/site-packages/airflow/example_dags/example_xcomargs.py
[2025-10-30T20:29:37.552+0000] {logging_mixin.py:188} INFO - [2025-10-30T20:29:37.551+0000] {dag.py:3096} INFO - Sync 2 DAGs
[2025-10-30T20:29:37.576+0000] {logging_mixin.py:188} INFO - [2025-10-30T20:29:37.576+0000] {dag.py:3954} INFO - Setting next_dagrun for example_xcom_args to None, run_after=None
[2025-10-30T20:29:37.586+0000] {logging_mixin.py:188} INFO - [2025-10-30T20:29:37.585+0000] {dag.py:3954} INFO - Setting next_dagrun for example_xcom_args_with_operators to None, run_after=None
[2025-10-30T20:29:37.631+0000] {processor.py:183} INFO - Processing /home/airflow/.local/lib/python3.12/site-packages/airflow/example_dags/example_xcomargs.py took 0.606 seconds
[2025-10-30T20:30:07.972+0000] {processor.py:161} INFO - Started process (PID=136) to work on /home/airflow/.local/lib/python3.12/site-packages/airflow/example_dags/example_xcomargs.py
[2025-10-30T20:30:07.973+0000] {processor.py:830} INFO - Processing file /home/airflow/.local/lib/python3.12/site-packages/airflow/example_dags/example_xcomargs.py for tasks to queue
[2025-10-30T20:30:07.976+0000] {logging_mixin.py:188} INFO - [2025-10-30T20:30:07.976+0000] {dagbag.py:545} INFO - Filling up the DagBag from /home/airflow/.local/lib/python3.12/site-packages/airflow/example_dags/example_xcomargs.py
[2025-10-30T20:30:07.987+0000] {processor.py:840} INFO - DAG(s) 'example_xcom_args', 'example_xcom_args_with_operators' retrieved from /home/airflow/.local/lib/python3.12/site-packages/airflow/example_dags/example_xcomargs.py
[2025-10-30T20:30:08.017+0000] {logging_mixin.py:188} INFO - [2025-10-30T20:30:08.017+0000] {dag.py:3096} INFO - Sync 2 DAGs
[2025-10-30T20:30:08.033+0000] {logging_mixin.py:188} INFO - [2025-10-30T20:30:08.032+0000] {dag.py:3954} INFO - Setting next_dagrun for example_xcom_args to None, run_after=None
[2025-10-30T20:30:08.037+0000] {logging_mixin.py:188} INFO - [2025-10-30T20:30:08.037+0000] {dag.py:3954} INFO - Setting next_dagrun for example_xcom_args_with_operators to None, run_after=None
[2025-10-30T20:30:08.058+0000] {processor.py:183} INFO - Processing /home/airflow/.local/lib/python3.12/site-packages/airflow/example_dags/example_xcomargs.py took 0.093 seconds
[2025-10-30T20:30:38.655+0000] {processor.py:161} INFO - Started process (PID=195) to work on /home/airflow/.local/lib/python3.12/site-packages/airflow/example_dags/example_xcomargs.py
[2025-10-30T20:30:38.658+0000] {processor.py:830} INFO - Processing file /home/airflow/.local/lib/python3.12/site-packages/airflow/example_dags/example_xcomargs.py for tasks to queue
[2025-10-30T20:30:38.661+0000] {logging_mixin.py:188} INFO - [2025-10-30T20:30:38.661+0000] {dagbag.py:545} INFO - Filling up the DagBag from /home/airflow/.local/lib/python3.12/site-packages/airflow/example_dags/example_xcomargs.py
[2025-10-30T20:30:38.677+0000] {processor.py:840} INFO - DAG(s) 'example_xcom_args', 'example_xcom_args_with_operators' retrieved from /home/airflow/.local/lib/python3.12/site-packages/airflow/example_dags/example_xcomargs.py
[2025-10-30T20:30:38.708+0000] {logging_mixin.py:188} INFO - [2025-10-30T20:30:38.707+0000] {dag.py:3096} INFO - Sync 2 DAGs
[2025-10-30T20:30:38.724+0000] {logging_mixin.py:188} INFO - [2025-10-30T20:30:38.723+0000] {dag.py:3954} INFO - Setting next_dagrun for example_xcom_args to None, run_after=None
[2025-10-30T20:30:38.729+0000] {logging_mixin.py:188} INFO - [2025-10-30T20:30:38.729+0000] {dag.py:3954} INFO - Setting next_dagrun for example_xcom_args_with_operators to None, run_after=None
[2025-10-30T20:30:38.751+0000] {processor.py:183} INFO - Processing /home/airflow/.local/lib/python3.12/site-packages/airflow/example_dags/example_xcomargs.py took 0.106 seconds
[2025-10-30T20:31:09.917+0000] {processor.py:161} INFO - Started process (PID=253) to work on /home/airflow/.local/lib/python3.12/site-packages/airflow/example_dags/example_xcomargs.py
[2025-10-30T20:31:09.926+0000] {processor.py:830} INFO - Processing file /home/airflow/.local/lib/python3.12/site-packages/airflow/example_dags/example_xcomargs.py for tasks to queue
[2025-10-30T20:31:09.932+0000] {logging_mixin.py:188} INFO - [2025-10-30T20:31:09.931+0000] {dagbag.py:545} INFO - Filling up the DagBag from /home/airflow/.local/lib/python3.12/site-packages/airflow/example_dags/example_xcomargs.py
[2025-10-30T20:31:09.957+0000] {processor.py:840} INFO - DAG(s) 'example_xcom_args', 'example_xcom_args_with_operators' retrieved from /home/airflow/.local/lib/python3.12/site-packages/airflow/example_dags/example_xcomargs.py
[2025-10-30T20:31:10.098+0000] {logging_mixin.py:188} INFO - [2025-10-30T20:31:10.097+0000] {dag.py:3096} INFO - Sync 2 DAGs
[2025-10-30T20:31:10.147+0000] {logging_mixin.py:188} INFO - [2025-10-30T20:31:10.147+0000] {dag.py:3954} INFO - Setting next_dagrun for example_xcom_args to None, run_after=None
[2025-10-30T20:31:10.159+0000] {logging_mixin.py:188} INFO - [2025-10-30T20:31:10.158+0000] {dag.py:3954} INFO - Setting next_dagrun for example_xcom_args_with_operators to None, run_after=None
[2025-10-30T20:31:10.212+0000] {processor.py:183} INFO - Processing /home/airflow/.local/lib/python3.12/site-packages/airflow/example_dags/example_xcomargs.py took 0.310 seconds
[2025-10-30T20:31:40.968+0000] {processor.py:161} INFO - Started process (PID=311) to work on /home/airflow/.local/lib/python3.12/site-packages/airflow/example_dags/example_xcomargs.py
[2025-10-30T20:31:40.970+0000] {processor.py:830} INFO - Processing file /home/airflow/.local/lib/python3.12/site-packages/airflow/example_dags/example_xcomargs.py for tasks to queue
[2025-10-30T20:31:40.977+0000] {logging_mixin.py:188} INFO - [2025-10-30T20:31:40.976+0000] {dagbag.py:545} INFO - Filling up the DagBag from /home/airflow/.local/lib/python3.12/site-packages/airflow/example_dags/example_xcomargs.py
[2025-10-30T20:31:41.000+0000] {processor.py:840} INFO - DAG(s) 'example_xcom_args_with_operators', 'example_xcom_args' retrieved from /home/airflow/.local/lib/python3.12/site-packages/airflow/example_dags/example_xcomargs.py
[2025-10-30T20:31:41.064+0000] {logging_mixin.py:188} INFO - [2025-10-30T20:31:41.063+0000] {dag.py:3096} INFO - Sync 2 DAGs
[2025-10-30T20:31:41.099+0000] {logging_mixin.py:188} INFO - [2025-10-30T20:31:41.098+0000] {dag.py:3954} INFO - Setting next_dagrun for example_xcom_args to None, run_after=None
[2025-10-30T20:31:41.106+0000] {logging_mixin.py:188} INFO - [2025-10-30T20:31:41.106+0000] {dag.py:3954} INFO - Setting next_dagrun for example_xcom_args_with_operators to None, run_after=None
[2025-10-30T20:31:41.140+0000] {processor.py:183} INFO - Processing /home/airflow/.local/lib/python3.12/site-packages/airflow/example_dags/example_xcomargs.py took 0.183 seconds
[2025-10-30T20:32:11.700+0000] {processor.py:161} INFO - Started process (PID=369) to work on /home/airflow/.local/lib/python3.12/site-packages/airflow/example_dags/example_xcomargs.py
[2025-10-30T20:32:11.702+0000] {processor.py:830} INFO - Processing file /home/airflow/.local/lib/python3.12/site-packages/airflow/example_dags/example_xcomargs.py for tasks to queue
[2025-10-30T20:32:11.707+0000] {logging_mixin.py:188} INFO - [2025-10-30T20:32:11.706+0000] {dagbag.py:545} INFO - Filling up the DagBag from /home/airflow/.local/lib/python3.12/site-packages/airflow/example_dags/example_xcomargs.py
[2025-10-30T20:32:11.717+0000] {processor.py:840} INFO - DAG(s) 'example_xcom_args_with_operators', 'example_xcom_args' retrieved from /home/airflow/.local/lib/python3.12/site-packages/airflow/example_dags/example_xcomargs.py
[2025-10-30T20:32:11.756+0000] {logging_mixin.py:188} INFO - [2025-10-30T20:32:11.756+0000] {dag.py:3096} INFO - Sync 2 DAGs
[2025-10-30T20:32:11.773+0000] {logging_mixin.py:188} INFO - [2025-10-30T20:32:11.773+0000] {dag.py:3954} INFO - Setting next_dagrun for example_xcom_args to None, run_after=None
[2025-10-30T20:32:11.778+0000] {logging_mixin.py:188} INFO - [2025-10-30T20:32:11.778+0000] {dag.py:3954} INFO - Setting next_dagrun for example_xcom_args_with_operators to None, run_after=None
[2025-10-30T20:32:11.805+0000] {processor.py:183} INFO - Processing /home/airflow/.local/lib/python3.12/site-packages/airflow/example_dags/example_xcomargs.py took 0.113 seconds
[2025-10-30T20:32:42.457+0000] {processor.py:161} INFO - Started process (PID=427) to work on /home/airflow/.local/lib/python3.12/site-packages/airflow/example_dags/example_xcomargs.py
[2025-10-30T20:32:42.459+0000] {processor.py:830} INFO - Processing file /home/airflow/.local/lib/python3.12/site-packages/airflow/example_dags/example_xcomargs.py for tasks to queue
[2025-10-30T20:32:42.461+0000] {logging_mixin.py:188} INFO - [2025-10-30T20:32:42.461+0000] {dagbag.py:545} INFO - Filling up the DagBag from /home/airflow/.local/lib/python3.12/site-packages/airflow/example_dags/example_xcomargs.py
[2025-10-30T20:32:42.473+0000] {processor.py:840} INFO - DAG(s) 'example_xcom_args', 'example_xcom_args_with_operators' retrieved from /home/airflow/.local/lib/python3.12/site-packages/airflow/example_dags/example_xcomargs.py
[2025-10-30T20:32:42.507+0000] {logging_mixin.py:188} INFO - [2025-10-30T20:32:42.507+0000] {dag.py:3096} INFO - Sync 2 DAGs
[2025-10-30T20:32:42.525+0000] {logging_mixin.py:188} INFO - [2025-10-30T20:32:42.524+0000] {dag.py:3954} INFO - Setting next_dagrun for example_xcom_args to None, run_after=None
[2025-10-30T20:32:42.529+0000] {logging_mixin.py:188} INFO - [2025-10-30T20:32:42.529+0000] {dag.py:3954} INFO - Setting next_dagrun for example_xcom_args_with_operators to None, run_after=None
[2025-10-30T20:32:42.556+0000] {processor.py:183} INFO - Processing /home/airflow/.local/lib/python3.12/site-packages/airflow/example_dags/example_xcomargs.py took 0.107 seconds
[2025-10-30T20:33:12.686+0000] {processor.py:161} INFO - Started process (PID=485) to work on /home/airflow/.local/lib/python3.12/site-packages/airflow/example_dags/example_xcomargs.py
[2025-10-30T20:33:12.688+0000] {processor.py:830} INFO - Processing file /home/airflow/.local/lib/python3.12/site-packages/airflow/example_dags/example_xcomargs.py for tasks to queue
[2025-10-30T20:33:12.690+0000] {logging_mixin.py:188} INFO - [2025-10-30T20:33:12.690+0000] {dagbag.py:545} INFO - Filling up the DagBag from /home/airflow/.local/lib/python3.12/site-packages/airflow/example_dags/example_xcomargs.py
[2025-10-30T20:33:12.702+0000] {processor.py:840} INFO - DAG(s) 'example_xcom_args_with_operators', 'example_xcom_args' retrieved from /home/airflow/.local/lib/python3.12/site-packages/airflow/example_dags/example_xcomargs.py
[2025-10-30T20:33:12.733+0000] {logging_mixin.py:188} INFO - [2025-10-30T20:33:12.733+0000] {dag.py:3096} INFO - Sync 2 DAGs
[2025-10-30T20:33:12.750+0000] {logging_mixin.py:188} INFO - [2025-10-30T20:33:12.750+0000] {dag.py:3954} INFO - Setting next_dagrun for example_xcom_args to None, run_after=None
[2025-10-30T20:33:12.755+0000] {logging_mixin.py:188} INFO - [2025-10-30T20:33:12.755+0000] {dag.py:3954} INFO - Setting next_dagrun for example_xcom_args_with_operators to None, run_after=None
[2025-10-30T20:33:12.782+0000] {processor.py:183} INFO - Processing /home/airflow/.local/lib/python3.12/site-packages/airflow/example_dags/example_xcomargs.py took 0.104 seconds
[2025-10-30T20:33:43.687+0000] {processor.py:161} INFO - Started process (PID=543) to work on /home/airflow/.local/lib/python3.12/site-packages/airflow/example_dags/example_xcomargs.py
[2025-10-30T20:33:43.689+0000] {processor.py:830} INFO - Processing file /home/airflow/.local/lib/python3.12/site-packages/airflow/example_dags/example_xcomargs.py for tasks to queue
[2025-10-30T20:33:43.692+0000] {logging_mixin.py:188} INFO - [2025-10-30T20:33:43.691+0000] {dagbag.py:545} INFO - Filling up the DagBag from /home/airflow/.local/lib/python3.12/site-packages/airflow/example_dags/example_xcomargs.py
[2025-10-30T20:33:43.706+0000] {processor.py:840} INFO - DAG(s) 'example_xcom_args', 'example_xcom_args_with_operators' retrieved from /home/airflow/.local/lib/python3.12/site-packages/airflow/example_dags/example_xcomargs.py
[2025-10-30T20:33:43.737+0000] {logging_mixin.py:188} INFO - [2025-10-30T20:33:43.737+0000] {dag.py:3096} INFO - Sync 2 DAGs
[2025-10-30T20:33:43.759+0000] {logging_mixin.py:188} INFO - [2025-10-30T20:33:43.759+0000] {dag.py:3954} INFO - Setting next_dagrun for example_xcom_args to None, run_after=None
[2025-10-30T20:33:43.767+0000] {logging_mixin.py:188} INFO - [2025-10-30T20:33:43.767+0000] {dag.py:3954} INFO - Setting next_dagrun for example_xcom_args_with_operators to None, run_after=None
[2025-10-30T20:33:43.796+0000] {processor.py:183} INFO - Processing /home/airflow/.local/lib/python3.12/site-packages/airflow/example_dags/example_xcomargs.py took 0.118 seconds
[2025-10-30T20:34:14.010+0000] {processor.py:161} INFO - Started process (PID=601) to work on /home/airflow/.local/lib/python3.12/site-packages/airflow/example_dags/example_xcomargs.py
[2025-10-30T20:34:14.012+0000] {processor.py:830} INFO - Processing file /home/airflow/.local/lib/python3.12/site-packages/airflow/example_dags/example_xcomargs.py for tasks to queue
[2025-10-30T20:34:14.016+0000] {logging_mixin.py:188} INFO - [2025-10-30T20:34:14.015+0000] {dagbag.py:545} INFO - Filling up the DagBag from /home/airflow/.local/lib/python3.12/site-packages/airflow/example_dags/example_xcomargs.py
[2025-10-30T20:34:14.030+0000] {processor.py:840} INFO - DAG(s) 'example_xcom_args_with_operators', 'example_xcom_args' retrieved from /home/airflow/.local/lib/python3.12/site-packages/airflow/example_dags/example_xcomargs.py
[2025-10-30T20:34:14.088+0000] {logging_mixin.py:188} INFO - [2025-10-30T20:34:14.087+0000] {dag.py:3096} INFO - Sync 2 DAGs
[2025-10-30T20:34:14.132+0000] {logging_mixin.py:188} INFO - [2025-10-30T20:34:14.131+0000] {dag.py:3954} INFO - Setting next_dagrun for example_xcom_args to None, run_after=None
[2025-10-30T20:34:14.138+0000] {logging_mixin.py:188} INFO - [2025-10-30T20:34:14.138+0000] {dag.py:3954} INFO - Setting next_dagrun for example_xcom_args_with_operators to None, run_after=None
[2025-10-30T20:34:14.169+0000] {processor.py:183} INFO - Processing /home/airflow/.local/lib/python3.12/site-packages/airflow/example_dags/example_xcomargs.py took 0.169 seconds
[2025-10-30T20:34:44.660+0000] {processor.py:161} INFO - Started process (PID=659) to work on /home/airflow/.local/lib/python3.12/site-packages/airflow/example_dags/example_xcomargs.py
[2025-10-30T20:34:44.662+0000] {processor.py:830} INFO - Processing file /home/airflow/.local/lib/python3.12/site-packages/airflow/example_dags/example_xcomargs.py for tasks to queue
[2025-10-30T20:34:44.664+0000] {logging_mixin.py:188} INFO - [2025-10-30T20:34:44.664+0000] {dagbag.py:545} INFO - Filling up the DagBag from /home/airflow/.local/lib/python3.12/site-packages/airflow/example_dags/example_xcomargs.py
[2025-10-30T20:34:44.675+0000] {processor.py:840} INFO - DAG(s) 'example_xcom_args_with_operators', 'example_xcom_args' retrieved from /home/airflow/.local/lib/python3.12/site-packages/airflow/example_dags/example_xcomargs.py
[2025-10-30T20:34:44.715+0000] {logging_mixin.py:188} INFO - [2025-10-30T20:34:44.715+0000] {dag.py:3096} INFO - Sync 2 DAGs
[2025-10-30T20:34:44.740+0000] {logging_mixin.py:188} INFO - [2025-10-30T20:34:44.739+0000] {dag.py:3954} INFO - Setting next_dagrun for example_xcom_args to None, run_after=None
[2025-10-30T20:34:44.746+0000] {logging_mixin.py:188} INFO - [2025-10-30T20:34:44.745+0000] {dag.py:3954} INFO - Setting next_dagrun for example_xcom_args_with_operators to None, run_after=None
[2025-10-30T20:34:44.779+0000] {processor.py:183} INFO - Processing /home/airflow/.local/lib/python3.12/site-packages/airflow/example_dags/example_xcomargs.py took 0.128 seconds
[2025-10-30T20:35:15.198+0000] {processor.py:161} INFO - Started process (PID=717) to work on /home/airflow/.local/lib/python3.12/site-packages/airflow/example_dags/example_xcomargs.py
[2025-10-30T20:35:15.199+0000] {processor.py:830} INFO - Processing file /home/airflow/.local/lib/python3.12/site-packages/airflow/example_dags/example_xcomargs.py for tasks to queue
[2025-10-30T20:35:15.203+0000] {logging_mixin.py:188} INFO - [2025-10-30T20:35:15.203+0000] {dagbag.py:545} INFO - Filling up the DagBag from /home/airflow/.local/lib/python3.12/site-packages/airflow/example_dags/example_xcomargs.py
[2025-10-30T20:35:15.214+0000] {processor.py:840} INFO - DAG(s) 'example_xcom_args_with_operators', 'example_xcom_args' retrieved from /home/airflow/.local/lib/python3.12/site-packages/airflow/example_dags/example_xcomargs.py
[2025-10-30T20:35:15.244+0000] {logging_mixin.py:188} INFO - [2025-10-30T20:35:15.243+0000] {dag.py:3096} INFO - Sync 2 DAGs
[2025-10-30T20:35:15.261+0000] {logging_mixin.py:188} INFO - [2025-10-30T20:35:15.261+0000] {dag.py:3954} INFO - Setting next_dagrun for example_xcom_args to None, run_after=None
[2025-10-30T20:35:15.268+0000] {logging_mixin.py:188} INFO - [2025-10-30T20:35:15.268+0000] {dag.py:3954} INFO - Setting next_dagrun for example_xcom_args_with_operators to None, run_after=None
[2025-10-30T20:35:15.295+0000] {processor.py:183} INFO - Processing /home/airflow/.local/lib/python3.12/site-packages/airflow/example_dags/example_xcomargs.py took 0.104 seconds
[2025-10-30T20:35:45.718+0000] {processor.py:161} INFO - Started process (PID=775) to work on /home/airflow/.local/lib/python3.12/site-packages/airflow/example_dags/example_xcomargs.py
[2025-10-30T20:35:45.719+0000] {processor.py:830} INFO - Processing file /home/airflow/.local/lib/python3.12/site-packages/airflow/example_dags/example_xcomargs.py for tasks to queue
[2025-10-30T20:35:45.723+0000] {logging_mixin.py:188} INFO - [2025-10-30T20:35:45.722+0000] {dagbag.py:545} INFO - Filling up the DagBag from /home/airflow/.local/lib/python3.12/site-packages/airflow/example_dags/example_xcomargs.py
[2025-10-30T20:35:45.736+0000] {processor.py:840} INFO - DAG(s) 'example_xcom_args', 'example_xcom_args_with_operators' retrieved from /home/airflow/.local/lib/python3.12/site-packages/airflow/example_dags/example_xcomargs.py
[2025-10-30T20:35:45.774+0000] {logging_mixin.py:188} INFO - [2025-10-30T20:35:45.773+0000] {dag.py:3096} INFO - Sync 2 DAGs
[2025-10-30T20:35:45.795+0000] {logging_mixin.py:188} INFO - [2025-10-30T20:35:45.795+0000] {dag.py:3954} INFO - Setting next_dagrun for example_xcom_args to None, run_after=None
[2025-10-30T20:35:45.801+0000] {logging_mixin.py:188} INFO - [2025-10-30T20:35:45.801+0000] {dag.py:3954} INFO - Setting next_dagrun for example_xcom_args_with_operators to None, run_after=None
[2025-10-30T20:35:45.827+0000] {processor.py:183} INFO - Processing /home/airflow/.local/lib/python3.12/site-packages/airflow/example_dags/example_xcomargs.py took 0.119 seconds
[2025-10-30T20:36:16.361+0000] {processor.py:161} INFO - Started process (PID=833) to work on /home/airflow/.local/lib/python3.12/site-packages/airflow/example_dags/example_xcomargs.py
[2025-10-30T20:36:16.363+0000] {processor.py:830} INFO - Processing file /home/airflow/.local/lib/python3.12/site-packages/airflow/example_dags/example_xcomargs.py for tasks to queue
[2025-10-30T20:36:16.369+0000] {logging_mixin.py:188} INFO - [2025-10-30T20:36:16.368+0000] {dagbag.py:545} INFO - Filling up the DagBag from /home/airflow/.local/lib/python3.12/site-packages/airflow/example_dags/example_xcomargs.py
[2025-10-30T20:36:16.388+0000] {processor.py:840} INFO - DAG(s) 'example_xcom_args', 'example_xcom_args_with_operators' retrieved from /home/airflow/.local/lib/python3.12/site-packages/airflow/example_dags/example_xcomargs.py
[2025-10-30T20:36:16.438+0000] {logging_mixin.py:188} INFO - [2025-10-30T20:36:16.438+0000] {dag.py:3096} INFO - Sync 2 DAGs
[2025-10-30T20:36:16.460+0000] {logging_mixin.py:188} INFO - [2025-10-30T20:36:16.460+0000] {dag.py:3954} INFO - Setting next_dagrun for example_xcom_args to None, run_after=None
[2025-10-30T20:36:16.466+0000] {logging_mixin.py:188} INFO - [2025-10-30T20:36:16.465+0000] {dag.py:3954} INFO - Setting next_dagrun for example_xcom_args_with_operators to None, run_after=None
[2025-10-30T20:36:16.491+0000] {processor.py:183} INFO - Processing /home/airflow/.local/lib/python3.12/site-packages/airflow/example_dags/example_xcomargs.py took 0.194 seconds
[2025-10-30T20:36:46.748+0000] {processor.py:161} INFO - Started process (PID=891) to work on /home/airflow/.local/lib/python3.12/site-packages/airflow/example_dags/example_xcomargs.py
[2025-10-30T20:36:46.749+0000] {processor.py:830} INFO - Processing file /home/airflow/.local/lib/python3.12/site-packages/airflow/example_dags/example_xcomargs.py for tasks to queue
[2025-10-30T20:36:46.751+0000] {logging_mixin.py:188} INFO - [2025-10-30T20:36:46.751+0000] {dagbag.py:545} INFO - Filling up the DagBag from /home/airflow/.local/lib/python3.12/site-packages/airflow/example_dags/example_xcomargs.py
[2025-10-30T20:36:46.761+0000] {processor.py:840} INFO - DAG(s) 'example_xcom_args_with_operators', 'example_xcom_args' retrieved from /home/airflow/.local/lib/python3.12/site-packages/airflow/example_dags/example_xcomargs.py
[2025-10-30T20:36:46.791+0000] {logging_mixin.py:188} INFO - [2025-10-30T20:36:46.790+0000] {dag.py:3096} INFO - Sync 2 DAGs
[2025-10-30T20:36:46.807+0000] {logging_mixin.py:188} INFO - [2025-10-30T20:36:46.806+0000] {dag.py:3954} INFO - Setting next_dagrun for example_xcom_args to None, run_after=None
[2025-10-30T20:36:46.811+0000] {logging_mixin.py:188} INFO - [2025-10-30T20:36:46.811+0000] {dag.py:3954} INFO - Setting next_dagrun for example_xcom_args_with_operators to None, run_after=None
[2025-10-30T20:36:46.831+0000] {processor.py:183} INFO - Processing /home/airflow/.local/lib/python3.12/site-packages/airflow/example_dags/example_xcomargs.py took 0.091 seconds
[2025-10-30T20:37:17.062+0000] {processor.py:161} INFO - Started process (PID=949) to work on /home/airflow/.local/lib/python3.12/site-packages/airflow/example_dags/example_xcomargs.py
[2025-10-30T20:37:17.064+0000] {processor.py:830} INFO - Processing file /home/airflow/.local/lib/python3.12/site-packages/airflow/example_dags/example_xcomargs.py for tasks to queue
[2025-10-30T20:37:17.066+0000] {logging_mixin.py:188} INFO - [2025-10-30T20:37:17.066+0000] {dagbag.py:545} INFO - Filling up the DagBag from /home/airflow/.local/lib/python3.12/site-packages/airflow/example_dags/example_xcomargs.py
[2025-10-30T20:37:17.077+0000] {processor.py:840} INFO - DAG(s) 'example_xcom_args', 'example_xcom_args_with_operators' retrieved from /home/airflow/.local/lib/python3.12/site-packages/airflow/example_dags/example_xcomargs.py
[2025-10-30T20:37:17.110+0000] {logging_mixin.py:188} INFO - [2025-10-30T20:37:17.109+0000] {dag.py:3096} INFO - Sync 2 DAGs
[2025-10-30T20:37:17.132+0000] {logging_mixin.py:188} INFO - [2025-10-30T20:37:17.131+0000] {dag.py:3954} INFO - Setting next_dagrun for example_xcom_args to None, run_after=None
[2025-10-30T20:37:17.137+0000] {logging_mixin.py:188} INFO - [2025-10-30T20:37:17.136+0000] {dag.py:3954} INFO - Setting next_dagrun for example_xcom_args_with_operators to None, run_after=None
[2025-10-30T20:37:17.162+0000] {processor.py:183} INFO - Processing /home/airflow/.local/lib/python3.12/site-packages/airflow/example_dags/example_xcomargs.py took 0.108 seconds
[2025-10-30T20:37:47.505+0000] {processor.py:161} INFO - Started process (PID=1007) to work on /home/airflow/.local/lib/python3.12/site-packages/airflow/example_dags/example_xcomargs.py
[2025-10-30T20:37:47.507+0000] {processor.py:830} INFO - Processing file /home/airflow/.local/lib/python3.12/site-packages/airflow/example_dags/example_xcomargs.py for tasks to queue
[2025-10-30T20:37:47.510+0000] {logging_mixin.py:188} INFO - [2025-10-30T20:37:47.509+0000] {dagbag.py:545} INFO - Filling up the DagBag from /home/airflow/.local/lib/python3.12/site-packages/airflow/example_dags/example_xcomargs.py
[2025-10-30T20:37:47.523+0000] {processor.py:840} INFO - DAG(s) 'example_xcom_args_with_operators', 'example_xcom_args' retrieved from /home/airflow/.local/lib/python3.12/site-packages/airflow/example_dags/example_xcomargs.py
[2025-10-30T20:37:47.554+0000] {logging_mixin.py:188} INFO - [2025-10-30T20:37:47.553+0000] {dag.py:3096} INFO - Sync 2 DAGs
[2025-10-30T20:37:47.571+0000] {logging_mixin.py:188} INFO - [2025-10-30T20:37:47.570+0000] {dag.py:3954} INFO - Setting next_dagrun for example_xcom_args to None, run_after=None
[2025-10-30T20:37:47.576+0000] {logging_mixin.py:188} INFO - [2025-10-30T20:37:47.575+0000] {dag.py:3954} INFO - Setting next_dagrun for example_xcom_args_with_operators to None, run_after=None
[2025-10-30T20:37:47.600+0000] {processor.py:183} INFO - Processing /home/airflow/.local/lib/python3.12/site-packages/airflow/example_dags/example_xcomargs.py took 0.106 seconds
[2025-10-30T20:38:18.043+0000] {processor.py:161} INFO - Started process (PID=1065) to work on /home/airflow/.local/lib/python3.12/site-packages/airflow/example_dags/example_xcomargs.py
[2025-10-30T20:38:18.044+0000] {processor.py:830} INFO - Processing file /home/airflow/.local/lib/python3.12/site-packages/airflow/example_dags/example_xcomargs.py for tasks to queue
[2025-10-30T20:38:18.047+0000] {logging_mixin.py:188} INFO - [2025-10-30T20:38:18.046+0000] {dagbag.py:545} INFO - Filling up the DagBag from /home/airflow/.local/lib/python3.12/site-packages/airflow/example_dags/example_xcomargs.py
[2025-10-30T20:38:18.059+0000] {processor.py:840} INFO - DAG(s) 'example_xcom_args', 'example_xcom_args_with_operators' retrieved from /home/airflow/.local/lib/python3.12/site-packages/airflow/example_dags/example_xcomargs.py
[2025-10-30T20:38:18.097+0000] {logging_mixin.py:188} INFO - [2025-10-30T20:38:18.096+0000] {dag.py:3096} INFO - Sync 2 DAGs
[2025-10-30T20:38:18.115+0000] {logging_mixin.py:188} INFO - [2025-10-30T20:38:18.115+0000] {dag.py:3954} INFO - Setting next_dagrun for example_xcom_args to None, run_after=None
[2025-10-30T20:38:18.121+0000] {logging_mixin.py:188} INFO - [2025-10-30T20:38:18.120+0000] {dag.py:3954} INFO - Setting next_dagrun for example_xcom_args_with_operators to None, run_after=None
[2025-10-30T20:38:18.151+0000] {processor.py:183} INFO - Processing /home/airflow/.local/lib/python3.12/site-packages/airflow/example_dags/example_xcomargs.py took 0.117 seconds
[2025-10-30T20:38:48.320+0000] {processor.py:161} INFO - Started process (PID=1123) to work on /home/airflow/.local/lib/python3.12/site-packages/airflow/example_dags/example_xcomargs.py
[2025-10-30T20:38:48.321+0000] {processor.py:830} INFO - Processing file /home/airflow/.local/lib/python3.12/site-packages/airflow/example_dags/example_xcomargs.py for tasks to queue
[2025-10-30T20:38:48.324+0000] {logging_mixin.py:188} INFO - [2025-10-30T20:38:48.323+0000] {dagbag.py:545} INFO - Filling up the DagBag from /home/airflow/.local/lib/python3.12/site-packages/airflow/example_dags/example_xcomargs.py
[2025-10-30T20:38:48.335+0000] {processor.py:840} INFO - DAG(s) 'example_xcom_args_with_operators', 'example_xcom_args' retrieved from /home/airflow/.local/lib/python3.12/site-packages/airflow/example_dags/example_xcomargs.py
[2025-10-30T20:38:48.364+0000] {logging_mixin.py:188} INFO - [2025-10-30T20:38:48.364+0000] {dag.py:3096} INFO - Sync 2 DAGs
[2025-10-30T20:38:48.380+0000] {logging_mixin.py:188} INFO - [2025-10-30T20:38:48.380+0000] {dag.py:3954} INFO - Setting next_dagrun for example_xcom_args to None, run_after=None
[2025-10-30T20:38:48.385+0000] {logging_mixin.py:188} INFO - [2025-10-30T20:38:48.385+0000] {dag.py:3954} INFO - Setting next_dagrun for example_xcom_args_with_operators to None, run_after=None
[2025-10-30T20:38:48.408+0000] {processor.py:183} INFO - Processing /home/airflow/.local/lib/python3.12/site-packages/airflow/example_dags/example_xcomargs.py took 0.096 seconds
[2025-10-30T20:39:18.552+0000] {processor.py:161} INFO - Started process (PID=1182) to work on /home/airflow/.local/lib/python3.12/site-packages/airflow/example_dags/example_xcomargs.py
[2025-10-30T20:39:18.553+0000] {processor.py:830} INFO - Processing file /home/airflow/.local/lib/python3.12/site-packages/airflow/example_dags/example_xcomargs.py for tasks to queue
[2025-10-30T20:39:18.556+0000] {logging_mixin.py:188} INFO - [2025-10-30T20:39:18.555+0000] {dagbag.py:545} INFO - Filling up the DagBag from /home/airflow/.local/lib/python3.12/site-packages/airflow/example_dags/example_xcomargs.py
[2025-10-30T20:39:18.566+0000] {processor.py:840} INFO - DAG(s) 'example_xcom_args_with_operators', 'example_xcom_args' retrieved from /home/airflow/.local/lib/python3.12/site-packages/airflow/example_dags/example_xcomargs.py
[2025-10-30T20:39:18.597+0000] {logging_mixin.py:188} INFO - [2025-10-30T20:39:18.597+0000] {dag.py:3096} INFO - Sync 2 DAGs
[2025-10-30T20:39:18.615+0000] {logging_mixin.py:188} INFO - [2025-10-30T20:39:18.615+0000] {dag.py:3954} INFO - Setting next_dagrun for example_xcom_args to None, run_after=None
[2025-10-30T20:39:18.619+0000] {logging_mixin.py:188} INFO - [2025-10-30T20:39:18.619+0000] {dag.py:3954} INFO - Setting next_dagrun for example_xcom_args_with_operators to None, run_after=None
[2025-10-30T20:39:18.647+0000] {processor.py:183} INFO - Processing /home/airflow/.local/lib/python3.12/site-packages/airflow/example_dags/example_xcomargs.py took 0.102 seconds
[2025-10-30T20:39:49.667+0000] {processor.py:161} INFO - Started process (PID=1240) to work on /home/airflow/.local/lib/python3.12/site-packages/airflow/example_dags/example_xcomargs.py
[2025-10-30T20:39:49.672+0000] {processor.py:830} INFO - Processing file /home/airflow/.local/lib/python3.12/site-packages/airflow/example_dags/example_xcomargs.py for tasks to queue
[2025-10-30T20:39:49.679+0000] {logging_mixin.py:188} INFO - [2025-10-30T20:39:49.677+0000] {dagbag.py:545} INFO - Filling up the DagBag from /home/airflow/.local/lib/python3.12/site-packages/airflow/example_dags/example_xcomargs.py
[2025-10-30T20:39:49.709+0000] {processor.py:840} INFO - DAG(s) 'example_xcom_args_with_operators', 'example_xcom_args' retrieved from /home/airflow/.local/lib/python3.12/site-packages/airflow/example_dags/example_xcomargs.py
[2025-10-30T20:39:49.775+0000] {logging_mixin.py:188} INFO - [2025-10-30T20:39:49.775+0000] {dag.py:3096} INFO - Sync 2 DAGs
[2025-10-30T20:39:49.809+0000] {logging_mixin.py:188} INFO - [2025-10-30T20:39:49.808+0000] {dag.py:3954} INFO - Setting next_dagrun for example_xcom_args to None, run_after=None
[2025-10-30T20:39:49.891+0000] {logging_mixin.py:188} INFO - [2025-10-30T20:39:49.890+0000] {dag.py:3954} INFO - Setting next_dagrun for example_xcom_args_with_operators to None, run_after=None
[2025-10-30T20:39:50.079+0000] {processor.py:183} INFO - Processing /home/airflow/.local/lib/python3.12/site-packages/airflow/example_dags/example_xcomargs.py took 0.436 seconds
[2025-10-30T20:40:20.287+0000] {processor.py:161} INFO - Started process (PID=1297) to work on /home/airflow/.local/lib/python3.12/site-packages/airflow/example_dags/example_xcomargs.py
[2025-10-30T20:40:20.288+0000] {processor.py:830} INFO - Processing file /home/airflow/.local/lib/python3.12/site-packages/airflow/example_dags/example_xcomargs.py for tasks to queue
[2025-10-30T20:40:20.291+0000] {logging_mixin.py:188} INFO - [2025-10-30T20:40:20.291+0000] {dagbag.py:545} INFO - Filling up the DagBag from /home/airflow/.local/lib/python3.12/site-packages/airflow/example_dags/example_xcomargs.py
[2025-10-30T20:40:20.302+0000] {processor.py:840} INFO - DAG(s) 'example_xcom_args', 'example_xcom_args_with_operators' retrieved from /home/airflow/.local/lib/python3.12/site-packages/airflow/example_dags/example_xcomargs.py
[2025-10-30T20:40:20.334+0000] {logging_mixin.py:188} INFO - [2025-10-30T20:40:20.334+0000] {dag.py:3096} INFO - Sync 2 DAGs
[2025-10-30T20:40:20.357+0000] {logging_mixin.py:188} INFO - [2025-10-30T20:40:20.357+0000] {dag.py:3954} INFO - Setting next_dagrun for example_xcom_args to None, run_after=None
[2025-10-30T20:40:20.365+0000] {logging_mixin.py:188} INFO - [2025-10-30T20:40:20.365+0000] {dag.py:3954} INFO - Setting next_dagrun for example_xcom_args_with_operators to None, run_after=None
[2025-10-30T20:40:20.397+0000] {processor.py:183} INFO - Processing /home/airflow/.local/lib/python3.12/site-packages/airflow/example_dags/example_xcomargs.py took 0.120 seconds
[2025-10-30T20:40:51.251+0000] {processor.py:161} INFO - Started process (PID=1355) to work on /home/airflow/.local/lib/python3.12/site-packages/airflow/example_dags/example_xcomargs.py
[2025-10-30T20:40:51.254+0000] {processor.py:830} INFO - Processing file /home/airflow/.local/lib/python3.12/site-packages/airflow/example_dags/example_xcomargs.py for tasks to queue
[2025-10-30T20:40:51.260+0000] {logging_mixin.py:188} INFO - [2025-10-30T20:40:51.259+0000] {dagbag.py:545} INFO - Filling up the DagBag from /home/airflow/.local/lib/python3.12/site-packages/airflow/example_dags/example_xcomargs.py
[2025-10-30T20:40:51.278+0000] {processor.py:840} INFO - DAG(s) 'example_xcom_args', 'example_xcom_args_with_operators' retrieved from /home/airflow/.local/lib/python3.12/site-packages/airflow/example_dags/example_xcomargs.py
[2025-10-30T20:40:51.356+0000] {logging_mixin.py:188} INFO - [2025-10-30T20:40:51.356+0000] {dag.py:3096} INFO - Sync 2 DAGs
[2025-10-30T20:40:51.498+0000] {logging_mixin.py:188} INFO - [2025-10-30T20:40:51.497+0000] {dag.py:3954} INFO - Setting next_dagrun for example_xcom_args to None, run_after=None
[2025-10-30T20:40:51.510+0000] {logging_mixin.py:188} INFO - [2025-10-30T20:40:51.509+0000] {dag.py:3954} INFO - Setting next_dagrun for example_xcom_args_with_operators to None, run_after=None
[2025-10-30T20:40:51.562+0000] {processor.py:183} INFO - Processing /home/airflow/.local/lib/python3.12/site-packages/airflow/example_dags/example_xcomargs.py took 0.323 seconds
[2025-10-30T20:41:22.356+0000] {processor.py:161} INFO - Started process (PID=1413) to work on /home/airflow/.local/lib/python3.12/site-packages/airflow/example_dags/example_xcomargs.py
[2025-10-30T20:41:22.357+0000] {processor.py:830} INFO - Processing file /home/airflow/.local/lib/python3.12/site-packages/airflow/example_dags/example_xcomargs.py for tasks to queue
[2025-10-30T20:41:22.359+0000] {logging_mixin.py:188} INFO - [2025-10-30T20:41:22.359+0000] {dagbag.py:545} INFO - Filling up the DagBag from /home/airflow/.local/lib/python3.12/site-packages/airflow/example_dags/example_xcomargs.py
[2025-10-30T20:41:22.369+0000] {processor.py:840} INFO - DAG(s) 'example_xcom_args', 'example_xcom_args_with_operators' retrieved from /home/airflow/.local/lib/python3.12/site-packages/airflow/example_dags/example_xcomargs.py
[2025-10-30T20:41:22.403+0000] {logging_mixin.py:188} INFO - [2025-10-30T20:41:22.402+0000] {dag.py:3096} INFO - Sync 2 DAGs
[2025-10-30T20:41:22.418+0000] {logging_mixin.py:188} INFO - [2025-10-30T20:41:22.418+0000] {dag.py:3954} INFO - Setting next_dagrun for example_xcom_args to None, run_after=None
[2025-10-30T20:41:22.423+0000] {logging_mixin.py:188} INFO - [2025-10-30T20:41:22.423+0000] {dag.py:3954} INFO - Setting next_dagrun for example_xcom_args_with_operators to None, run_after=None
[2025-10-30T20:41:22.445+0000] {processor.py:183} INFO - Processing /home/airflow/.local/lib/python3.12/site-packages/airflow/example_dags/example_xcomargs.py took 0.099 seconds
[2025-10-30T20:41:52.596+0000] {processor.py:161} INFO - Started process (PID=1469) to work on /home/airflow/.local/lib/python3.12/site-packages/airflow/example_dags/example_xcomargs.py
[2025-10-30T20:41:52.598+0000] {processor.py:830} INFO - Processing file /home/airflow/.local/lib/python3.12/site-packages/airflow/example_dags/example_xcomargs.py for tasks to queue
[2025-10-30T20:41:52.601+0000] {logging_mixin.py:188} INFO - [2025-10-30T20:41:52.600+0000] {dagbag.py:545} INFO - Filling up the DagBag from /home/airflow/.local/lib/python3.12/site-packages/airflow/example_dags/example_xcomargs.py
[2025-10-30T20:41:52.615+0000] {processor.py:840} INFO - DAG(s) 'example_xcom_args_with_operators', 'example_xcom_args' retrieved from /home/airflow/.local/lib/python3.12/site-packages/airflow/example_dags/example_xcomargs.py
[2025-10-30T20:41:52.647+0000] {logging_mixin.py:188} INFO - [2025-10-30T20:41:52.647+0000] {dag.py:3096} INFO - Sync 2 DAGs
[2025-10-30T20:41:52.664+0000] {logging_mixin.py:188} INFO - [2025-10-30T20:41:52.664+0000] {dag.py:3954} INFO - Setting next_dagrun for example_xcom_args to None, run_after=None
[2025-10-30T20:41:52.669+0000] {logging_mixin.py:188} INFO - [2025-10-30T20:41:52.669+0000] {dag.py:3954} INFO - Setting next_dagrun for example_xcom_args_with_operators to None, run_after=None
[2025-10-30T20:41:52.698+0000] {processor.py:183} INFO - Processing /home/airflow/.local/lib/python3.12/site-packages/airflow/example_dags/example_xcomargs.py took 0.111 seconds
[2025-10-30T20:42:22.812+0000] {processor.py:161} INFO - Started process (PID=1527) to work on /home/airflow/.local/lib/python3.12/site-packages/airflow/example_dags/example_xcomargs.py
[2025-10-30T20:42:22.813+0000] {processor.py:830} INFO - Processing file /home/airflow/.local/lib/python3.12/site-packages/airflow/example_dags/example_xcomargs.py for tasks to queue
[2025-10-30T20:42:22.816+0000] {logging_mixin.py:188} INFO - [2025-10-30T20:42:22.816+0000] {dagbag.py:545} INFO - Filling up the DagBag from /home/airflow/.local/lib/python3.12/site-packages/airflow/example_dags/example_xcomargs.py
[2025-10-30T20:42:22.828+0000] {processor.py:840} INFO - DAG(s) 'example_xcom_args', 'example_xcom_args_with_operators' retrieved from /home/airflow/.local/lib/python3.12/site-packages/airflow/example_dags/example_xcomargs.py
[2025-10-30T20:42:22.864+0000] {logging_mixin.py:188} INFO - [2025-10-30T20:42:22.864+0000] {dag.py:3096} INFO - Sync 2 DAGs
[2025-10-30T20:42:22.886+0000] {logging_mixin.py:188} INFO - [2025-10-30T20:42:22.886+0000] {dag.py:3954} INFO - Setting next_dagrun for example_xcom_args to None, run_after=None
[2025-10-30T20:42:22.894+0000] {logging_mixin.py:188} INFO - [2025-10-30T20:42:22.894+0000] {dag.py:3954} INFO - Setting next_dagrun for example_xcom_args_with_operators to None, run_after=None
[2025-10-30T20:42:22.919+0000] {processor.py:183} INFO - Processing /home/airflow/.local/lib/python3.12/site-packages/airflow/example_dags/example_xcomargs.py took 0.115 seconds
[2025-10-30T21:06:17.464+0000] {processor.py:161} INFO - Started process (PID=79) to work on /home/airflow/.local/lib/python3.12/site-packages/airflow/example_dags/example_xcomargs.py
[2025-10-30T21:06:17.471+0000] {processor.py:830} INFO - Processing file /home/airflow/.local/lib/python3.12/site-packages/airflow/example_dags/example_xcomargs.py for tasks to queue
[2025-10-30T21:06:17.478+0000] {logging_mixin.py:188} INFO - [2025-10-30T21:06:17.477+0000] {dagbag.py:545} INFO - Filling up the DagBag from /home/airflow/.local/lib/python3.12/site-packages/airflow/example_dags/example_xcomargs.py
[2025-10-30T21:06:17.575+0000] {processor.py:840} INFO - DAG(s) 'example_xcom_args', 'example_xcom_args_with_operators' retrieved from /home/airflow/.local/lib/python3.12/site-packages/airflow/example_dags/example_xcomargs.py
[2025-10-30T21:06:18.142+0000] {logging_mixin.py:188} INFO - [2025-10-30T21:06:18.142+0000] {dag.py:3096} INFO - Sync 2 DAGs
[2025-10-30T21:06:18.200+0000] {logging_mixin.py:188} INFO - [2025-10-30T21:06:18.199+0000] {dag.py:3954} INFO - Setting next_dagrun for example_xcom_args to None, run_after=None
[2025-10-30T21:06:18.209+0000] {logging_mixin.py:188} INFO - [2025-10-30T21:06:18.209+0000] {dag.py:3954} INFO - Setting next_dagrun for example_xcom_args_with_operators to None, run_after=None
[2025-10-30T21:06:18.254+0000] {processor.py:183} INFO - Processing /home/airflow/.local/lib/python3.12/site-packages/airflow/example_dags/example_xcomargs.py took 0.802 seconds
[2025-10-30T21:06:48.490+0000] {processor.py:161} INFO - Started process (PID=138) to work on /home/airflow/.local/lib/python3.12/site-packages/airflow/example_dags/example_xcomargs.py
[2025-10-30T21:06:48.494+0000] {processor.py:830} INFO - Processing file /home/airflow/.local/lib/python3.12/site-packages/airflow/example_dags/example_xcomargs.py for tasks to queue
[2025-10-30T21:06:48.498+0000] {logging_mixin.py:188} INFO - [2025-10-30T21:06:48.497+0000] {dagbag.py:545} INFO - Filling up the DagBag from /home/airflow/.local/lib/python3.12/site-packages/airflow/example_dags/example_xcomargs.py
[2025-10-30T21:06:48.514+0000] {processor.py:840} INFO - DAG(s) 'example_xcom_args_with_operators', 'example_xcom_args' retrieved from /home/airflow/.local/lib/python3.12/site-packages/airflow/example_dags/example_xcomargs.py
[2025-10-30T21:06:48.565+0000] {logging_mixin.py:188} INFO - [2025-10-30T21:06:48.565+0000] {dag.py:3096} INFO - Sync 2 DAGs
[2025-10-30T21:06:48.591+0000] {logging_mixin.py:188} INFO - [2025-10-30T21:06:48.591+0000] {dag.py:3954} INFO - Setting next_dagrun for example_xcom_args to None, run_after=None
[2025-10-30T21:06:48.598+0000] {logging_mixin.py:188} INFO - [2025-10-30T21:06:48.598+0000] {dag.py:3954} INFO - Setting next_dagrun for example_xcom_args_with_operators to None, run_after=None
[2025-10-30T21:06:48.645+0000] {processor.py:183} INFO - Processing /home/airflow/.local/lib/python3.12/site-packages/airflow/example_dags/example_xcomargs.py took 0.167 seconds
[2025-10-30T21:07:18.783+0000] {processor.py:161} INFO - Started process (PID=196) to work on /home/airflow/.local/lib/python3.12/site-packages/airflow/example_dags/example_xcomargs.py
[2025-10-30T21:07:18.787+0000] {processor.py:830} INFO - Processing file /home/airflow/.local/lib/python3.12/site-packages/airflow/example_dags/example_xcomargs.py for tasks to queue
[2025-10-30T21:07:18.795+0000] {logging_mixin.py:188} INFO - [2025-10-30T21:07:18.794+0000] {dagbag.py:545} INFO - Filling up the DagBag from /home/airflow/.local/lib/python3.12/site-packages/airflow/example_dags/example_xcomargs.py
[2025-10-30T21:07:18.826+0000] {processor.py:840} INFO - DAG(s) 'example_xcom_args', 'example_xcom_args_with_operators' retrieved from /home/airflow/.local/lib/python3.12/site-packages/airflow/example_dags/example_xcomargs.py
[2025-10-30T21:07:18.894+0000] {logging_mixin.py:188} INFO - [2025-10-30T21:07:18.894+0000] {dag.py:3096} INFO - Sync 2 DAGs
[2025-10-30T21:07:18.929+0000] {logging_mixin.py:188} INFO - [2025-10-30T21:07:18.929+0000] {dag.py:3954} INFO - Setting next_dagrun for example_xcom_args to None, run_after=None
[2025-10-30T21:07:18.939+0000] {logging_mixin.py:188} INFO - [2025-10-30T21:07:18.938+0000] {dag.py:3954} INFO - Setting next_dagrun for example_xcom_args_with_operators to None, run_after=None
[2025-10-30T21:07:19.007+0000] {processor.py:183} INFO - Processing /home/airflow/.local/lib/python3.12/site-packages/airflow/example_dags/example_xcomargs.py took 0.240 seconds
[2025-10-30T21:07:49.420+0000] {processor.py:161} INFO - Started process (PID=259) to work on /home/airflow/.local/lib/python3.12/site-packages/airflow/example_dags/example_xcomargs.py
[2025-10-30T21:07:49.422+0000] {processor.py:830} INFO - Processing file /home/airflow/.local/lib/python3.12/site-packages/airflow/example_dags/example_xcomargs.py for tasks to queue
[2025-10-30T21:07:49.426+0000] {logging_mixin.py:188} INFO - [2025-10-30T21:07:49.426+0000] {dagbag.py:545} INFO - Filling up the DagBag from /home/airflow/.local/lib/python3.12/site-packages/airflow/example_dags/example_xcomargs.py
[2025-10-30T21:07:49.444+0000] {processor.py:840} INFO - DAG(s) 'example_xcom_args', 'example_xcom_args_with_operators' retrieved from /home/airflow/.local/lib/python3.12/site-packages/airflow/example_dags/example_xcomargs.py
[2025-10-30T21:07:49.493+0000] {logging_mixin.py:188} INFO - [2025-10-30T21:07:49.493+0000] {dag.py:3096} INFO - Sync 2 DAGs
[2025-10-30T21:07:49.522+0000] {logging_mixin.py:188} INFO - [2025-10-30T21:07:49.521+0000] {dag.py:3954} INFO - Setting next_dagrun for example_xcom_args to None, run_after=None
[2025-10-30T21:07:49.530+0000] {logging_mixin.py:188} INFO - [2025-10-30T21:07:49.530+0000] {dag.py:3954} INFO - Setting next_dagrun for example_xcom_args_with_operators to None, run_after=None
[2025-10-30T21:07:49.567+0000] {processor.py:183} INFO - Processing /home/airflow/.local/lib/python3.12/site-packages/airflow/example_dags/example_xcomargs.py took 0.158 seconds
[2025-10-30T21:08:19.968+0000] {processor.py:161} INFO - Started process (PID=318) to work on /home/airflow/.local/lib/python3.12/site-packages/airflow/example_dags/example_xcomargs.py
[2025-10-30T21:08:19.970+0000] {processor.py:830} INFO - Processing file /home/airflow/.local/lib/python3.12/site-packages/airflow/example_dags/example_xcomargs.py for tasks to queue
[2025-10-30T21:08:19.973+0000] {logging_mixin.py:188} INFO - [2025-10-30T21:08:19.973+0000] {dagbag.py:545} INFO - Filling up the DagBag from /home/airflow/.local/lib/python3.12/site-packages/airflow/example_dags/example_xcomargs.py
[2025-10-30T21:08:19.989+0000] {processor.py:840} INFO - DAG(s) 'example_xcom_args', 'example_xcom_args_with_operators' retrieved from /home/airflow/.local/lib/python3.12/site-packages/airflow/example_dags/example_xcomargs.py
[2025-10-30T21:08:20.036+0000] {logging_mixin.py:188} INFO - [2025-10-30T21:08:20.036+0000] {dag.py:3096} INFO - Sync 2 DAGs
[2025-10-30T21:08:20.060+0000] {logging_mixin.py:188} INFO - [2025-10-30T21:08:20.060+0000] {dag.py:3954} INFO - Setting next_dagrun for example_xcom_args to None, run_after=None
[2025-10-30T21:08:20.066+0000] {logging_mixin.py:188} INFO - [2025-10-30T21:08:20.065+0000] {dag.py:3954} INFO - Setting next_dagrun for example_xcom_args_with_operators to None, run_after=None
[2025-10-30T21:08:20.091+0000] {processor.py:183} INFO - Processing /home/airflow/.local/lib/python3.12/site-packages/airflow/example_dags/example_xcomargs.py took 0.132 seconds
[2025-10-30T21:09:06.236+0000] {processor.py:161} INFO - Started process (PID=378) to work on /home/airflow/.local/lib/python3.12/site-packages/airflow/example_dags/example_xcomargs.py
[2025-10-30T21:09:06.251+0000] {processor.py:830} INFO - Processing file /home/airflow/.local/lib/python3.12/site-packages/airflow/example_dags/example_xcomargs.py for tasks to queue
[2025-10-30T21:09:06.266+0000] {logging_mixin.py:188} INFO - [2025-10-30T21:09:06.258+0000] {dagbag.py:545} INFO - Filling up the DagBag from /home/airflow/.local/lib/python3.12/site-packages/airflow/example_dags/example_xcomargs.py
[2025-10-30T21:09:06.354+0000] {processor.py:840} INFO - DAG(s) 'example_xcom_args', 'example_xcom_args_with_operators' retrieved from /home/airflow/.local/lib/python3.12/site-packages/airflow/example_dags/example_xcomargs.py
[2025-10-30T21:09:06.447+0000] {logging_mixin.py:188} INFO - [2025-10-30T21:09:06.447+0000] {dag.py:3096} INFO - Sync 2 DAGs
[2025-10-30T21:09:06.523+0000] {logging_mixin.py:188} INFO - [2025-10-30T21:09:06.518+0000] {dag.py:3954} INFO - Setting next_dagrun for example_xcom_args to None, run_after=None
[2025-10-30T21:09:06.551+0000] {logging_mixin.py:188} INFO - [2025-10-30T21:09:06.550+0000] {dag.py:3954} INFO - Setting next_dagrun for example_xcom_args_with_operators to None, run_after=None
[2025-10-30T21:09:06.636+0000] {processor.py:183} INFO - Processing /home/airflow/.local/lib/python3.12/site-packages/airflow/example_dags/example_xcomargs.py took 0.497 seconds
[2025-10-30T21:09:37.009+0000] {processor.py:161} INFO - Started process (PID=435) to work on /home/airflow/.local/lib/python3.12/site-packages/airflow/example_dags/example_xcomargs.py
[2025-10-30T21:09:37.029+0000] {processor.py:830} INFO - Processing file /home/airflow/.local/lib/python3.12/site-packages/airflow/example_dags/example_xcomargs.py for tasks to queue
[2025-10-30T21:09:37.084+0000] {logging_mixin.py:188} INFO - [2025-10-30T21:09:37.069+0000] {dagbag.py:545} INFO - Filling up the DagBag from /home/airflow/.local/lib/python3.12/site-packages/airflow/example_dags/example_xcomargs.py
[2025-10-30T21:09:37.288+0000] {processor.py:840} INFO - DAG(s) 'example_xcom_args_with_operators', 'example_xcom_args' retrieved from /home/airflow/.local/lib/python3.12/site-packages/airflow/example_dags/example_xcomargs.py
[2025-10-30T21:09:37.594+0000] {logging_mixin.py:188} INFO - [2025-10-30T21:09:37.592+0000] {dag.py:3096} INFO - Sync 2 DAGs
[2025-10-30T21:09:37.642+0000] {logging_mixin.py:188} INFO - [2025-10-30T21:09:37.641+0000] {dag.py:3954} INFO - Setting next_dagrun for example_xcom_args to None, run_after=None
[2025-10-30T21:09:37.654+0000] {logging_mixin.py:188} INFO - [2025-10-30T21:09:37.653+0000] {dag.py:3954} INFO - Setting next_dagrun for example_xcom_args_with_operators to None, run_after=None
[2025-10-30T21:09:37.734+0000] {processor.py:183} INFO - Processing /home/airflow/.local/lib/python3.12/site-packages/airflow/example_dags/example_xcomargs.py took 0.778 seconds
