[2025-10-30T20:29:36.325+0000] {processor.py:161} INFO - Started process (PID=76) to work on /home/airflow/.local/lib/python3.12/site-packages/airflow/example_dags/tutorial.py
[2025-10-30T20:29:36.327+0000] {processor.py:830} INFO - Processing file /home/airflow/.local/lib/python3.12/site-packages/airflow/example_dags/tutorial.py for tasks to queue
[2025-10-30T20:29:36.332+0000] {logging_mixin.py:188} INFO - [2025-10-30T20:29:36.331+0000] {dagbag.py:545} INFO - Filling up the DagBag from /home/airflow/.local/lib/python3.12/site-packages/airflow/example_dags/tutorial.py
[2025-10-30T20:29:36.373+0000] {processor.py:840} INFO - DAG(s) 'tutorial' retrieved from /home/airflow/.local/lib/python3.12/site-packages/airflow/example_dags/tutorial.py
[2025-10-30T20:29:36.799+0000] {logging_mixin.py:188} INFO - [2025-10-30T20:29:36.798+0000] {dag.py:3096} INFO - Sync 1 DAGs
[2025-10-30T20:29:36.863+0000] {logging_mixin.py:188} INFO - [2025-10-30T20:29:36.862+0000] {dag.py:3954} INFO - Setting next_dagrun for tutorial to 2025-10-29 00:00:00+00:00, run_after=2025-10-30 00:00:00+00:00
[2025-10-30T20:29:36.915+0000] {processor.py:183} INFO - Processing /home/airflow/.local/lib/python3.12/site-packages/airflow/example_dags/tutorial.py took 0.602 seconds
[2025-10-30T20:30:07.846+0000] {processor.py:161} INFO - Started process (PID=134) to work on /home/airflow/.local/lib/python3.12/site-packages/airflow/example_dags/tutorial.py
[2025-10-30T20:30:07.848+0000] {processor.py:830} INFO - Processing file /home/airflow/.local/lib/python3.12/site-packages/airflow/example_dags/tutorial.py for tasks to queue
[2025-10-30T20:30:07.851+0000] {logging_mixin.py:188} INFO - [2025-10-30T20:30:07.850+0000] {dagbag.py:545} INFO - Filling up the DagBag from /home/airflow/.local/lib/python3.12/site-packages/airflow/example_dags/tutorial.py
[2025-10-30T20:30:07.861+0000] {processor.py:840} INFO - DAG(s) 'tutorial' retrieved from /home/airflow/.local/lib/python3.12/site-packages/airflow/example_dags/tutorial.py
[2025-10-30T20:30:07.891+0000] {logging_mixin.py:188} INFO - [2025-10-30T20:30:07.890+0000] {dag.py:3096} INFO - Sync 1 DAGs
[2025-10-30T20:30:07.922+0000] {logging_mixin.py:188} INFO - [2025-10-30T20:30:07.922+0000] {dag.py:3954} INFO - Setting next_dagrun for tutorial to 2025-10-29 00:00:00+00:00, run_after=2025-10-30 00:00:00+00:00
[2025-10-30T20:30:07.945+0000] {processor.py:183} INFO - Processing /home/airflow/.local/lib/python3.12/site-packages/airflow/example_dags/tutorial.py took 0.108 seconds
[2025-10-30T20:30:38.435+0000] {processor.py:161} INFO - Started process (PID=193) to work on /home/airflow/.local/lib/python3.12/site-packages/airflow/example_dags/tutorial.py
[2025-10-30T20:30:38.437+0000] {processor.py:830} INFO - Processing file /home/airflow/.local/lib/python3.12/site-packages/airflow/example_dags/tutorial.py for tasks to queue
[2025-10-30T20:30:38.440+0000] {logging_mixin.py:188} INFO - [2025-10-30T20:30:38.439+0000] {dagbag.py:545} INFO - Filling up the DagBag from /home/airflow/.local/lib/python3.12/site-packages/airflow/example_dags/tutorial.py
[2025-10-30T20:30:38.447+0000] {processor.py:840} INFO - DAG(s) 'tutorial' retrieved from /home/airflow/.local/lib/python3.12/site-packages/airflow/example_dags/tutorial.py
[2025-10-30T20:30:38.495+0000] {logging_mixin.py:188} INFO - [2025-10-30T20:30:38.494+0000] {dag.py:3096} INFO - Sync 1 DAGs
[2025-10-30T20:30:38.566+0000] {logging_mixin.py:188} INFO - [2025-10-30T20:30:38.566+0000] {dag.py:3954} INFO - Setting next_dagrun for tutorial to 2025-10-29 00:00:00+00:00, run_after=2025-10-30 00:00:00+00:00
[2025-10-30T20:30:38.616+0000] {processor.py:183} INFO - Processing /home/airflow/.local/lib/python3.12/site-packages/airflow/example_dags/tutorial.py took 0.188 seconds
[2025-10-30T20:31:09.254+0000] {processor.py:161} INFO - Started process (PID=251) to work on /home/airflow/.local/lib/python3.12/site-packages/airflow/example_dags/tutorial.py
[2025-10-30T20:31:09.258+0000] {processor.py:830} INFO - Processing file /home/airflow/.local/lib/python3.12/site-packages/airflow/example_dags/tutorial.py for tasks to queue
[2025-10-30T20:31:09.282+0000] {logging_mixin.py:188} INFO - [2025-10-30T20:31:09.279+0000] {dagbag.py:545} INFO - Filling up the DagBag from /home/airflow/.local/lib/python3.12/site-packages/airflow/example_dags/tutorial.py
[2025-10-30T20:31:09.480+0000] {processor.py:840} INFO - DAG(s) 'tutorial' retrieved from /home/airflow/.local/lib/python3.12/site-packages/airflow/example_dags/tutorial.py
[2025-10-30T20:31:09.666+0000] {logging_mixin.py:188} INFO - [2025-10-30T20:31:09.665+0000] {dag.py:3096} INFO - Sync 1 DAGs
[2025-10-30T20:31:09.784+0000] {logging_mixin.py:188} INFO - [2025-10-30T20:31:09.783+0000] {dag.py:3954} INFO - Setting next_dagrun for tutorial to 2025-10-29 00:00:00+00:00, run_after=2025-10-30 00:00:00+00:00
[2025-10-30T20:31:09.846+0000] {processor.py:183} INFO - Processing /home/airflow/.local/lib/python3.12/site-packages/airflow/example_dags/tutorial.py took 0.993 seconds
[2025-10-30T20:31:39.931+0000] {processor.py:161} INFO - Started process (PID=309) to work on /home/airflow/.local/lib/python3.12/site-packages/airflow/example_dags/tutorial.py
[2025-10-30T20:31:39.932+0000] {processor.py:830} INFO - Processing file /home/airflow/.local/lib/python3.12/site-packages/airflow/example_dags/tutorial.py for tasks to queue
[2025-10-30T20:31:39.935+0000] {logging_mixin.py:188} INFO - [2025-10-30T20:31:39.934+0000] {dagbag.py:545} INFO - Filling up the DagBag from /home/airflow/.local/lib/python3.12/site-packages/airflow/example_dags/tutorial.py
[2025-10-30T20:31:39.943+0000] {processor.py:840} INFO - DAG(s) 'tutorial' retrieved from /home/airflow/.local/lib/python3.12/site-packages/airflow/example_dags/tutorial.py
[2025-10-30T20:31:39.971+0000] {logging_mixin.py:188} INFO - [2025-10-30T20:31:39.971+0000] {dag.py:3096} INFO - Sync 1 DAGs
[2025-10-30T20:31:40.001+0000] {logging_mixin.py:188} INFO - [2025-10-30T20:31:40.001+0000] {dag.py:3954} INFO - Setting next_dagrun for tutorial to 2025-10-29 00:00:00+00:00, run_after=2025-10-30 00:00:00+00:00
[2025-10-30T20:31:40.027+0000] {processor.py:183} INFO - Processing /home/airflow/.local/lib/python3.12/site-packages/airflow/example_dags/tutorial.py took 0.104 seconds
[2025-10-30T20:32:10.511+0000] {processor.py:161} INFO - Started process (PID=367) to work on /home/airflow/.local/lib/python3.12/site-packages/airflow/example_dags/tutorial.py
[2025-10-30T20:32:10.513+0000] {processor.py:830} INFO - Processing file /home/airflow/.local/lib/python3.12/site-packages/airflow/example_dags/tutorial.py for tasks to queue
[2025-10-30T20:32:10.518+0000] {logging_mixin.py:188} INFO - [2025-10-30T20:32:10.517+0000] {dagbag.py:545} INFO - Filling up the DagBag from /home/airflow/.local/lib/python3.12/site-packages/airflow/example_dags/tutorial.py
[2025-10-30T20:32:10.539+0000] {processor.py:840} INFO - DAG(s) 'tutorial' retrieved from /home/airflow/.local/lib/python3.12/site-packages/airflow/example_dags/tutorial.py
[2025-10-30T20:32:10.603+0000] {logging_mixin.py:188} INFO - [2025-10-30T20:32:10.602+0000] {dag.py:3096} INFO - Sync 1 DAGs
[2025-10-30T20:32:10.650+0000] {logging_mixin.py:188} INFO - [2025-10-30T20:32:10.649+0000] {dag.py:3954} INFO - Setting next_dagrun for tutorial to 2025-10-29 00:00:00+00:00, run_after=2025-10-30 00:00:00+00:00
[2025-10-30T20:32:10.683+0000] {processor.py:183} INFO - Processing /home/airflow/.local/lib/python3.12/site-packages/airflow/example_dags/tutorial.py took 0.186 seconds
[2025-10-30T20:32:41.328+0000] {processor.py:161} INFO - Started process (PID=425) to work on /home/airflow/.local/lib/python3.12/site-packages/airflow/example_dags/tutorial.py
[2025-10-30T20:32:41.329+0000] {processor.py:830} INFO - Processing file /home/airflow/.local/lib/python3.12/site-packages/airflow/example_dags/tutorial.py for tasks to queue
[2025-10-30T20:32:41.334+0000] {logging_mixin.py:188} INFO - [2025-10-30T20:32:41.333+0000] {dagbag.py:545} INFO - Filling up the DagBag from /home/airflow/.local/lib/python3.12/site-packages/airflow/example_dags/tutorial.py
[2025-10-30T20:32:41.343+0000] {processor.py:840} INFO - DAG(s) 'tutorial' retrieved from /home/airflow/.local/lib/python3.12/site-packages/airflow/example_dags/tutorial.py
[2025-10-30T20:32:41.379+0000] {logging_mixin.py:188} INFO - [2025-10-30T20:32:41.379+0000] {dag.py:3096} INFO - Sync 1 DAGs
[2025-10-30T20:32:41.412+0000] {logging_mixin.py:188} INFO - [2025-10-30T20:32:41.412+0000] {dag.py:3954} INFO - Setting next_dagrun for tutorial to 2025-10-29 00:00:00+00:00, run_after=2025-10-30 00:00:00+00:00
[2025-10-30T20:32:41.443+0000] {processor.py:183} INFO - Processing /home/airflow/.local/lib/python3.12/site-packages/airflow/example_dags/tutorial.py took 0.124 seconds
[2025-10-30T20:33:11.531+0000] {processor.py:161} INFO - Started process (PID=483) to work on /home/airflow/.local/lib/python3.12/site-packages/airflow/example_dags/tutorial.py
[2025-10-30T20:33:11.532+0000] {processor.py:830} INFO - Processing file /home/airflow/.local/lib/python3.12/site-packages/airflow/example_dags/tutorial.py for tasks to queue
[2025-10-30T20:33:11.538+0000] {logging_mixin.py:188} INFO - [2025-10-30T20:33:11.538+0000] {dagbag.py:545} INFO - Filling up the DagBag from /home/airflow/.local/lib/python3.12/site-packages/airflow/example_dags/tutorial.py
[2025-10-30T20:33:11.546+0000] {processor.py:840} INFO - DAG(s) 'tutorial' retrieved from /home/airflow/.local/lib/python3.12/site-packages/airflow/example_dags/tutorial.py
[2025-10-30T20:33:11.576+0000] {logging_mixin.py:188} INFO - [2025-10-30T20:33:11.576+0000] {dag.py:3096} INFO - Sync 1 DAGs
[2025-10-30T20:33:11.606+0000] {logging_mixin.py:188} INFO - [2025-10-30T20:33:11.606+0000] {dag.py:3954} INFO - Setting next_dagrun for tutorial to 2025-10-29 00:00:00+00:00, run_after=2025-10-30 00:00:00+00:00
[2025-10-30T20:33:11.635+0000] {processor.py:183} INFO - Processing /home/airflow/.local/lib/python3.12/site-packages/airflow/example_dags/tutorial.py took 0.114 seconds
[2025-10-30T20:33:42.543+0000] {processor.py:161} INFO - Started process (PID=541) to work on /home/airflow/.local/lib/python3.12/site-packages/airflow/example_dags/tutorial.py
[2025-10-30T20:33:42.546+0000] {processor.py:830} INFO - Processing file /home/airflow/.local/lib/python3.12/site-packages/airflow/example_dags/tutorial.py for tasks to queue
[2025-10-30T20:33:42.549+0000] {logging_mixin.py:188} INFO - [2025-10-30T20:33:42.548+0000] {dagbag.py:545} INFO - Filling up the DagBag from /home/airflow/.local/lib/python3.12/site-packages/airflow/example_dags/tutorial.py
[2025-10-30T20:33:42.557+0000] {processor.py:840} INFO - DAG(s) 'tutorial' retrieved from /home/airflow/.local/lib/python3.12/site-packages/airflow/example_dags/tutorial.py
[2025-10-30T20:33:42.586+0000] {logging_mixin.py:188} INFO - [2025-10-30T20:33:42.586+0000] {dag.py:3096} INFO - Sync 1 DAGs
[2025-10-30T20:33:42.615+0000] {logging_mixin.py:188} INFO - [2025-10-30T20:33:42.615+0000] {dag.py:3954} INFO - Setting next_dagrun for tutorial to 2025-10-29 00:00:00+00:00, run_after=2025-10-30 00:00:00+00:00
[2025-10-30T20:33:42.639+0000] {processor.py:183} INFO - Processing /home/airflow/.local/lib/python3.12/site-packages/airflow/example_dags/tutorial.py took 0.107 seconds
[2025-10-30T20:34:12.855+0000] {processor.py:161} INFO - Started process (PID=599) to work on /home/airflow/.local/lib/python3.12/site-packages/airflow/example_dags/tutorial.py
[2025-10-30T20:34:12.856+0000] {processor.py:830} INFO - Processing file /home/airflow/.local/lib/python3.12/site-packages/airflow/example_dags/tutorial.py for tasks to queue
[2025-10-30T20:34:12.859+0000] {logging_mixin.py:188} INFO - [2025-10-30T20:34:12.859+0000] {dagbag.py:545} INFO - Filling up the DagBag from /home/airflow/.local/lib/python3.12/site-packages/airflow/example_dags/tutorial.py
[2025-10-30T20:34:12.871+0000] {processor.py:840} INFO - DAG(s) 'tutorial' retrieved from /home/airflow/.local/lib/python3.12/site-packages/airflow/example_dags/tutorial.py
[2025-10-30T20:34:12.901+0000] {logging_mixin.py:188} INFO - [2025-10-30T20:34:12.900+0000] {dag.py:3096} INFO - Sync 1 DAGs
[2025-10-30T20:34:12.933+0000] {logging_mixin.py:188} INFO - [2025-10-30T20:34:12.933+0000] {dag.py:3954} INFO - Setting next_dagrun for tutorial to 2025-10-29 00:00:00+00:00, run_after=2025-10-30 00:00:00+00:00
[2025-10-30T20:34:12.963+0000] {processor.py:183} INFO - Processing /home/airflow/.local/lib/python3.12/site-packages/airflow/example_dags/tutorial.py took 0.117 seconds
[2025-10-30T20:34:43.524+0000] {processor.py:161} INFO - Started process (PID=657) to work on /home/airflow/.local/lib/python3.12/site-packages/airflow/example_dags/tutorial.py
[2025-10-30T20:34:43.525+0000] {processor.py:830} INFO - Processing file /home/airflow/.local/lib/python3.12/site-packages/airflow/example_dags/tutorial.py for tasks to queue
[2025-10-30T20:34:43.528+0000] {logging_mixin.py:188} INFO - [2025-10-30T20:34:43.528+0000] {dagbag.py:545} INFO - Filling up the DagBag from /home/airflow/.local/lib/python3.12/site-packages/airflow/example_dags/tutorial.py
[2025-10-30T20:34:43.537+0000] {processor.py:840} INFO - DAG(s) 'tutorial' retrieved from /home/airflow/.local/lib/python3.12/site-packages/airflow/example_dags/tutorial.py
[2025-10-30T20:34:43.563+0000] {logging_mixin.py:188} INFO - [2025-10-30T20:34:43.563+0000] {dag.py:3096} INFO - Sync 1 DAGs
[2025-10-30T20:34:43.590+0000] {logging_mixin.py:188} INFO - [2025-10-30T20:34:43.590+0000] {dag.py:3954} INFO - Setting next_dagrun for tutorial to 2025-10-29 00:00:00+00:00, run_after=2025-10-30 00:00:00+00:00
[2025-10-30T20:34:43.615+0000] {processor.py:183} INFO - Processing /home/airflow/.local/lib/python3.12/site-packages/airflow/example_dags/tutorial.py took 0.099 seconds
[2025-10-30T20:35:14.062+0000] {processor.py:161} INFO - Started process (PID=715) to work on /home/airflow/.local/lib/python3.12/site-packages/airflow/example_dags/tutorial.py
[2025-10-30T20:35:14.063+0000] {processor.py:830} INFO - Processing file /home/airflow/.local/lib/python3.12/site-packages/airflow/example_dags/tutorial.py for tasks to queue
[2025-10-30T20:35:14.065+0000] {logging_mixin.py:188} INFO - [2025-10-30T20:35:14.065+0000] {dagbag.py:545} INFO - Filling up the DagBag from /home/airflow/.local/lib/python3.12/site-packages/airflow/example_dags/tutorial.py
[2025-10-30T20:35:14.073+0000] {processor.py:840} INFO - DAG(s) 'tutorial' retrieved from /home/airflow/.local/lib/python3.12/site-packages/airflow/example_dags/tutorial.py
[2025-10-30T20:35:14.101+0000] {logging_mixin.py:188} INFO - [2025-10-30T20:35:14.101+0000] {dag.py:3096} INFO - Sync 1 DAGs
[2025-10-30T20:35:14.129+0000] {logging_mixin.py:188} INFO - [2025-10-30T20:35:14.128+0000] {dag.py:3954} INFO - Setting next_dagrun for tutorial to 2025-10-29 00:00:00+00:00, run_after=2025-10-30 00:00:00+00:00
[2025-10-30T20:35:14.160+0000] {processor.py:183} INFO - Processing /home/airflow/.local/lib/python3.12/site-packages/airflow/example_dags/tutorial.py took 0.106 seconds
[2025-10-30T20:35:44.588+0000] {processor.py:161} INFO - Started process (PID=773) to work on /home/airflow/.local/lib/python3.12/site-packages/airflow/example_dags/tutorial.py
[2025-10-30T20:35:44.590+0000] {processor.py:830} INFO - Processing file /home/airflow/.local/lib/python3.12/site-packages/airflow/example_dags/tutorial.py for tasks to queue
[2025-10-30T20:35:44.592+0000] {logging_mixin.py:188} INFO - [2025-10-30T20:35:44.591+0000] {dagbag.py:545} INFO - Filling up the DagBag from /home/airflow/.local/lib/python3.12/site-packages/airflow/example_dags/tutorial.py
[2025-10-30T20:35:44.598+0000] {processor.py:840} INFO - DAG(s) 'tutorial' retrieved from /home/airflow/.local/lib/python3.12/site-packages/airflow/example_dags/tutorial.py
[2025-10-30T20:35:44.624+0000] {logging_mixin.py:188} INFO - [2025-10-30T20:35:44.623+0000] {dag.py:3096} INFO - Sync 1 DAGs
[2025-10-30T20:35:44.651+0000] {logging_mixin.py:188} INFO - [2025-10-30T20:35:44.651+0000] {dag.py:3954} INFO - Setting next_dagrun for tutorial to 2025-10-29 00:00:00+00:00, run_after=2025-10-30 00:00:00+00:00
[2025-10-30T20:35:44.674+0000] {processor.py:183} INFO - Processing /home/airflow/.local/lib/python3.12/site-packages/airflow/example_dags/tutorial.py took 0.094 seconds
[2025-10-30T20:36:15.018+0000] {processor.py:161} INFO - Started process (PID=831) to work on /home/airflow/.local/lib/python3.12/site-packages/airflow/example_dags/tutorial.py
[2025-10-30T20:36:15.025+0000] {processor.py:830} INFO - Processing file /home/airflow/.local/lib/python3.12/site-packages/airflow/example_dags/tutorial.py for tasks to queue
[2025-10-30T20:36:15.030+0000] {logging_mixin.py:188} INFO - [2025-10-30T20:36:15.029+0000] {dagbag.py:545} INFO - Filling up the DagBag from /home/airflow/.local/lib/python3.12/site-packages/airflow/example_dags/tutorial.py
[2025-10-30T20:36:15.043+0000] {processor.py:840} INFO - DAG(s) 'tutorial' retrieved from /home/airflow/.local/lib/python3.12/site-packages/airflow/example_dags/tutorial.py
[2025-10-30T20:36:15.074+0000] {logging_mixin.py:188} INFO - [2025-10-30T20:36:15.074+0000] {dag.py:3096} INFO - Sync 1 DAGs
[2025-10-30T20:36:15.111+0000] {logging_mixin.py:188} INFO - [2025-10-30T20:36:15.111+0000] {dag.py:3954} INFO - Setting next_dagrun for tutorial to 2025-10-29 00:00:00+00:00, run_after=2025-10-30 00:00:00+00:00
[2025-10-30T20:36:15.143+0000] {processor.py:183} INFO - Processing /home/airflow/.local/lib/python3.12/site-packages/airflow/example_dags/tutorial.py took 0.138 seconds
[2025-10-30T20:36:45.614+0000] {processor.py:161} INFO - Started process (PID=889) to work on /home/airflow/.local/lib/python3.12/site-packages/airflow/example_dags/tutorial.py
[2025-10-30T20:36:45.616+0000] {processor.py:830} INFO - Processing file /home/airflow/.local/lib/python3.12/site-packages/airflow/example_dags/tutorial.py for tasks to queue
[2025-10-30T20:36:45.619+0000] {logging_mixin.py:188} INFO - [2025-10-30T20:36:45.618+0000] {dagbag.py:545} INFO - Filling up the DagBag from /home/airflow/.local/lib/python3.12/site-packages/airflow/example_dags/tutorial.py
[2025-10-30T20:36:45.626+0000] {processor.py:840} INFO - DAG(s) 'tutorial' retrieved from /home/airflow/.local/lib/python3.12/site-packages/airflow/example_dags/tutorial.py
[2025-10-30T20:36:45.655+0000] {logging_mixin.py:188} INFO - [2025-10-30T20:36:45.655+0000] {dag.py:3096} INFO - Sync 1 DAGs
[2025-10-30T20:36:45.685+0000] {logging_mixin.py:188} INFO - [2025-10-30T20:36:45.685+0000] {dag.py:3954} INFO - Setting next_dagrun for tutorial to 2025-10-29 00:00:00+00:00, run_after=2025-10-30 00:00:00+00:00
[2025-10-30T20:36:45.711+0000] {processor.py:183} INFO - Processing /home/airflow/.local/lib/python3.12/site-packages/airflow/example_dags/tutorial.py took 0.105 seconds
[2025-10-30T20:37:15.878+0000] {processor.py:161} INFO - Started process (PID=947) to work on /home/airflow/.local/lib/python3.12/site-packages/airflow/example_dags/tutorial.py
[2025-10-30T20:37:15.879+0000] {processor.py:830} INFO - Processing file /home/airflow/.local/lib/python3.12/site-packages/airflow/example_dags/tutorial.py for tasks to queue
[2025-10-30T20:37:15.884+0000] {logging_mixin.py:188} INFO - [2025-10-30T20:37:15.883+0000] {dagbag.py:545} INFO - Filling up the DagBag from /home/airflow/.local/lib/python3.12/site-packages/airflow/example_dags/tutorial.py
[2025-10-30T20:37:15.894+0000] {processor.py:840} INFO - DAG(s) 'tutorial' retrieved from /home/airflow/.local/lib/python3.12/site-packages/airflow/example_dags/tutorial.py
[2025-10-30T20:37:15.929+0000] {logging_mixin.py:188} INFO - [2025-10-30T20:37:15.929+0000] {dag.py:3096} INFO - Sync 1 DAGs
[2025-10-30T20:37:15.969+0000] {logging_mixin.py:188} INFO - [2025-10-30T20:37:15.969+0000] {dag.py:3954} INFO - Setting next_dagrun for tutorial to 2025-10-29 00:00:00+00:00, run_after=2025-10-30 00:00:00+00:00
[2025-10-30T20:37:16.005+0000] {processor.py:183} INFO - Processing /home/airflow/.local/lib/python3.12/site-packages/airflow/example_dags/tutorial.py took 0.138 seconds
[2025-10-30T20:37:46.342+0000] {processor.py:161} INFO - Started process (PID=1005) to work on /home/airflow/.local/lib/python3.12/site-packages/airflow/example_dags/tutorial.py
[2025-10-30T20:37:46.343+0000] {processor.py:830} INFO - Processing file /home/airflow/.local/lib/python3.12/site-packages/airflow/example_dags/tutorial.py for tasks to queue
[2025-10-30T20:37:46.346+0000] {logging_mixin.py:188} INFO - [2025-10-30T20:37:46.346+0000] {dagbag.py:545} INFO - Filling up the DagBag from /home/airflow/.local/lib/python3.12/site-packages/airflow/example_dags/tutorial.py
[2025-10-30T20:37:46.356+0000] {processor.py:840} INFO - DAG(s) 'tutorial' retrieved from /home/airflow/.local/lib/python3.12/site-packages/airflow/example_dags/tutorial.py
[2025-10-30T20:37:46.388+0000] {logging_mixin.py:188} INFO - [2025-10-30T20:37:46.387+0000] {dag.py:3096} INFO - Sync 1 DAGs
[2025-10-30T20:37:46.415+0000] {logging_mixin.py:188} INFO - [2025-10-30T20:37:46.415+0000] {dag.py:3954} INFO - Setting next_dagrun for tutorial to 2025-10-29 00:00:00+00:00, run_after=2025-10-30 00:00:00+00:00
[2025-10-30T20:37:46.441+0000] {processor.py:183} INFO - Processing /home/airflow/.local/lib/python3.12/site-packages/airflow/example_dags/tutorial.py took 0.110 seconds
[2025-10-30T20:38:16.895+0000] {processor.py:161} INFO - Started process (PID=1063) to work on /home/airflow/.local/lib/python3.12/site-packages/airflow/example_dags/tutorial.py
[2025-10-30T20:38:16.896+0000] {processor.py:830} INFO - Processing file /home/airflow/.local/lib/python3.12/site-packages/airflow/example_dags/tutorial.py for tasks to queue
[2025-10-30T20:38:16.899+0000] {logging_mixin.py:188} INFO - [2025-10-30T20:38:16.898+0000] {dagbag.py:545} INFO - Filling up the DagBag from /home/airflow/.local/lib/python3.12/site-packages/airflow/example_dags/tutorial.py
[2025-10-30T20:38:16.907+0000] {processor.py:840} INFO - DAG(s) 'tutorial' retrieved from /home/airflow/.local/lib/python3.12/site-packages/airflow/example_dags/tutorial.py
[2025-10-30T20:38:16.934+0000] {logging_mixin.py:188} INFO - [2025-10-30T20:38:16.934+0000] {dag.py:3096} INFO - Sync 1 DAGs
[2025-10-30T20:38:16.963+0000] {logging_mixin.py:188} INFO - [2025-10-30T20:38:16.963+0000] {dag.py:3954} INFO - Setting next_dagrun for tutorial to 2025-10-29 00:00:00+00:00, run_after=2025-10-30 00:00:00+00:00
[2025-10-30T20:38:16.991+0000] {processor.py:183} INFO - Processing /home/airflow/.local/lib/python3.12/site-packages/airflow/example_dags/tutorial.py took 0.104 seconds
[2025-10-30T20:38:47.179+0000] {processor.py:161} INFO - Started process (PID=1121) to work on /home/airflow/.local/lib/python3.12/site-packages/airflow/example_dags/tutorial.py
[2025-10-30T20:38:47.181+0000] {processor.py:830} INFO - Processing file /home/airflow/.local/lib/python3.12/site-packages/airflow/example_dags/tutorial.py for tasks to queue
[2025-10-30T20:38:47.183+0000] {logging_mixin.py:188} INFO - [2025-10-30T20:38:47.182+0000] {dagbag.py:545} INFO - Filling up the DagBag from /home/airflow/.local/lib/python3.12/site-packages/airflow/example_dags/tutorial.py
[2025-10-30T20:38:47.191+0000] {processor.py:840} INFO - DAG(s) 'tutorial' retrieved from /home/airflow/.local/lib/python3.12/site-packages/airflow/example_dags/tutorial.py
[2025-10-30T20:38:47.219+0000] {logging_mixin.py:188} INFO - [2025-10-30T20:38:47.218+0000] {dag.py:3096} INFO - Sync 1 DAGs
[2025-10-30T20:38:47.248+0000] {logging_mixin.py:188} INFO - [2025-10-30T20:38:47.247+0000] {dag.py:3954} INFO - Setting next_dagrun for tutorial to 2025-10-29 00:00:00+00:00, run_after=2025-10-30 00:00:00+00:00
[2025-10-30T20:38:47.272+0000] {processor.py:183} INFO - Processing /home/airflow/.local/lib/python3.12/site-packages/airflow/example_dags/tutorial.py took 0.101 seconds
[2025-10-30T20:39:18.277+0000] {processor.py:161} INFO - Started process (PID=1180) to work on /home/airflow/.local/lib/python3.12/site-packages/airflow/example_dags/tutorial.py
[2025-10-30T20:39:18.279+0000] {processor.py:830} INFO - Processing file /home/airflow/.local/lib/python3.12/site-packages/airflow/example_dags/tutorial.py for tasks to queue
[2025-10-30T20:39:18.281+0000] {logging_mixin.py:188} INFO - [2025-10-30T20:39:18.281+0000] {dagbag.py:545} INFO - Filling up the DagBag from /home/airflow/.local/lib/python3.12/site-packages/airflow/example_dags/tutorial.py
[2025-10-30T20:39:18.290+0000] {processor.py:840} INFO - DAG(s) 'tutorial' retrieved from /home/airflow/.local/lib/python3.12/site-packages/airflow/example_dags/tutorial.py
[2025-10-30T20:39:18.323+0000] {logging_mixin.py:188} INFO - [2025-10-30T20:39:18.323+0000] {dag.py:3096} INFO - Sync 1 DAGs
[2025-10-30T20:39:18.362+0000] {logging_mixin.py:188} INFO - [2025-10-30T20:39:18.362+0000] {dag.py:3954} INFO - Setting next_dagrun for tutorial to 2025-10-29 00:00:00+00:00, run_after=2025-10-30 00:00:00+00:00
[2025-10-30T20:39:18.394+0000] {processor.py:183} INFO - Processing /home/airflow/.local/lib/python3.12/site-packages/airflow/example_dags/tutorial.py took 0.125 seconds
[2025-10-30T20:39:48.930+0000] {processor.py:161} INFO - Started process (PID=1238) to work on /home/airflow/.local/lib/python3.12/site-packages/airflow/example_dags/tutorial.py
[2025-10-30T20:39:48.939+0000] {processor.py:830} INFO - Processing file /home/airflow/.local/lib/python3.12/site-packages/airflow/example_dags/tutorial.py for tasks to queue
[2025-10-30T20:39:48.994+0000] {logging_mixin.py:188} INFO - [2025-10-30T20:39:48.993+0000] {dagbag.py:545} INFO - Filling up the DagBag from /home/airflow/.local/lib/python3.12/site-packages/airflow/example_dags/tutorial.py
[2025-10-30T20:39:49.010+0000] {processor.py:840} INFO - DAG(s) 'tutorial' retrieved from /home/airflow/.local/lib/python3.12/site-packages/airflow/example_dags/tutorial.py
[2025-10-30T20:39:49.080+0000] {logging_mixin.py:188} INFO - [2025-10-30T20:39:49.079+0000] {dag.py:3096} INFO - Sync 1 DAGs
[2025-10-30T20:39:49.137+0000] {logging_mixin.py:188} INFO - [2025-10-30T20:39:49.136+0000] {dag.py:3954} INFO - Setting next_dagrun for tutorial to 2025-10-29 00:00:00+00:00, run_after=2025-10-30 00:00:00+00:00
[2025-10-30T20:39:49.181+0000] {processor.py:183} INFO - Processing /home/airflow/.local/lib/python3.12/site-packages/airflow/example_dags/tutorial.py took 0.265 seconds
[2025-10-30T20:40:19.488+0000] {processor.py:161} INFO - Started process (PID=1295) to work on /home/airflow/.local/lib/python3.12/site-packages/airflow/example_dags/tutorial.py
[2025-10-30T20:40:19.490+0000] {processor.py:830} INFO - Processing file /home/airflow/.local/lib/python3.12/site-packages/airflow/example_dags/tutorial.py for tasks to queue
[2025-10-30T20:40:19.493+0000] {logging_mixin.py:188} INFO - [2025-10-30T20:40:19.492+0000] {dagbag.py:545} INFO - Filling up the DagBag from /home/airflow/.local/lib/python3.12/site-packages/airflow/example_dags/tutorial.py
[2025-10-30T20:40:19.501+0000] {processor.py:840} INFO - DAG(s) 'tutorial' retrieved from /home/airflow/.local/lib/python3.12/site-packages/airflow/example_dags/tutorial.py
[2025-10-30T20:40:19.530+0000] {logging_mixin.py:188} INFO - [2025-10-30T20:40:19.530+0000] {dag.py:3096} INFO - Sync 1 DAGs
[2025-10-30T20:40:19.562+0000] {logging_mixin.py:188} INFO - [2025-10-30T20:40:19.562+0000] {dag.py:3954} INFO - Setting next_dagrun for tutorial to 2025-10-29 00:00:00+00:00, run_after=2025-10-30 00:00:00+00:00
[2025-10-30T20:40:19.803+0000] {processor.py:183} INFO - Processing /home/airflow/.local/lib/python3.12/site-packages/airflow/example_dags/tutorial.py took 0.325 seconds
[2025-10-30T20:40:49.856+0000] {processor.py:161} INFO - Started process (PID=1352) to work on /home/airflow/.local/lib/python3.12/site-packages/airflow/example_dags/tutorial.py
[2025-10-30T20:40:49.858+0000] {processor.py:830} INFO - Processing file /home/airflow/.local/lib/python3.12/site-packages/airflow/example_dags/tutorial.py for tasks to queue
[2025-10-30T20:40:49.862+0000] {logging_mixin.py:188} INFO - [2025-10-30T20:40:49.861+0000] {dagbag.py:545} INFO - Filling up the DagBag from /home/airflow/.local/lib/python3.12/site-packages/airflow/example_dags/tutorial.py
[2025-10-30T20:40:49.875+0000] {processor.py:840} INFO - DAG(s) 'tutorial' retrieved from /home/airflow/.local/lib/python3.12/site-packages/airflow/example_dags/tutorial.py
[2025-10-30T20:40:49.925+0000] {logging_mixin.py:188} INFO - [2025-10-30T20:40:49.924+0000] {dag.py:3096} INFO - Sync 1 DAGs
[2025-10-30T20:40:50.036+0000] {logging_mixin.py:188} INFO - [2025-10-30T20:40:50.035+0000] {dag.py:3954} INFO - Setting next_dagrun for tutorial to 2025-10-29 00:00:00+00:00, run_after=2025-10-30 00:00:00+00:00
[2025-10-30T20:40:50.086+0000] {processor.py:183} INFO - Processing /home/airflow/.local/lib/python3.12/site-packages/airflow/example_dags/tutorial.py took 0.242 seconds
[2025-10-30T20:41:20.198+0000] {processor.py:161} INFO - Started process (PID=1410) to work on /home/airflow/.local/lib/python3.12/site-packages/airflow/example_dags/tutorial.py
[2025-10-30T20:41:20.200+0000] {processor.py:830} INFO - Processing file /home/airflow/.local/lib/python3.12/site-packages/airflow/example_dags/tutorial.py for tasks to queue
[2025-10-30T20:41:20.203+0000] {logging_mixin.py:188} INFO - [2025-10-30T20:41:20.202+0000] {dagbag.py:545} INFO - Filling up the DagBag from /home/airflow/.local/lib/python3.12/site-packages/airflow/example_dags/tutorial.py
[2025-10-30T20:41:20.210+0000] {processor.py:840} INFO - DAG(s) 'tutorial' retrieved from /home/airflow/.local/lib/python3.12/site-packages/airflow/example_dags/tutorial.py
[2025-10-30T20:41:20.240+0000] {logging_mixin.py:188} INFO - [2025-10-30T20:41:20.240+0000] {dag.py:3096} INFO - Sync 1 DAGs
[2025-10-30T20:41:20.267+0000] {logging_mixin.py:188} INFO - [2025-10-30T20:41:20.267+0000] {dag.py:3954} INFO - Setting next_dagrun for tutorial to 2025-10-29 00:00:00+00:00, run_after=2025-10-30 00:00:00+00:00
[2025-10-30T20:41:20.290+0000] {processor.py:183} INFO - Processing /home/airflow/.local/lib/python3.12/site-packages/airflow/example_dags/tutorial.py took 0.099 seconds
[2025-10-30T20:41:50.380+0000] {processor.py:161} INFO - Started process (PID=1467) to work on /home/airflow/.local/lib/python3.12/site-packages/airflow/example_dags/tutorial.py
[2025-10-30T20:41:50.382+0000] {processor.py:830} INFO - Processing file /home/airflow/.local/lib/python3.12/site-packages/airflow/example_dags/tutorial.py for tasks to queue
[2025-10-30T20:41:50.385+0000] {logging_mixin.py:188} INFO - [2025-10-30T20:41:50.385+0000] {dagbag.py:545} INFO - Filling up the DagBag from /home/airflow/.local/lib/python3.12/site-packages/airflow/example_dags/tutorial.py
[2025-10-30T20:41:50.395+0000] {processor.py:840} INFO - DAG(s) 'tutorial' retrieved from /home/airflow/.local/lib/python3.12/site-packages/airflow/example_dags/tutorial.py
[2025-10-30T20:41:50.427+0000] {logging_mixin.py:188} INFO - [2025-10-30T20:41:50.426+0000] {dag.py:3096} INFO - Sync 1 DAGs
[2025-10-30T20:41:50.470+0000] {logging_mixin.py:188} INFO - [2025-10-30T20:41:50.469+0000] {dag.py:3954} INFO - Setting next_dagrun for tutorial to 2025-10-29 00:00:00+00:00, run_after=2025-10-30 00:00:00+00:00
[2025-10-30T20:41:50.504+0000] {processor.py:183} INFO - Processing /home/airflow/.local/lib/python3.12/site-packages/airflow/example_dags/tutorial.py took 0.133 seconds
[2025-10-30T20:42:21.096+0000] {processor.py:161} INFO - Started process (PID=1523) to work on /home/airflow/.local/lib/python3.12/site-packages/airflow/example_dags/tutorial.py
[2025-10-30T20:42:21.107+0000] {processor.py:830} INFO - Processing file /home/airflow/.local/lib/python3.12/site-packages/airflow/example_dags/tutorial.py for tasks to queue
[2025-10-30T20:42:21.109+0000] {logging_mixin.py:188} INFO - [2025-10-30T20:42:21.109+0000] {dagbag.py:545} INFO - Filling up the DagBag from /home/airflow/.local/lib/python3.12/site-packages/airflow/example_dags/tutorial.py
[2025-10-30T20:42:21.117+0000] {processor.py:840} INFO - DAG(s) 'tutorial' retrieved from /home/airflow/.local/lib/python3.12/site-packages/airflow/example_dags/tutorial.py
[2025-10-30T20:42:21.149+0000] {logging_mixin.py:188} INFO - [2025-10-30T20:42:21.149+0000] {dag.py:3096} INFO - Sync 1 DAGs
[2025-10-30T20:42:21.175+0000] {logging_mixin.py:188} INFO - [2025-10-30T20:42:21.174+0000] {dag.py:3954} INFO - Setting next_dagrun for tutorial to 2025-10-29 00:00:00+00:00, run_after=2025-10-30 00:00:00+00:00
[2025-10-30T20:42:21.198+0000] {processor.py:183} INFO - Processing /home/airflow/.local/lib/python3.12/site-packages/airflow/example_dags/tutorial.py took 0.111 seconds
[2025-10-30T21:06:16.529+0000] {processor.py:161} INFO - Started process (PID=77) to work on /home/airflow/.local/lib/python3.12/site-packages/airflow/example_dags/tutorial.py
[2025-10-30T21:06:16.534+0000] {processor.py:830} INFO - Processing file /home/airflow/.local/lib/python3.12/site-packages/airflow/example_dags/tutorial.py for tasks to queue
[2025-10-30T21:06:16.562+0000] {logging_mixin.py:188} INFO - [2025-10-30T21:06:16.557+0000] {dagbag.py:545} INFO - Filling up the DagBag from /home/airflow/.local/lib/python3.12/site-packages/airflow/example_dags/tutorial.py
[2025-10-30T21:06:16.847+0000] {processor.py:840} INFO - DAG(s) 'tutorial' retrieved from /home/airflow/.local/lib/python3.12/site-packages/airflow/example_dags/tutorial.py
[2025-10-30T21:06:17.307+0000] {logging_mixin.py:188} INFO - [2025-10-30T21:06:17.306+0000] {dag.py:3096} INFO - Sync 1 DAGs
[2025-10-30T21:06:17.350+0000] {logging_mixin.py:188} INFO - [2025-10-30T21:06:17.350+0000] {dag.py:3954} INFO - Setting next_dagrun for tutorial to 2025-10-29 00:00:00+00:00, run_after=2025-10-30 00:00:00+00:00
[2025-10-30T21:06:17.413+0000] {processor.py:183} INFO - Processing /home/airflow/.local/lib/python3.12/site-packages/airflow/example_dags/tutorial.py took 0.905 seconds
[2025-10-30T21:06:47.464+0000] {processor.py:161} INFO - Started process (PID=136) to work on /home/airflow/.local/lib/python3.12/site-packages/airflow/example_dags/tutorial.py
[2025-10-30T21:06:47.469+0000] {processor.py:830} INFO - Processing file /home/airflow/.local/lib/python3.12/site-packages/airflow/example_dags/tutorial.py for tasks to queue
[2025-10-30T21:06:47.472+0000] {logging_mixin.py:188} INFO - [2025-10-30T21:06:47.472+0000] {dagbag.py:545} INFO - Filling up the DagBag from /home/airflow/.local/lib/python3.12/site-packages/airflow/example_dags/tutorial.py
[2025-10-30T21:06:47.482+0000] {processor.py:840} INFO - DAG(s) 'tutorial' retrieved from /home/airflow/.local/lib/python3.12/site-packages/airflow/example_dags/tutorial.py
[2025-10-30T21:06:47.518+0000] {logging_mixin.py:188} INFO - [2025-10-30T21:06:47.518+0000] {dag.py:3096} INFO - Sync 1 DAGs
[2025-10-30T21:06:47.563+0000] {logging_mixin.py:188} INFO - [2025-10-30T21:06:47.563+0000] {dag.py:3954} INFO - Setting next_dagrun for tutorial to 2025-10-29 00:00:00+00:00, run_after=2025-10-30 00:00:00+00:00
[2025-10-30T21:06:47.608+0000] {processor.py:183} INFO - Processing /home/airflow/.local/lib/python3.12/site-packages/airflow/example_dags/tutorial.py took 0.156 seconds
[2025-10-30T21:07:17.853+0000] {processor.py:161} INFO - Started process (PID=194) to work on /home/airflow/.local/lib/python3.12/site-packages/airflow/example_dags/tutorial.py
[2025-10-30T21:07:17.857+0000] {processor.py:830} INFO - Processing file /home/airflow/.local/lib/python3.12/site-packages/airflow/example_dags/tutorial.py for tasks to queue
[2025-10-30T21:07:17.865+0000] {logging_mixin.py:188} INFO - [2025-10-30T21:07:17.864+0000] {dagbag.py:545} INFO - Filling up the DagBag from /home/airflow/.local/lib/python3.12/site-packages/airflow/example_dags/tutorial.py
[2025-10-30T21:07:17.890+0000] {processor.py:840} INFO - DAG(s) 'tutorial' retrieved from /home/airflow/.local/lib/python3.12/site-packages/airflow/example_dags/tutorial.py
[2025-10-30T21:07:17.993+0000] {logging_mixin.py:188} INFO - [2025-10-30T21:07:17.992+0000] {dag.py:3096} INFO - Sync 1 DAGs
[2025-10-30T21:07:18.134+0000] {logging_mixin.py:188} INFO - [2025-10-30T21:07:18.134+0000] {dag.py:3954} INFO - Setting next_dagrun for tutorial to 2025-10-29 00:00:00+00:00, run_after=2025-10-30 00:00:00+00:00
[2025-10-30T21:07:18.208+0000] {processor.py:183} INFO - Processing /home/airflow/.local/lib/python3.12/site-packages/airflow/example_dags/tutorial.py took 0.384 seconds
[2025-10-30T21:07:49.136+0000] {processor.py:161} INFO - Started process (PID=257) to work on /home/airflow/.local/lib/python3.12/site-packages/airflow/example_dags/tutorial.py
[2025-10-30T21:07:49.139+0000] {processor.py:830} INFO - Processing file /home/airflow/.local/lib/python3.12/site-packages/airflow/example_dags/tutorial.py for tasks to queue
[2025-10-30T21:07:49.142+0000] {logging_mixin.py:188} INFO - [2025-10-30T21:07:49.141+0000] {dagbag.py:545} INFO - Filling up the DagBag from /home/airflow/.local/lib/python3.12/site-packages/airflow/example_dags/tutorial.py
[2025-10-30T21:07:49.153+0000] {processor.py:840} INFO - DAG(s) 'tutorial' retrieved from /home/airflow/.local/lib/python3.12/site-packages/airflow/example_dags/tutorial.py
[2025-10-30T21:07:49.184+0000] {logging_mixin.py:188} INFO - [2025-10-30T21:07:49.183+0000] {dag.py:3096} INFO - Sync 1 DAGs
[2025-10-30T21:07:49.216+0000] {logging_mixin.py:188} INFO - [2025-10-30T21:07:49.215+0000] {dag.py:3954} INFO - Setting next_dagrun for tutorial to 2025-10-29 00:00:00+00:00, run_after=2025-10-30 00:00:00+00:00
[2025-10-30T21:07:49.243+0000] {processor.py:183} INFO - Processing /home/airflow/.local/lib/python3.12/site-packages/airflow/example_dags/tutorial.py took 0.117 seconds
[2025-10-30T21:08:19.689+0000] {processor.py:161} INFO - Started process (PID=316) to work on /home/airflow/.local/lib/python3.12/site-packages/airflow/example_dags/tutorial.py
[2025-10-30T21:08:19.690+0000] {processor.py:830} INFO - Processing file /home/airflow/.local/lib/python3.12/site-packages/airflow/example_dags/tutorial.py for tasks to queue
[2025-10-30T21:08:19.693+0000] {logging_mixin.py:188} INFO - [2025-10-30T21:08:19.693+0000] {dagbag.py:545} INFO - Filling up the DagBag from /home/airflow/.local/lib/python3.12/site-packages/airflow/example_dags/tutorial.py
[2025-10-30T21:08:19.703+0000] {processor.py:840} INFO - DAG(s) 'tutorial' retrieved from /home/airflow/.local/lib/python3.12/site-packages/airflow/example_dags/tutorial.py
[2025-10-30T21:08:19.738+0000] {logging_mixin.py:188} INFO - [2025-10-30T21:08:19.738+0000] {dag.py:3096} INFO - Sync 1 DAGs
[2025-10-30T21:08:19.774+0000] {logging_mixin.py:188} INFO - [2025-10-30T21:08:19.774+0000] {dag.py:3954} INFO - Setting next_dagrun for tutorial to 2025-10-29 00:00:00+00:00, run_after=2025-10-30 00:00:00+00:00
[2025-10-30T21:08:19.805+0000] {processor.py:183} INFO - Processing /home/airflow/.local/lib/python3.12/site-packages/airflow/example_dags/tutorial.py took 0.125 seconds
[2025-10-30T21:09:04.772+0000] {processor.py:161} INFO - Started process (PID=376) to work on /home/airflow/.local/lib/python3.12/site-packages/airflow/example_dags/tutorial.py
[2025-10-30T21:09:04.779+0000] {processor.py:830} INFO - Processing file /home/airflow/.local/lib/python3.12/site-packages/airflow/example_dags/tutorial.py for tasks to queue
[2025-10-30T21:09:04.812+0000] {logging_mixin.py:188} INFO - [2025-10-30T21:09:04.787+0000] {dagbag.py:545} INFO - Filling up the DagBag from /home/airflow/.local/lib/python3.12/site-packages/airflow/example_dags/tutorial.py
[2025-10-30T21:09:04.866+0000] {processor.py:840} INFO - DAG(s) 'tutorial' retrieved from /home/airflow/.local/lib/python3.12/site-packages/airflow/example_dags/tutorial.py
[2025-10-30T21:09:04.964+0000] {logging_mixin.py:188} INFO - [2025-10-30T21:09:04.963+0000] {dag.py:3096} INFO - Sync 1 DAGs
[2025-10-30T21:09:05.030+0000] {logging_mixin.py:188} INFO - [2025-10-30T21:09:05.030+0000] {dag.py:3954} INFO - Setting next_dagrun for tutorial to 2025-10-29 00:00:00+00:00, run_after=2025-10-30 00:00:00+00:00
[2025-10-30T21:09:05.121+0000] {processor.py:183} INFO - Processing /home/airflow/.local/lib/python3.12/site-packages/airflow/example_dags/tutorial.py took 0.379 seconds
[2025-10-30T21:09:35.525+0000] {processor.py:161} INFO - Started process (PID=433) to work on /home/airflow/.local/lib/python3.12/site-packages/airflow/example_dags/tutorial.py
[2025-10-30T21:09:35.535+0000] {processor.py:830} INFO - Processing file /home/airflow/.local/lib/python3.12/site-packages/airflow/example_dags/tutorial.py for tasks to queue
[2025-10-30T21:09:35.541+0000] {logging_mixin.py:188} INFO - [2025-10-30T21:09:35.541+0000] {dagbag.py:545} INFO - Filling up the DagBag from /home/airflow/.local/lib/python3.12/site-packages/airflow/example_dags/tutorial.py
[2025-10-30T21:09:35.569+0000] {processor.py:840} INFO - DAG(s) 'tutorial' retrieved from /home/airflow/.local/lib/python3.12/site-packages/airflow/example_dags/tutorial.py
[2025-10-30T21:09:35.653+0000] {logging_mixin.py:188} INFO - [2025-10-30T21:09:35.649+0000] {dag.py:3096} INFO - Sync 1 DAGs
[2025-10-30T21:09:35.747+0000] {logging_mixin.py:188} INFO - [2025-10-30T21:09:35.747+0000] {dag.py:3954} INFO - Setting next_dagrun for tutorial to 2025-10-29 00:00:00+00:00, run_after=2025-10-30 00:00:00+00:00
[2025-10-30T21:09:35.843+0000] {processor.py:183} INFO - Processing /home/airflow/.local/lib/python3.12/site-packages/airflow/example_dags/tutorial.py took 0.340 seconds
