[2025-11-19T06:26:57.737+0000] {local_task_job_runner.py:123} INFO - ::group::Pre task execution logs
[2025-11-19T06:26:57.744+0000] {taskinstance.py:2612} INFO - Dependencies all met for dep_context=non-requeueable deps ti=<TaskInstance: AMBER_Daily_Scraping.web_json_scrape manual__2025-11-14T07:46:05.728030+00:00 [queued]>
[2025-11-19T06:26:57.749+0000] {taskinstance.py:2612} INFO - Dependencies all met for dep_context=requeueable deps ti=<TaskInstance: AMBER_Daily_Scraping.web_json_scrape manual__2025-11-14T07:46:05.728030+00:00 [queued]>
[2025-11-19T06:26:57.750+0000] {taskinstance.py:2865} INFO - Starting attempt 1 of 3
[2025-11-19T06:26:57.774+0000] {taskinstance.py:2888} INFO - Executing <Task(BashOperator): web_json_scrape> on 2025-11-14 07:46:05.728030+00:00
[2025-11-19T06:26:57.778+0000] {standard_task_runner.py:72} INFO - Started process 157 to run task
[2025-11-19T06:26:57.781+0000] {standard_task_runner.py:104} INFO - Running: ['airflow', 'tasks', 'run', 'AMBER_Daily_Scraping', 'web_json_scrape', 'manual__2025-11-14T07:46:05.728030+00:00', '--job-id', '38', '--raw', '--subdir', 'DAGS_FOLDER/AMBER_Daily_Scraping.py', '--cfg-path', '/tmp/tmp8j1cqlhw']
[2025-11-19T06:26:57.783+0000] {standard_task_runner.py:105} INFO - Job 38: Subtask web_json_scrape
[2025-11-19T06:26:57.829+0000] {task_command.py:467} INFO - Running <TaskInstance: AMBER_Daily_Scraping.web_json_scrape manual__2025-11-14T07:46:05.728030+00:00 [running]> on host d6d6ebac0da2
[2025-11-19T06:26:57.897+0000] {taskinstance.py:3131} INFO - Exporting env vars: AIRFLOW_CTX_DAG_OWNER='data' AIRFLOW_CTX_DAG_ID='AMBER_Daily_Scraping' AIRFLOW_CTX_TASK_ID='web_json_scrape' AIRFLOW_CTX_EXECUTION_DATE='2025-11-14T07:46:05.728030+00:00' AIRFLOW_CTX_TRY_NUMBER='1' AIRFLOW_CTX_DAG_RUN_ID='manual__2025-11-14T07:46:05.728030+00:00'
[2025-11-19T06:26:57.898+0000] {taskinstance.py:731} INFO - ::endgroup::
[2025-11-19T06:26:57.917+0000] {subprocess.py:63} INFO - Tmp dir root location: /tmp
[2025-11-19T06:26:57.919+0000] {subprocess.py:75} INFO - Running command: ['/usr/bin/bash', '-c', 'cd /opt/airflow/dags/scripts && python AMBER_JSON_Scraping.py']
[2025-11-19T06:26:57.926+0000] {subprocess.py:86} INFO - Output:
[2025-11-19T06:27:25.733+0000] {subprocess.py:93} INFO - Wrote data to folder: /opt/airflow/data/CleanData/AMBER2020/amber_202004
[2025-11-19T06:27:25.734+0000] {subprocess.py:93} INFO - Wrote data to folder: /opt/airflow/data/CleanData/AMBER2020/amber_202008
[2025-11-19T06:27:25.734+0000] {subprocess.py:93} INFO - Wrote data to folder: /opt/airflow/data/CleanData/AMBER2020/amber_202012
[2025-11-19T06:27:25.735+0000] {subprocess.py:93} INFO - Wrote data to folder: /opt/airflow/data/CleanData/AMBER2020/amber_202002
[2025-11-19T06:27:25.735+0000] {subprocess.py:93} INFO - Wrote data to folder: /opt/airflow/data/CleanData/AMBER2020/amber_202001
[2025-11-19T06:27:25.735+0000] {subprocess.py:93} INFO - Wrote data to folder: /opt/airflow/data/CleanData/AMBER2020/amber_202007
[2025-11-19T06:27:25.736+0000] {subprocess.py:93} INFO - Wrote data to folder: /opt/airflow/data/CleanData/AMBER2020/amber_202006
[2025-11-19T06:27:25.736+0000] {subprocess.py:93} INFO - Wrote data to folder: /opt/airflow/data/CleanData/AMBER2020/amber_202003
[2025-11-19T06:27:25.737+0000] {subprocess.py:93} INFO - Wrote data to folder: /opt/airflow/data/CleanData/AMBER2020/amber_202005
[2025-11-19T06:27:25.737+0000] {subprocess.py:93} INFO - Wrote data to folder: /opt/airflow/data/CleanData/AMBER2020/amber_202011
[2025-11-19T06:27:25.737+0000] {subprocess.py:93} INFO - Wrote data to folder: /opt/airflow/data/CleanData/AMBER2020/amber_202010
[2025-11-19T06:27:25.738+0000] {subprocess.py:93} INFO - Wrote data to folder: /opt/airflow/data/CleanData/AMBER2020/amber_202009
[2025-11-19T06:27:25.738+0000] {subprocess.py:93} INFO - Wrote data to folder: /opt/airflow/data/CleanData/AMBER2021/amber_202104
[2025-11-19T06:27:25.738+0000] {subprocess.py:93} INFO - Wrote data to folder: /opt/airflow/data/CleanData/AMBER2021/amber_202108
[2025-11-19T06:27:25.739+0000] {subprocess.py:93} INFO - Wrote data to folder: /opt/airflow/data/CleanData/AMBER2021/amber_202112
[2025-11-19T06:27:25.739+0000] {subprocess.py:93} INFO - Wrote data to folder: /opt/airflow/data/CleanData/AMBER2021/amber_202102
[2025-11-19T06:27:25.739+0000] {subprocess.py:93} INFO - Wrote data to folder: /opt/airflow/data/CleanData/AMBER2021/amber_202101
[2025-11-19T06:27:25.739+0000] {subprocess.py:93} INFO - Wrote data to folder: /opt/airflow/data/CleanData/AMBER2021/amber_202107
[2025-11-19T06:27:25.740+0000] {subprocess.py:93} INFO - Wrote data to folder: /opt/airflow/data/CleanData/AMBER2021/amber_202106
[2025-11-19T06:27:25.740+0000] {subprocess.py:93} INFO - Wrote data to folder: /opt/airflow/data/CleanData/AMBER2021/amber_202103
[2025-11-19T06:27:25.740+0000] {subprocess.py:93} INFO - Wrote data to folder: /opt/airflow/data/CleanData/AMBER2021/amber_202105
[2025-11-19T06:27:25.741+0000] {subprocess.py:93} INFO - Wrote data to folder: /opt/airflow/data/CleanData/AMBER2021/amber_202111
[2025-11-19T06:27:25.741+0000] {subprocess.py:93} INFO - Wrote data to folder: /opt/airflow/data/CleanData/AMBER2021/amber_202110
[2025-11-19T06:27:25.741+0000] {subprocess.py:93} INFO - Wrote data to folder: /opt/airflow/data/CleanData/AMBER2021/amber_202109
[2025-11-19T06:27:25.741+0000] {subprocess.py:93} INFO - Wrote data to folder: /opt/airflow/data/CleanData/AMBER2022/amber_202204
[2025-11-19T06:27:25.741+0000] {subprocess.py:93} INFO - Wrote data to folder: /opt/airflow/data/CleanData/AMBER2022/amber_202208
[2025-11-19T06:27:25.742+0000] {subprocess.py:93} INFO - Wrote data to folder: /opt/airflow/data/CleanData/AMBER2022/amber_202212
[2025-11-19T06:27:25.742+0000] {subprocess.py:93} INFO - Wrote data to folder: /opt/airflow/data/CleanData/AMBER2022/amber_202202
[2025-11-19T06:27:25.742+0000] {subprocess.py:93} INFO - Wrote data to folder: /opt/airflow/data/CleanData/AMBER2022/amber_202201
[2025-11-19T06:27:25.742+0000] {subprocess.py:93} INFO - Wrote data to folder: /opt/airflow/data/CleanData/AMBER2022/amber_202207
[2025-11-19T06:27:25.742+0000] {subprocess.py:93} INFO - Wrote data to folder: /opt/airflow/data/CleanData/AMBER2022/amber_202206
[2025-11-19T06:27:25.742+0000] {subprocess.py:93} INFO - Wrote data to folder: /opt/airflow/data/CleanData/AMBER2022/amber_202203
[2025-11-19T06:27:25.743+0000] {subprocess.py:93} INFO - Wrote data to folder: /opt/airflow/data/CleanData/AMBER2022/amber_202205
[2025-11-19T06:27:25.743+0000] {subprocess.py:93} INFO - Wrote data to folder: /opt/airflow/data/CleanData/AMBER2022/amber_202211
[2025-11-19T06:27:25.743+0000] {subprocess.py:93} INFO - Wrote data to folder: /opt/airflow/data/CleanData/AMBER2022/amber_202210
[2025-11-19T06:27:25.743+0000] {subprocess.py:93} INFO - Wrote data to folder: /opt/airflow/data/CleanData/AMBER2022/amber_202209
[2025-11-19T06:27:25.744+0000] {subprocess.py:93} INFO - Wrote data to folder: /opt/airflow/data/CleanData/AMBER2023/amber_202304
[2025-11-19T06:27:25.744+0000] {subprocess.py:93} INFO - Wrote data to folder: /opt/airflow/data/CleanData/AMBER2023/amber_202308
[2025-11-19T06:27:25.744+0000] {subprocess.py:93} INFO - Wrote data to folder: /opt/airflow/data/CleanData/AMBER2023/amber_202312
[2025-11-19T06:27:25.744+0000] {subprocess.py:93} INFO - Wrote data to folder: /opt/airflow/data/CleanData/AMBER2023/amber_202302
[2025-11-19T06:27:25.745+0000] {subprocess.py:93} INFO - Wrote data to folder: /opt/airflow/data/CleanData/AMBER2023/amber_202301
[2025-11-19T06:27:25.745+0000] {subprocess.py:93} INFO - Wrote data to folder: /opt/airflow/data/CleanData/AMBER2023/amber_202307
[2025-11-19T06:27:25.745+0000] {subprocess.py:93} INFO - Wrote data to folder: /opt/airflow/data/CleanData/AMBER2023/amber_202306
[2025-11-19T06:27:25.746+0000] {subprocess.py:93} INFO - Wrote data to folder: /opt/airflow/data/CleanData/AMBER2023/amber_202303
[2025-11-19T06:27:25.746+0000] {subprocess.py:93} INFO - Wrote data to folder: /opt/airflow/data/CleanData/AMBER2023/amber_202305
[2025-11-19T06:27:25.746+0000] {subprocess.py:93} INFO - Wrote data to folder: /opt/airflow/data/CleanData/AMBER2023/amber_202311
[2025-11-19T06:27:25.746+0000] {subprocess.py:93} INFO - Wrote data to folder: /opt/airflow/data/CleanData/AMBER2023/amber_202310
[2025-11-19T06:27:25.747+0000] {subprocess.py:93} INFO - Wrote data to folder: /opt/airflow/data/CleanData/AMBER2023/amber_202309
[2025-11-19T06:27:25.747+0000] {subprocess.py:93} INFO - Wrote data to folder: /opt/airflow/data/CleanData/AMBER2024/amber_202404
[2025-11-19T06:27:25.747+0000] {subprocess.py:93} INFO - Wrote data to folder: /opt/airflow/data/CleanData/AMBER2024/amber_202408
[2025-11-19T06:27:25.748+0000] {subprocess.py:93} INFO - Wrote data to folder: /opt/airflow/data/CleanData/AMBER2024/amber_202412
[2025-11-19T06:27:25.748+0000] {subprocess.py:93} INFO - Wrote data to folder: /opt/airflow/data/CleanData/AMBER2024/amber_202402
[2025-11-19T06:27:25.748+0000] {subprocess.py:93} INFO - Wrote data to folder: /opt/airflow/data/CleanData/AMBER2024/amber_202401
[2025-11-19T06:27:25.749+0000] {subprocess.py:93} INFO - Wrote data to folder: /opt/airflow/data/CleanData/AMBER2024/amber_202407
[2025-11-19T06:27:25.749+0000] {subprocess.py:93} INFO - Wrote data to folder: /opt/airflow/data/CleanData/AMBER2024/amber_202406
[2025-11-19T06:27:25.749+0000] {subprocess.py:93} INFO - Wrote data to folder: /opt/airflow/data/CleanData/AMBER2024/amber_202403
[2025-11-19T06:27:25.750+0000] {subprocess.py:93} INFO - Wrote data to folder: /opt/airflow/data/CleanData/AMBER2024/amber_202405
[2025-11-19T06:27:25.750+0000] {subprocess.py:93} INFO - Wrote data to folder: /opt/airflow/data/CleanData/AMBER2024/amber_202411
[2025-11-19T06:27:25.750+0000] {subprocess.py:93} INFO - Wrote data to folder: /opt/airflow/data/CleanData/AMBER2024/amber_202410
[2025-11-19T06:27:25.750+0000] {subprocess.py:93} INFO - Wrote data to folder: /opt/airflow/data/CleanData/AMBER2024/amber_202409
[2025-11-19T06:27:25.750+0000] {subprocess.py:93} INFO - Wrote data to folder: /opt/airflow/data/CleanData/AMBER2025/amber_202504
[2025-11-19T06:27:25.751+0000] {subprocess.py:93} INFO - Wrote data to folder: /opt/airflow/data/CleanData/AMBER2025/amber_202508
[2025-11-19T06:27:25.751+0000] {subprocess.py:93} INFO - Wrote data to folder: /opt/airflow/data/CleanData/AMBER2025/amber_202502
[2025-11-19T06:27:25.751+0000] {subprocess.py:93} INFO - Wrote data to folder: /opt/airflow/data/CleanData/AMBER2025/amber_202501
[2025-11-19T06:27:25.751+0000] {subprocess.py:93} INFO - Wrote data to folder: /opt/airflow/data/CleanData/AMBER2025/amber_202507
[2025-11-19T06:27:25.751+0000] {subprocess.py:93} INFO - Wrote data to folder: /opt/airflow/data/CleanData/AMBER2025/amber_202506
[2025-11-19T06:27:25.751+0000] {subprocess.py:93} INFO - Wrote data to folder: /opt/airflow/data/CleanData/AMBER2025/amber_202503
[2025-11-19T06:27:25.752+0000] {subprocess.py:93} INFO - Wrote data to folder: /opt/airflow/data/CleanData/AMBER2025/amber_202505
[2025-11-19T06:27:25.752+0000] {subprocess.py:93} INFO - Wrote data to folder: /opt/airflow/data/CleanData/AMBER2025/amber_202511
[2025-11-19T06:27:25.752+0000] {subprocess.py:93} INFO - Wrote data to folder: /opt/airflow/data/CleanData/AMBER2025/amber_202510
[2025-11-19T06:27:25.752+0000] {subprocess.py:93} INFO - Wrote data to folder: /opt/airflow/data/CleanData/AMBER2025/amber_202509
[2025-11-19T06:27:25.753+0000] {subprocess.py:93} INFO - Wrote data to folder: /opt/airflow/data/CleanData/AMBER2025/amber_202500
[2025-11-19T06:27:25.753+0000] {subprocess.py:93} INFO - Wrote data to folder: /opt/airflow/data/CleanData/AMBER2025/amber_202500
[2025-11-19T06:27:25.753+0000] {subprocess.py:97} INFO - Command exited with return code 0
[2025-11-19T06:27:25.777+0000] {taskinstance.py:340} INFO - ::group::Post task execution logs
[2025-11-19T06:27:25.778+0000] {taskinstance.py:352} INFO - Marking task as SUCCESS. dag_id=AMBER_Daily_Scraping, task_id=web_json_scrape, run_id=manual__2025-11-14T07:46:05.728030+00:00, execution_date=20251114T074605, start_date=20251119T062657, end_date=20251119T062725
[2025-11-19T06:27:25.841+0000] {local_task_job_runner.py:266} INFO - Task exited with return code 0
[2025-11-19T06:27:25.852+0000] {taskinstance.py:3900} INFO - 1 downstream tasks scheduled from follow-on schedule check
[2025-11-19T06:27:25.870+0000] {local_task_job_runner.py:245} INFO - ::endgroup::
