[2025-11-14T07:43:07.236+0000] {local_task_job_runner.py:123} INFO - ::group::Pre task execution logs
[2025-11-14T07:43:07.243+0000] {taskinstance.py:2612} INFO - Dependencies all met for dep_context=non-requeueable deps ti=<TaskInstance: AMBER_Daily_Scraping.amber_web_scrape manual__2025-11-14T06:54:59.216762+00:00 [queued]>
[2025-11-14T07:43:07.249+0000] {taskinstance.py:2612} INFO - Dependencies all met for dep_context=requeueable deps ti=<TaskInstance: AMBER_Daily_Scraping.amber_web_scrape manual__2025-11-14T06:54:59.216762+00:00 [queued]>
[2025-11-14T07:43:07.250+0000] {taskinstance.py:2865} INFO - Starting attempt 2 of 4
[2025-11-14T07:43:07.276+0000] {taskinstance.py:2888} INFO - Executing <Task(BashOperator): amber_web_scrape> on 2025-11-14 06:54:59.216762+00:00
[2025-11-14T07:43:07.280+0000] {standard_task_runner.py:72} INFO - Started process 267 to run task
[2025-11-14T07:43:07.283+0000] {standard_task_runner.py:104} INFO - Running: ['airflow', 'tasks', 'run', 'AMBER_Daily_Scraping', 'amber_web_scrape', 'manual__2025-11-14T06:54:59.216762+00:00', '--job-id', '8', '--raw', '--subdir', 'DAGS_FOLDER/AMBER_Daily_Scraping.py', '--cfg-path', '/tmp/tmpe35r5i49']
[2025-11-14T07:43:07.285+0000] {standard_task_runner.py:105} INFO - Job 8: Subtask amber_web_scrape
[2025-11-14T07:43:07.336+0000] {task_command.py:467} INFO - Running <TaskInstance: AMBER_Daily_Scraping.amber_web_scrape manual__2025-11-14T06:54:59.216762+00:00 [running]> on host d2ef9d68fa71
[2025-11-14T07:43:07.414+0000] {taskinstance.py:3131} INFO - Exporting env vars: AIRFLOW_CTX_DAG_OWNER='data' AIRFLOW_CTX_DAG_ID='AMBER_Daily_Scraping' AIRFLOW_CTX_TASK_ID='amber_web_scrape' AIRFLOW_CTX_EXECUTION_DATE='2025-11-14T06:54:59.216762+00:00' AIRFLOW_CTX_TRY_NUMBER='2' AIRFLOW_CTX_DAG_RUN_ID='manual__2025-11-14T06:54:59.216762+00:00'
[2025-11-14T07:43:07.415+0000] {taskinstance.py:731} INFO - ::endgroup::
[2025-11-14T07:43:07.428+0000] {subprocess.py:63} INFO - Tmp dir root location: /tmp
[2025-11-14T07:43:07.429+0000] {subprocess.py:75} INFO - Running command: ['/usr/bin/bash', '-c', 'cd /opt/airflow/dags/scripts && python AMBER_WEB_Scraping.py']
[2025-11-14T07:43:07.437+0000] {subprocess.py:86} INFO - Output:
[2025-11-14T07:43:27.535+0000] {local_task_job_runner.py:346} WARNING - State of this instance has been externally set to restarting. Terminating instance.
[2025-11-14T07:43:27.536+0000] {local_task_job_runner.py:245} INFO - ::endgroup::
[2025-11-14T07:43:27.538+0000] {process_utils.py:132} INFO - Sending 15 to group 267. PIDs of all processes in the group: [269, 267]
[2025-11-14T07:43:27.539+0000] {process_utils.py:87} INFO - Sending the signal 15 to group 267
[2025-11-14T07:43:27.539+0000] {taskinstance.py:3092} ERROR - Received SIGTERM. Terminating subprocesses.
[2025-11-14T07:43:27.540+0000] {subprocess.py:104} INFO - Sending SIGTERM signal to process group
[2025-11-14T07:43:27.545+0000] {taskinstance.py:3310} ERROR - Task failed with exception
Traceback (most recent call last):
  File "/home/airflow/.local/lib/python3.12/site-packages/airflow/models/taskinstance.py", line 767, in _execute_task
    result = _execute_callable(context=context, **execute_callable_kwargs)
             ^^^^^^^^^^^^^^^^^^^^^^^^^^^^^^^^^^^^^^^^^^^^^^^^^^^^^^^^^^^^^
  File "/home/airflow/.local/lib/python3.12/site-packages/airflow/models/taskinstance.py", line 733, in _execute_callable
    return ExecutionCallableRunner(
           ^^^^^^^^^^^^^^^^^^^^^^^^
  File "/home/airflow/.local/lib/python3.12/site-packages/airflow/utils/operator_helpers.py", line 252, in run
    return self.func(*args, **kwargs)
           ^^^^^^^^^^^^^^^^^^^^^^^^^^
  File "/home/airflow/.local/lib/python3.12/site-packages/airflow/models/baseoperator.py", line 406, in wrapper
    return func(self, *args, **kwargs)
           ^^^^^^^^^^^^^^^^^^^^^^^^^^^
  File "/home/airflow/.local/lib/python3.12/site-packages/airflow/operators/bash.py", line 240, in execute
    result = self.subprocess_hook.run_command(
             ^^^^^^^^^^^^^^^^^^^^^^^^^^^^^^^^^
  File "/home/airflow/.local/lib/python3.12/site-packages/airflow/hooks/subprocess.py", line 91, in run_command
    for raw_line in iter(self.sub_process.stdout.readline, b""):
                    ^^^^^^^^^^^^^^^^^^^^^^^^^^^^^^^^^^^^^^^^^^^
  File "/home/airflow/.local/lib/python3.12/site-packages/airflow/models/taskinstance.py", line 3094, in signal_handler
    raise AirflowTaskTerminated("Task received SIGTERM signal")
airflow.exceptions.AirflowTaskTerminated: Task received SIGTERM signal
[2025-11-14T07:43:27.549+0000] {taskinstance.py:1225} INFO - Marking task as UP_FOR_RETRY. dag_id=AMBER_Daily_Scraping, task_id=amber_web_scrape, run_id=manual__2025-11-14T06:54:59.216762+00:00, execution_date=20251114T065459, start_date=20251114T074307, end_date=20251114T074327
[2025-11-14T07:43:27.577+0000] {taskinstance.py:340} INFO - ::group::Post task execution logs
[2025-11-14T07:43:27.592+0000] {process_utils.py:80} INFO - Process psutil.Process(pid=269, status='terminated', started='07:43:06') (269) terminated with exit code None
[2025-11-14T07:43:27.593+0000] {process_utils.py:80} INFO - Process psutil.Process(pid=267, status='terminated', exitcode=2, started='07:43:06') (267) terminated with exit code 2
