[2025-11-14T07:11:18.717+0000] {local_task_job_runner.py:123} INFO - ::group::Pre task execution logs
[2025-11-14T07:11:18.724+0000] {taskinstance.py:2612} INFO - Dependencies all met for dep_context=non-requeueable deps ti=<TaskInstance: AMBER_Daily_Scraping.amber_check_replies manual__2025-11-14T06:54:59.216762+00:00 [queued]>
[2025-11-14T07:11:18.730+0000] {taskinstance.py:2612} INFO - Dependencies all met for dep_context=requeueable deps ti=<TaskInstance: AMBER_Daily_Scraping.amber_check_replies manual__2025-11-14T06:54:59.216762+00:00 [queued]>
[2025-11-14T07:11:18.731+0000] {taskinstance.py:2865} INFO - Starting attempt 1 of 3
[2025-11-14T07:11:18.755+0000] {taskinstance.py:2888} INFO - Executing <Task(BashOperator): amber_check_replies> on 2025-11-14 06:54:59.216762+00:00
[2025-11-14T07:11:18.759+0000] {standard_task_runner.py:72} INFO - Started process 113 to run task
[2025-11-14T07:11:18.762+0000] {standard_task_runner.py:104} INFO - Running: ['airflow', 'tasks', 'run', 'AMBER_Daily_Scraping', 'amber_check_replies', 'manual__2025-11-14T06:54:59.216762+00:00', '--job-id', '4', '--raw', '--subdir', 'DAGS_FOLDER/AMBER_Daily_Scraping.py', '--cfg-path', '/tmp/tmppvkpdid0']
[2025-11-14T07:11:18.764+0000] {standard_task_runner.py:105} INFO - Job 4: Subtask amber_check_replies
[2025-11-14T07:11:18.816+0000] {task_command.py:467} INFO - Running <TaskInstance: AMBER_Daily_Scraping.amber_check_replies manual__2025-11-14T06:54:59.216762+00:00 [running]> on host d2ef9d68fa71
[2025-11-14T07:11:18.888+0000] {taskinstance.py:3131} INFO - Exporting env vars: AIRFLOW_CTX_DAG_OWNER='data' AIRFLOW_CTX_DAG_ID='AMBER_Daily_Scraping' AIRFLOW_CTX_TASK_ID='amber_check_replies' AIRFLOW_CTX_EXECUTION_DATE='2025-11-14T06:54:59.216762+00:00' AIRFLOW_CTX_TRY_NUMBER='1' AIRFLOW_CTX_DAG_RUN_ID='manual__2025-11-14T06:54:59.216762+00:00'
[2025-11-14T07:11:18.889+0000] {taskinstance.py:731} INFO - ::endgroup::
[2025-11-14T07:11:18.902+0000] {subprocess.py:63} INFO - Tmp dir root location: /tmp
[2025-11-14T07:11:18.903+0000] {subprocess.py:75} INFO - Running command: ['/usr/bin/bash', '-c', 'cd /opt/airflow/dags/scripts && python AMBER_Check_Replies.py']
[2025-11-14T07:11:18.910+0000] {subprocess.py:86} INFO - Output:
[2025-11-14T07:12:10.609+0000] {subprocess.py:93} INFO - 
[2025-11-14T07:12:10.610+0000] {subprocess.py:93} INFO - Merging replies from /opt/airflow/data/CleanData/AMBER2020/amber_202002 -> /opt/airflow/data/CleanData/AMBER2020/amber_202001
[2025-11-14T07:12:10.610+0000] {subprocess.py:93} INFO - Wrote 113 threads to /opt/airflow/data/CleanData/AMBER2020/amber_202001
[2025-11-14T07:12:10.610+0000] {subprocess.py:93} INFO - 
[2025-11-14T07:12:10.611+0000] {subprocess.py:93} INFO - Merging replies from /opt/airflow/data/CleanData/AMBER2020/amber_202003 -> /opt/airflow/data/CleanData/AMBER2020/amber_202002
[2025-11-14T07:12:10.611+0000] {subprocess.py:93} INFO - Wrote 87 threads to /opt/airflow/data/CleanData/AMBER2020/amber_202002
[2025-11-14T07:12:10.612+0000] {subprocess.py:93} INFO - 
[2025-11-14T07:12:10.612+0000] {subprocess.py:93} INFO - Merging replies from /opt/airflow/data/CleanData/AMBER2020/amber_202004 -> /opt/airflow/data/CleanData/AMBER2020/amber_202003
[2025-11-14T07:12:10.612+0000] {subprocess.py:93} INFO - Wrote 100 threads to /opt/airflow/data/CleanData/AMBER2020/amber_202003
[2025-11-14T07:12:10.612+0000] {subprocess.py:93} INFO - 
[2025-11-14T07:12:10.613+0000] {subprocess.py:93} INFO - Merging replies from /opt/airflow/data/CleanData/AMBER2020/amber_202005 -> /opt/airflow/data/CleanData/AMBER2020/amber_202004
[2025-11-14T07:12:10.613+0000] {subprocess.py:93} INFO - Wrote 100 threads to /opt/airflow/data/CleanData/AMBER2020/amber_202004
[2025-11-14T07:12:10.614+0000] {subprocess.py:93} INFO - 
[2025-11-14T07:12:10.614+0000] {subprocess.py:93} INFO - Merging replies from /opt/airflow/data/CleanData/AMBER2020/amber_202006 -> /opt/airflow/data/CleanData/AMBER2020/amber_202005
[2025-11-14T07:12:10.614+0000] {subprocess.py:93} INFO - Wrote 105 threads to /opt/airflow/data/CleanData/AMBER2020/amber_202005
[2025-11-14T07:12:10.615+0000] {subprocess.py:93} INFO - 
[2025-11-14T07:12:10.615+0000] {subprocess.py:93} INFO - Merging replies from /opt/airflow/data/CleanData/AMBER2020/amber_202007 -> /opt/airflow/data/CleanData/AMBER2020/amber_202006
[2025-11-14T07:12:10.616+0000] {subprocess.py:93} INFO - Wrote 102 threads to /opt/airflow/data/CleanData/AMBER2020/amber_202006
[2025-11-14T07:12:10.616+0000] {subprocess.py:93} INFO - 
[2025-11-14T07:12:10.617+0000] {subprocess.py:93} INFO - Merging replies from /opt/airflow/data/CleanData/AMBER2020/amber_202008 -> /opt/airflow/data/CleanData/AMBER2020/amber_202007
[2025-11-14T07:12:10.617+0000] {subprocess.py:93} INFO - Wrote 127 threads to /opt/airflow/data/CleanData/AMBER2020/amber_202007
[2025-11-14T07:12:10.617+0000] {subprocess.py:93} INFO - 
[2025-11-14T07:12:10.617+0000] {subprocess.py:93} INFO - Merging replies from /opt/airflow/data/CleanData/AMBER2020/amber_202009 -> /opt/airflow/data/CleanData/AMBER2020/amber_202008
[2025-11-14T07:12:10.618+0000] {subprocess.py:93} INFO - Wrote 87 threads to /opt/airflow/data/CleanData/AMBER2020/amber_202008
[2025-11-14T07:12:10.618+0000] {subprocess.py:93} INFO - 
[2025-11-14T07:12:10.618+0000] {subprocess.py:93} INFO - Merging replies from /opt/airflow/data/CleanData/AMBER2020/amber_202010 -> /opt/airflow/data/CleanData/AMBER2020/amber_202009
[2025-11-14T07:12:10.619+0000] {subprocess.py:93} INFO - Wrote 120 threads to /opt/airflow/data/CleanData/AMBER2020/amber_202009
[2025-11-14T07:12:10.619+0000] {subprocess.py:93} INFO - 
[2025-11-14T07:12:10.619+0000] {subprocess.py:93} INFO - Merging replies from /opt/airflow/data/CleanData/AMBER2020/amber_202011 -> /opt/airflow/data/CleanData/AMBER2020/amber_202010
[2025-11-14T07:12:10.620+0000] {subprocess.py:93} INFO - Wrote 123 threads to /opt/airflow/data/CleanData/AMBER2020/amber_202010
[2025-11-14T07:12:10.620+0000] {subprocess.py:93} INFO - 
[2025-11-14T07:12:10.620+0000] {subprocess.py:93} INFO - Merging replies from /opt/airflow/data/CleanData/AMBER2020/amber_202012 -> /opt/airflow/data/CleanData/AMBER2020/amber_202011
[2025-11-14T07:12:10.620+0000] {subprocess.py:93} INFO - Wrote 90 threads to /opt/airflow/data/CleanData/AMBER2020/amber_202011
[2025-11-14T07:12:10.621+0000] {subprocess.py:93} INFO - 
[2025-11-14T07:12:10.621+0000] {subprocess.py:93} INFO - Merging replies from /opt/airflow/data/CleanData/AMBER2021/amber_202101 -> /opt/airflow/data/CleanData/AMBER2020/amber_202012
[2025-11-14T07:12:10.621+0000] {subprocess.py:93} INFO - Wrote 97 threads to /opt/airflow/data/CleanData/AMBER2020/amber_202012
[2025-11-14T07:12:10.621+0000] {subprocess.py:93} INFO - 
[2025-11-14T07:12:10.622+0000] {subprocess.py:93} INFO - Merging replies from /opt/airflow/data/CleanData/AMBER2021/amber_202102 -> /opt/airflow/data/CleanData/AMBER2021/amber_202101
[2025-11-14T07:12:10.622+0000] {subprocess.py:93} INFO - Wrote 116 threads to /opt/airflow/data/CleanData/AMBER2021/amber_202101
[2025-11-14T07:12:10.622+0000] {subprocess.py:93} INFO - 
[2025-11-14T07:12:10.623+0000] {subprocess.py:93} INFO - Merging replies from /opt/airflow/data/CleanData/AMBER2021/amber_202103 -> /opt/airflow/data/CleanData/AMBER2021/amber_202102
[2025-11-14T07:12:10.623+0000] {subprocess.py:93} INFO - Wrote 91 threads to /opt/airflow/data/CleanData/AMBER2021/amber_202102
[2025-11-14T07:12:10.623+0000] {subprocess.py:93} INFO - 
[2025-11-14T07:12:10.624+0000] {subprocess.py:93} INFO - Merging replies from /opt/airflow/data/CleanData/AMBER2021/amber_202104 -> /opt/airflow/data/CleanData/AMBER2021/amber_202103
[2025-11-14T07:12:10.624+0000] {subprocess.py:93} INFO - Wrote 91 threads to /opt/airflow/data/CleanData/AMBER2021/amber_202103
[2025-11-14T07:12:10.624+0000] {subprocess.py:93} INFO - 
[2025-11-14T07:12:10.625+0000] {subprocess.py:93} INFO - Merging replies from /opt/airflow/data/CleanData/AMBER2021/amber_202105 -> /opt/airflow/data/CleanData/AMBER2021/amber_202104
[2025-11-14T07:12:10.625+0000] {subprocess.py:93} INFO - Wrote 93 threads to /opt/airflow/data/CleanData/AMBER2021/amber_202104
[2025-11-14T07:12:10.625+0000] {subprocess.py:93} INFO - 
[2025-11-14T07:12:10.626+0000] {subprocess.py:93} INFO - Merging replies from /opt/airflow/data/CleanData/AMBER2021/amber_202106 -> /opt/airflow/data/CleanData/AMBER2021/amber_202105
[2025-11-14T07:12:10.626+0000] {subprocess.py:93} INFO - Wrote 86 threads to /opt/airflow/data/CleanData/AMBER2021/amber_202105
[2025-11-14T07:12:10.626+0000] {subprocess.py:93} INFO - 
[2025-11-14T07:12:10.627+0000] {subprocess.py:93} INFO - Merging replies from /opt/airflow/data/CleanData/AMBER2021/amber_202107 -> /opt/airflow/data/CleanData/AMBER2021/amber_202106
[2025-11-14T07:12:10.627+0000] {subprocess.py:93} INFO - Wrote 84 threads to /opt/airflow/data/CleanData/AMBER2021/amber_202106
[2025-11-14T07:12:10.627+0000] {subprocess.py:93} INFO - 
[2025-11-14T07:12:10.627+0000] {subprocess.py:93} INFO - Merging replies from /opt/airflow/data/CleanData/AMBER2021/amber_202108 -> /opt/airflow/data/CleanData/AMBER2021/amber_202107
[2025-11-14T07:12:10.628+0000] {subprocess.py:93} INFO - Wrote 83 threads to /opt/airflow/data/CleanData/AMBER2021/amber_202107
[2025-11-14T07:12:10.628+0000] {subprocess.py:93} INFO - 
[2025-11-14T07:12:10.628+0000] {subprocess.py:93} INFO - Merging replies from /opt/airflow/data/CleanData/AMBER2021/amber_202109 -> /opt/airflow/data/CleanData/AMBER2021/amber_202108
[2025-11-14T07:12:10.629+0000] {subprocess.py:93} INFO - Wrote 69 threads to /opt/airflow/data/CleanData/AMBER2021/amber_202108
[2025-11-14T07:12:10.629+0000] {subprocess.py:93} INFO - 
[2025-11-14T07:12:10.629+0000] {subprocess.py:93} INFO - Merging replies from /opt/airflow/data/CleanData/AMBER2021/amber_202110 -> /opt/airflow/data/CleanData/AMBER2021/amber_202109
[2025-11-14T07:12:10.630+0000] {subprocess.py:93} INFO - Wrote 56 threads to /opt/airflow/data/CleanData/AMBER2021/amber_202109
[2025-11-14T07:12:10.630+0000] {subprocess.py:93} INFO - 
[2025-11-14T07:12:10.630+0000] {subprocess.py:93} INFO - Merging replies from /opt/airflow/data/CleanData/AMBER2021/amber_202111 -> /opt/airflow/data/CleanData/AMBER2021/amber_202110
[2025-11-14T07:12:10.631+0000] {subprocess.py:93} INFO - Wrote 94 threads to /opt/airflow/data/CleanData/AMBER2021/amber_202110
[2025-11-14T07:12:10.631+0000] {subprocess.py:93} INFO - 
[2025-11-14T07:12:10.631+0000] {subprocess.py:93} INFO - Merging replies from /opt/airflow/data/CleanData/AMBER2021/amber_202112 -> /opt/airflow/data/CleanData/AMBER2021/amber_202111
[2025-11-14T07:12:10.632+0000] {subprocess.py:93} INFO - Wrote 98 threads to /opt/airflow/data/CleanData/AMBER2021/amber_202111
[2025-11-14T07:12:10.632+0000] {subprocess.py:93} INFO - 
[2025-11-14T07:12:10.632+0000] {subprocess.py:93} INFO - Merging replies from /opt/airflow/data/CleanData/AMBER2022/amber_202201 -> /opt/airflow/data/CleanData/AMBER2021/amber_202112
[2025-11-14T07:12:10.633+0000] {subprocess.py:93} INFO - Wrote 105 threads to /opt/airflow/data/CleanData/AMBER2021/amber_202112
[2025-11-14T07:12:10.633+0000] {subprocess.py:93} INFO - 
[2025-11-14T07:12:10.633+0000] {subprocess.py:93} INFO - Merging replies from /opt/airflow/data/CleanData/AMBER2022/amber_202202 -> /opt/airflow/data/CleanData/AMBER2022/amber_202201
[2025-11-14T07:12:10.634+0000] {subprocess.py:93} INFO - Wrote 89 threads to /opt/airflow/data/CleanData/AMBER2022/amber_202201
[2025-11-14T07:12:10.634+0000] {subprocess.py:93} INFO - 
[2025-11-14T07:12:10.634+0000] {subprocess.py:93} INFO - Merging replies from /opt/airflow/data/CleanData/AMBER2022/amber_202203 -> /opt/airflow/data/CleanData/AMBER2022/amber_202202
[2025-11-14T07:12:10.635+0000] {subprocess.py:93} INFO - Wrote 64 threads to /opt/airflow/data/CleanData/AMBER2022/amber_202202
[2025-11-14T07:12:10.635+0000] {subprocess.py:93} INFO - 
[2025-11-14T07:12:10.635+0000] {subprocess.py:93} INFO - Merging replies from /opt/airflow/data/CleanData/AMBER2022/amber_202204 -> /opt/airflow/data/CleanData/AMBER2022/amber_202203
[2025-11-14T07:12:10.636+0000] {subprocess.py:93} INFO - Wrote 72 threads to /opt/airflow/data/CleanData/AMBER2022/amber_202203
[2025-11-14T07:12:10.636+0000] {subprocess.py:93} INFO - 
[2025-11-14T07:12:10.636+0000] {subprocess.py:93} INFO - Merging replies from /opt/airflow/data/CleanData/AMBER2022/amber_202205 -> /opt/airflow/data/CleanData/AMBER2022/amber_202204
[2025-11-14T07:12:10.637+0000] {subprocess.py:93} INFO - Wrote 45 threads to /opt/airflow/data/CleanData/AMBER2022/amber_202204
[2025-11-14T07:12:10.637+0000] {subprocess.py:93} INFO - 
[2025-11-14T07:12:10.638+0000] {subprocess.py:93} INFO - Merging replies from /opt/airflow/data/CleanData/AMBER2022/amber_202206 -> /opt/airflow/data/CleanData/AMBER2022/amber_202205
[2025-11-14T07:12:10.638+0000] {subprocess.py:93} INFO - Wrote 2 threads to /opt/airflow/data/CleanData/AMBER2022/amber_202205
[2025-11-14T07:12:10.638+0000] {subprocess.py:93} INFO - 
[2025-11-14T07:12:10.639+0000] {subprocess.py:93} INFO - Merging replies from /opt/airflow/data/CleanData/AMBER2022/amber_202207 -> /opt/airflow/data/CleanData/AMBER2022/amber_202206
[2025-11-14T07:12:10.639+0000] {subprocess.py:93} INFO - Wrote 38 threads to /opt/airflow/data/CleanData/AMBER2022/amber_202206
[2025-11-14T07:12:10.639+0000] {subprocess.py:93} INFO - 
[2025-11-14T07:12:10.640+0000] {subprocess.py:93} INFO - Merging replies from /opt/airflow/data/CleanData/AMBER2022/amber_202208 -> /opt/airflow/data/CleanData/AMBER2022/amber_202207
[2025-11-14T07:12:10.640+0000] {subprocess.py:93} INFO - Wrote 47 threads to /opt/airflow/data/CleanData/AMBER2022/amber_202207
[2025-11-14T07:12:10.640+0000] {subprocess.py:93} INFO - 
[2025-11-14T07:12:10.641+0000] {subprocess.py:93} INFO - Merging replies from /opt/airflow/data/CleanData/AMBER2022/amber_202209 -> /opt/airflow/data/CleanData/AMBER2022/amber_202208
[2025-11-14T07:12:10.641+0000] {subprocess.py:93} INFO - Wrote 74 threads to /opt/airflow/data/CleanData/AMBER2022/amber_202208
[2025-11-14T07:12:10.641+0000] {subprocess.py:93} INFO - 
[2025-11-14T07:12:10.642+0000] {subprocess.py:93} INFO - Merging replies from /opt/airflow/data/CleanData/AMBER2022/amber_202210 -> /opt/airflow/data/CleanData/AMBER2022/amber_202209
[2025-11-14T07:12:10.642+0000] {subprocess.py:93} INFO - Wrote 46 threads to /opt/airflow/data/CleanData/AMBER2022/amber_202209
[2025-11-14T07:12:10.642+0000] {subprocess.py:93} INFO - 
[2025-11-14T07:12:10.643+0000] {subprocess.py:93} INFO - Merging replies from /opt/airflow/data/CleanData/AMBER2022/amber_202211 -> /opt/airflow/data/CleanData/AMBER2022/amber_202210
[2025-11-14T07:12:10.643+0000] {subprocess.py:93} INFO - Wrote 70 threads to /opt/airflow/data/CleanData/AMBER2022/amber_202210
[2025-11-14T07:12:10.643+0000] {subprocess.py:93} INFO - 
[2025-11-14T07:12:10.644+0000] {subprocess.py:93} INFO - Merging replies from /opt/airflow/data/CleanData/AMBER2022/amber_202212 -> /opt/airflow/data/CleanData/AMBER2022/amber_202211
[2025-11-14T07:12:10.644+0000] {subprocess.py:93} INFO - Wrote 74 threads to /opt/airflow/data/CleanData/AMBER2022/amber_202211
[2025-11-14T07:12:10.645+0000] {subprocess.py:93} INFO - 
[2025-11-14T07:12:10.645+0000] {subprocess.py:93} INFO - Merging replies from /opt/airflow/data/CleanData/AMBER2023/amber_202301 -> /opt/airflow/data/CleanData/AMBER2022/amber_202212
[2025-11-14T07:12:10.645+0000] {subprocess.py:93} INFO - Wrote 44 threads to /opt/airflow/data/CleanData/AMBER2022/amber_202212
[2025-11-14T07:12:10.646+0000] {subprocess.py:93} INFO - 
[2025-11-14T07:12:10.646+0000] {subprocess.py:93} INFO - Merging replies from /opt/airflow/data/CleanData/AMBER2023/amber_202302 -> /opt/airflow/data/CleanData/AMBER2023/amber_202301
[2025-11-14T07:12:10.646+0000] {subprocess.py:93} INFO - Wrote 62 threads to /opt/airflow/data/CleanData/AMBER2023/amber_202301
[2025-11-14T07:12:10.646+0000] {subprocess.py:93} INFO - 
[2025-11-14T07:12:10.647+0000] {subprocess.py:93} INFO - Merging replies from /opt/airflow/data/CleanData/AMBER2023/amber_202303 -> /opt/airflow/data/CleanData/AMBER2023/amber_202302
[2025-11-14T07:12:10.647+0000] {subprocess.py:93} INFO - Wrote 69 threads to /opt/airflow/data/CleanData/AMBER2023/amber_202302
[2025-11-14T07:12:10.648+0000] {subprocess.py:93} INFO - 
[2025-11-14T07:12:10.648+0000] {subprocess.py:93} INFO - Merging replies from /opt/airflow/data/CleanData/AMBER2023/amber_202304 -> /opt/airflow/data/CleanData/AMBER2023/amber_202303
[2025-11-14T07:12:10.648+0000] {subprocess.py:93} INFO - Wrote 67 threads to /opt/airflow/data/CleanData/AMBER2023/amber_202303
[2025-11-14T07:12:10.649+0000] {subprocess.py:93} INFO - 
[2025-11-14T07:12:10.649+0000] {subprocess.py:93} INFO - Merging replies from /opt/airflow/data/CleanData/AMBER2023/amber_202305 -> /opt/airflow/data/CleanData/AMBER2023/amber_202304
[2025-11-14T07:12:10.649+0000] {subprocess.py:93} INFO - Wrote 35 threads to /opt/airflow/data/CleanData/AMBER2023/amber_202304
[2025-11-14T07:12:10.650+0000] {subprocess.py:93} INFO - 
[2025-11-14T07:12:10.650+0000] {subprocess.py:93} INFO - Merging replies from /opt/airflow/data/CleanData/AMBER2023/amber_202306 -> /opt/airflow/data/CleanData/AMBER2023/amber_202305
[2025-11-14T07:12:10.650+0000] {subprocess.py:93} INFO - Wrote 63 threads to /opt/airflow/data/CleanData/AMBER2023/amber_202305
[2025-11-14T07:12:10.650+0000] {subprocess.py:93} INFO - 
[2025-11-14T07:12:31.620+0000] {subprocess.py:93} INFO - Merging replies from /opt/airflow/data/CleanData/AMBER2023/amber_202307 -> /opt/airflow/data/CleanData/AMBER2023/amber_202306
[2025-11-14T07:12:31.621+0000] {subprocess.py:93} INFO - Wrote 57 threads to /opt/airflow/data/CleanData/AMBER2023/amber_202306
[2025-11-14T07:12:31.621+0000] {subprocess.py:93} INFO - 
[2025-11-14T07:12:31.622+0000] {subprocess.py:93} INFO - Merging replies from /opt/airflow/data/CleanData/AMBER2023/amber_202308 -> /opt/airflow/data/CleanData/AMBER2023/amber_202307
[2025-11-14T07:12:31.622+0000] {subprocess.py:93} INFO - Wrote 59 threads to /opt/airflow/data/CleanData/AMBER2023/amber_202307
[2025-11-14T07:12:31.623+0000] {subprocess.py:93} INFO - 
[2025-11-14T07:12:31.623+0000] {subprocess.py:93} INFO - Merging replies from /opt/airflow/data/CleanData/AMBER2023/amber_202309 -> /opt/airflow/data/CleanData/AMBER2023/amber_202308
[2025-11-14T07:12:31.623+0000] {subprocess.py:93} INFO - Wrote 58 threads to /opt/airflow/data/CleanData/AMBER2023/amber_202308
[2025-11-14T07:12:31.624+0000] {subprocess.py:93} INFO - 
[2025-11-14T07:12:31.624+0000] {subprocess.py:93} INFO - Merging replies from /opt/airflow/data/CleanData/AMBER2023/amber_202310 -> /opt/airflow/data/CleanData/AMBER2023/amber_202309
[2025-11-14T07:12:31.625+0000] {subprocess.py:93} INFO - Wrote 62 threads to /opt/airflow/data/CleanData/AMBER2023/amber_202309
[2025-11-14T07:12:31.625+0000] {subprocess.py:93} INFO - 
[2025-11-14T07:12:31.626+0000] {subprocess.py:93} INFO - Merging replies from /opt/airflow/data/CleanData/AMBER2023/amber_202311 -> /opt/airflow/data/CleanData/AMBER2023/amber_202310
[2025-11-14T07:12:31.626+0000] {subprocess.py:93} INFO - Wrote 58 threads to /opt/airflow/data/CleanData/AMBER2023/amber_202310
[2025-11-14T07:12:31.626+0000] {subprocess.py:93} INFO - 
[2025-11-14T07:12:31.627+0000] {subprocess.py:93} INFO - Merging replies from /opt/airflow/data/CleanData/AMBER2023/amber_202312 -> /opt/airflow/data/CleanData/AMBER2023/amber_202311
[2025-11-14T07:12:31.627+0000] {subprocess.py:93} INFO - Wrote 56 threads to /opt/airflow/data/CleanData/AMBER2023/amber_202311
[2025-11-14T07:12:31.627+0000] {subprocess.py:93} INFO - 
[2025-11-14T07:12:31.628+0000] {subprocess.py:93} INFO - Merging replies from /opt/airflow/data/CleanData/AMBER2024/amber_202401 -> /opt/airflow/data/CleanData/AMBER2023/amber_202312
[2025-11-14T07:12:31.628+0000] {subprocess.py:93} INFO - Wrote 67 threads to /opt/airflow/data/CleanData/AMBER2023/amber_202312
[2025-11-14T07:12:31.628+0000] {subprocess.py:93} INFO - 
[2025-11-14T07:12:31.629+0000] {subprocess.py:93} INFO - Merging replies from /opt/airflow/data/CleanData/AMBER2024/amber_202402 -> /opt/airflow/data/CleanData/AMBER2024/amber_202401
[2025-11-14T07:12:31.629+0000] {subprocess.py:93} INFO - Wrote 70 threads to /opt/airflow/data/CleanData/AMBER2024/amber_202401
[2025-11-14T07:12:31.629+0000] {subprocess.py:93} INFO - 
[2025-11-14T07:12:31.629+0000] {subprocess.py:93} INFO - Merging replies from /opt/airflow/data/CleanData/AMBER2024/amber_202403 -> /opt/airflow/data/CleanData/AMBER2024/amber_202402
[2025-11-14T07:12:31.630+0000] {subprocess.py:93} INFO - Wrote 61 threads to /opt/airflow/data/CleanData/AMBER2024/amber_202402
[2025-11-14T07:12:31.630+0000] {subprocess.py:93} INFO - 
[2025-11-14T07:12:31.631+0000] {subprocess.py:93} INFO - Merging replies from /opt/airflow/data/CleanData/AMBER2024/amber_202404 -> /opt/airflow/data/CleanData/AMBER2024/amber_202403
[2025-11-14T07:12:31.631+0000] {subprocess.py:93} INFO - Wrote 77 threads to /opt/airflow/data/CleanData/AMBER2024/amber_202403
[2025-11-14T07:12:31.631+0000] {subprocess.py:93} INFO - 
[2025-11-14T07:12:31.632+0000] {subprocess.py:93} INFO - Merging replies from /opt/airflow/data/CleanData/AMBER2024/amber_202405 -> /opt/airflow/data/CleanData/AMBER2024/amber_202404
[2025-11-14T07:12:31.632+0000] {subprocess.py:93} INFO - Wrote 46 threads to /opt/airflow/data/CleanData/AMBER2024/amber_202404
[2025-11-14T07:12:31.632+0000] {subprocess.py:93} INFO - 
[2025-11-14T07:12:31.633+0000] {subprocess.py:93} INFO - Merging replies from /opt/airflow/data/CleanData/AMBER2024/amber_202406 -> /opt/airflow/data/CleanData/AMBER2024/amber_202405
[2025-11-14T07:12:31.633+0000] {subprocess.py:93} INFO - Wrote 64 threads to /opt/airflow/data/CleanData/AMBER2024/amber_202405
[2025-11-14T07:12:31.633+0000] {subprocess.py:93} INFO - 
[2025-11-14T07:12:31.634+0000] {subprocess.py:93} INFO - Merging replies from /opt/airflow/data/CleanData/AMBER2024/amber_202407 -> /opt/airflow/data/CleanData/AMBER2024/amber_202406
[2025-11-14T07:12:31.634+0000] {subprocess.py:93} INFO - Wrote 34 threads to /opt/airflow/data/CleanData/AMBER2024/amber_202406
[2025-11-14T07:12:31.635+0000] {subprocess.py:93} INFO - 
[2025-11-14T07:12:31.635+0000] {subprocess.py:93} INFO - Merging replies from /opt/airflow/data/CleanData/AMBER2024/amber_202408 -> /opt/airflow/data/CleanData/AMBER2024/amber_202407
[2025-11-14T07:12:31.636+0000] {subprocess.py:93} INFO - Wrote 50 threads to /opt/airflow/data/CleanData/AMBER2024/amber_202407
[2025-11-14T07:12:31.636+0000] {subprocess.py:93} INFO - 
[2025-11-14T07:12:31.636+0000] {subprocess.py:93} INFO - Merging replies from /opt/airflow/data/CleanData/AMBER2024/amber_202409 -> /opt/airflow/data/CleanData/AMBER2024/amber_202408
[2025-11-14T07:12:31.637+0000] {subprocess.py:93} INFO - Wrote 73 threads to /opt/airflow/data/CleanData/AMBER2024/amber_202408
[2025-11-14T07:12:31.637+0000] {subprocess.py:93} INFO - 
[2025-11-14T07:12:31.637+0000] {subprocess.py:93} INFO - Merging replies from /opt/airflow/data/CleanData/AMBER2024/amber_202410 -> /opt/airflow/data/CleanData/AMBER2024/amber_202409
[2025-11-14T07:12:31.637+0000] {subprocess.py:93} INFO - Wrote 59 threads to /opt/airflow/data/CleanData/AMBER2024/amber_202409
[2025-11-14T07:12:31.638+0000] {subprocess.py:93} INFO - 
[2025-11-14T07:12:31.638+0000] {subprocess.py:93} INFO - Merging replies from /opt/airflow/data/CleanData/AMBER2024/amber_202411 -> /opt/airflow/data/CleanData/AMBER2024/amber_202410
[2025-11-14T07:12:31.638+0000] {subprocess.py:93} INFO - Wrote 37 threads to /opt/airflow/data/CleanData/AMBER2024/amber_202410
[2025-11-14T07:12:31.639+0000] {subprocess.py:93} INFO - 
[2025-11-14T07:12:31.639+0000] {subprocess.py:93} INFO - Merging replies from /opt/airflow/data/CleanData/AMBER2024/amber_202412 -> /opt/airflow/data/CleanData/AMBER2024/amber_202411
[2025-11-14T07:12:31.639+0000] {subprocess.py:93} INFO - Wrote 34 threads to /opt/airflow/data/CleanData/AMBER2024/amber_202411
[2025-11-14T07:12:31.639+0000] {subprocess.py:93} INFO - 
[2025-11-14T07:12:31.639+0000] {subprocess.py:93} INFO - Merging replies from /opt/airflow/data/CleanData/AMBER2025/amber_202501 -> /opt/airflow/data/CleanData/AMBER2024/amber_202412
[2025-11-14T07:12:31.640+0000] {subprocess.py:93} INFO - Wrote 37 threads to /opt/airflow/data/CleanData/AMBER2024/amber_202412
[2025-11-14T07:12:31.640+0000] {subprocess.py:93} INFO - 
[2025-11-14T07:12:31.640+0000] {subprocess.py:93} INFO - Merging replies from /opt/airflow/data/CleanData/AMBER2025/amber_202502 -> /opt/airflow/data/CleanData/AMBER2025/amber_202501
[2025-11-14T07:12:31.640+0000] {subprocess.py:93} INFO - Wrote 43 threads to /opt/airflow/data/CleanData/AMBER2025/amber_202501
[2025-11-14T07:12:31.640+0000] {subprocess.py:93} INFO - 
[2025-11-14T07:12:31.641+0000] {subprocess.py:93} INFO - Merging replies from /opt/airflow/data/CleanData/AMBER2025/amber_202503 -> /opt/airflow/data/CleanData/AMBER2025/amber_202502
[2025-11-14T07:12:31.641+0000] {subprocess.py:93} INFO - Wrote 34 threads to /opt/airflow/data/CleanData/AMBER2025/amber_202502
[2025-11-14T07:12:31.641+0000] {subprocess.py:93} INFO - 
[2025-11-14T07:12:31.641+0000] {subprocess.py:93} INFO - Merging replies from /opt/airflow/data/CleanData/AMBER2025/amber_202504 -> /opt/airflow/data/CleanData/AMBER2025/amber_202503
[2025-11-14T07:12:31.641+0000] {subprocess.py:93} INFO - Wrote 33 threads to /opt/airflow/data/CleanData/AMBER2025/amber_202503
[2025-11-14T07:12:31.642+0000] {subprocess.py:93} INFO - 
[2025-11-14T07:12:31.642+0000] {subprocess.py:93} INFO - Merging replies from /opt/airflow/data/CleanData/AMBER2025/amber_202505 -> /opt/airflow/data/CleanData/AMBER2025/amber_202504
[2025-11-14T07:12:31.642+0000] {subprocess.py:93} INFO - Wrote 21 threads to /opt/airflow/data/CleanData/AMBER2025/amber_202504
[2025-11-14T07:12:31.642+0000] {subprocess.py:93} INFO - 
[2025-11-14T07:12:31.642+0000] {subprocess.py:93} INFO - Merging replies from /opt/airflow/data/CleanData/AMBER2025/amber_202506 -> /opt/airflow/data/CleanData/AMBER2025/amber_202505
[2025-11-14T07:12:31.643+0000] {subprocess.py:93} INFO - Wrote 29 threads to /opt/airflow/data/CleanData/AMBER2025/amber_202505
[2025-11-14T07:12:31.643+0000] {subprocess.py:93} INFO - 
[2025-11-14T07:12:31.643+0000] {subprocess.py:93} INFO - Merging replies from /opt/airflow/data/CleanData/AMBER2025/amber_202507 -> /opt/airflow/data/CleanData/AMBER2025/amber_202506
[2025-11-14T07:12:31.643+0000] {subprocess.py:93} INFO - Wrote 32 threads to /opt/airflow/data/CleanData/AMBER2025/amber_202506
[2025-11-14T07:12:31.643+0000] {subprocess.py:93} INFO - 
[2025-11-14T07:12:31.644+0000] {subprocess.py:93} INFO - Merging replies from /opt/airflow/data/CleanData/AMBER2025/amber_202508 -> /opt/airflow/data/CleanData/AMBER2025/amber_202507
[2025-11-14T07:12:31.644+0000] {subprocess.py:93} INFO - Wrote 35 threads to /opt/airflow/data/CleanData/AMBER2025/amber_202507
[2025-11-14T07:12:31.644+0000] {subprocess.py:93} INFO - 
[2025-11-14T07:12:31.644+0000] {subprocess.py:93} INFO - Merging replies from /opt/airflow/data/CleanData/AMBER2025/amber_202509 -> /opt/airflow/data/CleanData/AMBER2025/amber_202508
[2025-11-14T07:12:31.644+0000] {subprocess.py:93} INFO - Wrote 34 threads to /opt/airflow/data/CleanData/AMBER2025/amber_202508
[2025-11-14T07:12:31.645+0000] {subprocess.py:93} INFO - 
[2025-11-14T07:12:31.645+0000] {subprocess.py:93} INFO - Merging replies from /opt/airflow/data/CleanData/AMBER2025/amber_202510 -> /opt/airflow/data/CleanData/AMBER2025/amber_202509
[2025-11-14T07:12:31.645+0000] {subprocess.py:93} INFO - Wrote 31 threads to /opt/airflow/data/CleanData/AMBER2025/amber_202509
[2025-11-14T07:12:31.645+0000] {subprocess.py:93} INFO - 
[2025-11-14T07:12:31.646+0000] {subprocess.py:93} INFO - Merging replies from /opt/airflow/data/CleanData/AMBER2025/amber_202511 -> /opt/airflow/data/CleanData/AMBER2025/amber_202510
[2025-11-14T07:12:31.646+0000] {subprocess.py:93} INFO - Wrote 19 threads to /opt/airflow/data/CleanData/AMBER2025/amber_202510
[2025-11-14T07:12:31.646+0000] {subprocess.py:93} INFO - 
[2025-11-14T07:12:31.646+0000] {subprocess.py:93} INFO - [DONE] Cross-month merge complete.
[2025-11-14T07:12:31.647+0000] {subprocess.py:97} INFO - Command exited with return code 0
[2025-11-14T07:12:31.677+0000] {taskinstance.py:340} INFO - ::group::Post task execution logs
[2025-11-14T07:12:31.678+0000] {taskinstance.py:352} INFO - Marking task as SUCCESS. dag_id=AMBER_Daily_Scraping, task_id=amber_check_replies, run_id=manual__2025-11-14T06:54:59.216762+00:00, execution_date=20251114T065459, start_date=20251114T071118, end_date=20251114T071231
[2025-11-14T07:12:31.735+0000] {local_task_job_runner.py:266} INFO - Task exited with return code 0
[2025-11-14T07:12:31.745+0000] {taskinstance.py:3900} INFO - 1 downstream tasks scheduled from follow-on schedule check
[2025-11-14T07:12:31.765+0000] {local_task_job_runner.py:245} INFO - ::endgroup::
