[2025-11-14T08:05:36.410+0000] {local_task_job_runner.py:123} INFO - ::group::Pre task execution logs
[2025-11-14T08:05:36.425+0000] {taskinstance.py:2612} INFO - Dependencies all met for dep_context=non-requeueable deps ti=<TaskInstance: AMBER_Daily_Scraping.amber_check_replies manual__2025-11-14T06:54:59.216762+00:00 [queued]>
[2025-11-14T08:05:36.438+0000] {taskinstance.py:2612} INFO - Dependencies all met for dep_context=requeueable deps ti=<TaskInstance: AMBER_Daily_Scraping.amber_check_replies manual__2025-11-14T06:54:59.216762+00:00 [queued]>
[2025-11-14T08:05:36.441+0000] {taskinstance.py:2865} INFO - Starting attempt 2 of 4
[2025-11-14T08:05:36.479+0000] {taskinstance.py:2888} INFO - Executing <Task(BashOperator): amber_check_replies> on 2025-11-14 06:54:59.216762+00:00
[2025-11-14T08:05:36.489+0000] {standard_task_runner.py:72} INFO - Started process 346 to run task
[2025-11-14T08:05:36.495+0000] {standard_task_runner.py:104} INFO - Running: ['airflow', 'tasks', 'run', 'AMBER_Daily_Scraping', 'amber_check_replies', 'manual__2025-11-14T06:54:59.216762+00:00', '--job-id', '11', '--raw', '--subdir', 'DAGS_FOLDER/AMBER_Daily_Scraping.py', '--cfg-path', '/tmp/tmp20pbano8']
[2025-11-14T08:05:36.499+0000] {standard_task_runner.py:105} INFO - Job 11: Subtask amber_check_replies
[2025-11-14T08:05:36.595+0000] {task_command.py:467} INFO - Running <TaskInstance: AMBER_Daily_Scraping.amber_check_replies manual__2025-11-14T06:54:59.216762+00:00 [running]> on host d2ef9d68fa71
[2025-11-14T08:05:36.725+0000] {taskinstance.py:3131} INFO - Exporting env vars: AIRFLOW_CTX_DAG_OWNER='data' AIRFLOW_CTX_DAG_ID='AMBER_Daily_Scraping' AIRFLOW_CTX_TASK_ID='amber_check_replies' AIRFLOW_CTX_EXECUTION_DATE='2025-11-14T06:54:59.216762+00:00' AIRFLOW_CTX_TRY_NUMBER='2' AIRFLOW_CTX_DAG_RUN_ID='manual__2025-11-14T06:54:59.216762+00:00'
[2025-11-14T08:05:36.728+0000] {taskinstance.py:731} INFO - ::endgroup::
[2025-11-14T08:05:36.754+0000] {subprocess.py:63} INFO - Tmp dir root location: /tmp
[2025-11-14T08:05:36.756+0000] {subprocess.py:75} INFO - Running command: ['/usr/bin/bash', '-c', 'cd /opt/airflow/dags/scripts && python AMBER_Check_Replies.py']
[2025-11-14T08:05:36.769+0000] {subprocess.py:86} INFO - Output:
[2025-11-14T08:08:02.282+0000] {subprocess.py:93} INFO - 
[2025-11-14T08:08:02.284+0000] {subprocess.py:93} INFO - Merging replies from /opt/airflow/data/CleanData/AMBER2020/amber_202002 -> /opt/airflow/data/CleanData/AMBER2020/amber_202001
[2025-11-14T08:08:02.285+0000] {subprocess.py:93} INFO - Wrote 113 threads to /opt/airflow/data/CleanData/AMBER2020/amber_202001
[2025-11-14T08:08:02.286+0000] {subprocess.py:93} INFO - 
[2025-11-14T08:08:02.287+0000] {subprocess.py:93} INFO - Merging replies from /opt/airflow/data/CleanData/AMBER2020/amber_202003 -> /opt/airflow/data/CleanData/AMBER2020/amber_202002
[2025-11-14T08:08:02.288+0000] {subprocess.py:93} INFO - Wrote 87 threads to /opt/airflow/data/CleanData/AMBER2020/amber_202002
[2025-11-14T08:08:02.288+0000] {subprocess.py:93} INFO - 
[2025-11-14T08:08:02.289+0000] {subprocess.py:93} INFO - Merging replies from /opt/airflow/data/CleanData/AMBER2020/amber_202004 -> /opt/airflow/data/CleanData/AMBER2020/amber_202003
[2025-11-14T08:08:02.290+0000] {subprocess.py:93} INFO - Wrote 100 threads to /opt/airflow/data/CleanData/AMBER2020/amber_202003
[2025-11-14T08:08:02.291+0000] {subprocess.py:93} INFO - 
[2025-11-14T08:08:02.293+0000] {subprocess.py:93} INFO - Merging replies from /opt/airflow/data/CleanData/AMBER2020/amber_202005 -> /opt/airflow/data/CleanData/AMBER2020/amber_202004
[2025-11-14T08:08:02.294+0000] {subprocess.py:93} INFO - Wrote 100 threads to /opt/airflow/data/CleanData/AMBER2020/amber_202004
[2025-11-14T08:08:02.295+0000] {subprocess.py:93} INFO - 
[2025-11-14T08:08:02.297+0000] {subprocess.py:93} INFO - Merging replies from /opt/airflow/data/CleanData/AMBER2020/amber_202006 -> /opt/airflow/data/CleanData/AMBER2020/amber_202005
[2025-11-14T08:08:02.298+0000] {subprocess.py:93} INFO - Wrote 105 threads to /opt/airflow/data/CleanData/AMBER2020/amber_202005
[2025-11-14T08:08:02.299+0000] {subprocess.py:93} INFO - 
[2025-11-14T08:08:02.301+0000] {subprocess.py:93} INFO - Merging replies from /opt/airflow/data/CleanData/AMBER2020/amber_202007 -> /opt/airflow/data/CleanData/AMBER2020/amber_202006
[2025-11-14T08:08:02.302+0000] {subprocess.py:93} INFO - Wrote 102 threads to /opt/airflow/data/CleanData/AMBER2020/amber_202006
[2025-11-14T08:08:02.303+0000] {subprocess.py:93} INFO - 
[2025-11-14T08:08:02.304+0000] {subprocess.py:93} INFO - Merging replies from /opt/airflow/data/CleanData/AMBER2020/amber_202008 -> /opt/airflow/data/CleanData/AMBER2020/amber_202007
[2025-11-14T08:08:02.305+0000] {subprocess.py:93} INFO - Wrote 127 threads to /opt/airflow/data/CleanData/AMBER2020/amber_202007
[2025-11-14T08:08:02.306+0000] {subprocess.py:93} INFO - 
[2025-11-14T08:08:02.308+0000] {subprocess.py:93} INFO - Merging replies from /opt/airflow/data/CleanData/AMBER2020/amber_202009 -> /opt/airflow/data/CleanData/AMBER2020/amber_202008
[2025-11-14T08:08:02.309+0000] {subprocess.py:93} INFO - Wrote 87 threads to /opt/airflow/data/CleanData/AMBER2020/amber_202008
[2025-11-14T08:08:02.310+0000] {subprocess.py:93} INFO - 
[2025-11-14T08:08:02.311+0000] {subprocess.py:93} INFO - Merging replies from /opt/airflow/data/CleanData/AMBER2020/amber_202010 -> /opt/airflow/data/CleanData/AMBER2020/amber_202009
[2025-11-14T08:08:02.312+0000] {subprocess.py:93} INFO - Wrote 120 threads to /opt/airflow/data/CleanData/AMBER2020/amber_202009
[2025-11-14T08:08:02.313+0000] {subprocess.py:93} INFO - 
[2025-11-14T08:08:02.314+0000] {subprocess.py:93} INFO - Merging replies from /opt/airflow/data/CleanData/AMBER2020/amber_202011 -> /opt/airflow/data/CleanData/AMBER2020/amber_202010
[2025-11-14T08:08:02.315+0000] {subprocess.py:93} INFO - Wrote 123 threads to /opt/airflow/data/CleanData/AMBER2020/amber_202010
[2025-11-14T08:08:02.316+0000] {subprocess.py:93} INFO - 
[2025-11-14T08:08:02.317+0000] {subprocess.py:93} INFO - Merging replies from /opt/airflow/data/CleanData/AMBER2020/amber_202012 -> /opt/airflow/data/CleanData/AMBER2020/amber_202011
[2025-11-14T08:08:02.318+0000] {subprocess.py:93} INFO - Wrote 90 threads to /opt/airflow/data/CleanData/AMBER2020/amber_202011
[2025-11-14T08:08:02.319+0000] {subprocess.py:93} INFO - 
[2025-11-14T08:08:02.320+0000] {subprocess.py:93} INFO - Merging replies from /opt/airflow/data/CleanData/AMBER2021/amber_202101 -> /opt/airflow/data/CleanData/AMBER2020/amber_202012
[2025-11-14T08:08:02.321+0000] {subprocess.py:93} INFO - Wrote 97 threads to /opt/airflow/data/CleanData/AMBER2020/amber_202012
[2025-11-14T08:08:02.323+0000] {subprocess.py:93} INFO - 
[2025-11-14T08:08:02.324+0000] {subprocess.py:93} INFO - Merging replies from /opt/airflow/data/CleanData/AMBER2021/amber_202102 -> /opt/airflow/data/CleanData/AMBER2021/amber_202101
[2025-11-14T08:08:02.325+0000] {subprocess.py:93} INFO - Wrote 116 threads to /opt/airflow/data/CleanData/AMBER2021/amber_202101
[2025-11-14T08:08:02.326+0000] {subprocess.py:93} INFO - 
[2025-11-14T08:08:02.327+0000] {subprocess.py:93} INFO - Merging replies from /opt/airflow/data/CleanData/AMBER2021/amber_202103 -> /opt/airflow/data/CleanData/AMBER2021/amber_202102
[2025-11-14T08:08:02.328+0000] {subprocess.py:93} INFO - Wrote 91 threads to /opt/airflow/data/CleanData/AMBER2021/amber_202102
[2025-11-14T08:08:02.329+0000] {subprocess.py:93} INFO - 
[2025-11-14T08:08:02.330+0000] {subprocess.py:93} INFO - Merging replies from /opt/airflow/data/CleanData/AMBER2021/amber_202104 -> /opt/airflow/data/CleanData/AMBER2021/amber_202103
[2025-11-14T08:08:02.331+0000] {subprocess.py:93} INFO - Wrote 91 threads to /opt/airflow/data/CleanData/AMBER2021/amber_202103
[2025-11-14T08:08:02.332+0000] {subprocess.py:93} INFO - 
[2025-11-14T08:08:02.333+0000] {subprocess.py:93} INFO - Merging replies from /opt/airflow/data/CleanData/AMBER2021/amber_202105 -> /opt/airflow/data/CleanData/AMBER2021/amber_202104
[2025-11-14T08:08:02.334+0000] {subprocess.py:93} INFO - Wrote 93 threads to /opt/airflow/data/CleanData/AMBER2021/amber_202104
[2025-11-14T08:08:02.335+0000] {subprocess.py:93} INFO - 
[2025-11-14T08:08:02.336+0000] {subprocess.py:93} INFO - Merging replies from /opt/airflow/data/CleanData/AMBER2021/amber_202106 -> /opt/airflow/data/CleanData/AMBER2021/amber_202105
[2025-11-14T08:08:02.337+0000] {subprocess.py:93} INFO - Wrote 86 threads to /opt/airflow/data/CleanData/AMBER2021/amber_202105
[2025-11-14T08:08:02.339+0000] {subprocess.py:93} INFO - 
[2025-11-14T08:08:02.340+0000] {subprocess.py:93} INFO - Merging replies from /opt/airflow/data/CleanData/AMBER2021/amber_202107 -> /opt/airflow/data/CleanData/AMBER2021/amber_202106
[2025-11-14T08:08:02.342+0000] {subprocess.py:93} INFO - Wrote 84 threads to /opt/airflow/data/CleanData/AMBER2021/amber_202106
[2025-11-14T08:08:02.343+0000] {subprocess.py:93} INFO - 
[2025-11-14T08:08:02.345+0000] {subprocess.py:93} INFO - Merging replies from /opt/airflow/data/CleanData/AMBER2021/amber_202108 -> /opt/airflow/data/CleanData/AMBER2021/amber_202107
[2025-11-14T08:08:02.346+0000] {subprocess.py:93} INFO - Wrote 83 threads to /opt/airflow/data/CleanData/AMBER2021/amber_202107
[2025-11-14T08:08:02.347+0000] {subprocess.py:93} INFO - 
[2025-11-14T08:08:02.348+0000] {subprocess.py:93} INFO - Merging replies from /opt/airflow/data/CleanData/AMBER2021/amber_202109 -> /opt/airflow/data/CleanData/AMBER2021/amber_202108
[2025-11-14T08:08:02.350+0000] {subprocess.py:93} INFO - Wrote 69 threads to /opt/airflow/data/CleanData/AMBER2021/amber_202108
[2025-11-14T08:08:02.351+0000] {subprocess.py:93} INFO - 
[2025-11-14T08:08:02.352+0000] {subprocess.py:93} INFO - Merging replies from /opt/airflow/data/CleanData/AMBER2021/amber_202110 -> /opt/airflow/data/CleanData/AMBER2021/amber_202109
[2025-11-14T08:08:02.353+0000] {subprocess.py:93} INFO - Wrote 56 threads to /opt/airflow/data/CleanData/AMBER2021/amber_202109
[2025-11-14T08:08:02.354+0000] {subprocess.py:93} INFO - 
[2025-11-14T08:08:02.355+0000] {subprocess.py:93} INFO - Merging replies from /opt/airflow/data/CleanData/AMBER2021/amber_202111 -> /opt/airflow/data/CleanData/AMBER2021/amber_202110
[2025-11-14T08:08:02.357+0000] {subprocess.py:93} INFO - Wrote 94 threads to /opt/airflow/data/CleanData/AMBER2021/amber_202110
[2025-11-14T08:08:02.358+0000] {subprocess.py:93} INFO - 
[2025-11-14T08:08:02.359+0000] {subprocess.py:93} INFO - Merging replies from /opt/airflow/data/CleanData/AMBER2021/amber_202112 -> /opt/airflow/data/CleanData/AMBER2021/amber_202111
[2025-11-14T08:08:02.360+0000] {subprocess.py:93} INFO - Wrote 98 threads to /opt/airflow/data/CleanData/AMBER2021/amber_202111
[2025-11-14T08:08:02.361+0000] {subprocess.py:93} INFO - 
[2025-11-14T08:08:02.362+0000] {subprocess.py:93} INFO - Merging replies from /opt/airflow/data/CleanData/AMBER2022/amber_202201 -> /opt/airflow/data/CleanData/AMBER2021/amber_202112
[2025-11-14T08:08:02.363+0000] {subprocess.py:93} INFO - Wrote 105 threads to /opt/airflow/data/CleanData/AMBER2021/amber_202112
[2025-11-14T08:08:02.365+0000] {subprocess.py:93} INFO - 
[2025-11-14T08:08:02.366+0000] {subprocess.py:93} INFO - Merging replies from /opt/airflow/data/CleanData/AMBER2022/amber_202202 -> /opt/airflow/data/CleanData/AMBER2022/amber_202201
[2025-11-14T08:08:02.367+0000] {subprocess.py:93} INFO - Wrote 89 threads to /opt/airflow/data/CleanData/AMBER2022/amber_202201
[2025-11-14T08:08:02.368+0000] {subprocess.py:93} INFO - 
[2025-11-14T08:08:02.368+0000] {subprocess.py:93} INFO - Merging replies from /opt/airflow/data/CleanData/AMBER2022/amber_202203 -> /opt/airflow/data/CleanData/AMBER2022/amber_202202
[2025-11-14T08:08:02.369+0000] {subprocess.py:93} INFO - Wrote 64 threads to /opt/airflow/data/CleanData/AMBER2022/amber_202202
[2025-11-14T08:08:02.370+0000] {subprocess.py:93} INFO - 
[2025-11-14T08:08:02.371+0000] {subprocess.py:93} INFO - Merging replies from /opt/airflow/data/CleanData/AMBER2022/amber_202204 -> /opt/airflow/data/CleanData/AMBER2022/amber_202203
[2025-11-14T08:08:02.372+0000] {subprocess.py:93} INFO - Wrote 72 threads to /opt/airflow/data/CleanData/AMBER2022/amber_202203
[2025-11-14T08:08:02.374+0000] {subprocess.py:93} INFO - 
[2025-11-14T08:08:02.375+0000] {subprocess.py:93} INFO - Merging replies from /opt/airflow/data/CleanData/AMBER2022/amber_202205 -> /opt/airflow/data/CleanData/AMBER2022/amber_202204
[2025-11-14T08:08:02.376+0000] {subprocess.py:93} INFO - Wrote 45 threads to /opt/airflow/data/CleanData/AMBER2022/amber_202204
[2025-11-14T08:08:02.377+0000] {subprocess.py:93} INFO - 
[2025-11-14T08:08:02.378+0000] {subprocess.py:93} INFO - Merging replies from /opt/airflow/data/CleanData/AMBER2022/amber_202206 -> /opt/airflow/data/CleanData/AMBER2022/amber_202205
[2025-11-14T08:08:02.379+0000] {subprocess.py:93} INFO - Wrote 2 threads to /opt/airflow/data/CleanData/AMBER2022/amber_202205
[2025-11-14T08:08:02.379+0000] {subprocess.py:93} INFO - 
[2025-11-14T08:08:02.380+0000] {subprocess.py:93} INFO - Merging replies from /opt/airflow/data/CleanData/AMBER2022/amber_202207 -> /opt/airflow/data/CleanData/AMBER2022/amber_202206
[2025-11-14T08:08:02.381+0000] {subprocess.py:93} INFO - Wrote 38 threads to /opt/airflow/data/CleanData/AMBER2022/amber_202206
[2025-11-14T08:08:02.382+0000] {subprocess.py:93} INFO - 
[2025-11-14T08:08:02.383+0000] {subprocess.py:93} INFO - Merging replies from /opt/airflow/data/CleanData/AMBER2022/amber_202208 -> /opt/airflow/data/CleanData/AMBER2022/amber_202207
[2025-11-14T08:08:02.384+0000] {subprocess.py:93} INFO - Wrote 47 threads to /opt/airflow/data/CleanData/AMBER2022/amber_202207
[2025-11-14T08:08:02.385+0000] {subprocess.py:93} INFO - 
[2025-11-14T08:08:02.386+0000] {subprocess.py:93} INFO - Merging replies from /opt/airflow/data/CleanData/AMBER2022/amber_202209 -> /opt/airflow/data/CleanData/AMBER2022/amber_202208
[2025-11-14T08:08:02.387+0000] {subprocess.py:93} INFO - Wrote 74 threads to /opt/airflow/data/CleanData/AMBER2022/amber_202208
[2025-11-14T08:08:02.388+0000] {subprocess.py:93} INFO - 
[2025-11-14T08:08:02.389+0000] {subprocess.py:93} INFO - Merging replies from /opt/airflow/data/CleanData/AMBER2022/amber_202210 -> /opt/airflow/data/CleanData/AMBER2022/amber_202209
[2025-11-14T08:08:02.390+0000] {subprocess.py:93} INFO - Wrote 46 threads to /opt/airflow/data/CleanData/AMBER2022/amber_202209
[2025-11-14T08:08:02.391+0000] {subprocess.py:93} INFO - 
[2025-11-14T08:08:02.392+0000] {subprocess.py:93} INFO - Merging replies from /opt/airflow/data/CleanData/AMBER2022/amber_202211 -> /opt/airflow/data/CleanData/AMBER2022/amber_202210
[2025-11-14T08:08:02.393+0000] {subprocess.py:93} INFO - Wrote 70 threads to /opt/airflow/data/CleanData/AMBER2022/amber_202210
[2025-11-14T08:08:02.393+0000] {subprocess.py:93} INFO - 
[2025-11-14T08:08:02.394+0000] {subprocess.py:93} INFO - Merging replies from /opt/airflow/data/CleanData/AMBER2022/amber_202212 -> /opt/airflow/data/CleanData/AMBER2022/amber_202211
[2025-11-14T08:08:02.395+0000] {subprocess.py:93} INFO - Wrote 74 threads to /opt/airflow/data/CleanData/AMBER2022/amber_202211
[2025-11-14T08:08:02.397+0000] {subprocess.py:93} INFO - 
[2025-11-14T08:08:02.398+0000] {subprocess.py:93} INFO - Merging replies from /opt/airflow/data/CleanData/AMBER2023/amber_202301 -> /opt/airflow/data/CleanData/AMBER2022/amber_202212
[2025-11-14T08:08:02.399+0000] {subprocess.py:93} INFO - Wrote 44 threads to /opt/airflow/data/CleanData/AMBER2022/amber_202212
[2025-11-14T08:08:02.400+0000] {subprocess.py:93} INFO - 
[2025-11-14T08:08:02.401+0000] {subprocess.py:93} INFO - Merging replies from /opt/airflow/data/CleanData/AMBER2023/amber_202302 -> /opt/airflow/data/CleanData/AMBER2023/amber_202301
[2025-11-14T08:08:02.402+0000] {subprocess.py:93} INFO - Wrote 62 threads to /opt/airflow/data/CleanData/AMBER2023/amber_202301
[2025-11-14T08:08:02.403+0000] {subprocess.py:93} INFO - 
[2025-11-14T08:08:02.403+0000] {subprocess.py:93} INFO - Merging replies from /opt/airflow/data/CleanData/AMBER2023/amber_202303 -> /opt/airflow/data/CleanData/AMBER2023/amber_202302
[2025-11-14T08:08:02.404+0000] {subprocess.py:93} INFO - Wrote 69 threads to /opt/airflow/data/CleanData/AMBER2023/amber_202302
[2025-11-14T08:08:02.405+0000] {subprocess.py:93} INFO - 
[2025-11-14T08:08:02.405+0000] {subprocess.py:93} INFO - Merging replies from /opt/airflow/data/CleanData/AMBER2023/amber_202304 -> /opt/airflow/data/CleanData/AMBER2023/amber_202303
[2025-11-14T08:08:02.407+0000] {subprocess.py:93} INFO - Wrote 67 threads to /opt/airflow/data/CleanData/AMBER2023/amber_202303
[2025-11-14T08:08:02.408+0000] {subprocess.py:93} INFO - 
[2025-11-14T08:08:02.408+0000] {subprocess.py:93} INFO - Merging replies from /opt/airflow/data/CleanData/AMBER2023/amber_202305 -> /opt/airflow/data/CleanData/AMBER2023/amber_202304
[2025-11-14T08:08:02.409+0000] {subprocess.py:93} INFO - Wrote 35 threads to /opt/airflow/data/CleanData/AMBER2023/amber_202304
[2025-11-14T08:08:02.410+0000] {subprocess.py:93} INFO - 
[2025-11-14T08:08:02.411+0000] {subprocess.py:93} INFO - Merging replies from /opt/airflow/data/CleanData/AMBER2023/amber_202306 -> /opt/airflow/data/CleanData/AMBER2023/amber_202305
[2025-11-14T08:08:02.412+0000] {subprocess.py:93} INFO - Wrote 63 threads to /opt/airflow/data/CleanData/AMBER2023/amber_202305
[2025-11-14T08:08:02.413+0000] {subprocess.py:93} INFO - 
[2025-11-14T08:08:55.955+0000] {subprocess.py:93} INFO - Merging replies from /opt/airflow/data/CleanData/AMBER2023/amber_202307 -> /opt/airflow/data/CleanData/AMBER2023/amber_202306
[2025-11-14T08:08:55.957+0000] {subprocess.py:93} INFO - Wrote 57 threads to /opt/airflow/data/CleanData/AMBER2023/amber_202306
[2025-11-14T08:08:55.959+0000] {subprocess.py:93} INFO - 
[2025-11-14T08:08:55.960+0000] {subprocess.py:93} INFO - Merging replies from /opt/airflow/data/CleanData/AMBER2023/amber_202308 -> /opt/airflow/data/CleanData/AMBER2023/amber_202307
[2025-11-14T08:08:55.961+0000] {subprocess.py:93} INFO - Wrote 59 threads to /opt/airflow/data/CleanData/AMBER2023/amber_202307
[2025-11-14T08:08:55.963+0000] {subprocess.py:93} INFO - 
[2025-11-14T08:08:55.964+0000] {subprocess.py:93} INFO - Merging replies from /opt/airflow/data/CleanData/AMBER2023/amber_202309 -> /opt/airflow/data/CleanData/AMBER2023/amber_202308
[2025-11-14T08:08:55.965+0000] {subprocess.py:93} INFO - Wrote 58 threads to /opt/airflow/data/CleanData/AMBER2023/amber_202308
[2025-11-14T08:08:55.966+0000] {subprocess.py:93} INFO - 
[2025-11-14T08:08:55.967+0000] {subprocess.py:93} INFO - Merging replies from /opt/airflow/data/CleanData/AMBER2023/amber_202310 -> /opt/airflow/data/CleanData/AMBER2023/amber_202309
[2025-11-14T08:08:55.968+0000] {subprocess.py:93} INFO - Wrote 62 threads to /opt/airflow/data/CleanData/AMBER2023/amber_202309
[2025-11-14T08:08:55.969+0000] {subprocess.py:93} INFO - 
[2025-11-14T08:08:55.970+0000] {subprocess.py:93} INFO - Merging replies from /opt/airflow/data/CleanData/AMBER2023/amber_202311 -> /opt/airflow/data/CleanData/AMBER2023/amber_202310
[2025-11-14T08:08:55.972+0000] {subprocess.py:93} INFO - Wrote 58 threads to /opt/airflow/data/CleanData/AMBER2023/amber_202310
[2025-11-14T08:08:55.973+0000] {subprocess.py:93} INFO - 
[2025-11-14T08:08:55.974+0000] {subprocess.py:93} INFO - Merging replies from /opt/airflow/data/CleanData/AMBER2023/amber_202312 -> /opt/airflow/data/CleanData/AMBER2023/amber_202311
[2025-11-14T08:08:55.975+0000] {subprocess.py:93} INFO - Wrote 56 threads to /opt/airflow/data/CleanData/AMBER2023/amber_202311
[2025-11-14T08:08:55.976+0000] {subprocess.py:93} INFO - 
[2025-11-14T08:08:55.977+0000] {subprocess.py:93} INFO - Merging replies from /opt/airflow/data/CleanData/AMBER2024/amber_202401 -> /opt/airflow/data/CleanData/AMBER2023/amber_202312
[2025-11-14T08:08:55.978+0000] {subprocess.py:93} INFO - Wrote 67 threads to /opt/airflow/data/CleanData/AMBER2023/amber_202312
[2025-11-14T08:08:55.979+0000] {subprocess.py:93} INFO - 
[2025-11-14T08:08:55.980+0000] {subprocess.py:93} INFO - Merging replies from /opt/airflow/data/CleanData/AMBER2024/amber_202402 -> /opt/airflow/data/CleanData/AMBER2024/amber_202401
[2025-11-14T08:08:55.981+0000] {subprocess.py:93} INFO - Wrote 70 threads to /opt/airflow/data/CleanData/AMBER2024/amber_202401
[2025-11-14T08:08:55.982+0000] {subprocess.py:93} INFO - 
[2025-11-14T08:08:55.983+0000] {subprocess.py:93} INFO - Merging replies from /opt/airflow/data/CleanData/AMBER2024/amber_202403 -> /opt/airflow/data/CleanData/AMBER2024/amber_202402
[2025-11-14T08:08:55.984+0000] {subprocess.py:93} INFO - Wrote 61 threads to /opt/airflow/data/CleanData/AMBER2024/amber_202402
[2025-11-14T08:08:55.985+0000] {subprocess.py:93} INFO - 
[2025-11-14T08:08:55.986+0000] {subprocess.py:93} INFO - Merging replies from /opt/airflow/data/CleanData/AMBER2024/amber_202404 -> /opt/airflow/data/CleanData/AMBER2024/amber_202403
[2025-11-14T08:08:55.987+0000] {subprocess.py:93} INFO - Wrote 77 threads to /opt/airflow/data/CleanData/AMBER2024/amber_202403
[2025-11-14T08:08:55.988+0000] {subprocess.py:93} INFO - 
[2025-11-14T08:08:55.990+0000] {subprocess.py:93} INFO - Merging replies from /opt/airflow/data/CleanData/AMBER2024/amber_202405 -> /opt/airflow/data/CleanData/AMBER2024/amber_202404
[2025-11-14T08:08:55.991+0000] {subprocess.py:93} INFO - Wrote 46 threads to /opt/airflow/data/CleanData/AMBER2024/amber_202404
[2025-11-14T08:08:55.992+0000] {subprocess.py:93} INFO - 
[2025-11-14T08:08:55.993+0000] {subprocess.py:93} INFO - Merging replies from /opt/airflow/data/CleanData/AMBER2024/amber_202406 -> /opt/airflow/data/CleanData/AMBER2024/amber_202405
[2025-11-14T08:08:55.994+0000] {subprocess.py:93} INFO - Wrote 64 threads to /opt/airflow/data/CleanData/AMBER2024/amber_202405
[2025-11-14T08:08:55.995+0000] {subprocess.py:93} INFO - 
[2025-11-14T08:08:55.996+0000] {subprocess.py:93} INFO - Merging replies from /opt/airflow/data/CleanData/AMBER2024/amber_202407 -> /opt/airflow/data/CleanData/AMBER2024/amber_202406
[2025-11-14T08:08:55.997+0000] {subprocess.py:93} INFO - Wrote 34 threads to /opt/airflow/data/CleanData/AMBER2024/amber_202406
[2025-11-14T08:08:55.997+0000] {subprocess.py:93} INFO - 
[2025-11-14T08:08:55.998+0000] {subprocess.py:93} INFO - Merging replies from /opt/airflow/data/CleanData/AMBER2024/amber_202408 -> /opt/airflow/data/CleanData/AMBER2024/amber_202407
[2025-11-14T08:08:55.999+0000] {subprocess.py:93} INFO - Wrote 50 threads to /opt/airflow/data/CleanData/AMBER2024/amber_202407
[2025-11-14T08:08:56.001+0000] {subprocess.py:93} INFO - 
[2025-11-14T08:08:56.002+0000] {subprocess.py:93} INFO - Merging replies from /opt/airflow/data/CleanData/AMBER2024/amber_202409 -> /opt/airflow/data/CleanData/AMBER2024/amber_202408
[2025-11-14T08:08:56.003+0000] {subprocess.py:93} INFO - Wrote 73 threads to /opt/airflow/data/CleanData/AMBER2024/amber_202408
[2025-11-14T08:08:56.004+0000] {subprocess.py:93} INFO - 
[2025-11-14T08:08:56.004+0000] {subprocess.py:93} INFO - Merging replies from /opt/airflow/data/CleanData/AMBER2024/amber_202410 -> /opt/airflow/data/CleanData/AMBER2024/amber_202409
[2025-11-14T08:08:56.005+0000] {subprocess.py:93} INFO - Wrote 59 threads to /opt/airflow/data/CleanData/AMBER2024/amber_202409
[2025-11-14T08:08:56.006+0000] {subprocess.py:93} INFO - 
[2025-11-14T08:08:56.007+0000] {subprocess.py:93} INFO - Merging replies from /opt/airflow/data/CleanData/AMBER2024/amber_202411 -> /opt/airflow/data/CleanData/AMBER2024/amber_202410
[2025-11-14T08:08:56.008+0000] {subprocess.py:93} INFO - Wrote 37 threads to /opt/airflow/data/CleanData/AMBER2024/amber_202410
[2025-11-14T08:08:56.009+0000] {subprocess.py:93} INFO - 
[2025-11-14T08:08:56.010+0000] {subprocess.py:93} INFO - Merging replies from /opt/airflow/data/CleanData/AMBER2024/amber_202412 -> /opt/airflow/data/CleanData/AMBER2024/amber_202411
[2025-11-14T08:08:56.011+0000] {subprocess.py:93} INFO - Wrote 34 threads to /opt/airflow/data/CleanData/AMBER2024/amber_202411
[2025-11-14T08:08:56.012+0000] {subprocess.py:93} INFO - 
[2025-11-14T08:08:56.013+0000] {subprocess.py:93} INFO - Merging replies from /opt/airflow/data/CleanData/AMBER2025/amber_202501 -> /opt/airflow/data/CleanData/AMBER2024/amber_202412
[2025-11-14T08:08:56.014+0000] {subprocess.py:93} INFO - Wrote 37 threads to /opt/airflow/data/CleanData/AMBER2024/amber_202412
[2025-11-14T08:08:56.015+0000] {subprocess.py:93} INFO - 
[2025-11-14T08:08:56.016+0000] {subprocess.py:93} INFO - Merging replies from /opt/airflow/data/CleanData/AMBER2025/amber_202502 -> /opt/airflow/data/CleanData/AMBER2025/amber_202501
[2025-11-14T08:08:56.017+0000] {subprocess.py:93} INFO - Wrote 43 threads to /opt/airflow/data/CleanData/AMBER2025/amber_202501
[2025-11-14T08:08:56.018+0000] {subprocess.py:93} INFO - 
[2025-11-14T08:08:56.019+0000] {subprocess.py:93} INFO - Merging replies from /opt/airflow/data/CleanData/AMBER2025/amber_202503 -> /opt/airflow/data/CleanData/AMBER2025/amber_202502
[2025-11-14T08:08:56.019+0000] {subprocess.py:93} INFO - Wrote 34 threads to /opt/airflow/data/CleanData/AMBER2025/amber_202502
[2025-11-14T08:08:56.021+0000] {subprocess.py:93} INFO - 
[2025-11-14T08:08:56.022+0000] {subprocess.py:93} INFO - Merging replies from /opt/airflow/data/CleanData/AMBER2025/amber_202504 -> /opt/airflow/data/CleanData/AMBER2025/amber_202503
[2025-11-14T08:08:56.023+0000] {subprocess.py:93} INFO - Wrote 33 threads to /opt/airflow/data/CleanData/AMBER2025/amber_202503
[2025-11-14T08:08:56.023+0000] {subprocess.py:93} INFO - 
[2025-11-14T08:08:56.025+0000] {subprocess.py:93} INFO - Merging replies from /opt/airflow/data/CleanData/AMBER2025/amber_202505 -> /opt/airflow/data/CleanData/AMBER2025/amber_202504
[2025-11-14T08:08:56.025+0000] {subprocess.py:93} INFO - Wrote 21 threads to /opt/airflow/data/CleanData/AMBER2025/amber_202504
[2025-11-14T08:08:56.026+0000] {subprocess.py:93} INFO - 
[2025-11-14T08:08:56.028+0000] {subprocess.py:93} INFO - Merging replies from /opt/airflow/data/CleanData/AMBER2025/amber_202506 -> /opt/airflow/data/CleanData/AMBER2025/amber_202505
[2025-11-14T08:08:56.028+0000] {subprocess.py:93} INFO - Wrote 29 threads to /opt/airflow/data/CleanData/AMBER2025/amber_202505
[2025-11-14T08:08:56.029+0000] {subprocess.py:93} INFO - 
[2025-11-14T08:08:56.031+0000] {subprocess.py:93} INFO - Merging replies from /opt/airflow/data/CleanData/AMBER2025/amber_202507 -> /opt/airflow/data/CleanData/AMBER2025/amber_202506
[2025-11-14T08:08:56.032+0000] {subprocess.py:93} INFO - Wrote 32 threads to /opt/airflow/data/CleanData/AMBER2025/amber_202506
[2025-11-14T08:08:56.033+0000] {subprocess.py:93} INFO - 
[2025-11-14T08:08:56.034+0000] {subprocess.py:93} INFO - Merging replies from /opt/airflow/data/CleanData/AMBER2025/amber_202508 -> /opt/airflow/data/CleanData/AMBER2025/amber_202507
[2025-11-14T08:08:56.034+0000] {subprocess.py:93} INFO - Wrote 35 threads to /opt/airflow/data/CleanData/AMBER2025/amber_202507
[2025-11-14T08:08:56.036+0000] {subprocess.py:93} INFO - 
[2025-11-14T08:08:56.037+0000] {subprocess.py:93} INFO - Merging replies from /opt/airflow/data/CleanData/AMBER2025/amber_202509 -> /opt/airflow/data/CleanData/AMBER2025/amber_202508
[2025-11-14T08:08:56.038+0000] {subprocess.py:93} INFO - Wrote 34 threads to /opt/airflow/data/CleanData/AMBER2025/amber_202508
[2025-11-14T08:08:56.039+0000] {subprocess.py:93} INFO - 
[2025-11-14T08:08:56.040+0000] {subprocess.py:93} INFO - Merging replies from /opt/airflow/data/CleanData/AMBER2025/amber_202510 -> /opt/airflow/data/CleanData/AMBER2025/amber_202509
[2025-11-14T08:08:56.041+0000] {subprocess.py:93} INFO - Wrote 31 threads to /opt/airflow/data/CleanData/AMBER2025/amber_202509
[2025-11-14T08:08:56.042+0000] {subprocess.py:93} INFO - 
[2025-11-14T08:08:56.044+0000] {subprocess.py:93} INFO - Merging replies from /opt/airflow/data/CleanData/AMBER2025/amber_202511 -> /opt/airflow/data/CleanData/AMBER2025/amber_202510
[2025-11-14T08:08:56.045+0000] {subprocess.py:93} INFO - Wrote 19 threads to /opt/airflow/data/CleanData/AMBER2025/amber_202510
[2025-11-14T08:08:56.046+0000] {subprocess.py:93} INFO - 
[2025-11-14T08:08:56.048+0000] {subprocess.py:93} INFO - [DONE] Cross-month merge complete.
[2025-11-14T08:08:56.049+0000] {subprocess.py:97} INFO - Command exited with return code 0
[2025-11-14T08:08:56.089+0000] {taskinstance.py:340} INFO - ::group::Post task execution logs
[2025-11-14T08:08:56.091+0000] {taskinstance.py:352} INFO - Marking task as SUCCESS. dag_id=AMBER_Daily_Scraping, task_id=amber_check_replies, run_id=manual__2025-11-14T06:54:59.216762+00:00, execution_date=20251114T065459, start_date=20251114T080536, end_date=20251114T080856
[2025-11-14T08:08:56.144+0000] {local_task_job_runner.py:266} INFO - Task exited with return code 0
[2025-11-14T08:08:56.157+0000] {taskinstance.py:3900} INFO - 1 downstream tasks scheduled from follow-on schedule check
[2025-11-14T08:08:56.187+0000] {local_task_job_runner.py:245} INFO - ::endgroup::
